
R version 4.3.0 (2023-04-21) -- "Already Tomorrow"
Copyright (C) 2023 The R Foundation for Statistical Computing
Platform: x86_64-pc-linux-gnu (64-bit)

R is free software and comes with ABSOLUTELY NO WARRANTY.
You are welcome to redistribute it under certain conditions.
Type 'license()' or 'licence()' for distribution details.

  Natural language support but running in an English locale

R is a collaborative project with many contributors.
Type 'contributors()' for more information and
'citation()' on how to cite R or R packages in publications.

Type 'demo()' for some demos, 'help()' for on-line help, or
'help.start()' for an HTML browser interface to help.
Type 'q()' to quit R.

> rm(list = ls())
> gc()
         used (Mb) gc trigger (Mb) max used (Mb)
Ncells 284765 15.3     664565 35.5   464468 24.9
Vcells 490458  3.8    8388608 64.0  1837328 14.1
> library(dplyr)

Attaching package: ‘dplyr’

The following objects are masked from ‘package:stats’:

    filter, lag

The following objects are masked from ‘package:base’:

    intersect, setdiff, setequal, union

> library(foreach)
> library(doParallel)
Loading required package: iterators
Loading required package: parallel
> 
> # Set up the number of cores used for parallelization.
> message(detectCores())
32
> num_cores <- detectCores()
> registerDoParallel(num_cores)
> 
> #########################
> #### SEIR Simulation ####
> #########################
> time <- 365 # Number of days.
> inf <- 7 # Average infectious period length.
> N <- 1000 # Population size.
> 
> create_hh <- function() {
+   # Randomly sample household sizes such that total population is 1000 
+   # individuals.
+   hh_size <- sample(x = c(3, 4, 5, 6), size = 340, replace = T)
+   
+   # Keep households such that total population is < 1000.
+   hh_size <- hh_size[which(cumsum(hh_size) < N)]
+   
+   leftover <- N - sum(hh_size)
+   if (leftover < 3) {
+     hh <- 1:length(hh_size)
+     sampled <- sample(hh[hh_size < 6], leftover)
+     hh_size[sampled] <- hh_size[sampled] + 1
+   } else {
+     hh_size <- c(hh_size, leftover)
+   }
+   return(hh_size)
+ }
> 
> SEIR <- function(params, inf, verbose = F) {
+   hh_size <- create_hh()
+   
+   # Create frame for running the simulation.
+   # ID: ID of individual.
+   # SIZE: size of individual's household.
+   # HH: ID of individual's household.
+   # S: susceptibility status.
+   # E: exposed status.
+   # E_count: number of days since exposed.
+   # I: infectious status.
+   # I_count: number of days since infectious.
+   # R: recovered status.
+   # INC: incubation period.
+   # INF: infectious period.
+   data <- data.frame(ID = 1:N,
+                      SIZE = rep(hh_size, times = hh_size),
+                      HH = rep(1:length(hh_size), times = hh_size), 
+                      S = c(0, rep(1, N - 1)), 
+                      E = c(1, rep(0, N - 1)),
+                      E_count = c(1, rep(0, N - 1)), 
+                      I = 0,
+                      I_count = 0, 
+                      R = 0, 
+                      INC = c(round(rlnorm(1, meanlog = log(29.8), sdlog = 0.45)), rep(0, N - 1)),
+                      INF = 0)
+   
+   # Create frame for storing results.
+   # ID: ID of individual.
+   # SIZE: size of individual's household.
+   # HH: ID of individual's household.
+   # TYPE: the kind of infection: household (H), community (C), or both (B).
+   # TIME: when the individual became infectious.
+   # S_num: number of susceptible people in individual's household when their 
+   #        infectious period begins.
+   # I_num: number of people in household that this individual infected over 
+   #        their infectious period.
+   results <- data[, 1:3] %>% mutate(TYPE = NA, TIME = NA, S_num = NA, I_num = 0)
+   results$TYPE[1] <- '0'
+   
+   for(t in 1:time) {
+     if (verbose) {
+       if (t %% 10 == 0) {
+         cat(paste0(t, ' '))
+       }
+     }
+     
+     # Anyone who has been infectious for as many days as their infectious period
+     # is now recovered.
+     recovered <- (data$INF > 0) & (data$I_count == data$INF)
+     if(sum(recovered, na.rm = T) > 0) {
+       data$R[recovered] <- 1
+       data$I[recovered] <- 0
+       data$I_count[recovered] <- 0 
+     }
+     
+     # Anyone who has been incubating for as many days as their incubation period
+     # is now infectious.
+     new_inf <- (data$INC > 0) & (data$E_count == data$INC)
+     num_new_inf <- sum(new_inf, na.rm = T)
+     if(num_new_inf > 0) {
+       # Change status to newly infectious and add infectious period.
+       data$I[new_inf] <- 1
+       random_inf <- rnorm(num_new_inf, mean = inf, sd = 1) %>% round()
+       data$INF[new_inf] <- random_inf
+       
+       # Remove exposure status and exposure count.
+       data$E[new_inf] <- 0
+       data$E_count[new_inf] <- 0 
+       
+       # Record time at which infectious period starts.
+       results$TIME[new_inf] <- t
+       
+       # Save the number of susceptible people in each infectious individual's 
+       # household.
+       S_data <- data %>% group_by(HH) %>% 
+         mutate(S_tot = sum(S)) %>% 
+         select(HH, S_tot)
+       results$S_num[new_inf == 1] <- S_data$S_tot[new_inf == 1]
+     }
+     
+     # I_H is the number of infections inside each household.
+     # I_C is the number of infections outside each household.
+     I_data <- data %>% group_by(HH) %>% 
+       mutate(I_H = sum(I)) %>% 
+       ungroup() %>% 
+       mutate(I_C = sum(I) - I_H)
+     
+     # Calculate household risk and community risk.
+     beta_H <- params[1]
+     beta_C <- params[2]
+     risk_H <- pmin(beta_H * data$S * I_data$I_H / N, 1)
+     risk_C <- pmin(beta_C * data$S * I_data$I_C / N, 1)
+     
+     # Each individual is infected from their household or community 
+     # independently with probabilities risk_H and risk_C.
+     new_inf_H <- rbinom(N, 1, risk_H)
+     new_inf_C <- rbinom(N, 1, risk_C)
+     
+     new_exposed <- (new_inf_H == 1) | (new_inf_C == 1)
+     num_new_exposed <- sum(new_exposed, na.rm = T)
+     if (num_new_exposed > 0) {
+       # Change status to newly exposed and add incubation period.
+       data$E[new_exposed] <- 1
+       random_inc <- rlnorm(num_new_exposed, meanlog = log(29.8), sdlog = 0.45) %>% round()
+       data$INC[new_exposed] <- random_inc
+       
+       # Remove susceptible status.
+       data$S[new_exposed] <- 0
+       
+       # Get number of new infections in each household.
+       I_data <- I_data %>%
+         select(ID, HH, I, I_H) %>%
+         mutate(new_I_H = new_inf_H) %>%
+         group_by(HH) %>%
+         # Find households with at least 1 currently infectious individual. If 
+         # exactly 1 infectious individual in household, assign all new H 
+         # exposures to that individual. If there are multiple infectious 
+         # individuals, assign all infections to the infectious individual with 
+         # the first ID.
+         mutate(new_I_H = ifelse(I == 1 & ID == first(ID[I == 1]), 
+                                 sum(new_I_H), 0))
+       
+       results$I_num <- results$I_num + I_data$new_I_H
+       
+       # Label infection types.
+       results$TYPE[new_inf_C == 1] <- 'C'
+       results$TYPE[new_inf_H == 1] <- 'H'
+       results$TYPE[(new_inf_H == 1) & (new_inf_C == 1)] <- 'HC'
+     }
+     
+     # Increment exposure and infectious counters.
+     data$E_count[data$E == 1] <- data$E_count[data$E == 1] + 1
+     data$I_count[data$I == 1] <- data$I_count[data$I == 1] + 1
+   }
+   return(results)
+ }
> 
> metrics <- function(results) {
+   # Incidence is the proportion of the population that became infected.
+   idc <- mean(!is.na(results$TIME))
+   
+   # If incidence is 0, the SAR and proportion of environmental infection are
+   # undefined.
+   sar <- NA
+   prp <- NA
+   if (idc != 0) {
+     # The SAR is the average SAR for each individual that was infectious.
+     sar <- mean(results$I_num / results$S_num, na.rm = T)
+     cases <- results[!is.na(results$TIME), ]
+     prp <- mean((cases$TYPE == 'H') | (cases$TYPE == 'HC') | (cases$TYPE == 'HCE'))
+   }
+   return(c(idc, sar, prp))
+ }
> 
> beta_Hs <- seq(48.5, 51.5, 0.1) # 31
> beta_Cs <- seq(0.065, 0.095, 0.001) # 31
> 
> d_H <- length(beta_Hs)
> d_C <- length(beta_Cs)
> 
> reps <- 150
> idcs <- array(rep(NA, d_H * d_C * reps), dim = c(d_H, d_C, reps))
> sars <- array(rep(NA, d_H * d_C * reps), dim = c(d_H, d_C, reps))
> t_tot <- 0
> for (i in 1:d_H) {
+     for (j in 1:d_C) {
+       beta_H <- beta_Hs[i]
+       beta_C <- beta_Cs[j]
+       params <- c(beta_H, beta_C)
+       
+       cat(paste0(format(beta_H, nsmall = 1, digits = 3), '/51.5\t', 
+                  format(beta_C, nsmall = 3, digits = 3), '/0.095\t'))
+ 
+       t_0 <- Sys.time()
+       vals <- foreach (l = 1:reps, .combine = 'c') %dopar% {
+         results <- SEIR(params, inf) 
+         metrics(results)
+       }
+       t_1 <- Sys.time()
+       t_tot <- t_tot + (t_1 - t_0)
+ 
+       cat(paste0(format(t_tot, nsmall = 2, digits = 4), '\t(', 
+                  format(t_1 - t_0, nsmall = 2, digits = 4), ')\t'))
+ 
+       vals <- matrix(vals, reps, byrow = T)
+       idcs[i, j, ] <- vals[, 1]
+       sars[i, j, ] <- vals[, 2]
+ 
+       cat(paste0(format(round(mean(vals[, 1]), 3), nsmall = 3), '\t',
+                  format(round(mean(vals[, 2]), 3), nsmall = 3), '\n'))
+       
+       saveRDS(idcs, file = 'idcs.rds')
+       saveRDS(sars, file = 'sars.rds')
+       write.table(idcs, file = 'idcs.txt', row.names = F, col.names = F)
+       write.table(sars, file = 'sars.txt', row.names = F, col.names = F)
+     }
+   message('\n')
+ }
48.5/51.5	0.065/0.095	52.41 secs	(52.41 secs)	0.025	0.235
48.5/51.5	0.066/0.095	102.57 secs	(50.16 secs)	0.020	0.222
48.5/51.5	0.067/0.095	159.27 secs	(56.70 secs)	0.026	0.222
48.5/51.5	0.068/0.095	213.65 secs	(54.38 secs)	0.030	0.249
48.5/51.5	0.069/0.095	266.52 secs	(52.87 secs)	0.026	0.217
48.5/51.5	0.070/0.095	440.09 secs	(2.893 mins)	0.032	0.242
48.5/51.5	0.071/0.095	498.24 secs	(58.15 secs)	0.033	0.219
48.5/51.5	0.072/0.095	559.20 secs	(1.016 mins)	0.034	0.222
48.5/51.5	0.073/0.095	619.12 secs	(59.92 secs)	0.034	0.222
48.5/51.5	0.074/0.095	680.31 secs	(1.02 mins)	0.039	0.208
48.5/51.5	0.075/0.095	738.40 secs	(58.10 secs)	0.033	0.211
48.5/51.5	0.076/0.095	797.73 secs	(59.33 secs)	0.039	0.216
48.5/51.5	0.077/0.095	857.92 secs	(1.003 mins)	0.037	0.214
48.5/51.5	0.078/0.095	930.68 secs	(1.213 mins)	0.041	0.219
48.5/51.5	0.079/0.095	995.95 secs	(1.088 mins)	0.047	0.232
48.5/51.5	0.080/0.095	1057.67 secs	(1.029 mins)	0.045	0.229
48.5/51.5	0.081/0.095	1124.46 secs	(1.113 mins)	0.050	0.222
48.5/51.5	0.082/0.095	1187.52 secs	(1.051 mins)	0.046	0.212
48.5/51.5	0.083/0.095	1250.37 secs	(1.048 mins)	0.050	0.226
48.5/51.5	0.084/0.095	1319.17 secs	(1.147 mins)	0.060	0.200
48.5/51.5	0.085/0.095	1386.09 secs	(1.115 mins)	0.059	0.228
48.5/51.5	0.086/0.095	1461.56 secs	(1.258 mins)	0.046	0.214
48.5/51.5	0.087/0.095	1527.00 secs	(1.091 mins)	0.052	0.202
48.5/51.5	0.088/0.095	1598.87 secs	(1.198 mins)	0.066	0.231
48.5/51.5	0.089/0.095	1668.24 secs	(1.156 mins)	0.058	0.228
48.5/51.5	0.090/0.095	1741.79 secs	(1.226 mins)	0.073	0.242
48.5/51.5	0.091/0.095	1821.45 secs	(1.328 mins)	0.067	0.213
48.5/51.5	0.092/0.095	1890.98 secs	(1.159 mins)	0.076	0.231
48.5/51.5	0.093/0.095	1970.38 secs	(1.323 mins)	0.077	0.206
48.5/51.5	0.094/0.095	2043.73 secs	(1.222 mins)	0.074	0.225
48.5/51.5	0.095/0.095	2123.77 secs	(1.334 mins)	0.086	0.214


48.6/51.5	0.065/0.095	2179.17 secs	(55.40 secs)	0.022	0.218
48.6/51.5	0.066/0.095	2233.77 secs	(54.59 secs)	0.023	0.209
48.6/51.5	0.067/0.095	2285.04 secs	(51.27 secs)	0.017	0.219
48.6/51.5	0.068/0.095	2342.56 secs	(57.53 secs)	0.028	0.207
48.6/51.5	0.069/0.095	2399.72 secs	(57.16 secs)	0.028	0.209
48.6/51.5	0.070/0.095	2458.23 secs	(58.51 secs)	0.030	0.200
48.6/51.5	0.071/0.095	2513.64 secs	(55.41 secs)	0.027	0.199
48.6/51.5	0.072/0.095	2572.73 secs	(59.09 secs)	0.034	0.229
48.6/51.5	0.073/0.095	2635.88 secs	(1.052 mins)	0.033	0.224
48.6/51.5	0.074/0.095	2705.12 secs	(1.154 mins)	0.039	0.220
48.6/51.5	0.075/0.095	2771.50 secs	(1.106 mins)	0.042	0.227
48.6/51.5	0.076/0.095	2837.77 secs	(1.105 mins)	0.043	0.238
48.6/51.5	0.077/0.095	2901.63 secs	(1.064 mins)	0.042	0.246
48.6/51.5	0.078/0.095	2971.94 secs	(1.172 mins)	0.047	0.209
48.6/51.5	0.079/0.095	3039.46 secs	(1.125 mins)	0.048	0.226
48.6/51.5	0.080/0.095	3114.31 secs	(1.247 mins)	0.042	0.213
48.6/51.5	0.081/0.095	3181.67 secs	(1.123 mins)	0.050	0.224
48.6/51.5	0.082/0.095	3242.79 secs	(1.019 mins)	0.051	0.227
48.6/51.5	0.083/0.095	3312.14 secs	(1.156 mins)	0.049	0.223
48.6/51.5	0.084/0.095	3375.45 secs	(1.055 mins)	0.052	0.211
48.6/51.5	0.085/0.095	3446.25 secs	(1.18 mins)	0.061	0.229
48.6/51.5	0.086/0.095	3518.98 secs	(1.212 mins)	0.052	0.197
48.6/51.5	0.087/0.095	3589.47 secs	(1.175 mins)	0.056	0.231
48.6/51.5	0.088/0.095	3660.00 secs	(1.176 mins)	0.066	0.214
48.6/51.5	0.089/0.095	3732.85 secs	(1.214 mins)	0.059	0.221
48.6/51.5	0.090/0.095	3795.23 secs	(1.04 mins)	0.058	0.217
48.6/51.5	0.091/0.095	3869.13 secs	(1.232 mins)	0.072	0.201
48.6/51.5	0.092/0.095	3940.98 secs	(1.197 mins)	0.065	0.216
48.6/51.5	0.093/0.095	4014.40 secs	(1.224 mins)	0.072	0.217
48.6/51.5	0.094/0.095	4092.01 secs	(1.293 mins)	0.089	0.234
48.6/51.5	0.095/0.095	4161.82 secs	(1.164 mins)	0.076	0.218


48.7/51.5	0.065/0.095	4221.49 secs	(59.66 secs)	0.027	0.219
48.7/51.5	0.066/0.095	4274.45 secs	(52.96 secs)	0.024	0.203
48.7/51.5	0.067/0.095	4330.38 secs	(55.93 secs)	0.026	0.214
48.7/51.5	0.068/0.095	4387.35 secs	(56.97 secs)	0.032	0.234
48.7/51.5	0.069/0.095	4444.94 secs	(57.60 secs)	0.024	0.198
48.7/51.5	0.070/0.095	4503.60 secs	(58.65 secs)	0.032	0.209
48.7/51.5	0.071/0.095	4560.96 secs	(57.36 secs)	0.034	0.218
48.7/51.5	0.072/0.095	4615.71 secs	(54.76 secs)	0.026	0.202
48.7/51.5	0.073/0.095	4685.55 secs	(1.164 mins)	0.035	0.227
48.7/51.5	0.074/0.095	4751.37 secs	(1.097 mins)	0.041	0.225
48.7/51.5	0.075/0.095	4811.31 secs	(59.95 secs)	0.037	0.220
48.7/51.5	0.076/0.095	4868.61 secs	(57.30 secs)	0.036	0.215
48.7/51.5	0.077/0.095	4932.24 secs	(1.06 mins)	0.034	0.230
48.7/51.5	0.078/0.095	4997.93 secs	(1.095 mins)	0.044	0.239
48.7/51.5	0.079/0.095	5061.52 secs	(1.06 mins)	0.043	0.218
48.7/51.5	0.080/0.095	5126.97 secs	(1.091 mins)	0.048	0.218
48.7/51.5	0.081/0.095	5192.86 secs	(1.098 mins)	0.051	0.220
48.7/51.5	0.082/0.095	5258.27 secs	(1.09 mins)	0.041	0.223
48.7/51.5	0.083/0.095	5330.48 secs	(1.204 mins)	0.054	0.229
48.7/51.5	0.084/0.095	5396.32 secs	(1.097 mins)	0.050	0.238
48.7/51.5	0.085/0.095	5459.93 secs	(1.06 mins)	0.057	0.221
48.7/51.5	0.086/0.095	5527.38 secs	(1.124 mins)	0.061	0.243
48.7/51.5	0.087/0.095	5589.83 secs	(1.041 mins)	0.049	0.222
48.7/51.5	0.088/0.095	5658.17 secs	(1.139 mins)	0.069	0.229
48.7/51.5	0.089/0.095	5732.51 secs	(1.239 mins)	0.069	0.241
48.7/51.5	0.090/0.095	5801.74 secs	(1.154 mins)	0.064	0.217
48.7/51.5	0.091/0.095	5874.30 secs	(1.209 mins)	0.073	0.222
48.7/51.5	0.092/0.095	5948.08 secs	(1.23 mins)	0.076	0.241
48.7/51.5	0.093/0.095	6019.03 secs	(1.183 mins)	0.085	0.235
48.7/51.5	0.094/0.095	6089.33 secs	(1.172 mins)	0.064	0.211
48.7/51.5	0.095/0.095	6172.51 secs	(1.386 mins)	0.076	0.211


48.8/51.5	0.065/0.095	6230.33 secs	(57.82 secs)	0.025	0.237
48.8/51.5	0.066/0.095	6283.14 secs	(52.81 secs)	0.022	0.227
48.8/51.5	0.067/0.095	6335.78 secs	(52.65 secs)	0.026	0.201
48.8/51.5	0.068/0.095	6392.80 secs	(57.02 secs)	0.029	0.226
48.8/51.5	0.069/0.095	6449.88 secs	(57.07 secs)	0.028	0.207
48.8/51.5	0.070/0.095	6504.77 secs	(54.89 secs)	0.029	0.226
48.8/51.5	0.071/0.095	6558.08 secs	(53.31 secs)	0.029	0.200
48.8/51.5	0.072/0.095	6619.68 secs	(1.027 mins)	0.040	0.221
48.8/51.5	0.073/0.095	6677.37 secs	(57.69 secs)	0.036	0.240
48.8/51.5	0.074/0.095	6736.70 secs	(59.33 secs)	0.041	0.218
48.8/51.5	0.075/0.095	6798.45 secs	(1.029 mins)	0.041	0.239
48.8/51.5	0.076/0.095	6856.04 secs	(57.59 secs)	0.036	0.204
48.8/51.5	0.077/0.095	6923.99 secs	(1.132 mins)	0.040	0.238
48.8/51.5	0.078/0.095	6987.37 secs	(1.056 mins)	0.037	0.224
48.8/51.5	0.079/0.095	7051.10 secs	(1.062 mins)	0.041	0.217
48.8/51.5	0.080/0.095	7113.26 secs	(1.036 mins)	0.045	0.209
48.8/51.5	0.081/0.095	7181.32 secs	(1.134 mins)	0.041	0.213
48.8/51.5	0.082/0.095	7248.84 secs	(1.125 mins)	0.044	0.209
48.8/51.5	0.083/0.095	7315.86 secs	(1.117 mins)	0.047	0.207
48.8/51.5	0.084/0.095	7386.34 secs	(1.175 mins)	0.050	0.218
48.8/51.5	0.085/0.095	7451.94 secs	(1.093 mins)	0.062	0.219
48.8/51.5	0.086/0.095	7519.17 secs	(1.121 mins)	0.058	0.231
48.8/51.5	0.087/0.095	7592.05 secs	(1.215 mins)	0.052	0.195
48.8/51.5	0.088/0.095	7657.02 secs	(1.083 mins)	0.059	0.225
48.8/51.5	0.089/0.095	7728.09 secs	(1.184 mins)	0.062	0.221
48.8/51.5	0.090/0.095	7810.15 secs	(1.368 mins)	0.078	0.235
48.8/51.5	0.091/0.095	7885.63 secs	(1.258 mins)	0.074	0.250
48.8/51.5	0.092/0.095	7958.97 secs	(1.222 mins)	0.079	0.231
48.8/51.5	0.093/0.095	8031.29 secs	(1.205 mins)	0.078	0.219
48.8/51.5	0.094/0.095	8100.71 secs	(1.157 mins)	0.062	0.221
48.8/51.5	0.095/0.095	8174.85 secs	(1.236 mins)	0.088	0.231


48.9/51.5	0.065/0.095	8237.45 secs	(1.043 mins)	0.032	0.230
48.9/51.5	0.066/0.095	8392.63 secs	(2.586 mins)	0.024	0.213
48.9/51.5	0.067/0.095	8454.09 secs	(1.024 mins)	0.034	0.243
48.9/51.5	0.068/0.095	8512.92 secs	(58.83 secs)	0.028	0.230
48.9/51.5	0.069/0.095	8569.41 secs	(56.49 secs)	0.029	0.202
48.9/51.5	0.070/0.095	8629.02 secs	(59.61 secs)	0.035	0.224
48.9/51.5	0.071/0.095	8683.11 secs	(54.09 secs)	0.031	0.216
48.9/51.5	0.072/0.095	8740.78 secs	(57.67 secs)	0.038	0.268
48.9/51.5	0.073/0.095	8798.50 secs	(57.72 secs)	0.031	0.212
48.9/51.5	0.074/0.095	8853.52 secs	(55.03 secs)	0.028	0.227
48.9/51.5	0.075/0.095	8914.77 secs	(1.021 mins)	0.041	0.213
48.9/51.5	0.076/0.095	8978.39 secs	(1.06 mins)	0.043	0.250
48.9/51.5	0.077/0.095	9041.44 secs	(1.051 mins)	0.035	0.246
48.9/51.5	0.078/0.095	9101.26 secs	(59.81 secs)	0.046	0.226
48.9/51.5	0.079/0.095	9166.31 secs	(1.084 mins)	0.042	0.229
48.9/51.5	0.080/0.095	9227.74 secs	(1.024 mins)	0.046	0.220
48.9/51.5	0.081/0.095	9291.93 secs	(1.07 mins)	0.053	0.242
48.9/51.5	0.082/0.095	9358.04 secs	(1.102 mins)	0.047	0.231
48.9/51.5	0.083/0.095	9422.05 secs	(1.067 mins)	0.047	0.215
48.9/51.5	0.084/0.095	9488.79 secs	(1.112 mins)	0.058	0.232
48.9/51.5	0.085/0.095	9557.68 secs	(1.148 mins)	0.048	0.222
48.9/51.5	0.086/0.095	9620.15 secs	(1.041 mins)	0.052	0.206
48.9/51.5	0.087/0.095	9692.50 secs	(1.206 mins)	0.060	0.220
48.9/51.5	0.088/0.095	9763.86 secs	(1.189 mins)	0.070	0.219
48.9/51.5	0.089/0.095	9830.50 secs	(1.111 mins)	0.061	0.216
48.9/51.5	0.090/0.095	9900.72 secs	(1.17 mins)	0.061	0.223
48.9/51.5	0.091/0.095	9978.35 secs	(1.294 mins)	0.068	0.229
48.9/51.5	0.092/0.095	10052.29 secs	(1.232 mins)	0.073	0.252
48.9/51.5	0.093/0.095	10125.41 secs	(1.219 mins)	0.067	0.214
48.9/51.5	0.094/0.095	10203.96 secs	(1.309 mins)	0.084	0.212
48.9/51.5	0.095/0.095	10282.75 secs	(1.313 mins)	0.080	0.246


49.0/51.5	0.065/0.095	10336.05 secs	(53.30 secs)	0.025	0.269
49.0/51.5	0.066/0.095	10387.55 secs	(51.50 secs)	0.023	0.234
49.0/51.5	0.067/0.095	10443.61 secs	(56.07 secs)	0.030	0.245
49.0/51.5	0.068/0.095	10504.01 secs	(1.007 mins)	0.026	0.216
49.0/51.5	0.069/0.095	10562.24 secs	(58.23 secs)	0.031	0.236
49.0/51.5	0.070/0.095	10622.07 secs	(59.83 secs)	0.035	0.222
49.0/51.5	0.071/0.095	10683.82 secs	(1.029 mins)	0.029	0.232
49.0/51.5	0.072/0.095	10748.42 secs	(1.077 mins)	0.036	0.263
49.0/51.5	0.073/0.095	10806.90 secs	(58.48 secs)	0.038	0.227
49.0/51.5	0.074/0.095	10865.73 secs	(58.83 secs)	0.036	0.214
49.0/51.5	0.075/0.095	10925.03 secs	(59.30 secs)	0.035	0.238
49.0/51.5	0.076/0.095	10984.65 secs	(59.62 secs)	0.041	0.231
49.0/51.5	0.077/0.095	11060.59 secs	(1.266 mins)	0.054	0.241
49.0/51.5	0.078/0.095	11125.60 secs	(1.084 mins)	0.046	0.219
49.0/51.5	0.079/0.095	11186.09 secs	(1.008 mins)	0.042	0.229
49.0/51.5	0.080/0.095	11249.35 secs	(1.054 mins)	0.049	0.228
49.0/51.5	0.081/0.095	11312.51 secs	(1.053 mins)	0.054	0.217
49.0/51.5	0.082/0.095	11385.54 secs	(1.217 mins)	0.056	0.217
49.0/51.5	0.083/0.095	11449.05 secs	(1.058 mins)	0.044	0.206
49.0/51.5	0.084/0.095	11519.17 secs	(1.169 mins)	0.055	0.218
49.0/51.5	0.085/0.095	11589.21 secs	(1.167 mins)	0.063	0.227
49.0/51.5	0.086/0.095	11657.30 secs	(1.135 mins)	0.057	0.236
49.0/51.5	0.087/0.095	11729.87 secs	(1.21 mins)	0.069	0.239
49.0/51.5	0.088/0.095	11802.83 secs	(1.216 mins)	0.065	0.257
49.0/51.5	0.089/0.095	11873.41 secs	(1.176 mins)	0.066	0.244
49.0/51.5	0.090/0.095	11955.71 secs	(1.372 mins)	0.067	0.220
49.0/51.5	0.091/0.095	12028.41 secs	(1.212 mins)	0.066	0.215
49.0/51.5	0.092/0.095	12104.66 secs	(1.271 mins)	0.076	0.214
49.0/51.5	0.093/0.095	12181.77 secs	(1.285 mins)	0.075	0.214
49.0/51.5	0.094/0.095	12264.87 secs	(1.385 mins)	0.077	0.244
49.0/51.5	0.095/0.095	12337.99 secs	(1.219 mins)	0.076	0.236


49.1/51.5	0.065/0.095	12389.84 secs	(51.86 secs)	0.023	0.215
49.1/51.5	0.066/0.095	12447.59 secs	(57.74 secs)	0.032	0.216
49.1/51.5	0.067/0.095	12505.17 secs	(57.58 secs)	0.026	0.240
49.1/51.5	0.068/0.095	12561.66 secs	(56.50 secs)	0.027	0.215
49.1/51.5	0.069/0.095	12617.73 secs	(56.07 secs)	0.034	0.211
49.1/51.5	0.070/0.095	12673.85 secs	(56.12 secs)	0.031	0.200
49.1/51.5	0.071/0.095	12734.08 secs	(1.004 mins)	0.034	0.207
49.1/51.5	0.072/0.095	12797.76 secs	(1.061 mins)	0.034	0.220
49.1/51.5	0.073/0.095	12858.85 secs	(1.018 mins)	0.033	0.222
49.1/51.5	0.074/0.095	12919.98 secs	(1.019 mins)	0.040	0.220
49.1/51.5	0.075/0.095	12990.17 secs	(1.17 mins)	0.050	0.227
49.1/51.5	0.076/0.095	13054.23 secs	(1.068 mins)	0.044	0.225
49.1/51.5	0.077/0.095	13115.89 secs	(1.028 mins)	0.042	0.200
49.1/51.5	0.078/0.095	13187.49 secs	(1.193 mins)	0.053	0.236
49.1/51.5	0.079/0.095	13248.58 secs	(1.018 mins)	0.039	0.238
49.1/51.5	0.080/0.095	13310.00 secs	(1.024 mins)	0.045	0.220
49.1/51.5	0.081/0.095	13368.46 secs	(58.46 secs)	0.047	0.223
49.1/51.5	0.082/0.095	13434.36 secs	(1.098 mins)	0.043	0.202
49.1/51.5	0.083/0.095	13502.91 secs	(1.142 mins)	0.054	0.213
49.1/51.5	0.084/0.095	13572.11 secs	(1.153 mins)	0.052	0.202
49.1/51.5	0.085/0.095	13653.48 secs	(1.356 mins)	0.076	0.220
49.1/51.5	0.086/0.095	13719.74 secs	(1.104 mins)	0.041	0.219
49.1/51.5	0.087/0.095	13791.18 secs	(1.191 mins)	0.059	0.221
49.1/51.5	0.088/0.095	13859.03 secs	(1.131 mins)	0.057	0.222
49.1/51.5	0.089/0.095	13923.41 secs	(1.073 mins)	0.050	0.196
49.1/51.5	0.090/0.095	14002.29 secs	(1.315 mins)	0.070	0.218
49.1/51.5	0.091/0.095	14075.49 secs	(1.22 mins)	0.065	0.216
49.1/51.5	0.092/0.095	14160.81 secs	(1.422 mins)	0.083	0.245
49.1/51.5	0.093/0.095	14238.74 secs	(1.299 mins)	0.081	0.215
49.1/51.5	0.094/0.095	14317.23 secs	(1.308 mins)	0.084	0.223
49.1/51.5	0.095/0.095	14398.59 secs	(1.356 mins)	0.086	0.233


49.2/51.5	0.065/0.095	14454.78 secs	(56.19 secs)	0.026	0.238
49.2/51.5	0.066/0.095	14510.59 secs	(55.81 secs)	0.025	0.212
49.2/51.5	0.067/0.095	14567.48 secs	(56.89 secs)	0.026	0.204
49.2/51.5	0.068/0.095	14626.24 secs	(58.76 secs)	0.029	0.235
49.2/51.5	0.069/0.095	14683.07 secs	(56.84 secs)	0.033	0.252
49.2/51.5	0.070/0.095	14735.45 secs	(52.38 secs)	0.028	0.206
49.2/51.5	0.071/0.095	14791.68 secs	(56.23 secs)	0.027	0.226
49.2/51.5	0.072/0.095	14849.77 secs	(58.08 secs)	0.034	0.222
49.2/51.5	0.073/0.095	14910.40 secs	(1.011 mins)	0.035	0.199
49.2/51.5	0.074/0.095	14975.64 secs	(1.087 mins)	0.033	0.204
49.2/51.5	0.075/0.095	15038.12 secs	(1.041 mins)	0.044	0.221
49.2/51.5	0.076/0.095	15105.64 secs	(1.125 mins)	0.036	0.237
49.2/51.5	0.077/0.095	15166.90 secs	(1.021 mins)	0.034	0.188
49.2/51.5	0.078/0.095	15229.32 secs	(1.04 mins)	0.039	0.227
49.2/51.5	0.079/0.095	15290.34 secs	(1.017 mins)	0.040	0.204
49.2/51.5	0.080/0.095	15357.56 secs	(1.12 mins)	0.053	0.243
49.2/51.5	0.081/0.095	15431.66 secs	(1.235 mins)	0.047	0.212
49.2/51.5	0.082/0.095	15497.83 secs	(1.103 mins)	0.047	0.223
49.2/51.5	0.083/0.095	15563.86 secs	(1.10 mins)	0.044	0.213
49.2/51.5	0.084/0.095	15633.49 secs	(1.16 mins)	0.056	0.226
49.2/51.5	0.085/0.095	15697.28 secs	(1.063 mins)	0.054	0.224
49.2/51.5	0.086/0.095	15768.77 secs	(1.192 mins)	0.053	0.213
49.2/51.5	0.087/0.095	15832.40 secs	(1.06 mins)	0.052	0.232
49.2/51.5	0.088/0.095	15902.11 secs	(1.162 mins)	0.060	0.229
49.2/51.5	0.089/0.095	15970.18 secs	(1.134 mins)	0.065	0.220
49.2/51.5	0.090/0.095	16056.85 secs	(1.445 mins)	0.081	0.237
49.2/51.5	0.091/0.095	16133.86 secs	(1.283 mins)	0.075	0.211
49.2/51.5	0.092/0.095	16217.45 secs	(1.393 mins)	0.082	0.229
49.2/51.5	0.093/0.095	16295.28 secs	(1.297 mins)	0.076	0.236
49.2/51.5	0.094/0.095	16384.67 secs	(1.49 mins)	0.083	0.224
49.2/51.5	0.095/0.095	16457.42 secs	(1.212 mins)	0.070	0.213


49.3/51.5	0.065/0.095	16509.21 secs	(51.79 secs)	0.024	0.225
49.3/51.5	0.066/0.095	16564.68 secs	(55.47 secs)	0.026	0.255
49.3/51.5	0.067/0.095	16622.60 secs	(57.91 secs)	0.029	0.211
49.3/51.5	0.068/0.095	16684.15 secs	(1.026 mins)	0.034	0.206
49.3/51.5	0.069/0.095	16741.65 secs	(57.50 secs)	0.032	0.221
49.3/51.5	0.070/0.095	16799.34 secs	(57.69 secs)	0.029	0.224
49.3/51.5	0.071/0.095	16855.17 secs	(55.83 secs)	0.032	0.212
49.3/51.5	0.072/0.095	16915.40 secs	(1.004 mins)	0.039	0.233
49.3/51.5	0.073/0.095	16980.57 secs	(1.086 mins)	0.040	0.236
49.3/51.5	0.074/0.095	17038.85 secs	(58.28 secs)	0.030	0.192
49.3/51.5	0.075/0.095	17106.84 secs	(1.133 mins)	0.046	0.250
49.3/51.5	0.076/0.095	17172.38 secs	(1.092 mins)	0.045	0.217
49.3/51.5	0.077/0.095	17236.02 secs	(1.061 mins)	0.040	0.241
49.3/51.5	0.078/0.095	17294.71 secs	(58.69 secs)	0.039	0.219
49.3/51.5	0.079/0.095	17356.91 secs	(1.037 mins)	0.047	0.229
49.3/51.5	0.080/0.095	17418.83 secs	(1.032 mins)	0.048	0.210
49.3/51.5	0.081/0.095	17497.68 secs	(1.314 mins)	0.046	0.226
49.3/51.5	0.082/0.095	17571.91 secs	(1.237 mins)	0.045	0.223
49.3/51.5	0.083/0.095	17649.85 secs	(1.299 mins)	0.055	0.239
49.3/51.5	0.084/0.095	17721.18 secs	(1.189 mins)	0.052	0.218
49.3/51.5	0.085/0.095	17797.62 secs	(1.274 mins)	0.058	0.208
49.3/51.5	0.086/0.095	17864.53 secs	(1.115 mins)	0.048	0.203
49.3/51.5	0.087/0.095	17930.59 secs	(1.101 mins)	0.060	0.229
49.3/51.5	0.088/0.095	18010.87 secs	(1.338 mins)	0.061	0.222
49.3/51.5	0.089/0.095	18084.32 secs	(1.224 mins)	0.070	0.242
49.3/51.5	0.090/0.095	18159.96 secs	(1.261 mins)	0.076	0.229
49.3/51.5	0.091/0.095	18229.86 secs	(1.165 mins)	0.079	0.231
49.3/51.5	0.092/0.095	18300.14 secs	(1.171 mins)	0.067	0.221
49.3/51.5	0.093/0.095	18385.82 secs	(1.428 mins)	0.090	0.232
49.3/51.5	0.094/0.095	18459.17 secs	(1.222 mins)	0.081	0.219
49.3/51.5	0.095/0.095	18542.36 secs	(1.387 mins)	0.091	0.232


49.4/51.5	0.065/0.095	18588.41 secs	(46.04 secs)	0.016	0.213
49.4/51.5	0.066/0.095	18646.28 secs	(57.87 secs)	0.024	0.217
49.4/51.5	0.067/0.095	18703.36 secs	(57.08 secs)	0.026	0.223
49.4/51.5	0.068/0.095	18756.80 secs	(53.44 secs)	0.027	0.203
49.4/51.5	0.069/0.095	18816.10 secs	(59.29 secs)	0.027	0.204
49.4/51.5	0.070/0.095	18873.15 secs	(57.06 secs)	0.031	0.215
49.4/51.5	0.071/0.095	18933.76 secs	(1.01 mins)	0.033	0.225
49.4/51.5	0.072/0.095	18993.42 secs	(59.66 secs)	0.029	0.214
49.4/51.5	0.073/0.095	19049.67 secs	(56.25 secs)	0.032	0.211
49.4/51.5	0.074/0.095	19106.58 secs	(56.91 secs)	0.032	0.228
49.4/51.5	0.075/0.095	19166.90 secs	(1.005 mins)	0.040	0.231
49.4/51.5	0.076/0.095	19223.59 secs	(56.69 secs)	0.034	0.233
49.4/51.5	0.077/0.095	19290.77 secs	(1.12 mins)	0.042	0.223
49.4/51.5	0.078/0.095	19355.52 secs	(1.079 mins)	0.042	0.219
49.4/51.5	0.079/0.095	19425.14 secs	(1.16 mins)	0.049	0.227
49.4/51.5	0.080/0.095	19499.52 secs	(1.24 mins)	0.049	0.248
49.4/51.5	0.081/0.095	19563.10 secs	(1.06 mins)	0.045	0.227
49.4/51.5	0.082/0.095	19631.75 secs	(1.144 mins)	0.056	0.218
49.4/51.5	0.083/0.095	19699.91 secs	(1.136 mins)	0.048	0.199
49.4/51.5	0.084/0.095	19767.31 secs	(1.123 mins)	0.059	0.220
49.4/51.5	0.085/0.095	19833.50 secs	(1.103 mins)	0.051	0.198
49.4/51.5	0.086/0.095	19905.68 secs	(1.203 mins)	0.057	0.239
49.4/51.5	0.087/0.095	19981.52 secs	(1.264 mins)	0.064	0.236
49.4/51.5	0.088/0.095	20054.96 secs	(1.224 mins)	0.062	0.218
49.4/51.5	0.089/0.095	20128.17 secs	(1.22 mins)	0.062	0.222
49.4/51.5	0.090/0.095	20203.22 secs	(1.251 mins)	0.073	0.236
49.4/51.5	0.091/0.095	20278.64 secs	(1.257 mins)	0.066	0.245
49.4/51.5	0.092/0.095	20358.95 secs	(1.338 mins)	0.074	0.221
49.4/51.5	0.093/0.095	20430.73 secs	(1.196 mins)	0.075	0.230
49.4/51.5	0.094/0.095	20502.27 secs	(1.192 mins)	0.060	0.209
49.4/51.5	0.095/0.095	20577.46 secs	(1.253 mins)	0.081	0.217


49.5/51.5	0.065/0.095	20630.73 secs	(53.27 secs)	0.022	0.218
49.5/51.5	0.066/0.095	20687.19 secs	(56.46 secs)	0.025	0.218
49.5/51.5	0.067/0.095	20739.34 secs	(52.15 secs)	0.022	0.200
49.5/51.5	0.068/0.095	20798.78 secs	(59.44 secs)	0.029	0.237
49.5/51.5	0.069/0.095	20856.58 secs	(57.80 secs)	0.036	0.225
49.5/51.5	0.070/0.095	20912.02 secs	(55.44 secs)	0.032	0.252
49.5/51.5	0.071/0.095	20975.68 secs	(1.061 mins)	0.033	0.231
49.5/51.5	0.072/0.095	21034.26 secs	(58.58 secs)	0.037	0.217
49.5/51.5	0.073/0.095	21091.68 secs	(57.42 secs)	0.037	0.237
49.5/51.5	0.074/0.095	21151.54 secs	(59.87 secs)	0.041	0.249
49.5/51.5	0.075/0.095	21213.98 secs	(1.041 mins)	0.043	0.227
49.5/51.5	0.076/0.095	21270.87 secs	(56.88 secs)	0.036	0.211
49.5/51.5	0.077/0.095	21327.55 secs	(56.68 secs)	0.040	0.226
49.5/51.5	0.078/0.095	21390.44 secs	(1.048 mins)	0.044	0.232
49.5/51.5	0.079/0.095	21455.39 secs	(1.083 mins)	0.046	0.236
49.5/51.5	0.080/0.095	21525.66 secs	(1.171 mins)	0.046	0.229
49.5/51.5	0.081/0.095	21588.23 secs	(1.043 mins)	0.044	0.229
49.5/51.5	0.082/0.095	21668.22 secs	(1.333 mins)	0.058	0.227
49.5/51.5	0.083/0.095	21734.59 secs	(1.106 mins)	0.047	0.236
49.5/51.5	0.084/0.095	21800.91 secs	(1.105 mins)	0.053	0.198
49.5/51.5	0.085/0.095	21865.27 secs	(1.073 mins)	0.057	0.246
49.5/51.5	0.086/0.095	21935.72 secs	(1.174 mins)	0.055	0.225
49.5/51.5	0.087/0.095	22000.75 secs	(1.084 mins)	0.059	0.235
49.5/51.5	0.088/0.095	22069.13 secs	(1.14 mins)	0.054	0.234
49.5/51.5	0.089/0.095	22138.00 secs	(1.148 mins)	0.071	0.241
49.5/51.5	0.090/0.095	22206.66 secs	(1.144 mins)	0.059	0.210
49.5/51.5	0.091/0.095	22280.45 secs	(1.23 mins)	0.075	0.234
49.5/51.5	0.092/0.095	22358.64 secs	(1.303 mins)	0.071	0.226
49.5/51.5	0.093/0.095	22430.75 secs	(1.202 mins)	0.068	0.225
49.5/51.5	0.094/0.095	22504.69 secs	(1.232 mins)	0.066	0.220
49.5/51.5	0.095/0.095	22583.87 secs	(1.32 mins)	0.089	0.231


49.6/51.5	0.065/0.095	22638.10 secs	(54.23 secs)	0.025	0.236
49.6/51.5	0.066/0.095	22688.82 secs	(50.72 secs)	0.022	0.222
49.6/51.5	0.067/0.095	22740.43 secs	(51.61 secs)	0.028	0.219
49.6/51.5	0.068/0.095	22799.74 secs	(59.31 secs)	0.033	0.239
49.6/51.5	0.069/0.095	22861.68 secs	(1.032 mins)	0.036	0.215
49.6/51.5	0.070/0.095	22920.21 secs	(58.53 secs)	0.031	0.224
49.6/51.5	0.071/0.095	22981.59 secs	(1.023 mins)	0.032	0.211
49.6/51.5	0.072/0.095	23044.83 secs	(1.054 mins)	0.043	0.244
49.6/51.5	0.073/0.095	23103.49 secs	(58.66 secs)	0.037	0.245
49.6/51.5	0.074/0.095	23177.23 secs	(1.229 mins)	0.042	0.222
49.6/51.5	0.075/0.095	23243.16 secs	(1.099 mins)	0.040	0.243
49.6/51.5	0.076/0.095	23301.57 secs	(58.41 secs)	0.033	0.195
49.6/51.5	0.077/0.095	23365.18 secs	(1.06 mins)	0.043	0.218
49.6/51.5	0.078/0.095	23442.72 secs	(1.292 mins)	0.040	0.218
49.6/51.5	0.079/0.095	23507.92 secs	(1.087 mins)	0.046	0.215
49.6/51.5	0.080/0.095	23574.93 secs	(1.117 mins)	0.053	0.238
49.6/51.5	0.081/0.095	23640.30 secs	(1.09 mins)	0.049	0.213
49.6/51.5	0.082/0.095	23712.89 secs	(1.21 mins)	0.051	0.216
49.6/51.5	0.083/0.095	23782.04 secs	(1.153 mins)	0.059	0.237
49.6/51.5	0.084/0.095	23854.99 secs	(1.216 mins)	0.062	0.237
49.6/51.5	0.085/0.095	23924.75 secs	(1.163 mins)	0.068	0.216
49.6/51.5	0.086/0.095	23993.39 secs	(1.144 mins)	0.052	0.221
49.6/51.5	0.087/0.095	24064.40 secs	(1.183 mins)	0.066	0.242
49.6/51.5	0.088/0.095	24136.01 secs	(1.193 mins)	0.070	0.243
49.6/51.5	0.089/0.095	24213.25 secs	(1.287 mins)	0.064	0.233
49.6/51.5	0.090/0.095	24286.07 secs	(1.214 mins)	0.069	0.232
49.6/51.5	0.091/0.095	24355.14 secs	(1.151 mins)	0.070	0.217
49.6/51.5	0.092/0.095	24432.22 secs	(1.285 mins)	0.077	0.236
49.6/51.5	0.093/0.095	24516.39 secs	(1.403 mins)	0.087	0.227
49.6/51.5	0.094/0.095	24588.62 secs	(1.204 mins)	0.066	0.228
49.6/51.5	0.095/0.095	24667.13 secs	(1.309 mins)	0.080	0.219


49.7/51.5	0.065/0.095	24723.85 secs	(56.72 secs)	0.026	0.213
49.7/51.5	0.066/0.095	24788.19 secs	(1.072 mins)	0.031	0.208
49.7/51.5	0.067/0.095	24857.23 secs	(1.151 mins)	0.037	0.239
49.7/51.5	0.068/0.095	24910.18 secs	(52.95 secs)	0.020	0.209
49.7/51.5	0.069/0.095	24962.17 secs	(51.99 secs)	0.025	0.202
49.7/51.5	0.070/0.095	25018.18 secs	(56.01 secs)	0.032	0.241
49.7/51.5	0.071/0.095	25076.83 secs	(58.65 secs)	0.027	0.204
49.7/51.5	0.072/0.095	25136.12 secs	(59.29 secs)	0.040	0.225
49.7/51.5	0.073/0.095	25199.60 secs	(1.058 mins)	0.041	0.212
49.7/51.5	0.074/0.095	25263.02 secs	(1.057 mins)	0.033	0.209
49.7/51.5	0.075/0.095	25324.55 secs	(1.026 mins)	0.043	0.228
49.7/51.5	0.076/0.095	25395.97 secs	(1.19 mins)	0.040	0.226
49.7/51.5	0.077/0.095	25461.09 secs	(1.085 mins)	0.043	0.222
49.7/51.5	0.078/0.095	25525.74 secs	(1.077 mins)	0.044	0.193
49.7/51.5	0.079/0.095	25596.36 secs	(1.177 mins)	0.049	0.228
49.7/51.5	0.080/0.095	25662.31 secs	(1.099 mins)	0.057	0.227
49.7/51.5	0.081/0.095	25727.92 secs	(1.094 mins)	0.052	0.236
49.7/51.5	0.082/0.095	25792.46 secs	(1.076 mins)	0.050	0.243
49.7/51.5	0.083/0.095	25860.91 secs	(1.141 mins)	0.051	0.224
49.7/51.5	0.084/0.095	25927.34 secs	(1.107 mins)	0.050	0.214
49.7/51.5	0.085/0.095	25994.16 secs	(1.114 mins)	0.060	0.223
49.7/51.5	0.086/0.095	26059.74 secs	(1.093 mins)	0.060	0.231
49.7/51.5	0.087/0.095	26130.11 secs	(1.173 mins)	0.070	0.233
49.7/51.5	0.088/0.095	26201.35 secs	(1.187 mins)	0.065	0.237
49.7/51.5	0.089/0.095	26271.96 secs	(1.177 mins)	0.065	0.254
49.7/51.5	0.090/0.095	26350.62 secs	(1.311 mins)	0.077	0.252
49.7/51.5	0.091/0.095	26420.05 secs	(1.157 mins)	0.066	0.227
49.7/51.5	0.092/0.095	26493.42 secs	(1.223 mins)	0.071	0.217
49.7/51.5	0.093/0.095	26571.90 secs	(1.308 mins)	0.078	0.244
49.7/51.5	0.094/0.095	26646.97 secs	(1.251 mins)	0.078	0.236
49.7/51.5	0.095/0.095	26719.33 secs	(1.206 mins)	0.074	0.206


49.8/51.5	0.065/0.095	26775.38 secs	(56.05 secs)	0.025	0.261
49.8/51.5	0.066/0.095	26830.30 secs	(54.92 secs)	0.029	0.229
49.8/51.5	0.067/0.095	26888.66 secs	(58.36 secs)	0.034	0.235
49.8/51.5	0.068/0.095	26947.30 secs	(58.64 secs)	0.024	0.225
49.8/51.5	0.069/0.095	27008.67 secs	(1.023 mins)	0.029	0.226
49.8/51.5	0.070/0.095	27072.19 secs	(1.059 mins)	0.030	0.230
49.8/51.5	0.071/0.095	27141.53 secs	(1.156 mins)	0.035	0.230
49.8/51.5	0.072/0.095	27198.84 secs	(57.32 secs)	0.036	0.214
49.8/51.5	0.073/0.095	27258.80 secs	(59.95 secs)	0.033	0.211
49.8/51.5	0.074/0.095	27322.61 secs	(1.064 mins)	0.037	0.227
49.8/51.5	0.075/0.095	27388.97 secs	(1.106 mins)	0.043	0.195
49.8/51.5	0.076/0.095	27449.66 secs	(1.012 mins)	0.036	0.230
49.8/51.5	0.077/0.095	27512.48 secs	(1.047 mins)	0.042	0.222
49.8/51.5	0.078/0.095	27574.58 secs	(1.035 mins)	0.043	0.245
49.8/51.5	0.079/0.095	27638.54 secs	(1.066 mins)	0.047	0.234
49.8/51.5	0.080/0.095	27701.65 secs	(1.052 mins)	0.043	0.206
49.8/51.5	0.081/0.095	27774.58 secs	(1.215 mins)	0.056	0.230
49.8/51.5	0.082/0.095	27842.84 secs	(1.138 mins)	0.057	0.226
49.8/51.5	0.083/0.095	27910.76 secs	(1.132 mins)	0.063	0.228
49.8/51.5	0.084/0.095	27980.78 secs	(1.167 mins)	0.050	0.222
49.8/51.5	0.085/0.095	28048.85 secs	(1.135 mins)	0.058	0.213
49.8/51.5	0.086/0.095	28121.13 secs	(1.205 mins)	0.068	0.229
49.8/51.5	0.087/0.095	28193.12 secs	(1.20 mins)	0.064	0.217
49.8/51.5	0.088/0.095	28272.45 secs	(1.322 mins)	0.068	0.232
49.8/51.5	0.089/0.095	28347.96 secs	(1.259 mins)	0.077	0.239
49.8/51.5	0.090/0.095	28419.07 secs	(1.185 mins)	0.062	0.214
49.8/51.5	0.091/0.095	28493.22 secs	(1.236 mins)	0.071	0.220
49.8/51.5	0.092/0.095	28560.96 secs	(1.129 mins)	0.070	0.231
49.8/51.5	0.093/0.095	28640.19 secs	(1.32 mins)	0.083	0.225
49.8/51.5	0.094/0.095	28711.66 secs	(1.191 mins)	0.073	0.218
49.8/51.5	0.095/0.095	28801.73 secs	(1.501 mins)	0.100	0.258


49.9/51.5	0.065/0.095	28857.93 secs	(56.19 secs)	0.024	0.215
49.9/51.5	0.066/0.095	28921.00 secs	(1.051 mins)	0.028	0.205
49.9/51.5	0.067/0.095	28974.12 secs	(53.12 secs)	0.026	0.220
49.9/51.5	0.068/0.095	29032.47 secs	(58.36 secs)	0.035	0.217
49.9/51.5	0.069/0.095	29086.41 secs	(53.94 secs)	0.028	0.224
49.9/51.5	0.070/0.095	29146.05 secs	(59.64 secs)	0.032	0.208
49.9/51.5	0.071/0.095	29204.78 secs	(58.74 secs)	0.031	0.235
49.9/51.5	0.072/0.095	29267.29 secs	(1.042 mins)	0.039	0.257
49.9/51.5	0.073/0.095	29326.91 secs	(59.61 secs)	0.040	0.234
49.9/51.5	0.074/0.095	29389.78 secs	(1.048 mins)	0.038	0.233
49.9/51.5	0.075/0.095	29453.92 secs	(1.069 mins)	0.039	0.253
49.9/51.5	0.076/0.095	29515.56 secs	(1.027 mins)	0.042	0.235
49.9/51.5	0.077/0.095	29579.79 secs	(1.07 mins)	0.042	0.236
49.9/51.5	0.078/0.095	29647.24 secs	(1.124 mins)	0.043	0.247
49.9/51.5	0.079/0.095	29712.13 secs	(1.082 mins)	0.048	0.240
49.9/51.5	0.080/0.095	29781.56 secs	(1.157 mins)	0.051	0.246
49.9/51.5	0.081/0.095	29846.73 secs	(1.086 mins)	0.042	0.192
49.9/51.5	0.082/0.095	29911.74 secs	(1.084 mins)	0.058	0.250
49.9/51.5	0.083/0.095	29983.92 secs	(1.203 mins)	0.054	0.225
49.9/51.5	0.084/0.095	30061.92 secs	(1.30 mins)	0.062	0.229
49.9/51.5	0.085/0.095	30141.24 secs	(1.322 mins)	0.057	0.202
49.9/51.5	0.086/0.095	30212.57 secs	(1.189 mins)	0.057	0.199
49.9/51.5	0.087/0.095	30291.69 secs	(1.319 mins)	0.067	0.207
49.9/51.5	0.088/0.095	30368.05 secs	(1.273 mins)	0.058	0.219
49.9/51.5	0.089/0.095	30437.93 secs	(1.165 mins)	0.068	0.233
49.9/51.5	0.090/0.095	30515.09 secs	(1.286 mins)	0.067	0.234
49.9/51.5	0.091/0.095	30590.42 secs	(1.256 mins)	0.074	0.233
49.9/51.5	0.092/0.095	30664.93 secs	(1.242 mins)	0.073	0.244
49.9/51.5	0.093/0.095	30750.29 secs	(1.423 mins)	0.091	0.234
49.9/51.5	0.094/0.095	30827.07 secs	(1.28 mins)	0.073	0.227
49.9/51.5	0.095/0.095	30900.44 secs	(1.223 mins)	0.092	0.230


50.0/51.5	0.065/0.095	30957.88 secs	(57.44 secs)	0.027	0.235
50.0/51.5	0.066/0.095	31018.73 secs	(1.014 mins)	0.029	0.232
50.0/51.5	0.067/0.095	31074.70 secs	(55.97 secs)	0.028	0.239
50.0/51.5	0.068/0.095	31136.15 secs	(1.024 mins)	0.033	0.218
50.0/51.5	0.069/0.095	31193.01 secs	(56.85 secs)	0.032	0.242
50.0/51.5	0.070/0.095	31250.18 secs	(57.17 secs)	0.036	0.243
50.0/51.5	0.071/0.095	31309.34 secs	(59.16 secs)	0.032	0.235
50.0/51.5	0.072/0.095	31372.37 secs	(1.051 mins)	0.037	0.233
50.0/51.5	0.073/0.095	31434.96 secs	(1.043 mins)	0.045	0.235
50.0/51.5	0.074/0.095	31495.53 secs	(1.01 mins)	0.044	0.239
50.0/51.5	0.075/0.095	31557.52 secs	(1.033 mins)	0.041	0.226
50.0/51.5	0.076/0.095	31620.07 secs	(1.043 mins)	0.040	0.237
50.0/51.5	0.077/0.095	31683.21 secs	(1.052 mins)	0.033	0.203
50.0/51.5	0.078/0.095	31752.16 secs	(1.149 mins)	0.047	0.217
50.0/51.5	0.079/0.095	31815.19 secs	(1.05 mins)	0.044	0.239
50.0/51.5	0.080/0.095	31878.48 secs	(1.055 mins)	0.057	0.231
50.0/51.5	0.081/0.095	31944.36 secs	(1.098 mins)	0.054	0.215
50.0/51.5	0.082/0.095	32013.12 secs	(1.146 mins)	0.053	0.220
50.0/51.5	0.083/0.095	32078.56 secs	(1.091 mins)	0.054	0.235
50.0/51.5	0.084/0.095	32147.47 secs	(1.148 mins)	0.055	0.226
50.0/51.5	0.085/0.095	32222.43 secs	(1.249 mins)	0.054	0.226
50.0/51.5	0.086/0.095	32299.89 secs	(1.291 mins)	0.069	0.241
50.0/51.5	0.087/0.095	32378.95 secs	(1.318 mins)	0.079	0.236
50.0/51.5	0.088/0.095	32449.36 secs	(1.173 mins)	0.060	0.249
50.0/51.5	0.089/0.095	32520.85 secs	(1.191 mins)	0.064	0.239
50.0/51.5	0.090/0.095	32592.54 secs	(1.195 mins)	0.066	0.223
50.0/51.5	0.091/0.095	32659.95 secs	(1.124 mins)	0.066	0.213
50.0/51.5	0.092/0.095	32731.75 secs	(1.197 mins)	0.063	0.234
50.0/51.5	0.093/0.095	32808.93 secs	(1.286 mins)	0.081	0.236
50.0/51.5	0.094/0.095	32888.65 secs	(1.329 mins)	0.081	0.234
50.0/51.5	0.095/0.095	32969.61 secs	(1.349 mins)	0.081	0.217


50.1/51.5	0.065/0.095	33022.24 secs	(52.63 secs)	0.023	0.229
50.1/51.5	0.066/0.095	33078.63 secs	(56.39 secs)	0.028	0.217
50.1/51.5	0.067/0.095	33135.32 secs	(56.69 secs)	0.028	0.242
50.1/51.5	0.068/0.095	33195.79 secs	(1.008 mins)	0.035	0.230
50.1/51.5	0.069/0.095	33252.38 secs	(56.59 secs)	0.031	0.246
50.1/51.5	0.070/0.095	33318.01 secs	(1.094 mins)	0.042	0.226
50.1/51.5	0.071/0.095	33378.36 secs	(1.006 mins)	0.037	0.231
50.1/51.5	0.072/0.095	33436.30 secs	(57.94 secs)	0.034	0.227
50.1/51.5	0.073/0.095	33498.79 secs	(1.041 mins)	0.037	0.217
50.1/51.5	0.074/0.095	33564.72 secs	(1.099 mins)	0.042	0.235
50.1/51.5	0.075/0.095	33625.72 secs	(1.017 mins)	0.038	0.229
50.1/51.5	0.076/0.095	33688.71 secs	(1.05 mins)	0.038	0.229
50.1/51.5	0.077/0.095	33757.07 secs	(1.139 mins)	0.045	0.237
50.1/51.5	0.078/0.095	33824.38 secs	(1.122 mins)	0.044	0.220
50.1/51.5	0.079/0.095	33888.03 secs	(1.061 mins)	0.053	0.229
50.1/51.5	0.080/0.095	33954.92 secs	(1.115 mins)	0.055	0.249
50.1/51.5	0.081/0.095	34023.59 secs	(1.144 mins)	0.047	0.211
50.1/51.5	0.082/0.095	34090.92 secs	(1.122 mins)	0.053	0.242
50.1/51.5	0.083/0.095	34168.62 secs	(1.295 mins)	0.059	0.205
50.1/51.5	0.084/0.095	34244.17 secs	(1.259 mins)	0.064	0.225
50.1/51.5	0.085/0.095	34326.91 secs	(1.379 mins)	0.061	0.212
50.1/51.5	0.086/0.095	34399.93 secs	(1.217 mins)	0.061	0.234
50.1/51.5	0.087/0.095	34472.46 secs	(1.209 mins)	0.061	0.224
50.1/51.5	0.088/0.095	34545.64 secs	(1.22 mins)	0.064	0.238
50.1/51.5	0.089/0.095	34618.75 secs	(1.218 mins)	0.073	0.243
50.1/51.5	0.090/0.095	34687.47 secs	(1.145 mins)	0.060	0.218
50.1/51.5	0.091/0.095	34763.94 secs	(1.274 mins)	0.076	0.227
50.1/51.5	0.092/0.095	34838.59 secs	(1.244 mins)	0.073	0.220
50.1/51.5	0.093/0.095	34915.54 secs	(1.282 mins)	0.080	0.244
50.1/51.5	0.094/0.095	34993.32 secs	(1.296 mins)	0.089	0.240
50.1/51.5	0.095/0.095	35078.44 secs	(1.419 mins)	0.116	0.250


50.2/51.5	0.065/0.095	35134.50 secs	(56.06 secs)	0.025	0.239
50.2/51.5	0.066/0.095	35190.99 secs	(56.49 secs)	0.031	0.226
50.2/51.5	0.067/0.095	35250.70 secs	(59.71 secs)	0.032	0.207
50.2/51.5	0.068/0.095	35309.82 secs	(59.12 secs)	0.029	0.239
50.2/51.5	0.069/0.095	35369.20 secs	(59.38 secs)	0.035	0.211
50.2/51.5	0.070/0.095	35426.41 secs	(57.20 secs)	0.034	0.239
50.2/51.5	0.071/0.095	35483.81 secs	(57.40 secs)	0.031	0.227
50.2/51.5	0.072/0.095	35549.53 secs	(1.095 mins)	0.047	0.237
50.2/51.5	0.073/0.095	35612.99 secs	(1.058 mins)	0.037	0.225
50.2/51.5	0.074/0.095	35672.94 secs	(59.94 secs)	0.034	0.213
50.2/51.5	0.075/0.095	35731.69 secs	(58.75 secs)	0.036	0.230
50.2/51.5	0.076/0.095	35790.73 secs	(59.04 secs)	0.041	0.226
50.2/51.5	0.077/0.095	35851.08 secs	(1.006 mins)	0.035	0.229
50.2/51.5	0.078/0.095	35912.79 secs	(1.029 mins)	0.039	0.241
50.2/51.5	0.079/0.095	35975.24 secs	(1.041 mins)	0.051	0.245
50.2/51.5	0.080/0.095	36041.74 secs	(1.108 mins)	0.050	0.219
50.2/51.5	0.081/0.095	36111.68 secs	(1.166 mins)	0.049	0.240
50.2/51.5	0.082/0.095	36174.31 secs	(1.044 mins)	0.055	0.236
50.2/51.5	0.083/0.095	36250.15 secs	(1.264 mins)	0.052	0.216
50.2/51.5	0.084/0.095	36325.68 secs	(1.259 mins)	0.064	0.241
50.2/51.5	0.085/0.095	36399.98 secs	(1.238 mins)	0.071	0.249
50.2/51.5	0.086/0.095	36471.44 secs	(1.191 mins)	0.056	0.238
50.2/51.5	0.087/0.095	36543.67 secs	(1.204 mins)	0.061	0.237
50.2/51.5	0.088/0.095	36617.42 secs	(1.229 mins)	0.062	0.220
50.2/51.5	0.089/0.095	36690.30 secs	(1.215 mins)	0.078	0.238
50.2/51.5	0.090/0.095	36763.76 secs	(1.224 mins)	0.072	0.230
50.2/51.5	0.091/0.095	36834.90 secs	(1.186 mins)	0.079	0.243
50.2/51.5	0.092/0.095	36919.72 secs	(1.414 mins)	0.089	0.249
50.2/51.5	0.093/0.095	36995.36 secs	(1.261 mins)	0.084	0.236
50.2/51.5	0.094/0.095	37072.99 secs	(1.294 mins)	0.090	0.224
50.2/51.5	0.095/0.095	37150.67 secs	(1.295 mins)	0.093	0.255


50.3/51.5	0.065/0.095	37213.43 secs	(1.046 mins)	0.036	0.214
50.3/51.5	0.066/0.095	37272.91 secs	(59.48 secs)	0.031	0.246
50.3/51.5	0.067/0.095	37332.57 secs	(59.66 secs)	0.032	0.232
50.3/51.5	0.068/0.095	37387.36 secs	(54.79 secs)	0.029	0.226
50.3/51.5	0.069/0.095	37442.89 secs	(55.53 secs)	0.032	0.219
50.3/51.5	0.070/0.095	37504.83 secs	(1.032 mins)	0.038	0.219
50.3/51.5	0.071/0.095	37563.92 secs	(59.09 secs)	0.035	0.218
50.3/51.5	0.072/0.095	37628.87 secs	(1.083 mins)	0.037	0.240
50.3/51.5	0.073/0.095	37692.07 secs	(1.053 mins)	0.039	0.236
50.3/51.5	0.074/0.095	37756.51 secs	(1.074 mins)	0.035	0.218
50.3/51.5	0.075/0.095	37812.76 secs	(56.24 secs)	0.034	0.228
50.3/51.5	0.076/0.095	37878.50 secs	(1.096 mins)	0.044	0.230
50.3/51.5	0.077/0.095	37941.54 secs	(1.051 mins)	0.046	0.236
50.3/51.5	0.078/0.095	38007.69 secs	(1.102 mins)	0.046	0.236
50.3/51.5	0.079/0.095	38077.21 secs	(1.159 mins)	0.045	0.226
50.3/51.5	0.080/0.095	38140.91 secs	(1.062 mins)	0.041	0.211
50.3/51.5	0.081/0.095	38209.07 secs	(1.136 mins)	0.053	0.222
50.3/51.5	0.082/0.095	38275.79 secs	(1.112 mins)	0.057	0.232
50.3/51.5	0.083/0.095	38344.17 secs	(1.14 mins)	0.055	0.248
50.3/51.5	0.084/0.095	38415.51 secs	(1.189 mins)	0.059	0.240
50.3/51.5	0.085/0.095	38486.38 secs	(1.181 mins)	0.058	0.241
50.3/51.5	0.086/0.095	38555.71 secs	(1.156 mins)	0.058	0.219
50.3/51.5	0.087/0.095	38625.23 secs	(1.159 mins)	0.058	0.230
50.3/51.5	0.088/0.095	38698.98 secs	(1.229 mins)	0.066	0.234
50.3/51.5	0.089/0.095	38767.96 secs	(1.15 mins)	0.058	0.218
50.3/51.5	0.090/0.095	38835.14 secs	(1.12 mins)	0.070	0.242
50.3/51.5	0.091/0.095	38904.93 secs	(1.163 mins)	0.065	0.200
50.3/51.5	0.092/0.095	38991.22 secs	(1.438 mins)	0.080	0.218
50.3/51.5	0.093/0.095	39062.92 secs	(1.195 mins)	0.065	0.230
50.3/51.5	0.094/0.095	39130.80 secs	(1.131 mins)	0.066	0.210
50.3/51.5	0.095/0.095	39203.55 secs	(1.213 mins)	0.081	0.217


50.4/51.5	0.065/0.095	39256.64 secs	(53.09 secs)	0.029	0.230
50.4/51.5	0.066/0.095	39310.50 secs	(53.86 secs)	0.028	0.241
50.4/51.5	0.067/0.095	39365.05 secs	(54.55 secs)	0.024	0.236
50.4/51.5	0.068/0.095	39422.20 secs	(57.15 secs)	0.031	0.227
50.4/51.5	0.069/0.095	39477.19 secs	(54.99 secs)	0.027	0.229
50.4/51.5	0.070/0.095	39531.43 secs	(54.24 secs)	0.026	0.231
50.4/51.5	0.071/0.095	39594.69 secs	(1.054 mins)	0.039	0.232
50.4/51.5	0.072/0.095	39662.74 secs	(1.134 mins)	0.041	0.239
50.4/51.5	0.073/0.095	39721.95 secs	(59.20 secs)	0.030	0.222
50.4/51.5	0.074/0.095	39781.42 secs	(59.47 secs)	0.038	0.258
50.4/51.5	0.075/0.095	39853.04 secs	(1.194 mins)	0.044	0.219
50.4/51.5	0.076/0.095	39917.28 secs	(1.071 mins)	0.044	0.241
50.4/51.5	0.077/0.095	39984.07 secs	(1.113 mins)	0.046	0.221
50.4/51.5	0.078/0.095	40047.21 secs	(1.052 mins)	0.043	0.226
50.4/51.5	0.079/0.095	40111.66 secs	(1.074 mins)	0.047	0.247
50.4/51.5	0.080/0.095	40173.55 secs	(1.031 mins)	0.046	0.230
50.4/51.5	0.081/0.095	40237.25 secs	(1.062 mins)	0.046	0.201
50.4/51.5	0.082/0.095	40301.30 secs	(1.067 mins)	0.054	0.228
50.4/51.5	0.083/0.095	40369.50 secs	(1.137 mins)	0.060	0.243
50.4/51.5	0.084/0.095	40444.58 secs	(1.251 mins)	0.057	0.234
50.4/51.5	0.085/0.095	40517.89 secs	(1.222 mins)	0.058	0.233
50.4/51.5	0.086/0.095	40587.41 secs	(1.159 mins)	0.056	0.205
50.4/51.5	0.087/0.095	40650.50 secs	(1.052 mins)	0.054	0.206
50.4/51.5	0.088/0.095	40725.98 secs	(1.258 mins)	0.062	0.204
50.4/51.5	0.089/0.095	40798.57 secs	(1.21 mins)	0.064	0.223
50.4/51.5	0.090/0.095	40874.61 secs	(1.267 mins)	0.080	0.240
50.4/51.5	0.091/0.095	40953.79 secs	(1.32 mins)	0.079	0.258
50.4/51.5	0.092/0.095	41024.08 secs	(1.171 mins)	0.079	0.263
50.4/51.5	0.093/0.095	41111.37 secs	(1.455 mins)	0.097	0.227
50.4/51.5	0.094/0.095	41190.51 secs	(1.319 mins)	0.084	0.242
50.4/51.5	0.095/0.095	41262.82 secs	(1.205 mins)	0.081	0.240


50.5/51.5	0.065/0.095	41326.41 secs	(1.06 mins)	0.028	0.247
50.5/51.5	0.066/0.095	41383.42 secs	(57.02 secs)	0.029	0.220
50.5/51.5	0.067/0.095	41444.81 secs	(1.023 mins)	0.035	0.236
50.5/51.5	0.068/0.095	41500.72 secs	(55.91 secs)	0.028	0.224
50.5/51.5	0.069/0.095	41557.66 secs	(56.94 secs)	0.036	0.234
50.5/51.5	0.070/0.095	41613.26 secs	(55.60 secs)	0.029	0.241
50.5/51.5	0.071/0.095	41674.18 secs	(1.015 mins)	0.034	0.238
50.5/51.5	0.072/0.095	41734.98 secs	(1.013 mins)	0.041	0.224
50.5/51.5	0.073/0.095	41792.88 secs	(57.90 secs)	0.039	0.223
50.5/51.5	0.074/0.095	41861.36 secs	(1.141 mins)	0.044	0.240
50.5/51.5	0.075/0.095	41922.69 secs	(1.022 mins)	0.038	0.241
50.5/51.5	0.076/0.095	41992.19 secs	(1.158 mins)	0.050	0.240
50.5/51.5	0.077/0.095	42054.38 secs	(1.037 mins)	0.046	0.234
50.5/51.5	0.078/0.095	42118.50 secs	(1.069 mins)	0.045	0.220
50.5/51.5	0.079/0.095	42190.60 secs	(1.202 mins)	0.050	0.250
50.5/51.5	0.080/0.095	42262.41 secs	(1.197 mins)	0.044	0.249
50.5/51.5	0.081/0.095	42334.35 secs	(1.199 mins)	0.055	0.217
50.5/51.5	0.082/0.095	42403.60 secs	(1.154 mins)	0.058	0.247
50.5/51.5	0.083/0.095	42474.10 secs	(1.175 mins)	0.060	0.232
50.5/51.5	0.084/0.095	42545.91 secs	(1.197 mins)	0.057	0.257
50.5/51.5	0.085/0.095	42619.80 secs	(1.231 mins)	0.063	0.227
50.5/51.5	0.086/0.095	42699.30 secs	(1.325 mins)	0.061	0.229
50.5/51.5	0.087/0.095	42770.63 secs	(1.189 mins)	0.063	0.241
50.5/51.5	0.088/0.095	42843.93 secs	(1.222 mins)	0.073	0.274
50.5/51.5	0.089/0.095	42912.74 secs	(1.147 mins)	0.065	0.210
50.5/51.5	0.090/0.095	42995.33 secs	(1.377 mins)	0.079	0.243
50.5/51.5	0.091/0.095	43069.00 secs	(1.228 mins)	0.076	0.238
50.5/51.5	0.092/0.095	43145.75 secs	(1.279 mins)	0.079	0.233
50.5/51.5	0.093/0.095	43222.67 secs	(1.282 mins)	0.068	0.229
50.5/51.5	0.094/0.095	43297.78 secs	(1.252 mins)	0.077	0.197
50.5/51.5	0.095/0.095	43383.43 secs	(1.427 mins)	0.094	0.221


50.6/51.5	0.065/0.095	43441.57 secs	(58.15 secs)	0.032	0.245
50.6/51.5	0.066/0.095	43499.39 secs	(57.82 secs)	0.029	0.237
50.6/51.5	0.067/0.095	43556.67 secs	(57.28 secs)	0.029	0.210
50.6/51.5	0.068/0.095	43618.32 secs	(1.027 mins)	0.030	0.233
50.6/51.5	0.069/0.095	43677.64 secs	(59.33 secs)	0.024	0.222
50.6/51.5	0.070/0.095	43734.22 secs	(56.57 secs)	0.030	0.224
50.6/51.5	0.071/0.095	43796.85 secs	(1.044 mins)	0.027	0.217
50.6/51.5	0.072/0.095	43859.92 secs	(1.051 mins)	0.038	0.260
50.6/51.5	0.073/0.095	43924.01 secs	(1.068 mins)	0.044	0.218
50.6/51.5	0.074/0.095	43989.32 secs	(1.088 mins)	0.042	0.226
50.6/51.5	0.075/0.095	44048.61 secs	(59.29 secs)	0.041	0.235
50.6/51.5	0.076/0.095	44107.98 secs	(59.37 secs)	0.034	0.257
50.6/51.5	0.077/0.095	44170.96 secs	(1.05 mins)	0.046	0.231
50.6/51.5	0.078/0.095	44235.07 secs	(1.068 mins)	0.044	0.229
50.6/51.5	0.079/0.095	44301.58 secs	(1.109 mins)	0.048	0.235
50.6/51.5	0.080/0.095	44372.83 secs	(1.188 mins)	0.059	0.245
50.6/51.5	0.081/0.095	44437.90 secs	(1.085 mins)	0.052	0.245
50.6/51.5	0.082/0.095	44504.57 secs	(1.111 mins)	0.048	0.211
50.6/51.5	0.083/0.095	44574.66 secs	(1.168 mins)	0.062	0.230
50.6/51.5	0.084/0.095	44644.00 secs	(1.156 mins)	0.051	0.211
50.6/51.5	0.085/0.095	44721.03 secs	(1.284 mins)	0.065	0.230
50.6/51.5	0.086/0.095	44795.87 secs	(1.247 mins)	0.064	0.243
50.6/51.5	0.087/0.095	44865.79 secs	(1.165 mins)	0.070	0.242
50.6/51.5	0.088/0.095	44936.07 secs	(1.171 mins)	0.060	0.220
50.6/51.5	0.089/0.095	45016.68 secs	(1.344 mins)	0.064	0.219
50.6/51.5	0.090/0.095	45087.96 secs	(1.188 mins)	0.068	0.217
50.6/51.5	0.091/0.095	45161.84 secs	(1.231 mins)	0.070	0.221
50.6/51.5	0.092/0.095	45232.95 secs	(1.185 mins)	0.071	0.239
50.6/51.5	0.093/0.095	45303.23 secs	(1.171 mins)	0.076	0.244
50.6/51.5	0.094/0.095	45373.33 secs	(1.168 mins)	0.077	0.229
50.6/51.5	0.095/0.095	45449.58 secs	(1.271 mins)	0.075	0.254


50.7/51.5	0.065/0.095	45503.17 secs	(53.59 secs)	0.028	0.248
50.7/51.5	0.066/0.095	45559.43 secs	(56.25 secs)	0.027	0.214
50.7/51.5	0.067/0.095	45620.82 secs	(1.023 mins)	0.038	0.249
50.7/51.5	0.068/0.095	45679.93 secs	(59.11 secs)	0.033	0.252
50.7/51.5	0.069/0.095	45737.62 secs	(57.69 secs)	0.033	0.235
50.7/51.5	0.070/0.095	45797.53 secs	(59.91 secs)	0.033	0.249
50.7/51.5	0.071/0.095	45857.24 secs	(59.71 secs)	0.034	0.229
50.7/51.5	0.072/0.095	45917.69 secs	(1.008 mins)	0.037	0.234
50.7/51.5	0.073/0.095	45983.20 secs	(1.092 mins)	0.035	0.234
50.7/51.5	0.074/0.095	46046.91 secs	(1.062 mins)	0.040	0.245
50.7/51.5	0.075/0.095	46109.24 secs	(1.039 mins)	0.033	0.203
50.7/51.5	0.076/0.095	46173.40 secs	(1.069 mins)	0.040	0.219
50.7/51.5	0.077/0.095	46237.99 secs	(1.076 mins)	0.047	0.245
50.7/51.5	0.078/0.095	46300.19 secs	(1.037 mins)	0.043	0.225
50.7/51.5	0.079/0.095	46374.18 secs	(1.233 mins)	0.043	0.223
50.7/51.5	0.080/0.095	46444.21 secs	(1.167 mins)	0.043	0.233
50.7/51.5	0.081/0.095	46522.76 secs	(1.309 mins)	0.052	0.214
50.7/51.5	0.082/0.095	46598.04 secs	(1.255 mins)	0.060	0.240
50.7/51.5	0.083/0.095	46682.51 secs	(1.408 mins)	0.058	0.219
50.7/51.5	0.084/0.095	46755.71 secs	(1.22 mins)	0.067	0.239
50.7/51.5	0.085/0.095	46825.59 secs	(1.165 mins)	0.057	0.231
50.7/51.5	0.086/0.095	46902.68 secs	(1.285 mins)	0.061	0.236
50.7/51.5	0.087/0.095	46981.10 secs	(1.307 mins)	0.078	0.222
50.7/51.5	0.088/0.095	47053.03 secs	(1.199 mins)	0.071	0.227
50.7/51.5	0.089/0.095	47127.66 secs	(1.244 mins)	0.080	0.243
50.7/51.5	0.090/0.095	47198.39 secs	(1.179 mins)	0.070	0.251
50.7/51.5	0.091/0.095	47275.56 secs	(1.286 mins)	0.073	0.219
50.7/51.5	0.092/0.095	47356.95 secs	(1.357 mins)	0.080	0.253
50.7/51.5	0.093/0.095	47430.05 secs	(1.218 mins)	0.080	0.231
50.7/51.5	0.094/0.095	47509.34 secs	(1.321 mins)	0.095	0.251
50.7/51.5	0.095/0.095	47585.73 secs	(1.273 mins)	0.094	0.246


50.8/51.5	0.065/0.095	47642.34 secs	(56.62 secs)	0.027	0.220
50.8/51.5	0.066/0.095	47696.86 secs	(54.52 secs)	0.029	0.232
50.8/51.5	0.067/0.095	47753.78 secs	(56.92 secs)	0.025	0.234
50.8/51.5	0.068/0.095	47820.80 secs	(1.117 mins)	0.034	0.217
50.8/51.5	0.069/0.095	47882.22 secs	(1.024 mins)	0.038	0.240
50.8/51.5	0.070/0.095	47946.59 secs	(1.073 mins)	0.037	0.247
50.8/51.5	0.071/0.095	48001.59 secs	(54.99 secs)	0.029	0.233
50.8/51.5	0.072/0.095	48060.56 secs	(58.97 secs)	0.032	0.243
50.8/51.5	0.073/0.095	48119.43 secs	(58.87 secs)	0.033	0.236
50.8/51.5	0.074/0.095	48185.06 secs	(1.094 mins)	0.040	0.241
50.8/51.5	0.075/0.095	48241.06 secs	(56.00 secs)	0.039	0.221
50.8/51.5	0.076/0.095	48303.43 secs	(1.039 mins)	0.044	0.230
50.8/51.5	0.077/0.095	48368.21 secs	(1.08 mins)	0.051	0.253
50.8/51.5	0.078/0.095	48436.56 secs	(1.139 mins)	0.050	0.221
50.8/51.5	0.079/0.095	48509.85 secs	(1.222 mins)	0.057	0.248
50.8/51.5	0.080/0.095	48574.89 secs	(1.084 mins)	0.045	0.221
50.8/51.5	0.081/0.095	48641.86 secs	(1.116 mins)	0.049	0.245
50.8/51.5	0.082/0.095	48711.14 secs	(1.155 mins)	0.056	0.243
50.8/51.5	0.083/0.095	48783.53 secs	(1.207 mins)	0.052	0.248
50.8/51.5	0.084/0.095	48855.45 secs	(1.199 mins)	0.061	0.225
50.8/51.5	0.085/0.095	48928.87 secs	(1.224 mins)	0.066	0.259
50.8/51.5	0.086/0.095	49003.23 secs	(1.239 mins)	0.073	0.249
50.8/51.5	0.087/0.095	49069.09 secs	(1.098 mins)	0.068	0.233
50.8/51.5	0.088/0.095	49139.36 secs	(1.171 mins)	0.068	0.242
50.8/51.5	0.089/0.095	49206.68 secs	(1.122 mins)	0.070	0.228
50.8/51.5	0.090/0.095	49290.56 secs	(1.398 mins)	0.086	0.245
50.8/51.5	0.091/0.095	49368.77 secs	(1.304 mins)	0.070	0.220
50.8/51.5	0.092/0.095	49441.47 secs	(1.212 mins)	0.070	0.228
50.8/51.5	0.093/0.095	49517.92 secs	(1.274 mins)	0.085	0.261
50.8/51.5	0.094/0.095	49602.17 secs	(1.404 mins)	0.100	0.242
50.8/51.5	0.095/0.095	49675.63 secs	(1.224 mins)	0.080	0.237


50.9/51.5	0.065/0.095	49733.19 secs	(57.56 secs)	0.032	0.214
50.9/51.5	0.066/0.095	49787.32 secs	(54.13 secs)	0.028	0.245
50.9/51.5	0.067/0.095	49841.65 secs	(54.33 secs)	0.030	0.231
50.9/51.5	0.068/0.095	49902.15 secs	(1.008 mins)	0.028	0.208
50.9/51.5	0.069/0.095	49961.71 secs	(59.56 secs)	0.026	0.210
50.9/51.5	0.070/0.095	50020.01 secs	(58.30 secs)	0.033	0.242
50.9/51.5	0.071/0.095	50078.75 secs	(58.74 secs)	0.038	0.234
50.9/51.5	0.072/0.095	50137.06 secs	(58.31 secs)	0.041	0.252
50.9/51.5	0.073/0.095	50199.39 secs	(1.039 mins)	0.040	0.238
50.9/51.5	0.074/0.095	50271.38 secs	(1.20 mins)	0.044	0.232
50.9/51.5	0.075/0.095	50336.64 secs	(1.088 mins)	0.046	0.243
50.9/51.5	0.076/0.095	50400.83 secs	(1.07 mins)	0.041	0.222
50.9/51.5	0.077/0.095	50459.49 secs	(58.66 secs)	0.046	0.236
50.9/51.5	0.078/0.095	50525.32 secs	(1.097 mins)	0.048	0.225
50.9/51.5	0.079/0.095	50589.42 secs	(1.068 mins)	0.054	0.240
50.9/51.5	0.080/0.095	50658.07 secs	(1.144 mins)	0.054	0.230
50.9/51.5	0.081/0.095	50721.74 secs	(1.061 mins)	0.051	0.237
50.9/51.5	0.082/0.095	50788.02 secs	(1.105 mins)	0.052	0.235
50.9/51.5	0.083/0.095	50856.31 secs	(1.138 mins)	0.047	0.227
50.9/51.5	0.084/0.095	50924.75 secs	(1.141 mins)	0.056	0.238
50.9/51.5	0.085/0.095	51001.42 secs	(1.278 mins)	0.068	0.232
50.9/51.5	0.086/0.095	51070.08 secs	(1.144 mins)	0.059	0.216
50.9/51.5	0.087/0.095	51143.95 secs	(1.231 mins)	0.068	0.229
50.9/51.5	0.088/0.095	51216.84 secs	(1.215 mins)	0.074	0.235
50.9/51.5	0.089/0.095	51286.70 secs	(1.164 mins)	0.067	0.227
50.9/51.5	0.090/0.095	51367.25 secs	(1.342 mins)	0.081	0.259
50.9/51.5	0.091/0.095	51442.02 secs	(1.246 mins)	0.070	0.244
50.9/51.5	0.092/0.095	51524.80 secs	(1.38 mins)	0.087	0.237
50.9/51.5	0.093/0.095	51596.06 secs	(1.188 mins)	0.081	0.217
50.9/51.5	0.094/0.095	51675.84 secs	(1.33 mins)	0.086	0.249
50.9/51.5	0.095/0.095	51754.86 secs	(1.317 mins)	0.092	0.204


51.0/51.5	0.065/0.095	51813.41 secs	(58.54 secs)	0.032	0.217
51.0/51.5	0.066/0.095	51876.12 secs	(1.045 mins)	0.033	0.233
51.0/51.5	0.067/0.095	51934.40 secs	(58.29 secs)	0.029	0.237
51.0/51.5	0.068/0.095	51989.20 secs	(54.80 secs)	0.025	0.215
51.0/51.5	0.069/0.095	52045.50 secs	(56.30 secs)	0.032	0.221
51.0/51.5	0.070/0.095	52105.73 secs	(1.004 mins)	0.032	0.257
51.0/51.5	0.071/0.095	52167.20 secs	(1.025 mins)	0.039	0.235
51.0/51.5	0.072/0.095	52226.04 secs	(58.84 secs)	0.038	0.234
51.0/51.5	0.073/0.095	52288.44 secs	(1.04 mins)	0.038	0.259
51.0/51.5	0.074/0.095	52350.59 secs	(1.036 mins)	0.042	0.237
51.0/51.5	0.075/0.095	52408.99 secs	(58.40 secs)	0.040	0.228
51.0/51.5	0.076/0.095	52470.49 secs	(1.025 mins)	0.043	0.244
51.0/51.5	0.077/0.095	52530.90 secs	(1.007 mins)	0.046	0.231
51.0/51.5	0.078/0.095	52593.78 secs	(1.048 mins)	0.042	0.222
51.0/51.5	0.079/0.095	52658.11 secs	(1.072 mins)	0.043	0.218
51.0/51.5	0.080/0.095	52724.02 secs	(1.098 mins)	0.054	0.237
51.0/51.5	0.081/0.095	52787.53 secs	(1.058 mins)	0.058	0.248
51.0/51.5	0.082/0.095	52860.31 secs	(1.213 mins)	0.057	0.240
51.0/51.5	0.083/0.095	52923.82 secs	(1.058 mins)	0.055	0.250
51.0/51.5	0.084/0.095	53003.06 secs	(1.321 mins)	0.069	0.246
51.0/51.5	0.085/0.095	53073.73 secs	(1.178 mins)	0.061	0.236
51.0/51.5	0.086/0.095	53148.92 secs	(1.253 mins)	0.068	0.240
51.0/51.5	0.087/0.095	53212.31 secs	(1.057 mins)	0.059	0.232
51.0/51.5	0.088/0.095	53284.71 secs	(1.207 mins)	0.063	0.239
51.0/51.5	0.089/0.095	53360.06 secs	(1.256 mins)	0.074	0.255
51.0/51.5	0.090/0.095	53427.57 secs	(1.125 mins)	0.070	0.222
51.0/51.5	0.091/0.095	53499.07 secs	(1.192 mins)	0.071	0.230
51.0/51.5	0.092/0.095	53580.79 secs	(1.362 mins)	0.084	0.248
51.0/51.5	0.093/0.095	53660.56 secs	(1.329 mins)	0.078	0.257
51.0/51.5	0.094/0.095	53736.17 secs	(1.26 mins)	0.089	0.218
51.0/51.5	0.095/0.095	53819.23 secs	(1.384 mins)	0.091	0.238


51.1/51.5	0.065/0.095	53877.29 secs	(58.06 secs)	0.028	0.240
51.1/51.5	0.066/0.095	53932.39 secs	(55.10 secs)	0.025	0.208
51.1/51.5	0.067/0.095	53988.15 secs	(55.76 secs)	0.026	0.234
51.1/51.5	0.068/0.095	54044.40 secs	(56.25 secs)	0.031	0.232
51.1/51.5	0.069/0.095	54102.68 secs	(58.28 secs)	0.035	0.232
51.1/51.5	0.070/0.095	54160.82 secs	(58.14 secs)	0.034	0.211
51.1/51.5	0.071/0.095	54229.52 secs	(1.145 mins)	0.039	0.219
51.1/51.5	0.072/0.095	54288.24 secs	(58.72 secs)	0.036	0.220
51.1/51.5	0.073/0.095	54351.54 secs	(1.055 mins)	0.040	0.239
51.1/51.5	0.074/0.095	54412.14 secs	(1.01 mins)	0.038	0.235
51.1/51.5	0.075/0.095	54475.31 secs	(1.053 mins)	0.050	0.252
51.1/51.5	0.076/0.095	54538.72 secs	(1.057 mins)	0.046	0.237
51.1/51.5	0.077/0.095	54598.39 secs	(59.67 secs)	0.035	0.227
51.1/51.5	0.078/0.095	54662.35 secs	(1.066 mins)	0.048	0.228
51.1/51.5	0.079/0.095	54734.10 secs	(1.196 mins)	0.036	0.226
51.1/51.5	0.080/0.095	54805.33 secs	(1.187 mins)	0.059	0.248
51.1/51.5	0.081/0.095	54877.43 secs	(1.202 mins)	0.055	0.239
51.1/51.5	0.082/0.095	54941.76 secs	(1.072 mins)	0.057	0.236
51.1/51.5	0.083/0.095	55003.87 secs	(1.035 mins)	0.052	0.239
51.1/51.5	0.084/0.095	55077.61 secs	(1.229 mins)	0.069	0.245
51.1/51.5	0.085/0.095	55154.89 secs	(1.288 mins)	0.069	0.240
51.1/51.5	0.086/0.095	55225.86 secs	(1.183 mins)	0.065	0.248
51.1/51.5	0.087/0.095	55293.05 secs	(1.12 mins)	0.062	0.225
51.1/51.5	0.088/0.095	55367.53 secs	(1.241 mins)	0.064	0.230
51.1/51.5	0.089/0.095	55448.28 secs	(1.346 mins)	0.075	0.216
51.1/51.5	0.090/0.095	55518.52 secs	(1.171 mins)	0.073	0.237
51.1/51.5	0.091/0.095	55593.17 secs	(1.244 mins)	0.066	0.238
51.1/51.5	0.092/0.095	55680.59 secs	(1.457 mins)	0.095	0.260
51.1/51.5	0.093/0.095	55771.20 secs	(1.51 mins)	0.086	0.250
51.1/51.5	0.094/0.095	55856.90 secs	(1.428 mins)	0.078	0.213
51.1/51.5	0.095/0.095	55938.28 secs	(1.356 mins)	0.081	0.240


51.2/51.5	0.065/0.095	55996.92 secs	(58.63 secs)	0.026	0.222
51.2/51.5	0.066/0.095	56052.89 secs	(55.97 secs)	0.028	0.241
51.2/51.5	0.067/0.095	56108.34 secs	(55.46 secs)	0.026	0.237
51.2/51.5	0.068/0.095	56170.82 secs	(1.041 mins)	0.035	0.246
51.2/51.5	0.069/0.095	56230.58 secs	(59.76 secs)	0.031	0.237
51.2/51.5	0.070/0.095	56288.59 secs	(58.01 secs)	0.031	0.258
51.2/51.5	0.071/0.095	56353.32 secs	(1.079 mins)	0.037	0.242
51.2/51.5	0.072/0.095	56410.18 secs	(56.86 secs)	0.033	0.240
51.2/51.5	0.073/0.095	56473.80 secs	(1.06 mins)	0.047	0.235
51.2/51.5	0.074/0.095	56536.72 secs	(1.049 mins)	0.039	0.255
51.2/51.5	0.075/0.095	56595.11 secs	(58.39 secs)	0.037	0.244
51.2/51.5	0.076/0.095	56654.03 secs	(58.92 secs)	0.043	0.252
51.2/51.5	0.077/0.095	56719.04 secs	(1.083 mins)	0.046	0.239
51.2/51.5	0.078/0.095	56787.89 secs	(1.148 mins)	0.046	0.225
51.2/51.5	0.079/0.095	56855.99 secs	(1.135 mins)	0.049	0.245
51.2/51.5	0.080/0.095	56923.23 secs	(1.121 mins)	0.051	0.244
51.2/51.5	0.081/0.095	56982.18 secs	(58.95 secs)	0.046	0.235
51.2/51.5	0.082/0.095	57049.90 secs	(1.129 mins)	0.051	0.207
51.2/51.5	0.083/0.095	57115.87 secs	(1.10 mins)	0.048	0.225
51.2/51.5	0.084/0.095	57193.05 secs	(1.286 mins)	0.070	0.234
51.2/51.5	0.085/0.095	57268.59 secs	(1.259 mins)	0.068	0.245
51.2/51.5	0.086/0.095	57340.14 secs	(1.192 mins)	0.064	0.228
51.2/51.5	0.087/0.095	57406.68 secs	(1.109 mins)	0.070	0.253
51.2/51.5	0.088/0.095	57471.47 secs	(1.08 mins)	0.061	0.231
51.2/51.5	0.089/0.095	57543.32 secs	(1.197 mins)	0.074	0.231
51.2/51.5	0.090/0.095	57616.53 secs	(1.22 mins)	0.075	0.227
51.2/51.5	0.091/0.095	57691.52 secs	(1.25 mins)	0.068	0.237
51.2/51.5	0.092/0.095	57762.23 secs	(1.179 mins)	0.072	0.247
51.2/51.5	0.093/0.095	57835.92 secs	(1.228 mins)	0.072	0.246
51.2/51.5	0.094/0.095	57909.97 secs	(1.234 mins)	0.075	0.237
51.2/51.5	0.095/0.095	57987.87 secs	(1.298 mins)	0.086	0.223


51.3/51.5	0.065/0.095	58039.54 secs	(51.67 secs)	0.025	0.209
51.3/51.5	0.066/0.095	58096.71 secs	(57.17 secs)	0.028	0.237
51.3/51.5	0.067/0.095	58149.79 secs	(53.07 secs)	0.026	0.244
51.3/51.5	0.068/0.095	58209.50 secs	(59.72 secs)	0.032	0.237
51.3/51.5	0.069/0.095	58268.35 secs	(58.84 secs)	0.033	0.229
51.3/51.5	0.070/0.095	58322.40 secs	(54.05 secs)	0.030	0.224
51.3/51.5	0.071/0.095	58386.85 secs	(1.074 mins)	0.035	0.246
51.3/51.5	0.072/0.095	58441.44 secs	(54.59 secs)	0.033	0.239
51.3/51.5	0.073/0.095	58504.60 secs	(1.053 mins)	0.031	0.228
51.3/51.5	0.074/0.095	58564.02 secs	(59.42 secs)	0.040	0.222
51.3/51.5	0.075/0.095	58633.32 secs	(1.155 mins)	0.041	0.237
51.3/51.5	0.076/0.095	58696.89 secs	(1.06 mins)	0.046	0.259
51.3/51.5	0.077/0.095	58759.31 secs	(1.04 mins)	0.039	0.210
51.3/51.5	0.078/0.095	58826.70 secs	(1.123 mins)	0.053	0.235
51.3/51.5	0.079/0.095	58900.47 secs	(1.23 mins)	0.048	0.237
51.3/51.5	0.080/0.095	58966.16 secs	(1.095 mins)	0.043	0.224
51.3/51.5	0.081/0.095	59038.40 secs	(1.204 mins)	0.059	0.221
51.3/51.5	0.082/0.095	59102.59 secs	(1.07 mins)	0.052	0.227
51.3/51.5	0.083/0.095	59173.02 secs	(1.174 mins)	0.060	0.223
51.3/51.5	0.084/0.095	59243.93 secs	(1.182 mins)	0.065	0.233
51.3/51.5	0.085/0.095	59318.73 secs	(1.247 mins)	0.070	0.226
51.3/51.5	0.086/0.095	59395.04 secs	(1.272 mins)	0.074	0.234
51.3/51.5	0.087/0.095	59466.68 secs	(1.194 mins)	0.069	0.229
51.3/51.5	0.088/0.095	59540.94 secs	(1.238 mins)	0.070	0.244
51.3/51.5	0.089/0.095	59611.83 secs	(1.182 mins)	0.068	0.224
51.3/51.5	0.090/0.095	59682.17 secs	(1.172 mins)	0.070	0.221
51.3/51.5	0.091/0.095	59761.74 secs	(1.326 mins)	0.087	0.236
51.3/51.5	0.092/0.095	59836.59 secs	(1.248 mins)	0.078	0.239
51.3/51.5	0.093/0.095	59912.20 secs	(1.26 mins)	0.078	0.243
51.3/51.5	0.094/0.095	59991.31 secs	(1.319 mins)	0.090	0.231
51.3/51.5	0.095/0.095	60068.58 secs	(1.288 mins)	0.084	0.231


51.4/51.5	0.065/0.095	60124.28 secs	(55.70 secs)	0.029	0.247
51.4/51.5	0.066/0.095	60181.57 secs	(57.28 secs)	0.028	0.231
51.4/51.5	0.067/0.095	60244.87 secs	(1.055 mins)	0.029	0.219
51.4/51.5	0.068/0.095	60304.88 secs	(1.00 mins)	0.034	0.217
51.4/51.5	0.069/0.095	60366.88 secs	(1.033 mins)	0.034	0.218
51.4/51.5	0.070/0.095	60426.66 secs	(59.78 secs)	0.033	0.228
51.4/51.5	0.071/0.095	60492.72 secs	(1.101 mins)	0.035	0.239
51.4/51.5	0.072/0.095	60554.91 secs	(1.037 mins)	0.037	0.233
51.4/51.5	0.073/0.095	60613.19 secs	(58.28 secs)	0.036	0.203
51.4/51.5	0.074/0.095	60674.87 secs	(1.028 mins)	0.036	0.238
51.4/51.5	0.075/0.095	60737.64 secs	(1.046 mins)	0.039	0.234
51.4/51.5	0.076/0.095	60802.48 secs	(1.081 mins)	0.042	0.225
51.4/51.5	0.077/0.095	60866.91 secs	(1.074 mins)	0.049	0.225
51.4/51.5	0.078/0.095	60933.98 secs	(1.118 mins)	0.042	0.242
51.4/51.5	0.079/0.095	60991.29 secs	(57.31 secs)	0.039	0.226
51.4/51.5	0.080/0.095	61068.77 secs	(1.291 mins)	0.054	0.243
51.4/51.5	0.081/0.095	61140.03 secs	(1.188 mins)	0.046	0.215
51.4/51.5	0.082/0.095	61211.07 secs	(1.184 mins)	0.064	0.258
51.4/51.5	0.083/0.095	61275.71 secs	(1.077 mins)	0.047	0.227
51.4/51.5	0.084/0.095	61344.52 secs	(1.147 mins)	0.057	0.251
51.4/51.5	0.085/0.095	61412.25 secs	(1.129 mins)	0.060	0.226
51.4/51.5	0.086/0.095	61483.37 secs	(1.185 mins)	0.061	0.239
51.4/51.5	0.087/0.095	61554.59 secs	(1.187 mins)	0.064	0.231
51.4/51.5	0.088/0.095	61631.87 secs	(1.288 mins)	0.072	0.233
51.4/51.5	0.089/0.095	61708.57 secs	(1.278 mins)	0.071	0.232
51.4/51.5	0.090/0.095	61787.62 secs	(1.317 mins)	0.080	0.239
51.4/51.5	0.091/0.095	61866.92 secs	(1.322 mins)	0.079	0.229
51.4/51.5	0.092/0.095	61938.94 secs	(1.20 mins)	0.074	0.243
51.4/51.5	0.093/0.095	62011.65 secs	(1.212 mins)	0.074	0.232
51.4/51.5	0.094/0.095	62086.85 secs	(1.253 mins)	0.079	0.222
51.4/51.5	0.095/0.095	62168.44 secs	(1.36 mins)	0.108	0.253


51.5/51.5	0.065/0.095	62228.95 secs	(1.009 mins)	0.028	0.227
51.5/51.5	0.066/0.095	62283.16 secs	(54.21 secs)	0.029	0.263
51.5/51.5	0.067/0.095	62342.72 secs	(59.56 secs)	0.029	0.228
51.5/51.5	0.068/0.095	62397.81 secs	(55.09 secs)	0.028	0.231
51.5/51.5	0.069/0.095	62452.53 secs	(54.72 secs)	0.033	0.256
51.5/51.5	0.070/0.095	62509.01 secs	(56.48 secs)	0.033	0.222
51.5/51.5	0.071/0.095	62565.46 secs	(56.45 secs)	0.029	0.210
51.5/51.5	0.072/0.095	62626.11 secs	(1.011 mins)	0.042	0.245
51.5/51.5	0.073/0.095	62682.77 secs	(56.66 secs)	0.036	0.238
51.5/51.5	0.074/0.095	62747.16 secs	(1.073 mins)	0.040	0.250
51.5/51.5	0.075/0.095	62813.66 secs	(1.108 mins)	0.036	0.227
51.5/51.5	0.076/0.095	62884.25 secs	(1.177 mins)	0.049	0.236
51.5/51.5	0.077/0.095	62947.26 secs	(1.05 mins)	0.050	0.239
51.5/51.5	0.078/0.095	63009.28 secs	(1.034 mins)	0.049	0.254
51.5/51.5	0.079/0.095	63072.75 secs	(1.058 mins)	0.048	0.225
51.5/51.5	0.080/0.095	63140.59 secs	(1.131 mins)	0.059	0.241
51.5/51.5	0.081/0.095	63211.45 secs	(1.181 mins)	0.064	0.246
51.5/51.5	0.082/0.095	63296.72 secs	(1.421 mins)	0.050	0.245
51.5/51.5	0.083/0.095	63368.82 secs	(1.202 mins)	0.063	0.250
51.5/51.5	0.084/0.095	63437.29 secs	(1.141 mins)	0.064	0.244
51.5/51.5	0.085/0.095	63507.51 secs	(1.17 mins)	0.062	0.244
51.5/51.5	0.086/0.095	63577.57 secs	(1.168 mins)	0.055	0.239
51.5/51.5	0.087/0.095	63654.54 secs	(1.283 mins)	0.066	0.227
51.5/51.5	0.088/0.095	63727.92 secs	(1.223 mins)	0.067	0.228
51.5/51.5	0.089/0.095	63800.85 secs	(1.216 mins)	0.065	0.236
51.5/51.5	0.090/0.095	63876.70 secs	(1.264 mins)	0.066	0.250
51.5/51.5	0.091/0.095	63952.88 secs	(1.27 mins)	0.078	0.242
51.5/51.5	0.092/0.095	64030.35 secs	(1.291 mins)	0.075	0.237
51.5/51.5	0.093/0.095	64106.79 secs	(1.274 mins)	0.085	0.237
51.5/51.5	0.094/0.095	64181.00 secs	(1.237 mins)	0.074	0.238
51.5/51.5	0.095/0.095	64257.84 secs	(1.281 mins)	0.087	0.238


> 
> proc.time()
      user     system    elapsed 
1461586.85   41993.84   65206.33 
