
R version 4.3.0 (2023-04-21) -- "Already Tomorrow"
Copyright (C) 2023 The R Foundation for Statistical Computing
Platform: x86_64-pc-linux-gnu (64-bit)

R is free software and comes with ABSOLUTELY NO WARRANTY.
You are welcome to redistribute it under certain conditions.
Type 'license()' or 'licence()' for distribution details.

  Natural language support but running in an English locale

R is a collaborative project with many contributors.
Type 'contributors()' for more information and
'citation()' on how to cite R or R packages in publications.

Type 'demo()' for some demos, 'help()' for on-line help, or
'help.start()' for an HTML browser interface to help.
Type 'q()' to quit R.

> rm(list = ls())
> gc()
         used (Mb) gc trigger (Mb) max used (Mb)
Ncells 284765 15.3     664565 35.5   464468 24.9
Vcells 490458  3.8    8388608 64.0  1837328 14.1
> library(dplyr)

Attaching package: ‘dplyr’

The following objects are masked from ‘package:stats’:

    filter, lag

The following objects are masked from ‘package:base’:

    intersect, setdiff, setequal, union

> library(readr)
> library(foreach)
> library(doParallel)
Loading required package: iterators
Loading required package: parallel
> 
> # Set up the number of cores used for parallelization.
> message(detectCores())
24
> num_cores <- 24
> registerDoParallel(num_cores)
> 
> #########################
> #### SEIR Simulation ####
> #########################
> time <- 365 # Number of days.
> inf <- 7 # Average infectious period length.
> N <- 1000 # Population size.
> 
> create_hh <- function() {
+   # Randomly sample household sizes such that total population is 1000 
+   # individuals.
+   hh_size <- sample(x = c(3, 4, 5, 6), size = 340, replace = T)
+   
+   # Keep households such that total population is < 1000.
+   hh_size <- hh_size[which(cumsum(hh_size) < N)]
+   
+   leftover <- N - sum(hh_size)
+   if (leftover < 3) {
+     hh <- 1:length(hh_size)
+     sampled <- sample(hh[hh_size < 6], leftover)
+     hh_size[sampled] <- hh_size[sampled] + 1
+   } else {
+     hh_size <- c(hh_size, leftover)
+   }
+   return(hh_size)
+ }
> 
> SEIR <- function(params, inf = 7, verbose = F) {
+   hh_size <- create_hh()
+   
+   # Create frame for running the simulation.
+   # ID: ID of individual.
+   # SIZE: size of individual's household.
+   # HH: ID of individual's household.
+   # S: susceptibility status.
+   # E: exposed status.
+   # E_count: number of days since exposed.
+   # I: infectious status.
+   # I_count: number of days since infectious.
+   # R: recovered status.
+   # INC: incubation period.
+   # INF: infectious period.
+   data <- data.frame(ID = 1:N,
+                      SIZE = rep(hh_size, times = hh_size),
+                      HH = rep(1:length(hh_size), times = hh_size), 
+                      S = c(0, rep(1, N - 1)), 
+                      E = c(1, rep(0, N - 1)),
+                      E_count = c(1, rep(0, N - 1)), 
+                      I = 0,
+                      I_count = 0, 
+                      R = 0, 
+                      INC = c(rlnorm(1, meanlog = log(29.8), sdlog = 0.45), rep(0, N - 1)),
+                      INF = 0)
+   
+   # Create frame for storing results.
+   # ID: ID of individual.
+   # SIZE: size of individual's household.
+   # HH: ID of individual's household.
+   # TYPE: the kind of infection: household (H), community (C), or both (B).
+   # TIME: when the individual became infectious.
+   # S_NUM: number of susceptible people in individual's household when their 
+   #        infectious period begins.
+   # I_NUM: number of people in household that this individual infected over 
+   #        their infectious period.
+   results <- data[, 1:3] %>% mutate(TYPE = NA, TIME = NA, S_NUM = NA, I_NUM = 0)
+   results$TYPE[1] <- '0'
+   
+   for(t in 1:time) {
+     if (verbose) {
+       if (t %% 10 == 0) {
+         cat(paste0(t, ' '))
+       }
+     }
+     
+     # Anyone who has been infectious for as many days as their infectious period
+     # is now recovered.
+     recovered <- (data$INF > 0) & (data$I_count == data$INF)
+     if(sum(recovered, na.rm = T) > 0) {
+       data$R[recovered] <- 1
+       data$I[recovered] <- 0
+       data$I_count[recovered] <- 0 
+     }
+     
+     new_inf <- (data$INC > 0) & (data$E_count == data$INC)
+     num_new_inf <- sum(new_inf, na.rm = T)
+     if(num_new_inf > 0) {
+       # Change status to newly infectious and add infectious period.
+       data$I[new_inf] <- 1
+       random_inf <- rnorm(num_new_inf, mean = inf, sd = 1) %>% round()
+       data$INF[new_inf] <- random_inf
+       
+       # Remove exposure status and exposure count.
+       data$E[new_inf] <- 0
+       data$E_count[new_inf] <- 0 
+       
+       # Record time at which infectious period starts.
+       results$TIME[new_inf] <- t
+       
+       # Save the number of susceptible people in each infectious individual's 
+       # household.
+       S_data <- data %>% group_by(HH) %>% 
+         mutate(S_TOT = sum(S)) %>% 
+         select(HH, S_TOT)
+       results$S_NUM[new_inf == 1] <- S_data$S_TOT[new_inf == 1]
+     }
+     
+     # I_H is the number of infections inside each household.
+     # I_C is the number of infections outside each household.
+     I_data <- data %>% group_by(HH) %>% 
+       mutate(I_H = sum(I)) %>% 
+       ungroup() %>% 
+       mutate(I_C = sum(I) - I_H)
+     
+     beta_H <- params[1]
+     beta_C <- params[2]
+     beta_E <- params[3]
+     risk_H <- pmin(beta_H * data$S * I_data$I_H / N, 1)
+     risk_C <- pmin(beta_C * data$S * I_data$I_C / N, 1)
+     risk_E <- pmin(beta_E * data$S, 1)
+ 
+     new_inf_H <- rbinom(N, 1, risk_H)
+     new_inf_C <- rbinom(N, 1, risk_C)
+     new_inf_E <- rbinom(N, 1, risk_E)
+     new_exposed <- (new_inf_H == 1) | (new_inf_C == 1) | (new_inf_E == 1)
+     num_new_exposed <- sum(new_exposed, na.rm = T)
+     if (num_new_exposed > 0) {
+       # Change status to newly exposed and add incubation period.
+       data$E[new_exposed] <- 1
+       random_inc <- rlnorm(num_new_exposed, meanlog = log(29.8), sdlog = 0.45) %>% round()
+       data$INC[new_exposed] <- random_inc
+       
+       # Remove susceptible status.
+       data$S[new_exposed] <- 0
+       
+       # Get number of new infections in each household.
+       I_data <- I_data %>%
+         select(ID, HH, I, I_H) %>%
+         mutate(new_I_H = new_inf_H) %>%
+         group_by(HH) %>%
+         # Find households with at least 1 currently infectious individual. If 
+         # exactly 1 infectious individual in household, assign all new H 
+         # exposures to that individual. If there are multiple infectious 
+         # individuals, assign all infections to the infectious individual with 
+         # the first ID.
+         mutate(new_I_H = ifelse(I == 1 & ID == first(ID[I == 1]), 
+                                 sum(new_I_H), 0))
+       
+       results$I_NUM <- results$I_NUM + I_data$new_I_H
+       
+       # Label infections types.
+       results$TYPE[new_inf_H == 1] <- 'H'
+       results$TYPE[new_inf_C == 1] <- 'C'
+       results$TYPE[new_inf_E == 1] <- 'E'
+       results$TYPE[(new_inf_H == 1) & (new_inf_C == 1)] <- 'HC'
+       results$TYPE[(new_inf_H == 1) & (new_inf_E == 1)] <- 'HE'
+       results$TYPE[(new_inf_C == 1) & (new_inf_E == 1)] <- 'CE'
+       results$TYPE[(new_inf_H == 1) & (new_inf_C == 1) & (new_inf_E == 1)] <- 'HCE'
+     }
+     
+     # Increment exposure and infectious counters.
+     data$E_count[data$E == 1] <- data$E_count[data$E == 1] + 1
+     data$I_count[data$I == 1] <- data$I_count[data$I == 1] + 1
+   }
+   return(results)
+ }
> 
> metrics <- function(results) {
+   # Incidence is the proportion of the population that became infected.
+   idc <- mean(!is.na(results$TIME))
+   
+   # If incidence is 0, the SAR is undefined.
+   sar <- NA
+   prp <- NA
+   if (idc != 0) {
+     # The SAR is the average SAR for each individual that was infectious.
+     sar <- mean(results$I_NUM / results$S_NUM, na.rm = T)
+     cases <- results[!is.na(results$TIME), ]
+     prp <- mean((cases$TYPE == 'H') | (cases$TYPE == 'HC') | (cases$TYPE == 'HCE'))
+   }
+   return(c(idc, sar, prp))
+ }
> 
> ##############################
> #### Metropolis Algorithm ####
> ##############################
> score <- function(fit, tgt) {
+   # The score is the L² distance of the observed values from the target.
+   return(sum((fit - tgt)^2))
+ }
> 
> # The likelihood is calculated by first averaging the incidence and SAR over n
> # simulations with the state parameters. The likelihood is the negative log
> # score of the average incidence and SAR.
> likelihood <- function(state, tgt, n = 300) {
+   # If either parameter is nonpositive, do not transition to that state.
+   if (any(state < 0)) {
+     return(-Inf)
+   }
+   # Otherwise, find the average incidence and SAR and compute likelihood.
+   vals <- foreach (i = 1:n, .combine = c) %dopar% {
+     results <- SEIR(state)
+     metrics(results)
+   }
+   vals <- matrix(vals, n, byrow = T)
+   fit <- colMeans(vals)
+   return(-log(score(fit, tgt)))
+ }
> 
> # Proposal function
> q <- function(state, sds = c(0.1, 0.001, 0.00001)) {
+   # Sample from a multivariate normal distributions centered at the current 
+   # state. The SDs roughly correspond to the step-size of the chain for each 
+   # parameter.
+   return(rnorm(n = 3, mean = state, sd = sds))
+ }
> 
> # MCMC
> metropolis <- function(start, tgt, num_sim, num_iter) {
+   path <- matrix(NA, num_iter + 1, 3)
+   liks <- rep(NA, num_iter + 1)
+   
+   # Initialize current state.
+   curr <- start
+   curr_lik <- likelihood(curr, tgt, num_sim)
+   
+   # Initialize best state.
+   best <- curr
+   best_lik <- curr_lik
+   for (i in 1:num_iter) {
+     # Save the current state and its likelihood.
+     path[i, ] <- curr
+     liks[i] <- curr_lik
+       
+     cat('[', 
+         format(round(curr[1], 3), nsmall = 3), '\t', 
+         format(round(curr[2], 5), nsmall = 5), '\t', 
+         format(round(curr[3], 6), nsmall = 6, scientific = F), ']\t',
+         format(round(curr_lik, 3), nsmall = 3), '\t', sep = '')
+     
+     # Get a proposed state and calculate its likelihood.
+     prop <- q(curr)
+     prop_lik <- likelihood(prop, tgt, num_sim)
+     
+     cat('[', 
+         format(round(prop[1], 3), nsmall = 3), '\t', 
+         format(round(prop[2], 5), nsmall = 5), '\t', 
+         format(round(prop[3], 6), nsmall = 6, scientific = F), ']\t',
+         format(round(prop_lik, 3), nsmall = 3), '\t', sep = '')
+       
+     # Compute the ratio of the scores of the two states and generate a uniform 
+     # bit.
+     r <- exp(prop_lik - curr_lik)
+     p <- runif(1)
+     
+     # Print the current progress.
+     cat(format(round(r, 3), nsmall = 3), '\t', format(round(p, 3), nsmall = 3), '\n', sep = '')
+     
+     # Transition if the proposed state is better or if the coin flip succeeds.
+     if (p < r) { 
+       curr <- prop
+       curr_lik <- prop_lik
+       
+       # If the new likelihood is better than the best we've seen so far, replace 
+       # the best.
+       if (curr_lik > best_lik) {
+         best <- curr
+         best_lik <- curr_lik
+       }
+     }
+     
+     # Save the path, best state, and likelihoods so far.
+     write.table(path, file = 'path.txt', row.names = F, col.names = F)
+     write.table(liks, file = 'liks.txt', row.names = F, col.names = F)
+     write.table(best, file = 'best.txt', row.names = F, col.names = F)
+   }
+   path[num_iter + 1, ] <- curr
+   liks[num_iter + 1] <- curr_lik
+   return(list(path, liks, best))
+ }
> 
> # Solve for optimal values via MCMC.
> tgt <- c(0.10, 0.08, 0.25)
> start <- c(12, 0.000, 0.00025)
> results <- metropolis(start, tgt, num_sim = 300, num_iter = 1000)
[12.000	0.00000	0.000250]	9.048	[12.050	0.00098	0.000248]	8.836	0.809	0.213
[12.050	0.00098	0.000248]	8.836	[12.006	0.00101	0.000229]	9.065	1.257	0.918
[12.006	0.00101	0.000229]	9.065	[12.117	0.00313	0.000234]	9.781	2.046	0.660
[12.117	0.00313	0.000234]	9.781	[12.195	0.00390	0.000228]	9.727	0.947	0.958
[12.117	0.00313	0.000234]	9.781	[12.167	0.00258	0.000236]	8.546	0.291	0.316
[12.117	0.00313	0.000234]	9.781	[12.041	0.00311	0.000222]	8.469	0.269	0.696
[12.117	0.00313	0.000234]	9.781	[12.080	0.00292	0.000221]	8.544	0.290	0.444
[12.117	0.00313	0.000234]	9.781	[12.305	0.00294	0.000220]	9.501	0.756	0.169
[12.305	0.00294	0.000220]	9.501	[12.420	0.00288	0.000231]	10.716	3.369	0.387
[12.420	0.00288	0.000231]	10.716	[12.326	0.00229	0.000218]	9.346	0.254	0.214
[12.326	0.00229	0.000218]	9.346	[12.258	0.00229	0.000222]	9.893	1.728	0.202
[12.258	0.00229	0.000222]	9.893	[12.264	0.00322	0.000232]	9.799	0.910	0.061
[12.264	0.00322	0.000232]	9.799	[12.397	0.00431	0.000214]	9.694	0.900	0.035
[12.397	0.00431	0.000214]	9.694	[12.387	0.00422	0.000205]	9.155	0.583	0.949
[12.397	0.00431	0.000214]	9.694	[12.038	0.00562	0.000211]	8.841	0.426	0.867
[12.397	0.00431	0.000214]	9.694	[12.296	0.00406	0.000219]	9.855	1.174	0.458
[12.296	0.00406	0.000219]	9.855	[12.252	0.00378	0.000216]	9.029	0.438	0.974
[12.296	0.00406	0.000219]	9.855	[12.331	0.00544	0.000228]	9.503	0.703	0.053
[12.331	0.00544	0.000228]	9.503	[12.321	0.00530	0.000232]	11.078	4.830	0.311
[12.321	0.00530	0.000232]	11.078	[12.542	0.00695	0.000237]	9.844	0.291	0.834
[12.321	0.00530	0.000232]	11.078	[12.329	0.00424	0.000225]	9.617	0.232	0.147
[12.329	0.00424	0.000225]	9.617	[12.182	0.00536	0.000228]	9.685	1.070	0.164
[12.182	0.00536	0.000228]	9.685	[12.273	0.00505	0.000217]	9.489	0.821	0.642
[12.273	0.00505	0.000217]	9.489	[12.381	0.00444	0.000218]	10.338	2.339	0.987
[12.381	0.00444	0.000218]	10.338	[12.507	0.00527	0.000206]	9.581	0.469	0.807
[12.381	0.00444	0.000218]	10.338	[12.386	0.00180	0.000225]	10.489	1.162	0.191
[12.386	0.00180	0.000225]	10.489	[12.333	0.00110	0.000231]	10.620	1.140	0.891
[12.333	0.00110	0.000231]	10.620	[12.482	0.00168	0.000215]	9.257	0.256	0.705
[12.333	0.00110	0.000231]	10.620	[12.310	0.00073	0.000243]	10.642	1.022	0.379
[12.310	0.00073	0.000243]	10.642	[12.352	0.00343	0.000245]	9.291	0.259	0.260
[12.310	0.00073	0.000243]	10.642	[12.359	0.00199	0.000238]	9.623	0.361	0.680
[12.310	0.00073	0.000243]	10.642	[12.357	-0.00136	0.000248]	-Inf	0.000	0.036
[12.310	0.00073	0.000243]	10.642	[12.199	0.00045	0.000248]	9.787	0.425	0.308
[12.199	0.00045	0.000248]	9.787	[12.317	0.00057	0.000240]	11.117	3.782	0.403
[12.317	0.00057	0.000240]	11.117	[12.498	0.00188	0.000235]	11.265	1.159	0.641
[12.498	0.00188	0.000235]	11.265	[12.528	0.00297	0.000238]	10.607	0.518	0.010
[12.528	0.00297	0.000238]	10.607	[12.504	0.00075	0.000236]	10.371	0.790	0.722
[12.504	0.00075	0.000236]	10.371	[12.532	0.00091	0.000234]	10.772	1.493	0.995
[12.532	0.00091	0.000234]	10.772	[12.416	0.00117	0.000239]	10.197	0.563	0.069
[12.416	0.00117	0.000239]	10.197	[12.369	0.00079	0.000225]	10.389	1.212	0.250
[12.369	0.00079	0.000225]	10.389	[12.328	-3e-04	0.000217]	-Inf	0.000	0.297
[12.369	0.00079	0.000225]	10.389	[12.466	0.00201	0.000230]	10.850	1.585	0.657
[12.466	0.00201	0.000230]	10.850	[12.476	0.00144	0.000236]	11.384	1.706	0.164
[12.476	0.00144	0.000236]	11.384	[12.519	0.00066	0.000230]	10.700	0.504	0.543
[12.476	0.00144	0.000236]	11.384	[12.442	0.00263	0.000238]	10.873	0.600	0.469
[12.442	0.00263	0.000238]	10.873	[12.335	0.00427	0.000247]	9.696	0.308	0.986
[12.442	0.00263	0.000238]	10.873	[12.405	0.00106	0.000231]	10.560	0.731	0.104
[12.405	0.00106	0.000231]	10.560	[12.381	0.00134	0.000233]	10.821	1.297	0.160
[12.381	0.00134	0.000233]	10.821	[12.350	0.00014	0.000231]	10.214	0.545	0.108
[12.350	0.00014	0.000231]	10.214	[12.333	-0.00115	0.000234]	-Inf	0.000	0.654
[12.350	0.00014	0.000231]	10.214	[12.381	-7e-04	0.000217]	-Inf	0.000	0.917
[12.350	0.00014	0.000231]	10.214	[12.425	0.00072	0.000223]	9.516	0.498	0.368
[12.425	0.00072	0.000223]	9.516	[12.472	-0.00018	0.000228]	-Inf	0.000	0.438
[12.425	0.00072	0.000223]	9.516	[12.414	0.00202	0.000212]	9.206	0.734	0.605
[12.414	0.00202	0.000212]	9.206	[12.445	0.00215	0.000228]	10.714	4.518	0.908
[12.445	0.00215	0.000228]	10.714	[12.386	0.00254	0.000233]	8.915	0.165	0.635
[12.445	0.00215	0.000228]	10.714	[12.635	0.00267	0.000236]	10.214	0.607	0.002
[12.635	0.00267	0.000236]	10.214	[12.678	0.00227	0.000251]	9.692	0.593	0.662
[12.635	0.00267	0.000236]	10.214	[12.584	0.00315	0.000254]	9.457	0.469	0.192
[12.584	0.00315	0.000254]	9.457	[12.631	0.00279	0.000259]	8.851	0.546	0.750
[12.584	0.00315	0.000254]	9.457	[12.490	0.00384	0.000266]	8.537	0.398	0.043
[12.490	0.00384	0.000266]	8.537	[12.549	0.00605	0.000271]	7.837	0.497	0.997
[12.490	0.00384	0.000266]	8.537	[12.267	0.00387	0.000277]	7.976	0.571	0.501
[12.267	0.00387	0.000277]	7.976	[12.168	0.00426	0.000275]	7.956	0.980	0.644
[12.168	0.00426	0.000275]	7.956	[12.120	0.00427	0.000282]	7.348	0.544	0.220
[12.120	0.00427	0.000282]	7.348	[12.208	0.00443	0.000302]	6.995	0.702	0.950
[12.120	0.00427	0.000282]	7.348	[12.192	0.00385	0.000279]	7.744	1.486	0.257
[12.192	0.00385	0.000279]	7.744	[12.158	0.00384	0.000287]	7.474	0.764	0.971
[12.192	0.00385	0.000279]	7.744	[12.213	0.00346	0.000270]	8.001	1.294	0.897
[12.213	0.00346	0.000270]	8.001	[12.207	0.00305	0.000268]	8.291	1.336	0.024
[12.207	0.00305	0.000268]	8.291	[12.254	0.00402	0.000274]	7.839	0.636	0.124
[12.254	0.00402	0.000274]	7.839	[12.285	0.00300	0.000287]	7.469	0.691	0.250
[12.285	0.00300	0.000287]	7.469	[12.183	0.00159	0.000278]	7.943	1.605	0.164
[12.183	0.00159	0.000278]	7.943	[12.109	0.00121	0.000283]	7.742	0.818	0.410
[12.109	0.00121	0.000283]	7.742	[11.968	8e-04	0.000281]	7.829	1.091	0.174
[11.968	8e-04	0.000281]	7.829	[11.964	0.00092	0.000285]	7.637	0.825	0.071
[11.964	0.00092	0.000285]	7.637	[11.941	0.00013	0.000276]	7.915	1.321	0.458
[11.941	0.00013	0.000276]	7.915	[11.994	-9e-05	0.000289]	-Inf	0.000	0.034
[11.941	0.00013	0.000276]	7.915	[11.986	-0.00076	0.000279]	-Inf	0.000	0.932
[11.941	0.00013	0.000276]	7.915	[11.901	-0.00073	0.000289]	-Inf	0.000	0.094
[11.941	0.00013	0.000276]	7.915	[11.995	-0.00078	0.000271]	-Inf	0.000	0.455
[11.941	0.00013	0.000276]	7.915	[11.976	0.00019	0.000264]	8.137	1.249	0.361
[11.976	0.00019	0.000264]	8.137	[11.961	0.00065	0.000261]	8.240	1.108	0.262
[11.961	0.00065	0.000261]	8.240	[11.740	0.00036	0.000284]	7.465	0.461	0.884
[11.961	0.00065	0.000261]	8.240	[11.957	0.00142	0.000274]	8.147	0.911	0.375
[11.957	0.00142	0.000274]	8.147	[11.970	-5e-05	0.000262]	-Inf	0.000	0.308
[11.957	0.00142	0.000274]	8.147	[11.879	0.00255	0.000290]	7.203	0.389	0.275
[11.879	0.00255	0.000290]	7.203	[11.855	0.00295	0.000274]	7.669	1.595	0.637
[11.855	0.00295	0.000274]	7.669	[11.851	0.00135	0.000272]	7.951	1.325	0.689
[11.851	0.00135	0.000272]	7.951	[11.791	4e-04	0.000256]	8.123	1.187	0.326
[11.791	4e-04	0.000256]	8.123	[11.637	0.00139	0.000264]	7.803	0.726	0.990
[11.791	4e-04	0.000256]	8.123	[11.582	0.00115	0.000243]	7.944	0.836	0.315
[11.582	0.00115	0.000243]	7.944	[11.567	0.00100	0.000243]	8.055	1.118	0.041
[11.567	0.00100	0.000243]	8.055	[11.608	-0.00093	0.000231]	-Inf	0.000	0.841
[11.567	0.00100	0.000243]	8.055	[11.506	0.00057	0.000251]	7.691	0.695	0.188
[11.506	0.00057	0.000251]	7.691	[11.425	0.00029	0.000262]	7.432	0.772	0.364
[11.425	0.00029	0.000262]	7.432	[11.470	-0.00028	0.000268]	-Inf	0.000	0.125
[11.425	0.00029	0.000262]	7.432	[11.541	-0.00084	0.000259]	-Inf	0.000	0.190
[11.425	0.00029	0.000262]	7.432	[11.570	-0.00127	0.000276]	-Inf	0.000	0.490
[11.425	0.00029	0.000262]	7.432	[11.516	0.00074	0.000230]	8.001	1.766	0.355
[11.516	0.00074	0.000230]	8.001	[11.574	0.00096	0.000241]	7.739	0.770	0.578
[11.574	0.00096	0.000241]	7.739	[11.666	0.00157	0.000228]	8.432	1.999	0.826
[11.666	0.00157	0.000228]	8.432	[11.762	0.00163	0.000231]	9.059	1.872	0.764
[11.762	0.00163	0.000231]	9.059	[11.770	0.00319	0.000244]	8.518	0.582	0.641
[11.762	0.00163	0.000231]	9.059	[11.813	0.00128	0.000238]	8.674	0.681	0.775
[11.762	0.00163	0.000231]	9.059	[11.804	0.00073	0.000231]	8.394	0.514	0.001
[11.804	0.00073	0.000231]	8.394	[11.919	0.00067	0.000234]	8.013	0.684	0.952
[11.804	0.00073	0.000231]	8.394	[11.808	3e-04	0.000262]	8.365	0.972	0.415
[11.808	3e-04	0.000262]	8.365	[11.714	0.00082	0.000272]	7.672	0.500	0.620
[11.808	3e-04	0.000262]	8.365	[11.634	-0.00017	0.000258]	-Inf	0.000	0.604
[11.808	3e-04	0.000262]	8.365	[11.877	0.00027	0.000265]	7.774	0.554	0.483
[11.877	0.00027	0.000265]	7.774	[11.725	-0.00049	0.000263]	-Inf	0.000	0.409
[11.877	0.00027	0.000265]	7.774	[11.791	0.00042	0.000274]	7.650	0.883	0.348
[11.791	0.00042	0.000274]	7.650	[11.896	-0.00022	0.000290]	-Inf	0.000	0.214
[11.791	0.00042	0.000274]	7.650	[11.675	-4e-05	0.000274]	-Inf	0.000	0.287
[11.791	0.00042	0.000274]	7.650	[11.777	0.00068	0.000264]	7.949	1.349	0.914
[11.777	0.00068	0.000264]	7.949	[11.796	-0.00056	0.000278]	-Inf	0.000	0.509
[11.777	0.00068	0.000264]	7.949	[11.520	-0.00015	0.000273]	-Inf	0.000	0.875
[11.777	0.00068	0.000264]	7.949	[11.824	-0.00045	0.000267]	-Inf	0.000	0.042
[11.777	0.00068	0.000264]	7.949	[11.616	-0.00077	0.000251]	-Inf	0.000	0.089
[11.777	0.00068	0.000264]	7.949	[11.897	0.00151	0.000267]	8.113	1.178	0.037
[11.897	0.00151	0.000267]	8.113	[11.634	0.00189	0.000259]	7.852	0.770	0.519
[11.634	0.00189	0.000259]	7.852	[11.869	0.00203	0.000264]	8.131	1.321	0.920
[11.869	0.00203	0.000264]	8.131	[11.952	0.00165	0.000241]	8.553	1.526	0.994
[11.952	0.00165	0.000241]	8.553	[12.026	0.00028	0.000221]	8.154	0.671	0.657
[12.026	0.00028	0.000221]	8.154	[11.954	-2e-04	0.000225]	-Inf	0.000	0.850
[12.026	0.00028	0.000221]	8.154	[12.066	0.00088	0.000212]	8.832	1.971	0.592
[12.066	0.00088	0.000212]	8.832	[12.147	0.00156	0.000210]	8.413	0.657	0.587
[12.147	0.00156	0.000210]	8.413	[12.193	0.00203	0.000200]	8.201	0.809	0.891
[12.147	0.00156	0.000210]	8.413	[12.075	0.00014	0.000210]	8.394	0.981	0.057
[12.075	0.00014	0.000210]	8.394	[12.264	0.00085	0.000211]	8.734	1.405	0.203
[12.264	0.00085	0.000211]	8.734	[12.260	0.00147	0.000191]	7.990	0.475	0.161
[12.260	0.00147	0.000191]	7.990	[12.177	0.00079	0.000189]	7.719	0.763	0.532
[12.177	0.00079	0.000189]	7.719	[12.243	0.00278	0.000192]	7.875	1.169	0.540
[12.243	0.00278	0.000192]	7.875	[12.276	0.00253	0.000181]	7.611	0.768	0.984
[12.243	0.00278	0.000192]	7.875	[12.332	0.00415	0.000198]	8.490	1.848	0.026
[12.332	0.00415	0.000198]	8.490	[12.307	0.00362	0.000184]	7.601	0.411	0.285
[12.307	0.00362	0.000184]	7.601	[12.316	-6e-05	0.000162]	-Inf	0.000	0.885
[12.307	0.00362	0.000184]	7.601	[12.397	0.00374	0.000175]	7.573	0.972	0.262
[12.397	0.00374	0.000175]	7.573	[12.462	0.00392	0.000160]	7.010	0.570	0.657
[12.397	0.00374	0.000175]	7.573	[12.402	0.00412	0.000177]	7.642	1.071	0.835
[12.402	0.00412	0.000177]	7.642	[12.337	0.00449	0.000192]	8.144	1.653	0.183
[12.337	0.00449	0.000192]	8.144	[12.375	0.00342	0.000190]	8.160	1.016	0.126
[12.375	0.00342	0.000190]	8.160	[12.202	0.00410	0.000202]	9.051	2.439	0.997
[12.202	0.00410	0.000202]	9.051	[12.250	0.00357	0.000211]	9.645	1.810	0.750
[12.250	0.00357	0.000211]	9.645	[12.092	0.00173	0.000217]	9.193	0.636	0.030
[12.092	0.00173	0.000217]	9.193	[12.090	0.00269	0.000222]	8.675	0.596	0.660
[12.092	0.00173	0.000217]	9.193	[11.862	0.00132	0.000208]	8.094	0.333	0.116
[11.862	0.00132	0.000208]	8.094	[11.881	0.00163	0.000219]	7.792	0.740	0.805
[11.862	0.00132	0.000208]	8.094	[11.674	0.00332	0.000204]	7.707	0.679	0.899
[11.862	0.00132	0.000208]	8.094	[11.748	0.00191	0.000220]	9.140	2.848	0.117
[11.748	0.00191	0.000220]	9.140	[11.689	-7e-05	0.000205]	-Inf	0.000	0.451
[11.748	0.00191	0.000220]	9.140	[11.745	0.00098	0.000213]	8.126	0.363	0.024
[11.745	0.00098	0.000213]	8.126	[11.682	-0.00031	0.000231]	-Inf	0.000	0.280
[11.745	0.00098	0.000213]	8.126	[11.697	0.00117	0.000194]	7.239	0.412	0.103
[11.697	0.00117	0.000194]	7.239	[11.711	0.00118	0.000193]	7.402	1.177	0.469
[11.711	0.00118	0.000193]	7.402	[11.582	0.00088	0.000183]	7.055	0.707	0.023
[11.582	0.00088	0.000183]	7.055	[11.763	7e-04	0.000199]	7.353	1.347	0.561
[11.763	7e-04	0.000199]	7.353	[11.833	0.00110	0.000200]	8.015	1.939	0.209
[11.833	0.00110	0.000200]	8.015	[11.955	0.00175	0.000203]	7.989	0.974	0.548
[11.955	0.00175	0.000203]	7.989	[11.890	0.00279	0.000204]	7.806	0.833	0.596
[11.890	0.00279	0.000204]	7.806	[11.837	0.00475	0.000198]	7.924	1.126	0.523
[11.837	0.00475	0.000198]	7.924	[11.830	0.00675	0.000190]	7.834	0.913	0.477
[11.830	0.00675	0.000190]	7.834	[11.776	0.00576	0.000190]	7.454	0.684	0.060
[11.776	0.00576	0.000190]	7.454	[12.009	0.00758	0.000196]	8.010	1.744	0.537
[12.009	0.00758	0.000196]	8.010	[11.887	0.00673	0.000209]	8.702	1.997	0.684
[11.887	0.00673	0.000209]	8.702	[11.959	0.00758	0.000219]	8.428	0.761	0.353
[11.959	0.00758	0.000219]	8.428	[11.977	0.00787	0.000222]	9.520	2.980	0.209
[11.977	0.00787	0.000222]	9.520	[12.008	0.00781	0.000228]	9.126	0.675	0.235
[12.008	0.00781	0.000228]	9.126	[11.899	0.00640	0.000224]	8.573	0.575	0.628
[12.008	0.00781	0.000228]	9.126	[12.162	0.00730	0.000229]	10.416	3.631	0.281
[12.162	0.00730	0.000229]	10.416	[12.284	0.00737	0.000233]	9.750	0.514	0.859
[12.162	0.00730	0.000229]	10.416	[12.390	0.00852	0.000234]	10.173	0.784	0.464
[12.390	0.00852	0.000234]	10.173	[12.353	0.00886	0.000251]	8.336	0.159	0.655
[12.390	0.00852	0.000234]	10.173	[12.498	0.00826	0.000228]	10.564	1.479	0.402
[12.498	0.00826	0.000228]	10.564	[12.340	0.00820	0.000229]	10.227	0.714	0.303
[12.340	0.00820	0.000229]	10.227	[12.338	0.00928	0.000229]	9.456	0.462	0.549
[12.340	0.00820	0.000229]	10.227	[12.403	0.01002	0.000224]	10.540	1.367	0.874
[12.403	0.01002	0.000224]	10.540	[12.493	0.01091	0.000217]	10.612	1.075	0.284
[12.493	0.01091	0.000217]	10.612	[12.463	0.01239	0.000222]	9.368	0.288	0.699
[12.493	0.01091	0.000217]	10.612	[12.490	0.01077	0.000200]	9.543	0.343	0.920
[12.493	0.01091	0.000217]	10.612	[12.378	0.00925	0.000210]	9.815	0.450	0.819
[12.493	0.01091	0.000217]	10.612	[12.426	0.01208	0.000214]	10.336	0.758	0.663
[12.426	0.01208	0.000214]	10.336	[12.376	0.01328	0.000220]	10.285	0.951	0.904
[12.376	0.01328	0.000220]	10.285	[12.464	0.01329	0.000212]	11.334	2.854	0.874
[12.464	0.01329	0.000212]	11.334	[12.596	0.01277	0.000234]	9.035	0.100	0.062
[12.596	0.01277	0.000234]	9.035	[12.705	0.01350	0.000226]	9.653	1.856	0.785
[12.705	0.01350	0.000226]	9.653	[12.891	0.01291	0.000222]	9.926	1.313	0.190
[12.891	0.01291	0.000222]	9.926	[12.962	0.01235	0.000218]	10.933	2.737	0.399
[12.962	0.01235	0.000218]	10.933	[13.071	0.01179	0.000200]	9.813	0.327	0.020
[13.071	0.01179	0.000200]	9.813	[12.920	0.01242	0.000207]	10.353	1.715	0.442
[12.920	0.01242	0.000207]	10.353	[12.943	0.01428	0.000215]	9.926	0.652	0.933
[12.920	0.01242	0.000207]	10.353	[12.848	0.01312	0.000218]	8.541	0.163	0.138
[12.848	0.01312	0.000218]	8.541	[12.613	0.01430	0.000224]	10.096	4.738	0.562
[12.613	0.01430	0.000224]	10.096	[12.559	0.01456	0.000229]	9.505	0.553	0.680
[12.613	0.01430	0.000224]	10.096	[12.597	0.01480	0.000207]	11.043	2.576	0.549
[12.597	0.01480	0.000207]	11.043	[12.528	0.01463	0.000207]	11.226	1.202	0.910
[12.528	0.01463	0.000207]	11.226	[12.562	0.01281	0.000190]	9.216	0.134	0.002
[12.562	0.01281	0.000190]	9.216	[12.494	0.01294	0.000175]	8.146	0.343	0.470
[12.562	0.01281	0.000190]	9.216	[12.463	0.01148	0.000198]	9.368	1.164	0.077
[12.463	0.01148	0.000198]	9.368	[12.351	0.01105	0.000191]	8.300	0.344	0.866
[12.463	0.01148	0.000198]	9.368	[12.376	0.01105	0.000206]	9.223	0.865	0.743
[12.376	0.01105	0.000206]	9.223	[12.422	0.01074	0.000212]	10.624	4.060	0.044
[12.422	0.01074	0.000212]	10.624	[12.317	0.00914	0.000205]	9.384	0.289	0.172
[12.317	0.00914	0.000205]	9.384	[12.191	0.00978	0.000196]	8.665	0.487	0.815
[12.317	0.00914	0.000205]	9.384	[12.303	0.01036	0.000195]	8.443	0.390	0.501
[12.317	0.00914	0.000205]	9.384	[12.214	0.01108	0.000194]	9.014	0.691	0.895
[12.317	0.00914	0.000205]	9.384	[12.413	0.00934	0.000202]	8.506	0.416	0.786
[12.317	0.00914	0.000205]	9.384	[12.100	0.00907	0.000206]	8.660	0.485	0.016
[12.100	0.00907	0.000206]	8.660	[12.029	0.01129	0.000189]	7.838	0.440	0.187
[12.029	0.01129	0.000189]	7.838	[12.054	0.01229	0.000206]	9.455	5.036	0.804
[12.054	0.01229	0.000206]	9.455	[12.061	0.01340	0.000212]	8.672	0.457	0.791
[12.054	0.01229	0.000206]	9.455	[12.074	0.01332	0.000200]	8.649	0.447	0.407
[12.074	0.01332	0.000200]	8.649	[12.116	0.01133	0.000203]	9.011	1.436	0.732
[12.116	0.01133	0.000203]	9.011	[12.176	0.01043	0.000188]	7.877	0.322	0.743
[12.116	0.01133	0.000203]	9.011	[12.176	0.00957	0.000213]	9.510	1.648	0.383
[12.176	0.00957	0.000213]	9.510	[12.215	0.00996	0.000197]	8.776	0.480	0.740
[12.176	0.00957	0.000213]	9.510	[12.200	0.00976	0.000198]	8.833	0.508	0.617
[12.176	0.00957	0.000213]	9.510	[12.139	0.00859	0.000208]	9.171	0.712	0.820
[12.176	0.00957	0.000213]	9.510	[12.206	0.01140	0.000218]	9.074	0.646	0.520
[12.206	0.01140	0.000218]	9.074	[12.119	0.01119	0.000213]	9.135	1.064	0.309
[12.119	0.01119	0.000213]	9.135	[12.076	0.01121	0.000209]	8.901	0.791	0.248
[12.076	0.01121	0.000209]	8.901	[12.136	0.01225	0.000214]	9.774	2.393	0.824
[12.136	0.01225	0.000214]	9.774	[12.306	0.01272	0.000208]	9.223	0.576	0.576
[12.306	0.01272	0.000208]	9.223	[12.417	0.01501	0.000204]	9.975	2.121	0.850
[12.417	0.01501	0.000204]	9.975	[12.451	0.01485	0.000187]	9.050	0.397	0.386
[12.451	0.01485	0.000187]	9.050	[12.481	0.01434	0.000201]	9.701	1.917	0.769
[12.481	0.01434	0.000201]	9.701	[12.326	0.01424	0.000201]	9.027	0.510	0.919
[12.481	0.01434	0.000201]	9.701	[12.442	0.01315	0.000192]	9.323	0.685	0.322
[12.442	0.01315	0.000192]	9.323	[12.476	0.01448	0.000179]	8.627	0.499	0.970
[12.442	0.01315	0.000192]	9.323	[12.420	0.01175	0.000183]	8.321	0.367	0.008
[12.420	0.01175	0.000183]	8.321	[12.393	0.00979	0.000177]	7.944	0.685	0.101
[12.393	0.00979	0.000177]	7.944	[12.277	0.01087	0.000181]	7.945	1.001	0.949
[12.277	0.01087	0.000181]	7.945	[12.271	0.01099	0.000162]	7.358	0.556	0.018
[12.271	0.01099	0.000162]	7.358	[12.321	0.01127	0.000155]	7.179	0.836	0.218
[12.321	0.01127	0.000155]	7.179	[12.314	0.01078	0.000159]	7.160	0.981	0.699
[12.314	0.01078	0.000159]	7.160	[12.244	0.01144	0.000170]	7.529	1.446	0.626
[12.244	0.01144	0.000170]	7.529	[12.400	0.01066	0.000171]	7.796	1.306	0.956
[12.400	0.01066	0.000171]	7.796	[12.319	0.01239	0.000175]	8.068	1.313	0.479
[12.319	0.01239	0.000175]	8.068	[12.241	0.01181	0.000189]	8.535	1.594	0.997
[12.241	0.01181	0.000189]	8.535	[12.405	0.01204	0.000186]	8.584	1.051	0.144
[12.405	0.01204	0.000186]	8.584	[12.472	0.01069	0.000195]	8.839	1.290	0.918
[12.472	0.01069	0.000195]	8.839	[12.659	0.01190	0.000172]	7.973	0.420	0.802
[12.472	0.01069	0.000195]	8.839	[12.562	0.01075	0.000191]	8.876	1.038	0.124
[12.562	0.01075	0.000191]	8.876	[12.422	0.00996	0.000183]	7.890	0.373	0.366
[12.422	0.00996	0.000183]	7.890	[12.285	0.01044	0.000170]	7.749	0.869	0.077
[12.285	0.01044	0.000170]	7.749	[12.377	0.01100	0.000180]	8.060	1.365	0.950
[12.377	0.01100	0.000180]	8.060	[12.338	0.01091	0.000184]	8.584	1.688	0.335
[12.338	0.01091	0.000184]	8.584	[12.415	0.01106	0.000162]	7.418	0.312	0.962
[12.338	0.01091	0.000184]	8.584	[12.259	0.00882	0.000186]	8.147	0.646	0.002
[12.259	0.00882	0.000186]	8.147	[12.178	0.00766	0.000183]	8.049	0.907	0.322
[12.178	0.00766	0.000183]	8.049	[12.166	0.00780	0.000198]	8.684	1.888	0.812
[12.166	0.00780	0.000198]	8.684	[12.120	0.00774	0.000195]	7.998	0.503	0.231
[12.120	0.00774	0.000195]	7.998	[12.042	0.00873	0.000189]	8.095	1.102	0.794
[12.042	0.00873	0.000189]	8.095	[11.877	0.01170	0.000196]	7.932	0.850	0.300
[11.877	0.01170	0.000196]	7.932	[12.029	0.01145	0.000192]	8.455	1.687	0.470
[12.029	0.01145	0.000192]	8.455	[12.032	0.01159	0.000186]	8.163	0.746	0.639
[12.032	0.01159	0.000186]	8.163	[12.081	0.01338	0.000186]	8.806	1.903	0.014
[12.081	0.01338	0.000186]	8.806	[12.034	0.01281	0.000187]	7.652	0.315	0.556
[12.081	0.01338	0.000186]	8.806	[12.105	0.01369	0.000181]	8.072	0.480	0.954
[12.081	0.01338	0.000186]	8.806	[12.023	0.01232	0.000202]	9.180	1.453	0.688
[12.023	0.01232	0.000202]	9.180	[11.819	0.01267	0.000205]	8.630	0.577	0.706
[12.023	0.01232	0.000202]	9.180	[11.897	0.01339	0.000199]	8.471	0.492	0.910
[12.023	0.01232	0.000202]	9.180	[12.059	0.01022	0.000208]	8.322	0.424	0.633
[12.023	0.01232	0.000202]	9.180	[11.897	0.01272	0.000207]	8.345	0.434	0.901
[12.023	0.01232	0.000202]	9.180	[11.943	0.00965	0.000197]	7.662	0.219	0.461
[12.023	0.01232	0.000202]	9.180	[12.117	0.01224	0.000208]	9.514	1.397	0.643
[12.117	0.01224	0.000208]	9.514	[12.270	0.01223	0.000222]	9.966	1.571	0.971
[12.270	0.01223	0.000222]	9.966	[12.199	0.01193	0.000207]	9.176	0.454	0.823
[12.270	0.01223	0.000222]	9.966	[12.180	0.01380	0.000237]	8.601	0.255	0.615
[12.270	0.01223	0.000222]	9.966	[12.210	0.01405	0.000217]	9.592	0.688	0.708
[12.270	0.01223	0.000222]	9.966	[12.276	0.01179	0.000230]	8.724	0.289	0.372
[12.270	0.01223	0.000222]	9.966	[12.256	0.01059	0.000227]	9.929	0.963	0.950
[12.256	0.01059	0.000227]	9.929	[12.366	0.01017	0.000238]	8.678	0.286	0.416
[12.256	0.01059	0.000227]	9.929	[12.389	0.01036	0.000230]	8.893	0.355	0.660
[12.256	0.01059	0.000227]	9.929	[12.104	0.00997	0.000242]	8.560	0.255	0.919
[12.256	0.01059	0.000227]	9.929	[12.086	0.01076	0.000219]	8.259	0.188	0.568
[12.256	0.01059	0.000227]	9.929	[12.306	0.00934	0.000217]	10.958	2.798	0.632
[12.306	0.00934	0.000217]	10.958	[12.452	0.00854	0.000216]	10.836	0.885	0.116
[12.452	0.00854	0.000216]	10.836	[12.643	0.00784	0.000218]	10.336	0.607	0.225
[12.643	0.00784	0.000218]	10.336	[12.593	0.00690	0.000200]	9.159	0.308	0.512
[12.643	0.00784	0.000218]	10.336	[12.558	0.00643	0.000214]	10.064	0.762	0.311
[12.558	0.00643	0.000214]	10.064	[12.516	0.00723	0.000225]	10.654	1.804	0.157
[12.516	0.00723	0.000225]	10.654	[12.694	0.00802	0.000226]	11.241	1.798	0.840
[12.694	0.00802	0.000226]	11.241	[12.684	0.00751	0.000219]	10.756	0.616	0.427
[12.684	0.00751	0.000219]	10.756	[12.636	0.00891	0.000240]	9.503	0.285	0.570
[12.684	0.00751	0.000219]	10.756	[12.808	0.00741	0.000203]	8.782	0.139	0.087
[12.808	0.00741	0.000203]	8.782	[12.610	0.00785	0.000198]	9.102	1.377	0.398
[12.610	0.00785	0.000198]	9.102	[12.692	0.00729	0.000193]	8.573	0.589	0.651
[12.610	0.00785	0.000198]	9.102	[12.716	0.00616	0.000215]	10.331	3.418	0.736
[12.716	0.00616	0.000215]	10.331	[12.697	0.00595	0.000222]	10.454	1.132	0.205
[12.697	0.00595	0.000222]	10.454	[12.728	0.00443	0.000214]	10.140	0.730	0.496
[12.728	0.00443	0.000214]	10.140	[12.699	0.00329	0.000198]	8.633	0.222	0.748
[12.728	0.00443	0.000214]	10.140	[12.740	0.00386	0.000210]	9.303	0.433	0.870
[12.728	0.00443	0.000214]	10.140	[12.669	0.00456	0.000183]	7.921	0.109	0.606
[12.728	0.00443	0.000214]	10.140	[12.636	0.00468	0.000217]	9.535	0.546	0.734
[12.728	0.00443	0.000214]	10.140	[12.634	0.00699	0.000207]	9.301	0.432	0.840
[12.728	0.00443	0.000214]	10.140	[12.785	0.00452	0.000211]	9.436	0.494	0.466
[12.785	0.00452	0.000211]	9.436	[12.705	0.00522	0.000208]	9.437	1.001	0.781
[12.705	0.00522	0.000208]	9.437	[12.780	0.00400	0.000198]	8.485	0.386	0.293
[12.780	0.00400	0.000198]	8.485	[12.668	0.00373	0.000203]	8.652	1.182	0.439
[12.668	0.00373	0.000203]	8.652	[12.687	0.00428	0.000220]	10.007	3.875	0.050
[12.687	0.00428	0.000220]	10.007	[12.649	0.00452	0.000237]	10.174	1.182	1.000
[12.649	0.00452	0.000237]	10.174	[12.482	0.00480	0.000221]	10.502	1.389	0.265
[12.482	0.00480	0.000221]	10.502	[12.654	0.00551	0.000233]	10.264	0.788	0.960
[12.482	0.00480	0.000221]	10.502	[12.546	0.00473	0.000218]	9.898	0.546	0.616
[12.482	0.00480	0.000221]	10.502	[12.353	0.00163	0.000225]	10.221	0.755	0.317
[12.353	0.00163	0.000225]	10.221	[12.496	5e-04	0.000241]	10.987	2.151	0.996
[12.496	5e-04	0.000241]	10.987	[12.421	0.00042	0.000238]	10.447	0.583	0.995
[12.496	5e-04	0.000241]	10.987	[12.688	-0.00121	0.000246]	-Inf	0.000	0.653
[12.496	5e-04	0.000241]	10.987	[12.415	0.00045	0.000232]	10.795	0.825	0.778
[12.415	0.00045	0.000232]	10.795	[12.395	4e-04	0.000238]	9.420	0.253	0.466
[12.415	0.00045	0.000232]	10.795	[12.552	-0.00167	0.000232]	-Inf	0.000	0.230
[12.415	0.00045	0.000232]	10.795	[12.354	-1e-05	0.000248]	-Inf	0.000	0.052
[12.415	0.00045	0.000232]	10.795	[12.263	0.00066	0.000243]	9.277	0.219	0.159
[12.263	0.00066	0.000243]	9.277	[12.313	0.00134	0.000229]	10.149	2.391	0.323
[12.313	0.00134	0.000229]	10.149	[12.520	0.00120	0.000234]	10.494	1.412	0.646
[12.520	0.00120	0.000234]	10.494	[12.462	0.00037	0.000225]	10.169	0.723	0.917
[12.520	0.00120	0.000234]	10.494	[12.640	4e-04	0.000232]	9.745	0.473	0.723
[12.520	0.00120	0.000234]	10.494	[12.378	0.00268	0.000253]	9.602	0.410	0.218
[12.378	0.00268	0.000253]	9.602	[12.376	0.00182	0.000264]	8.632	0.379	0.589
[12.378	0.00268	0.000253]	9.602	[12.308	0.00337	0.000254]	9.284	0.728	0.001
[12.308	0.00337	0.000254]	9.284	[12.353	0.00399	0.000250]	8.925	0.698	0.106
[12.353	0.00399	0.000250]	8.925	[12.566	0.00223	0.000268]	8.560	0.695	0.396
[12.566	0.00223	0.000268]	8.560	[12.560	0.00313	0.000258]	9.084	1.688	0.727
[12.560	0.00313	0.000258]	9.084	[12.694	0.00271	0.000248]	10.052	2.633	0.563
[12.694	0.00271	0.000248]	10.052	[12.687	0.00265	0.000239]	10.465	1.511	0.487
[12.687	0.00265	0.000239]	10.465	[12.834	0.00246	0.000249]	8.865	0.202	0.501
[12.687	0.00265	0.000239]	10.465	[12.739	0.00358	0.000245]	9.512	0.386	0.792
[12.687	0.00265	0.000239]	10.465	[12.692	0.00497	0.000244]	9.229	0.291	0.873
[12.687	0.00265	0.000239]	10.465	[12.843	0.00257	0.000244]	9.844	0.538	0.616
[12.687	0.00265	0.000239]	10.465	[12.504	0.00157	0.000222]	10.700	1.266	0.057
[12.504	0.00157	0.000222]	10.700	[12.360	0.00233	0.000243]	10.317	0.681	0.876
[12.504	0.00157	0.000222]	10.700	[12.583	7e-04	0.000230]	10.476	0.799	0.355
[12.583	7e-04	0.000230]	10.476	[12.530	0.00098	0.000233]	10.815	1.402	0.698
[12.530	0.00098	0.000233]	10.815	[12.619	0.00157	0.000234]	11.153	1.403	0.714
[12.619	0.00157	0.000234]	11.153	[12.729	0.00241	0.000236]	10.855	0.742	0.839
[12.619	0.00157	0.000234]	11.153	[12.714	0.00116	0.000228]	10.321	0.435	0.396
[12.714	0.00116	0.000228]	10.321	[12.673	0.00129	0.000221]	10.118	0.816	0.449
[12.673	0.00129	0.000221]	10.118	[12.702	0.00078	0.000231]	10.374	1.291	0.254
[12.702	0.00078	0.000231]	10.374	[12.686	0.00023	0.000227]	10.217	0.855	0.235
[12.686	0.00023	0.000227]	10.217	[12.597	-0.00097	0.000233]	-Inf	0.000	0.162
[12.686	0.00023	0.000227]	10.217	[12.707	0.00078	0.000235]	11.288	2.918	0.084
[12.707	0.00078	0.000235]	11.288	[12.656	0.00155	0.000222]	10.398	0.411	0.616
[12.707	0.00078	0.000235]	11.288	[12.637	1e-04	0.000234]	11.425	1.147	0.034
[12.637	1e-04	0.000234]	11.425	[12.553	0.00074	0.000225]	10.407	0.362	0.976
[12.637	1e-04	0.000234]	11.425	[12.379	0.00053	0.000231]	10.545	0.415	0.166
[12.379	0.00053	0.000231]	10.545	[12.343	0.00304	0.000232]	11.373	2.290	0.130
[12.343	0.00304	0.000232]	11.373	[12.363	0.00564	0.000230]	9.618	0.173	0.927
[12.343	0.00304	0.000232]	11.373	[12.199	0.00214	0.000243]	9.250	0.120	0.991
[12.343	0.00304	0.000232]	11.373	[12.611	0.00314	0.000223]	10.606	0.464	0.029
[12.611	0.00314	0.000223]	10.606	[12.659	0.00162	0.000216]	9.818	0.455	0.341
[12.659	0.00162	0.000216]	9.818	[12.589	-4e-05	0.000225]	-Inf	0.000	0.923
[12.659	0.00162	0.000216]	9.818	[12.609	0.00113	0.000218]	9.702	0.891	0.485
[12.609	0.00113	0.000218]	9.702	[12.492	0.00155	0.000231]	11.099	4.041	0.497
[12.492	0.00155	0.000231]	11.099	[12.574	8e-05	0.000237]	12.078	2.663	0.733
[12.574	8e-05	0.000237]	12.078	[12.462	-0.00114	0.000238]	-Inf	0.000	0.323
[12.574	8e-05	0.000237]	12.078	[12.451	-0.00150	0.000227]	-Inf	0.000	0.118
[12.574	8e-05	0.000237]	12.078	[12.520	0.00044	0.000235]	10.956	0.325	0.136
[12.520	0.00044	0.000235]	10.956	[12.520	0.00102	0.000255]	9.654	0.272	0.413
[12.520	0.00044	0.000235]	10.956	[12.490	-0.00071	0.000227]	-Inf	0.000	0.273
[12.520	0.00044	0.000235]	10.956	[12.576	-0.00169	0.000234]	-Inf	0.000	0.212
[12.520	0.00044	0.000235]	10.956	[12.688	0.00063	0.000244]	10.410	0.580	0.412
[12.688	0.00063	0.000244]	10.410	[12.825	0.00239	0.000243]	10.120	0.748	0.678
[12.825	0.00239	0.000243]	10.120	[12.707	0.00257	0.000246]	10.206	1.090	0.495
[12.707	0.00257	0.000246]	10.206	[12.670	0.00208	0.000270]	8.217	0.137	0.747
[12.707	0.00257	0.000246]	10.206	[12.671	0.00215	0.000238]	11.218	2.753	0.571
[12.671	0.00215	0.000238]	11.218	[12.734	0.00198	0.000243]	10.580	0.528	0.495
[12.734	0.00198	0.000243]	10.580	[12.546	0.00235	0.000251]	9.713	0.420	0.044
[12.546	0.00235	0.000251]	9.713	[12.494	0.00270	0.000253]	9.291	0.656	0.219
[12.494	0.00270	0.000253]	9.291	[12.357	0.00212	0.000243]	10.339	2.853	0.006
[12.357	0.00212	0.000243]	10.339	[12.398	0.00201	0.000248]	10.640	1.350	0.378
[12.398	0.00201	0.000248]	10.640	[12.531	0.00243	0.000266]	8.608	0.131	0.225
[12.398	0.00201	0.000248]	10.640	[12.346	0.00214	0.000239]	9.999	0.527	0.612
[12.398	0.00201	0.000248]	10.640	[12.533	0.00095	0.000229]	10.914	1.316	0.105
[12.533	0.00095	0.000229]	10.914	[12.637	-0.00106	0.000231]	-Inf	0.000	0.374
[12.533	0.00095	0.000229]	10.914	[12.578	0.00136	0.000225]	10.654	0.771	0.331
[12.578	0.00136	0.000225]	10.654	[12.389	-0.00089	0.000236]	-Inf	0.000	0.360
[12.578	0.00136	0.000225]	10.654	[12.480	0.00077	0.000226]	9.529	0.324	0.341
[12.578	0.00136	0.000225]	10.654	[12.696	0.00146	0.000233]	10.451	0.816	0.627
[12.696	0.00146	0.000233]	10.451	[12.682	0.00328	0.000228]	10.205	0.782	0.817
[12.696	0.00146	0.000233]	10.451	[12.802	0.00185	0.000235]	9.410	0.353	0.567
[12.696	0.00146	0.000233]	10.451	[12.721	-0.00062	0.000214]	-Inf	0.000	0.688
[12.696	0.00146	0.000233]	10.451	[12.841	0.00116	0.000236]	8.622	0.161	0.966
[12.696	0.00146	0.000233]	10.451	[12.703	0.00215	0.000233]	11.135	1.981	0.345
[12.703	0.00215	0.000233]	11.135	[12.698	0.00127	0.000230]	10.669	0.627	0.865
[12.703	0.00215	0.000233]	11.135	[12.454	0.00244	0.000229]	10.723	0.663	0.596
[12.454	0.00244	0.000229]	10.723	[12.575	0.00265	0.000222]	9.656	0.344	0.625
[12.454	0.00244	0.000229]	10.723	[12.434	0.00288	0.000228]	10.246	0.621	0.233
[12.434	0.00288	0.000228]	10.246	[12.587	0.00272	0.000208]	8.828	0.242	0.239
[12.587	0.00272	0.000208]	8.828	[12.571	0.00149	0.000212]	8.910	1.086	0.400
[12.571	0.00149	0.000212]	8.910	[12.585	-0.00073	0.000214]	-Inf	0.000	0.484
[12.571	0.00149	0.000212]	8.910	[12.727	0.00153	0.000217]	9.626	2.046	0.544
[12.727	0.00153	0.000217]	9.626	[12.718	0.00154	0.000230]	10.351	2.065	0.972
[12.718	0.00154	0.000230]	10.351	[12.712	0.00168	0.000232]	10.837	1.625	0.390
[12.712	0.00168	0.000232]	10.837	[12.732	0.00074	0.000229]	9.127	0.181	0.940
[12.712	0.00168	0.000232]	10.837	[12.728	0.00155	0.000229]	10.236	0.549	0.662
[12.712	0.00168	0.000232]	10.837	[12.730	0.00248	0.000225]	10.498	0.713	0.879
[12.712	0.00168	0.000232]	10.837	[12.726	0.00124	0.000224]	9.533	0.271	0.245
[12.726	0.00124	0.000224]	9.533	[12.843	0.00204	0.000240]	10.156	1.865	0.626
[12.843	0.00204	0.000240]	10.156	[12.935	-0.00100	0.000245]	-Inf	0.000	0.644
[12.843	0.00204	0.000240]	10.156	[12.734	0.00241	0.000255]	8.865	0.275	0.657
[12.843	0.00204	0.000240]	10.156	[12.777	0.00264	0.000231]	9.882	0.760	0.697
[12.777	0.00264	0.000231]	9.882	[12.786	0.00273	0.000240]	10.251	1.447	0.005
[12.786	0.00273	0.000240]	10.251	[12.739	0.00319	0.000221]	10.050	0.818	0.146
[12.739	0.00319	0.000221]	10.050	[12.846	0.00277	0.000213]	9.138	0.402	0.990
[12.739	0.00319	0.000221]	10.050	[12.617	0.00391	0.000217]	10.024	0.975	0.392
[12.617	0.00391	0.000217]	10.024	[12.508	0.00501	0.000190]	8.244	0.169	0.316
[12.617	0.00391	0.000217]	10.024	[12.489	0.00377	0.000213]	9.683	0.711	0.010
[12.489	0.00377	0.000213]	9.683	[12.428	0.00236	0.000212]	9.379	0.738	0.839
[12.489	0.00377	0.000213]	9.683	[12.551	0.00307	0.000214]	9.582	0.904	0.635
[12.551	0.00307	0.000214]	9.582	[12.596	0.00258	0.000203]	8.699	0.414	0.241
[12.596	0.00258	0.000203]	8.699	[12.567	0.00173	0.000190]	7.999	0.496	0.744
[12.596	0.00258	0.000203]	8.699	[12.559	0.00348	0.000208]	9.014	1.369	0.099
[12.559	0.00348	0.000208]	9.014	[12.389	0.00487	0.000221]	10.403	4.011	0.654
[12.389	0.00487	0.000221]	10.403	[12.475	0.00494	0.000205]	9.008	0.248	0.016
[12.475	0.00494	0.000205]	9.008	[12.546	0.00474	0.000212]	9.492	1.622	0.007
[12.546	0.00474	0.000212]	9.492	[12.560	0.00625	0.000228]	11.813	10.184	0.268
[12.560	0.00625	0.000228]	11.813	[12.331	0.00590	0.000236]	9.331	0.084	0.555
[12.560	0.00625	0.000228]	11.813	[12.492	0.00481	0.000228]	10.901	0.401	0.323
[12.492	0.00481	0.000228]	10.901	[12.508	0.00513	0.000239]	9.760	0.320	0.056
[12.508	0.00513	0.000239]	9.760	[12.583	0.00656	0.000233]	10.363	1.829	0.514
[12.583	0.00656	0.000233]	10.363	[12.426	0.00618	0.000245]	9.311	0.349	0.452
[12.583	0.00656	0.000233]	10.363	[12.551	0.00588	0.000221]	10.616	1.287	0.478
[12.551	0.00588	0.000221]	10.616	[12.423	0.00474	0.000217]	10.537	0.924	0.682
[12.423	0.00474	0.000217]	10.537	[12.568	0.00481	0.000232]	10.669	1.141	0.913
[12.568	0.00481	0.000232]	10.669	[12.679	0.00479	0.000223]	10.133	0.585	0.176
[12.679	0.00479	0.000223]	10.133	[12.489	0.00474	0.000238]	10.320	1.206	0.752
[12.489	0.00474	0.000238]	10.320	[12.560	0.00531	0.000239]	10.122	0.820	0.438
[12.560	0.00531	0.000239]	10.122	[12.602	0.00385	0.000241]	9.557	0.569	0.497
[12.602	0.00385	0.000241]	9.557	[12.790	0.00554	0.000248]	9.252	0.737	0.006
[12.790	0.00554	0.000248]	9.252	[12.793	0.00417	0.000249]	9.486	1.264	0.478
[12.793	0.00417	0.000249]	9.486	[12.814	0.00470	0.000252]	8.901	0.557	0.369
[12.814	0.00470	0.000252]	8.901	[12.759	0.00362	0.000237]	10.385	4.411	0.232
[12.759	0.00362	0.000237]	10.385	[12.810	0.00209	0.000238]	9.887	0.608	0.188
[12.810	0.00209	0.000238]	9.887	[12.837	0.00277	0.000233]	10.433	1.726	0.167
[12.837	0.00277	0.000233]	10.433	[12.794	0.00156	0.000223]	9.648	0.456	0.698
[12.837	0.00277	0.000233]	10.433	[12.885	0.00315	0.000231]	9.801	0.531	0.080
[12.885	0.00315	0.000231]	9.801	[12.999	0.00370	0.000218]	9.744	0.945	0.701
[12.999	0.00370	0.000218]	9.744	[12.906	0.00417	0.000200]	8.527	0.296	0.158
[12.906	0.00417	0.000200]	8.527	[12.945	0.00394	0.000184]	7.881	0.524	0.866
[12.906	0.00417	0.000200]	8.527	[13.149	0.00310	0.000203]	8.117	0.664	0.343
[13.149	0.00310	0.000203]	8.117	[13.134	0.00269	0.000225]	9.241	3.078	0.068
[13.134	0.00269	0.000225]	9.241	[13.073	0.00218	0.000232]	9.346	1.111	0.189
[13.073	0.00218	0.000232]	9.346	[13.021	0.00306	0.000220]	8.329	0.361	0.361
[13.021	0.00306	0.000220]	8.329	[13.081	0.00303	0.000224]	9.236	2.477	0.812
[13.081	0.00303	0.000224]	9.236	[13.096	0.00261	0.000215]	8.804	0.649	0.830
[13.081	0.00303	0.000224]	9.236	[12.957	0.00341	0.000232]	8.704	0.588	0.136
[12.957	0.00341	0.000232]	8.704	[12.939	0.00255	0.000207]	9.041	1.401	0.490
[12.939	0.00255	0.000207]	9.041	[12.951	0.00243	0.000195]	8.045	0.369	0.389
[12.939	0.00255	0.000207]	9.041	[13.080	0.00168	0.000201]	7.696	0.261	0.476
[12.939	0.00255	0.000207]	9.041	[13.106	0.00132	0.000209]	8.004	0.354	0.381
[12.939	0.00255	0.000207]	9.041	[12.999	0.00181	0.000220]	8.057	0.374	0.996
[12.939	0.00255	0.000207]	9.041	[13.055	0.00333	0.000204]	8.308	0.480	0.773
[12.939	0.00255	0.000207]	9.041	[12.866	0.00127	0.000209]	8.383	0.518	0.937
[12.939	0.00255	0.000207]	9.041	[12.871	0.00336	0.000218]	9.725	1.981	0.960
[12.871	0.00336	0.000218]	9.725	[12.895	0.00340	0.000213]	9.369	0.701	0.269
[12.895	0.00340	0.000213]	9.369	[12.779	0.00356	0.000210]	9.415	1.047	0.775
[12.779	0.00356	0.000210]	9.415	[12.654	0.00395	0.000212]	9.493	1.082	0.698
[12.654	0.00395	0.000212]	9.493	[12.621	0.00370	0.000211]	9.757	1.301	0.743
[12.621	0.00370	0.000211]	9.757	[12.562	0.00458	0.000209]	9.656	0.904	0.061
[12.562	0.00458	0.000209]	9.656	[12.625	0.00768	0.000188]	8.354	0.272	0.060
[12.625	0.00768	0.000188]	8.354	[12.763	0.00806	0.000193]	8.673	1.375	0.922
[12.763	0.00806	0.000193]	8.673	[12.689	0.00759	0.000190]	8.432	0.786	0.267
[12.689	0.00759	0.000190]	8.432	[12.652	0.00882	0.000181]	8.118	0.731	0.299
[12.652	0.00882	0.000181]	8.118	[12.584	0.00811	0.000182]	8.095	0.978	0.659
[12.584	0.00811	0.000182]	8.095	[12.552	0.00815	0.000185]	7.878	0.805	0.157
[12.552	0.00815	0.000185]	7.878	[12.677	0.00730	0.000201]	9.248	3.934	0.168
[12.677	0.00730	0.000201]	9.248	[12.619	0.00776	0.000212]	10.404	3.176	0.774
[12.619	0.00776	0.000212]	10.404	[12.636	0.00833	0.000214]	10.403	0.999	0.693
[12.636	0.00833	0.000214]	10.403	[12.717	0.00959	0.000207]	10.184	0.804	0.836
[12.636	0.00833	0.000214]	10.403	[12.397	0.01051	0.000215]	10.338	0.937	0.230
[12.397	0.01051	0.000215]	10.338	[12.331	0.01024	0.000222]	9.522	0.442	0.862
[12.397	0.01051	0.000215]	10.338	[12.465	0.00876	0.000196]	9.167	0.310	0.453
[12.397	0.01051	0.000215]	10.338	[12.247	0.01080	0.000205]	9.132	0.299	0.003
[12.247	0.01080	0.000205]	9.132	[12.185	0.00878	0.000192]	7.962	0.310	0.700
[12.247	0.01080	0.000205]	9.132	[12.268	0.01063	0.000206]	8.990	0.868	0.852
[12.268	0.01063	0.000206]	8.990	[12.248	0.01084	0.000197]	9.260	1.310	0.022
[12.248	0.01084	0.000197]	9.260	[12.324	0.01085	0.000186]	8.294	0.381	0.224
[12.324	0.01085	0.000186]	8.294	[12.253	0.01154	0.000191]	8.445	1.163	0.842
[12.253	0.01154	0.000191]	8.445	[12.175	0.01228	0.000197]	8.784	1.403	0.920
[12.175	0.01228	0.000197]	8.784	[12.164	0.01248	0.000215]	9.534	2.116	0.450
[12.164	0.01248	0.000215]	9.534	[12.075	0.00998	0.000222]	9.533	0.999	0.244
[12.075	0.00998	0.000222]	9.533	[12.093	0.00913	0.000221]	9.105	0.652	0.614
[12.093	0.00913	0.000221]	9.105	[12.039	0.01018	0.000225]	8.596	0.601	0.177
[12.039	0.01018	0.000225]	8.596	[12.060	0.00782	0.000230]	8.450	0.864	0.488
[12.060	0.00782	0.000230]	8.450	[12.106	0.00955	0.000229]	8.813	1.438	0.950
[12.106	0.00955	0.000229]	8.813	[12.057	0.00923	0.000232]	8.816	1.003	0.811
[12.057	0.00923	0.000232]	8.816	[12.125	0.00928	0.000236]	9.053	1.266	0.172
[12.125	0.00928	0.000236]	9.053	[12.012	0.00895	0.000234]	9.086	1.034	0.770
[12.012	0.00895	0.000234]	9.086	[12.094	0.01046	0.000231]	9.859	2.166	0.001
[12.094	0.01046	0.000231]	9.859	[11.985	0.01040	0.000237]	8.313	0.213	0.575
[12.094	0.01046	0.000231]	9.859	[12.027	0.00988	0.000227]	8.529	0.265	0.645
[12.094	0.01046	0.000231]	9.859	[12.045	0.00874	0.000240]	8.910	0.387	0.911
[12.094	0.01046	0.000231]	9.859	[11.994	0.00970	0.000237]	8.826	0.356	0.608
[12.094	0.01046	0.000231]	9.859	[12.146	0.00974	0.000260]	7.939	0.147	0.375
[12.094	0.01046	0.000231]	9.859	[11.998	0.01020	0.000245]	8.077	0.168	0.277
[12.094	0.01046	0.000231]	9.859	[11.990	0.00877	0.000222]	9.214	0.525	0.251
[11.990	0.00877	0.000222]	9.214	[11.807	0.00638	0.000218]	8.765	0.638	0.871
[11.990	0.00877	0.000222]	9.214	[11.984	0.00874	0.000235]	8.896	0.727	0.840
[11.990	0.00877	0.000222]	9.214	[11.939	0.00966	0.000231]	8.030	0.306	0.490
[11.990	0.00877	0.000222]	9.214	[12.039	0.00905	0.000232]	8.392	0.439	0.258
[12.039	0.00905	0.000232]	8.392	[12.242	0.00812	0.000235]	9.828	4.202	0.799
[12.242	0.00812	0.000235]	9.828	[12.259	0.00739	0.000236]	9.827	1.000	0.264
[12.259	0.00739	0.000236]	9.827	[12.412	0.00992	0.000255]	8.433	0.248	0.510
[12.259	0.00739	0.000236]	9.827	[12.235	0.00616	0.000228]	9.261	0.568	0.982
[12.259	0.00739	0.000236]	9.827	[12.040	0.00749	0.000238]	8.778	0.350	0.771
[12.259	0.00739	0.000236]	9.827	[12.130	0.00884	0.000236]	8.536	0.275	0.639
[12.259	0.00739	0.000236]	9.827	[12.065	0.00703	0.000237]	8.583	0.288	0.655
[12.259	0.00739	0.000236]	9.827	[12.282	0.00814	0.000247]	8.717	0.329	0.278
[12.282	0.00814	0.000247]	8.717	[12.206	0.00714	0.000236]	9.904	3.276	0.952
[12.206	0.00714	0.000236]	9.904	[12.097	0.00564	0.000225]	8.823	0.339	0.961
[12.206	0.00714	0.000236]	9.904	[12.112	0.00753	0.000238]	8.808	0.334	0.367
[12.206	0.00714	0.000236]	9.904	[12.213	0.00687	0.000225]	10.031	1.136	0.441
[12.213	0.00687	0.000225]	10.031	[12.190	0.00701	0.000226]	9.179	0.426	0.612
[12.213	0.00687	0.000225]	10.031	[12.191	0.00697	0.000230]	9.522	0.601	0.146
[12.191	0.00697	0.000230]	9.522	[12.078	0.00765	0.000238]	9.088	0.648	0.498
[12.078	0.00765	0.000238]	9.088	[12.051	0.00857	0.000229]	8.274	0.443	0.981
[12.078	0.00765	0.000238]	9.088	[11.987	0.00638	0.000257]	8.201	0.412	0.260
[11.987	0.00638	0.000257]	8.201	[11.991	0.00462	0.000267]	7.808	0.675	0.755
[11.987	0.00638	0.000257]	8.201	[11.914	0.00624	0.000239]	8.285	1.088	0.564
[11.914	0.00624	0.000239]	8.285	[11.962	0.00662	0.000241]	8.727	1.556	0.267
[11.962	0.00662	0.000241]	8.727	[11.955	0.00624	0.000246]	8.078	0.523	0.845
[11.962	0.00662	0.000241]	8.727	[11.839	0.00803	0.000244]	8.245	0.617	0.484
[11.839	0.00803	0.000244]	8.245	[11.835	0.00865	0.000242]	8.254	1.010	0.946
[11.835	0.00865	0.000242]	8.254	[11.867	0.00978	0.000244]	8.024	0.795	0.341
[11.867	0.00978	0.000244]	8.024	[11.954	0.01119	0.000229]	8.685	1.936	0.833
[11.954	0.01119	0.000229]	8.685	[12.115	0.01155	0.000241]	8.475	0.810	0.323
[12.115	0.01155	0.000241]	8.475	[12.266	0.01220	0.000238]	9.149	1.963	0.413
[12.266	0.01220	0.000238]	9.149	[12.387	0.01242	0.000221]	9.975	2.283	0.809
[12.387	0.01242	0.000221]	9.975	[12.506	0.01112	0.000212]	10.667	1.999	0.595
[12.506	0.01112	0.000212]	10.667	[12.423	0.01074	0.000221]	10.741	1.077	0.766
[12.423	0.01074	0.000221]	10.741	[12.456	0.00824	0.000212]	10.379	0.697	0.355
[12.456	0.00824	0.000212]	10.379	[12.442	0.00895	0.000209]	10.213	0.846	0.907
[12.456	0.00824	0.000212]	10.379	[12.474	0.00898	0.000215]	10.462	1.086	0.448
[12.474	0.00898	0.000215]	10.462	[12.628	0.01011	0.000207]	10.297	0.848	0.465
[12.628	0.01011	0.000207]	10.297	[12.810	0.01151	0.000208]	10.672	1.455	0.975
[12.810	0.01151	0.000208]	10.672	[12.765	0.01361	0.000217]	10.632	0.961	0.882
[12.765	0.01361	0.000217]	10.632	[12.857	0.01420	0.000225]	9.200	0.239	0.030
[12.857	0.01420	0.000225]	9.200	[12.814	0.01602	0.000223]	9.467	1.306	0.214
[12.814	0.01602	0.000223]	9.467	[12.782	0.01656	0.000240]	8.184	0.277	0.891
[12.814	0.01602	0.000223]	9.467	[12.686	0.01463	0.000208]	10.565	2.997	0.994
[12.686	0.01463	0.000208]	10.565	[12.625	0.01396	0.000214]	10.289	0.759	0.290
[12.625	0.01396	0.000214]	10.289	[12.670	0.01534	0.000230]	9.101	0.305	0.521
[12.625	0.01396	0.000214]	10.289	[12.777	0.01353	0.000219]	9.587	0.496	0.821
[12.625	0.01396	0.000214]	10.289	[12.775	0.01378	0.000225]	9.842	0.639	0.517
[12.775	0.01378	0.000225]	9.842	[12.869	0.01570	0.000228]	8.786	0.348	0.495
[12.775	0.01378	0.000225]	9.842	[12.814	0.01526	0.000237]	8.247	0.203	0.360
[12.775	0.01378	0.000225]	9.842	[12.984	0.01372	0.000221]	9.497	0.708	0.834
[12.775	0.01378	0.000225]	9.842	[12.797	0.01386	0.000232]	9.196	0.524	0.611
[12.775	0.01378	0.000225]	9.842	[12.838	0.01482	0.000211]	10.087	1.279	0.700
[12.838	0.01482	0.000211]	10.087	[12.840	0.01353	0.000217]	10.193	1.111	0.159
[12.840	0.01353	0.000217]	10.193	[12.963	0.01602	0.000212]	10.996	2.233	0.205
[12.963	0.01602	0.000212]	10.996	[12.887	0.01700	0.000207]	10.990	0.994	0.564
[12.887	0.01700	0.000207]	10.990	[12.992	0.01674	0.000194]	9.655	0.263	0.561
[12.887	0.01700	0.000207]	10.990	[13.074	0.01808	0.000203]	9.206	0.168	0.530
[12.887	0.01700	0.000207]	10.990	[12.927	0.01659	0.000214]	9.768	0.295	0.688
[12.887	0.01700	0.000207]	10.990	[12.931	0.01842	0.000218]	8.758	0.107	0.692
[12.887	0.01700	0.000207]	10.990	[12.952	0.01722	0.000208]	8.925	0.127	0.215
[12.887	0.01700	0.000207]	10.990	[12.845	0.01851	0.000202]	11.329	1.403	0.722
[12.845	0.01851	0.000202]	11.329	[12.788	0.01888	0.000198]	10.207	0.326	0.653
[12.845	0.01851	0.000202]	11.329	[12.844	0.01839	0.000201]	11.053	0.759	0.187
[12.844	0.01839	0.000201]	11.053	[12.713	0.01813	0.000210]	10.930	0.884	0.435
[12.713	0.01813	0.000210]	10.930	[12.672	0.01794	0.000191]	9.787	0.319	0.511
[12.713	0.01813	0.000210]	10.930	[12.667	0.01666	0.000203]	11.009	1.082	0.246
[12.667	0.01666	0.000203]	11.009	[12.794	0.01781	0.000196]	10.261	0.473	0.032
[12.794	0.01781	0.000196]	10.261	[12.694	0.01790	0.000205]	11.541	3.599	0.244
[12.694	0.01790	0.000205]	11.541	[12.667	0.01746	0.000186]	9.222	0.098	0.188
[12.694	0.01790	0.000205]	11.541	[12.784	0.01981	0.000198]	10.385	0.315	0.598
[12.694	0.01790	0.000205]	11.541	[12.671	0.02036	0.000218]	9.177	0.094	0.692
[12.694	0.01790	0.000205]	11.541	[12.579	0.01587	0.000223]	9.808	0.177	0.882
[12.694	0.01790	0.000205]	11.541	[12.652	0.01738	0.000190]	10.304	0.290	0.558
[12.694	0.01790	0.000205]	11.541	[12.771	0.01934	0.000213]	9.387	0.116	0.641
[12.694	0.01790	0.000205]	11.541	[12.578	0.01482	0.000195]	9.618	0.146	0.835
[12.694	0.01790	0.000205]	11.541	[12.610	0.01860	0.000202]	10.683	0.424	0.722
[12.694	0.01790	0.000205]	11.541	[12.683	0.01783	0.000219]	9.600	0.144	0.193
[12.694	0.01790	0.000205]	11.541	[12.622	0.01659	0.000201]	11.064	0.621	0.098
[12.622	0.01659	0.000201]	11.064	[12.502	0.01596	0.000204]	9.789	0.279	0.022
[12.502	0.01596	0.000204]	9.789	[12.259	0.01628	0.000195]	9.707	0.922	0.944
[12.502	0.01596	0.000204]	9.789	[12.382	0.01707	0.000191]	9.497	0.747	0.312
[12.382	0.01707	0.000191]	9.497	[12.379	0.01684	0.000205]	11.064	4.791	0.820
[12.379	0.01684	0.000205]	11.064	[12.490	0.01732	0.000193]	9.764	0.273	0.911
[12.379	0.01684	0.000205]	11.064	[12.417	0.01707	0.000214]	10.028	0.355	0.941
[12.379	0.01684	0.000205]	11.064	[12.399	0.01592	0.000208]	10.039	0.359	0.940
[12.379	0.01684	0.000205]	11.064	[12.228	0.01574	0.000213]	9.649	0.243	0.186
[12.228	0.01574	0.000213]	9.649	[12.163	0.01652	0.000207]	9.795	1.158	0.159
[12.163	0.01652	0.000207]	9.795	[12.076	0.01614	0.000216]	9.932	1.146	0.349
[12.076	0.01614	0.000216]	9.932	[12.146	0.01669	0.000224]	8.951	0.375	0.638
[12.076	0.01614	0.000216]	9.932	[12.138	0.01622	0.000202]	9.501	0.650	0.208
[12.138	0.01622	0.000202]	9.501	[11.991	0.01602	0.000219]	9.062	0.645	0.419
[11.991	0.01602	0.000219]	9.062	[11.915	0.01564	0.000221]	8.601	0.631	0.506
[11.915	0.01564	0.000221]	8.601	[12.001	0.01615	0.000240]	8.057	0.581	0.377
[12.001	0.01615	0.000240]	8.057	[12.010	0.01622	0.000233]	8.285	1.256	0.541
[12.010	0.01622	0.000233]	8.285	[11.950	0.01545	0.000237]	8.421	1.145	0.013
[11.950	0.01545	0.000237]	8.421	[11.831	0.01549	0.000232]	8.319	0.903	0.302
[11.831	0.01549	0.000232]	8.319	[11.666	0.01575	0.000238]	7.725	0.552	0.231
[11.666	0.01575	0.000238]	7.725	[11.653	0.01634	0.000245]	7.622	0.903	0.400
[11.653	0.01634	0.000245]	7.622	[11.685	0.01611	0.000253]	7.289	0.717	0.801
[11.653	0.01634	0.000245]	7.622	[11.707	0.01680	0.000240]	7.558	0.938	0.893
[11.707	0.01680	0.000240]	7.558	[11.689	0.01670	0.000231]	7.750	1.211	0.551
[11.689	0.01670	0.000231]	7.750	[11.847	0.01801	0.000228]	8.063	1.367	0.406
[11.847	0.01801	0.000228]	8.063	[11.709	0.01739	0.000226]	7.701	0.697	0.235
[11.709	0.01739	0.000226]	7.701	[11.675	0.01578	0.000257]	7.250	0.637	0.090
[11.675	0.01578	0.000257]	7.250	[11.688	0.01722	0.000260]	7.073	0.837	0.564
[11.688	0.01722	0.000260]	7.073	[11.609	0.01713	0.000267]	6.809	0.768	0.375
[11.609	0.01713	0.000267]	6.809	[11.571	0.01752	0.000272]	6.757	0.950	0.887
[11.571	0.01752	0.000272]	6.757	[11.544	0.01834	0.000278]	6.595	0.850	0.794
[11.544	0.01834	0.000278]	6.595	[11.605	0.01782	0.000280]	6.587	0.993	0.470
[11.605	0.01782	0.000280]	6.587	[11.502	0.01645	0.000286]	6.385	0.817	0.826
[11.605	0.01782	0.000280]	6.587	[11.628	0.01824	0.000273]	6.775	1.206	0.079
[11.628	0.01824	0.000273]	6.775	[11.614	0.01826	0.000263]	6.824	1.050	0.689
[11.614	0.01826	0.000263]	6.824	[11.603	0.01612	0.000250]	7.587	2.145	0.319
[11.603	0.01612	0.000250]	7.587	[11.548	0.01636	0.000247]	7.412	0.840	0.824
[11.548	0.01636	0.000247]	7.412	[11.526	0.01776	0.000262]	7.078	0.716	0.875
[11.548	0.01636	0.000247]	7.412	[11.575	0.01520	0.000247]	7.601	1.208	0.135
[11.575	0.01520	0.000247]	7.601	[11.574	0.01335	0.000247]	7.134	0.627	0.823
[11.575	0.01520	0.000247]	7.601	[11.589	0.01536	0.000245]	7.573	0.972	0.193
[11.589	0.01536	0.000245]	7.573	[11.669	0.01596	0.000234]	7.580	1.008	0.518
[11.669	0.01596	0.000234]	7.580	[11.633	0.01507	0.000218]	7.993	1.511	0.747
[11.633	0.01507	0.000218]	7.993	[11.587	0.01396	0.000225]	7.768	0.799	0.619
[11.587	0.01396	0.000225]	7.768	[11.572	0.01416	0.000223]	7.497	0.763	0.998
[11.587	0.01396	0.000225]	7.768	[11.397	0.01400	0.000234]	7.399	0.691	0.453
[11.397	0.01400	0.000234]	7.399	[11.485	0.01448	0.000245]	7.265	0.875	0.697
[11.485	0.01448	0.000245]	7.265	[11.589	0.01431	0.000263]	7.240	0.975	0.085
[11.589	0.01431	0.000263]	7.240	[11.687	0.01371	0.000260]	7.489	1.283	0.836
[11.687	0.01371	0.000260]	7.489	[11.598	0.01414	0.000257]	7.350	0.870	0.686
[11.598	0.01414	0.000257]	7.350	[11.775	0.01514	0.000265]	7.110	0.787	0.426
[11.775	0.01514	0.000265]	7.110	[11.749	0.01523	0.000258]	7.261	1.163	0.829
[11.749	0.01523	0.000258]	7.261	[11.816	0.01406	0.000258]	7.438	1.193	0.371
[11.816	0.01406	0.000258]	7.438	[12.063	0.01268	0.000256]	7.695	1.293	0.875
[12.063	0.01268	0.000256]	7.695	[11.965	0.01157	0.000266]	7.174	0.594	0.799
[12.063	0.01268	0.000256]	7.695	[11.935	0.01120	0.000248]	7.998	1.354	0.347
[11.935	0.01120	0.000248]	7.998	[12.055	0.01198	0.000238]	8.315	1.373	0.688
[12.055	0.01198	0.000238]	8.315	[12.023	0.01125	0.000225]	9.215	2.460	0.942
[12.023	0.01125	0.000225]	9.215	[11.913	0.01192	0.000217]	8.853	0.696	0.488
[11.913	0.01192	0.000217]	8.853	[11.817	0.01309	0.000207]	7.932	0.398	0.115
[11.817	0.01309	0.000207]	7.932	[11.508	0.01291	0.000231]	7.743	0.827	0.211
[11.508	0.01291	0.000231]	7.743	[11.504	0.01318	0.000247]	7.299	0.642	0.929
[11.508	0.01291	0.000231]	7.743	[11.641	0.01542	0.000241]	7.608	0.874	0.091
[11.641	0.01542	0.000241]	7.608	[11.531	0.01587	0.000243]	7.330	0.757	0.247
[11.531	0.01587	0.000243]	7.330	[11.465	0.01799	0.000236]	7.254	0.927	0.510
[11.465	0.01799	0.000236]	7.254	[11.463	0.01729	0.000249]	7.194	0.942	0.410
[11.463	0.01729	0.000249]	7.194	[11.583	0.01712	0.000246]	7.150	0.957	0.388
[11.583	0.01712	0.000246]	7.150	[11.721	0.01626	0.000250]	7.279	1.137	0.122
[11.721	0.01626	0.000250]	7.279	[11.883	0.01705	0.000245]	7.685	1.501	0.840
[11.883	0.01705	0.000245]	7.685	[11.752	0.01517	0.000254]	7.416	0.764	0.355
[11.752	0.01517	0.000254]	7.416	[11.534	0.01583	0.000263]	7.023	0.675	0.017
[11.534	0.01583	0.000263]	7.023	[11.642	0.01654	0.000259]	7.330	1.360	0.158
[11.642	0.01654	0.000259]	7.330	[11.580	0.01595	0.000256]	7.243	0.916	0.248
[11.580	0.01595	0.000256]	7.243	[11.827	0.01660	0.000264]	7.108	0.874	0.062
[11.827	0.01660	0.000264]	7.108	[11.755	0.01731	0.000267]	7.031	0.926	0.772
[11.755	0.01731	0.000267]	7.031	[11.716	0.01831	0.000250]	7.272	1.272	0.923
[11.716	0.01831	0.000250]	7.272	[11.688	0.01849	0.000246]	7.195	0.927	0.510
[11.688	0.01849	0.000246]	7.195	[11.773	0.01876	0.000235]	7.715	1.681	0.372
[11.773	0.01876	0.000235]	7.715	[11.553	0.01872	0.000233]	7.396	0.727	0.901
[11.773	0.01876	0.000235]	7.715	[11.838	0.01911	0.000233]	7.940	1.252	0.985
[11.838	0.01911	0.000233]	7.940	[11.745	0.01978	0.000245]	7.275	0.515	0.486
[11.745	0.01978	0.000245]	7.275	[11.798	0.02076	0.000248]	7.335	1.062	0.200
[11.798	0.02076	0.000248]	7.335	[11.704	0.02134	0.000251]	6.975	0.697	0.136
[11.704	0.02134	0.000251]	6.975	[11.746	0.02120	0.000238]	7.713	2.093	0.623
[11.746	0.02120	0.000238]	7.713	[11.672	0.02019	0.000227]	7.822	1.114	0.597
[11.672	0.02019	0.000227]	7.822	[11.598	0.01946	0.000220]	7.945	1.131	0.040
[11.598	0.01946	0.000220]	7.945	[11.496	0.01976	0.000208]	7.751	0.823	0.350
[11.496	0.01976	0.000208]	7.751	[11.501	0.02084	0.000179]	7.577	0.841	0.046
[11.501	0.02084	0.000179]	7.577	[11.525	0.02102	0.000183]	7.544	0.967	0.720
[11.525	0.02102	0.000183]	7.544	[11.450	0.02041	0.000171]	7.057	0.614	0.592
[11.450	0.02041	0.000171]	7.057	[11.656	0.02095	0.000159]	7.592	1.706	0.612
[11.656	0.02095	0.000159]	7.592	[11.633	0.02082	0.000156]	7.068	0.593	0.589
[11.633	0.02082	0.000156]	7.068	[11.376	0.02132	0.000148]	6.733	0.715	0.473
[11.376	0.02132	0.000148]	6.733	[11.338	0.01954	0.000125]	6.201	0.588	0.256
[11.338	0.01954	0.000125]	6.201	[11.434	0.01983	0.000123]	6.080	0.886	0.937
[11.338	0.01954	0.000125]	6.201	[11.351	0.02052	0.000144]	6.789	1.799	0.463
[11.351	0.02052	0.000144]	6.789	[11.385	0.02133	0.000146]	6.708	0.922	0.425
[11.385	0.02133	0.000146]	6.708	[11.541	0.02087	0.000150]	6.889	1.199	0.731
[11.541	0.02087	0.000150]	6.889	[11.598	0.02239	0.000146]	7.176	1.333	0.530
[11.598	0.02239	0.000146]	7.176	[11.746	0.02256	0.000163]	7.848	1.957	0.592
[11.746	0.02256	0.000163]	7.848	[11.692	0.02196	0.000155]	7.367	0.619	0.666
[11.746	0.02256	0.000163]	7.848	[11.730	0.02414	0.000169]	7.709	0.871	0.559
[11.730	0.02414	0.000169]	7.709	[11.618	0.02358	0.000167]	7.757	1.049	0.368
[11.618	0.02358	0.000167]	7.757	[11.642	0.02470	0.000170]	7.560	0.822	0.552
[11.642	0.02470	0.000170]	7.560	[11.571	0.02310	0.000174]	7.284	0.758	0.762
[11.642	0.02470	0.000170]	7.560	[11.890	0.02468	0.000153]	7.397	0.849	0.473
[11.890	0.02468	0.000153]	7.397	[11.880	0.02517	0.000153]	7.328	0.933	0.231
[11.880	0.02517	0.000153]	7.328	[11.898	0.02659	0.000169]	8.356	2.794	0.430
[11.898	0.02659	0.000169]	8.356	[12.227	0.02650	0.000168]	8.642	1.332	0.865
[12.227	0.02650	0.000168]	8.642	[12.092	0.02701	0.000183]	8.874	1.260	0.137
[12.092	0.02701	0.000183]	8.874	[12.111	0.02760	0.000194]	9.490	1.852	0.557
[12.111	0.02760	0.000194]	9.490	[12.175	0.02610	0.000190]	9.368	0.885	0.046
[12.175	0.02610	0.000190]	9.368	[12.287	0.02655	0.000187]	9.974	1.834	0.950
[12.287	0.02655	0.000187]	9.974	[12.335	0.02656	0.000214]	8.412	0.210	0.507
[12.287	0.02655	0.000187]	9.974	[12.338	0.02532	0.000178]	8.959	0.363	0.727
[12.287	0.02655	0.000187]	9.974	[12.301	0.02677	0.000185]	9.239	0.480	0.359
[12.301	0.02677	0.000185]	9.239	[12.422	0.02483	0.000184]	10.246	2.738	0.860
[12.422	0.02483	0.000184]	10.246	[12.329	0.02381	0.000183]	9.094	0.316	0.963
[12.422	0.02483	0.000184]	10.246	[12.459	0.02415	0.000185]	9.580	0.514	0.876
[12.422	0.02483	0.000184]	10.246	[12.445	0.02478	0.000174]	9.186	0.346	0.640
[12.422	0.02483	0.000184]	10.246	[12.462	0.02454	0.000186]	10.080	0.847	0.931
[12.422	0.02483	0.000184]	10.246	[12.446	0.02511	0.000175]	9.044	0.300	0.372
[12.422	0.02483	0.000184]	10.246	[12.325	0.02469	0.000199]	9.113	0.322	0.149
[12.325	0.02469	0.000199]	9.113	[12.207	0.02647	0.000202]	8.267	0.429	0.374
[12.207	0.02647	0.000202]	8.267	[12.392	0.02712	0.000211]	8.584	1.373	0.190
[12.392	0.02712	0.000211]	8.584	[12.454	0.02726	0.000216]	8.286	0.742	0.007
[12.454	0.02726	0.000216]	8.286	[12.554	0.02668	0.000229]	7.826	0.631	0.440
[12.554	0.02668	0.000229]	7.826	[12.612	0.02602	0.000221]	8.262	1.546	0.162
[12.612	0.02602	0.000221]	8.262	[12.512	0.02494	0.000213]	8.825	1.756	0.846
[12.512	0.02494	0.000213]	8.825	[12.444	0.02486	0.000199]	9.565	2.096	0.459
[12.444	0.02486	0.000199]	9.565	[12.454	0.02596	0.000191]	9.561	0.997	0.634
[12.454	0.02596	0.000191]	9.561	[12.162	0.02664	0.000169]	8.396	0.312	0.682
[12.454	0.02596	0.000191]	9.561	[12.236	0.02747	0.000197]	9.625	1.066	0.798
[12.236	0.02747	0.000197]	9.625	[12.267	0.02806	0.000191]	9.604	0.979	0.497
[12.267	0.02806	0.000191]	9.604	[12.190	0.02625	0.000199]	9.743	1.148	0.872
[12.190	0.02625	0.000199]	9.743	[12.162	0.02622	0.000194]	9.187	0.574	0.604
[12.190	0.02625	0.000199]	9.743	[12.051	0.02682	0.000180]	8.229	0.220	0.542
[12.190	0.02625	0.000199]	9.743	[12.399	0.02739	0.000204]	9.091	0.521	0.897
[12.190	0.02625	0.000199]	9.743	[11.991	0.02654	0.000198]	8.396	0.260	0.685
[12.190	0.02625	0.000199]	9.743	[12.187	0.02497	0.000208]	9.141	0.548	0.719
[12.190	0.02625	0.000199]	9.743	[12.175	0.02632	0.000216]	8.476	0.282	0.796
[12.190	0.02625	0.000199]	9.743	[12.310	0.02679	0.000193]	9.032	0.491	0.921
[12.190	0.02625	0.000199]	9.743	[12.085	0.02532	0.000168]	8.034	0.181	0.883
[12.190	0.02625	0.000199]	9.743	[12.265	0.02560	0.000205]	8.834	0.403	0.523
[12.190	0.02625	0.000199]	9.743	[12.297	0.02773	0.000204]	8.631	0.329	0.113
[12.297	0.02773	0.000204]	8.631	[12.247	0.02669	0.000213]	8.261	0.691	0.224
[12.247	0.02669	0.000213]	8.261	[12.210	0.02696	0.000210]	8.914	1.921	0.561
[12.210	0.02696	0.000210]	8.914	[12.173	0.02625	0.000215]	8.253	0.516	0.637
[12.210	0.02696	0.000210]	8.914	[12.162	0.02639	0.000206]	9.033	1.126	0.990
[12.162	0.02639	0.000206]	9.033	[12.203	0.02701	0.000214]	8.020	0.363	0.922
[12.162	0.02639	0.000206]	9.033	[12.077	0.02726	0.000210]	8.091	0.390	0.347
[12.077	0.02726	0.000210]	8.091	[12.155	0.02730	0.000213]	8.106	1.015	0.795
[12.155	0.02730	0.000213]	8.106	[12.109	0.02786	0.000219]	8.037	0.933	0.571
[12.109	0.02786	0.000219]	8.037	[12.190	0.02642	0.000213]	8.598	1.752	0.974
[12.190	0.02642	0.000213]	8.598	[12.218	0.02689	0.000205]	8.603	1.006	0.149
[12.218	0.02689	0.000205]	8.603	[12.437	0.02737	0.000202]	8.805	1.224	0.791
[12.437	0.02737	0.000202]	8.805	[12.497	0.02796	0.000197]	9.691	2.425	0.118
[12.497	0.02796	0.000197]	9.691	[12.509	0.02863	0.000198]	9.243	0.639	0.822
[12.497	0.02796	0.000197]	9.691	[12.511	0.02777	0.000178]	10.472	2.183	0.360
[12.511	0.02777	0.000178]	10.472	[12.465	0.02805	0.000161]	8.720	0.174	0.247
[12.511	0.02777	0.000178]	10.472	[12.554	0.02699	0.000178]	8.971	0.223	0.396
[12.511	0.02777	0.000178]	10.472	[12.499	0.02782	0.000189]	11.253	2.184	0.752
[12.499	0.02782	0.000189]	11.253	[12.326	0.02919	0.000179]	8.996	0.105	0.525
[12.499	0.02782	0.000189]	11.253	[12.630	0.02857	0.000211]	8.523	0.065	0.031
[12.630	0.02857	0.000211]	8.523	[12.613	0.02803	0.000217]	8.364	0.853	0.768
[12.613	0.02803	0.000217]	8.364	[12.649	0.02796	0.000206]	8.925	1.752	0.055
[12.649	0.02796	0.000206]	8.925	[12.712	0.02911	0.000203]	8.966	1.042	0.018
[12.712	0.02911	0.000203]	8.966	[12.617	0.03073	0.000194]	9.569	1.827	0.297
[12.617	0.03073	0.000194]	9.569	[12.712	0.03160	0.000201]	8.824	0.475	0.208
[12.712	0.03160	0.000201]	8.824	[12.685	0.03122	0.000211]	8.249	0.563	0.741
[12.712	0.03160	0.000201]	8.824	[12.606	0.03141	0.000202]	8.921	1.102	0.572
[12.606	0.03141	0.000202]	8.921	[12.611	0.03261	0.000200]	8.403	0.595	0.164
[12.611	0.03261	0.000200]	8.403	[12.584	0.03369	0.000200]	8.571	1.182	0.050
[12.584	0.03369	0.000200]	8.571	[12.564	0.03448	0.000216]	7.495	0.341	0.371
[12.584	0.03369	0.000200]	8.571	[12.590	0.03173	0.000222]	7.444	0.324	0.763
[12.584	0.03369	0.000200]	8.571	[12.566	0.03414	0.000198]	8.706	1.145	0.952
[12.566	0.03414	0.000198]	8.706	[12.470	0.03437	0.000199]	8.262	0.641	0.929
[12.566	0.03414	0.000198]	8.706	[12.387	0.03415	0.000199]	8.271	0.647	0.407
[12.387	0.03415	0.000199]	8.271	[12.343	0.03437	0.000195]	8.547	1.318	0.637
[12.343	0.03437	0.000195]	8.547	[12.276	0.03453	0.000188]	8.864	1.373	0.201
[12.276	0.03453	0.000188]	8.864	[12.230	0.03407	0.000169]	10.084	3.389	0.224
[12.230	0.03407	0.000169]	10.084	[12.177	0.03267	0.000184]	8.987	0.334	0.278
[12.177	0.03267	0.000184]	8.987	[12.253	0.03232	0.000189]	9.640	1.921	0.753
[12.253	0.03232	0.000189]	9.640	[12.225	0.03088	0.000185]	9.108	0.588	0.782
[12.253	0.03232	0.000189]	9.640	[12.367	0.03129	0.000186]	8.852	0.455	0.610
[12.253	0.03232	0.000189]	9.640	[12.297	0.03429	0.000197]	8.406	0.291	0.094
[12.297	0.03429	0.000197]	8.406	[12.229	0.03695	0.000200]	8.166	0.786	0.425
[12.229	0.03695	0.000200]	8.166	[12.373	0.03706	0.000187]	8.802	1.890	0.347
[12.373	0.03706	0.000187]	8.802	