
R version 4.3.0 (2023-04-21) -- "Already Tomorrow"
Copyright (C) 2023 The R Foundation for Statistical Computing
Platform: x86_64-pc-linux-gnu (64-bit)

R is free software and comes with ABSOLUTELY NO WARRANTY.
You are welcome to redistribute it under certain conditions.
Type 'license()' or 'licence()' for distribution details.

  Natural language support but running in an English locale

R is a collaborative project with many contributors.
Type 'contributors()' for more information and
'citation()' on how to cite R or R packages in publications.

Type 'demo()' for some demos, 'help()' for on-line help, or
'help.start()' for an HTML browser interface to help.
Type 'q()' to quit R.

> rm(list = ls())
> gc()
         used (Mb) gc trigger (Mb) max used (Mb)
Ncells 284765 15.3     664565 35.5   464468 24.9
Vcells 490458  3.8    8388608 64.0  1837328 14.1
> library(dplyr)

Attaching package: ‘dplyr’

The following objects are masked from ‘package:stats’:

    filter, lag

The following objects are masked from ‘package:base’:

    intersect, setdiff, setequal, union

> library(foreach)
> library(doParallel)
Loading required package: iterators
Loading required package: parallel
> 
> # Set up the number of cores used for parallelization.
> message(detectCores())
24
> num_cores <- 24
> registerDoParallel(num_cores)
> 
> #########################
> #### SEIR Simulation ####
> #########################
> time <- 365 # Number of days.
> inf <- 7 # Average infectious period length.
> N <- 1000 # Population size.
> 
> create_hh <- function() {
+   # Randomly sample household sizes such that total population is 1000 
+   # individuals.
+   hh_size <- sample(x = c(3, 4, 5, 6), size = 340, replace = T)
+   
+   # Keep households such that total population is < 1000.
+   hh_size <- hh_size[which(cumsum(hh_size) < N)]
+   
+   leftover <- N - sum(hh_size)
+   if (leftover < 3) {
+     hh <- 1:length(hh_size)
+     sampled <- sample(hh[hh_size < 6], leftover)
+     hh_size[sampled] <- hh_size[sampled] + 1
+   } else {
+     hh_size <- c(hh_size, leftover)
+   }
+   return(hh_size)
+ }
> 
> SEIR <- function(params, inf, verbose = F) {
+   hh_size <- create_hh()
+   
+   # Create frame for running the simulation.
+   # ID: ID of individual.
+   # SIZE: size of individual's household.
+   # HH: ID of individual's household.
+   # S: susceptibility status.
+   # E: exposed status.
+   # E_count: number of days since exposed.
+   # I: infectious status.
+   # I_count: number of days since infectious.
+   # R: recovered status.
+   # INC: incubation period.
+   # INF: infectious period.
+   data <- data.frame(ID = 1:N,
+                      SIZE = rep(hh_size, times = hh_size),
+                      HH = rep(1:length(hh_size), times = hh_size), 
+                      S = c(0, rep(1, N - 1)), 
+                      E = c(1, rep(0, N - 1)),
+                      E_count = c(1, rep(0, N - 1)), 
+                      I = 0,
+                      I_count = 0, 
+                      R = 0, 
+                      INC = c(round(rlnorm(1, meanlog = log(29.8), sdlog = 0.45)), rep(0, N - 1)),
+                      INF = 0)
+   
+   # Create frame for storing results.
+   # ID: ID of individual.
+   # SIZE: size of individual's household.
+   # HH: ID of individual's household.
+   # TYPE: the kind of infection: household (H), community (C), or both (B).
+   # TIME: when the individual became infectious.
+   # S_num: number of susceptible people in individual's household when their 
+   #        infectious period begins.
+   # I_num: number of people in household that this individual infected over 
+   #        their infectious period.
+   results <- data[, 1:3] %>% mutate(TYPE = NA, TIME = NA, S_num = NA, I_num = 0)
+   results$TYPE[1] <- '0'
+   
+   for(t in 1:time) {
+     if (verbose) {
+       if (t %% 10 == 0) {
+         cat(paste0(t, ' '))
+       }
+     }
+     
+     # Anyone who has been infectious for as many days as their infectious period
+     # is now recovered.
+     recovered <- (data$INF > 0) & (data$I_count == data$INF)
+     if(sum(recovered, na.rm = T) > 0) {
+       data$R[recovered] <- 1
+       data$I[recovered] <- 0
+       data$I_count[recovered] <- 0 
+     }
+     
+     # Anyone who has been incubating for as many days as their incubation period
+     # is now infectious.
+     new_inf <- (data$INC > 0) & (data$E_count == data$INC)
+     num_new_inf <- sum(new_inf, na.rm = T)
+     if(num_new_inf > 0) {
+       # Change status to newly infectious and add infectious period.
+       data$I[new_inf] <- 1
+       random_inf <- rnorm(num_new_inf, mean = inf, sd = 1) %>% round()
+       data$INF[new_inf] <- random_inf
+       
+       # Remove exposure status and exposure count.
+       data$E[new_inf] <- 0
+       data$E_count[new_inf] <- 0 
+       
+       # Record time at which infectious period starts.
+       results$TIME[new_inf] <- t
+       
+       # Save the number of susceptible people in each infectious individual's 
+       # household.
+       S_data <- data %>% group_by(HH) %>% 
+         mutate(S_tot = sum(S)) %>% 
+         select(HH, S_tot)
+       results$S_num[new_inf == 1] <- S_data$S_tot[new_inf == 1]
+     }
+     
+     # I_H is the number of infections inside each household.
+     # I_C is the number of infections outside each household.
+     I_data <- data %>% group_by(HH) %>% 
+       mutate(I_H = sum(I)) %>% 
+       ungroup() %>% 
+       mutate(I_C = sum(I) - I_H)
+     
+     # Calculate household risk and community risk.
+     beta_H <- params[1]
+     beta_C <- params[2]
+     risk_H <- pmin(beta_H * data$S * I_data$I_H / N, 1)
+     risk_C <- pmin(beta_C * data$S * I_data$I_C / N, 1)
+     
+     # Each individual is infected from their household or community 
+     # independently with probabilities risk_H and risk_C.
+     new_inf_H <- rbinom(N, 1, risk_H)
+     new_inf_C <- rbinom(N, 1, risk_C)
+     
+     new_exposed <- (new_inf_H == 1) | (new_inf_C == 1)
+     num_new_exposed <- sum(new_exposed, na.rm = T)
+     if (num_new_exposed > 0) {
+       # Change status to newly exposed and add incubation period.
+       data$E[new_exposed] <- 1
+       random_inc <- rlnorm(num_new_exposed, meanlog = log(29.8), sdlog = 0.45) %>% round()
+       data$INC[new_exposed] <- random_inc
+       
+       # Remove susceptible status.
+       data$S[new_exposed] <- 0
+       
+       # Get number of new infections in each household.
+       I_data <- I_data %>%
+         select(ID, HH, I, I_H) %>%
+         mutate(new_I_H = new_inf_H) %>%
+         group_by(HH) %>%
+         # Find households with at least 1 currently infectious individual. If 
+         # exactly 1 infectious individual in household, assign all new H 
+         # exposures to that individual. If there are multiple infectious 
+         # individuals, assign all infections to the infectious individual with 
+         # the first ID.
+         mutate(new_I_H = ifelse(I == 1 & ID == first(ID[I == 1]), 
+                                 sum(new_I_H), 0))
+       
+       results$I_num <- results$I_num + I_data$new_I_H
+       
+       # Label infection types.
+       results$TYPE[new_inf_C == 1] <- 'C'
+       results$TYPE[new_inf_H == 1] <- 'H'
+       results$TYPE[(new_inf_H == 1) & (new_inf_C == 1)] <- 'B'
+     }
+     
+     # Increment exposure and infectious counters.
+     data$E_count[data$E == 1] <- data$E_count[data$E == 1] + 1
+     data$I_count[data$I == 1] <- data$I_count[data$I == 1] + 1
+   }
+   return(results)
+ }
> 
> metrics <- function(results) {
+   # Incidence is the proportion of the population that became infected.
+   idc <- mean(!is.na(results$TIME))
+   
+   # If incidence is 0, the SAR is undefined.
+   sar <- NA
+   if (idc != 0) {
+     # The SAR is the average SAR for each individual that was infectious.
+     sar <- mean(results$I_num / results$S_num, na.rm = T)
+   }
+   return(c(idc, sar))
+ }
> 
> beta_Hs <- seq(30.0, 70.0, 0.5)
> beta_Cs <- seq(0.000, 0.500, 0.025)
> 
> d_H <- length(beta_Hs)
> d_C <- length(beta_Cs)
> 
> reps <- 50
> idcs <- array(rep(NA, d_H * d_C * reps), dim = c(d_H, d_C, reps))
> sars <- array(rep(NA, d_H * d_C * reps), dim = c(d_H, d_C, reps))
> t_tot <- 0
> for (i in 1:d_H) {
+     for (j in 1:d_C) {
+       beta_H <- beta_Hs[i]
+       beta_C <- beta_Cs[j]
+       params <- c(beta_H, beta_C)
+       
+       cat(paste0(format(beta_H, nsmall = 1, digits = 3), '/70.0\t', 
+                  format(beta_C, nsmall = 3, digits = 3), '/0.500\t'))
+ 
+       t_0 <- Sys.time()
+       vals <- foreach (l = 1:reps, .combine = 'c') %dopar% {
+         results <- SEIR(params, inf) 
+         metrics(results)
+       }
+       t_1 <- Sys.time()
+       t_tot <- t_tot + (t_1 - t_0)
+ 
+       cat(paste0(format(t_tot, nsmall = 2, digits = 4), '\t(', 
+                  format(t_1 - t_0, nsmall = 2, digits = 4), ')\t'))
+ 
+       vals <- matrix(vals, reps, byrow = T)
+       idcs[i, j, ] <- vals[, 1]
+       sars[i, j, ] <- vals[, 2]
+ 
+       cat(paste0(format(round(mean(vals[, 1]), 3), nsmall = 3), '\t',
+                  format(round(mean(vals[, 2]), 3), nsmall = 3), '\n'))
+       
+       saveRDS(idcs, file = 'idcs.rds')
+       saveRDS(sars, file = 'sars.rds')
+       write.table(idcs, file = 'idcs.txt', row.names = F, col.names = F)
+       write.table(idcs, file = 'sars.txt', row.names = F, col.names = F)
+     }
+   message('\n')
+ }
30.0/70.0	0.000/0.500	12.40 secs	(12.40 secs)	0.002	0.129
30.0/70.0	0.025/0.500	24.18 secs	(11.78 secs)	0.003	0.116
30.0/70.0	0.050/0.500	36.20 secs	(12.02 secs)	0.006	0.105
30.0/70.0	0.075/0.500	50.02 secs	(13.82 secs)	0.013	0.139
30.0/70.0	0.100/0.500	66.21 secs	(16.19 secs)	0.034	0.099
30.0/70.0	0.125/0.500	90.40 secs	(24.19 secs)	0.096	0.156
30.0/70.0	0.150/0.500	116.87 secs	(26.47 secs)	0.151	0.129
30.0/70.0	0.175/0.500	147.38 secs	(30.52 secs)	0.244	0.146
30.0/70.0	0.200/0.500	177.86 secs	(30.48 secs)	0.435	0.155
30.0/70.0	0.225/0.500	214.91 secs	(37.05 secs)	0.591	0.161
30.0/70.0	0.250/0.500	246.66 secs	(31.75 secs)	0.643	0.159
30.0/70.0	0.275/0.500	282.72 secs	(36.06 secs)	0.698	0.155
30.0/70.0	0.300/0.500	320.38 secs	(37.67 secs)	0.854	0.184
30.0/70.0	0.325/0.500	357.90 secs	(37.51 secs)	0.897	0.180
30.0/70.0	0.350/0.500	395.12 secs	(37.23 secs)	0.899	0.175
30.0/70.0	0.375/0.500	430.31 secs	(35.19 secs)	0.886	0.169
30.0/70.0	0.400/0.500	466.09 secs	(35.78 secs)	0.945	0.177
30.0/70.0	0.425/0.500	500.14 secs	(34.05 secs)	0.953	0.172
30.0/70.0	0.450/0.500	534.83 secs	(34.69 secs)	0.973	0.179
30.0/70.0	0.475/0.500	568.47 secs	(33.64 secs)	0.982	0.177
30.0/70.0	0.500/0.500	601.81 secs	(33.34 secs)	0.942	0.166


30.5/70.0	0.000/0.500	613.96 secs	(12.15 secs)	0.002	0.134
30.5/70.0	0.025/0.500	625.89 secs	(11.93 secs)	0.002	0.131
30.5/70.0	0.050/0.500	638.45 secs	(12.56 secs)	0.006	0.159
30.5/70.0	0.075/0.500	651.48 secs	(13.03 secs)	0.011	0.132
30.5/70.0	0.100/0.500	669.17 secs	(17.69 secs)	0.041	0.120
30.5/70.0	0.125/0.500	685.27 secs	(16.09 secs)	0.054	0.114
30.5/70.0	0.150/0.500	709.69 secs	(24.42 secs)	0.181	0.159
30.5/70.0	0.175/0.500	739.51 secs	(29.82 secs)	0.289	0.157
30.5/70.0	0.200/0.500	771.16 secs	(31.65 secs)	0.434	0.160
30.5/70.0	0.225/0.500	805.82 secs	(34.66 secs)	0.580	0.170
30.5/70.0	0.250/0.500	840.15 secs	(34.32 secs)	0.628	0.174
30.5/70.0	0.275/0.500	877.77 secs	(37.63 secs)	0.744	0.167
30.5/70.0	0.300/0.500	915.44 secs	(37.67 secs)	0.803	0.170
30.5/70.0	0.325/0.500	952.32 secs	(36.88 secs)	0.806	0.168
30.5/70.0	0.350/0.500	989.40 secs	(37.08 secs)	0.871	0.169
30.5/70.0	0.375/0.500	1024.76 secs	(35.36 secs)	0.895	0.178
30.5/70.0	0.400/0.500	1059.72 secs	(34.96 secs)	0.947	0.179
30.5/70.0	0.425/0.500	1095.06 secs	(35.34 secs)	0.971	0.178
30.5/70.0	0.450/0.500	1128.47 secs	(33.41 secs)	0.960	0.177
30.5/70.0	0.475/0.500	1161.87 secs	(33.39 secs)	0.944	0.171
30.5/70.0	0.500/0.500	1194.41 secs	(32.55 secs)	0.946	0.171


31.0/70.0	0.000/0.500	1206.21 secs	(11.80 secs)	0.002	0.134
31.0/70.0	0.025/0.500	1218.22 secs	(12.01 secs)	0.004	0.153
31.0/70.0	0.050/0.500	1230.85 secs	(12.63 secs)	0.006	0.129
31.0/70.0	0.075/0.500	1246.33 secs	(15.47 secs)	0.020	0.131
31.0/70.0	0.100/0.500	1265.23 secs	(18.91 secs)	0.045	0.132
31.0/70.0	0.125/0.500	1286.34 secs	(21.11 secs)	0.071	0.122
31.0/70.0	0.150/0.500	1309.06 secs	(22.71 secs)	0.144	0.133
31.0/70.0	0.175/0.500	1342.94 secs	(33.88 secs)	0.291	0.157
31.0/70.0	0.200/0.500	1377.88 secs	(34.94 secs)	0.418	0.169
31.0/70.0	0.225/0.500	1416.24 secs	(38.36 secs)	0.559	0.159
31.0/70.0	0.250/0.500	1454.27 secs	(38.03 secs)	0.662	0.169
31.0/70.0	0.275/0.500	1491.43 secs	(37.16 secs)	0.789	0.177
31.0/70.0	0.300/0.500	1529.74 secs	(38.31 secs)	0.868	0.182
31.0/70.0	0.325/0.500	1566.22 secs	(36.48 secs)	0.874	0.178
31.0/70.0	0.350/0.500	1601.57 secs	(35.35 secs)	0.800	0.165
31.0/70.0	0.375/0.500	1636.79 secs	(35.22 secs)	0.898	0.173
31.0/70.0	0.400/0.500	1671.97 secs	(35.18 secs)	0.926	0.176
31.0/70.0	0.425/0.500	1705.86 secs	(33.90 secs)	0.893	0.168
31.0/70.0	0.450/0.500	1739.19 secs	(33.32 secs)	0.939	0.176
31.0/70.0	0.475/0.500	1772.21 secs	(33.02 secs)	0.983	0.182
31.0/70.0	0.500/0.500	1804.55 secs	(32.34 secs)	0.966	0.179


31.5/70.0	0.000/0.500	1816.23 secs	(11.68 secs)	0.002	0.131
31.5/70.0	0.025/0.500	1828.43 secs	(12.20 secs)	0.003	0.134
31.5/70.0	0.050/0.500	1840.78 secs	(12.35 secs)	0.008	0.176
31.5/70.0	0.075/0.500	1854.25 secs	(13.47 secs)	0.014	0.114
31.5/70.0	0.100/0.500	1871.46 secs	(17.21 secs)	0.042	0.151
31.5/70.0	0.125/0.500	1891.90 secs	(20.44 secs)	0.076	0.152
31.5/70.0	0.150/0.500	1920.48 secs	(28.57 secs)	0.227	0.156
31.5/70.0	0.175/0.500	1945.81 secs	(25.34 secs)	0.254	0.150
31.5/70.0	0.200/0.500	1979.40 secs	(33.59 secs)	0.437	0.158
31.5/70.0	0.225/0.500	2017.08 secs	(37.68 secs)	0.619	0.179
31.5/70.0	0.250/0.500	2054.45 secs	(37.38 secs)	0.661	0.162
31.5/70.0	0.275/0.500	2091.90 secs	(37.45 secs)	0.691	0.157
31.5/70.0	0.300/0.500	2129.54 secs	(37.63 secs)	0.797	0.172
31.5/70.0	0.325/0.500	2166.61 secs	(37.08 secs)	0.842	0.172
31.5/70.0	0.350/0.500	2203.06 secs	(36.45 secs)	0.870	0.177
31.5/70.0	0.375/0.500	2238.76 secs	(35.70 secs)	0.910	0.181
31.5/70.0	0.400/0.500	2274.61 secs	(35.84 secs)	0.949	0.185
31.5/70.0	0.425/0.500	2309.50 secs	(34.89 secs)	0.935	0.180
31.5/70.0	0.450/0.500	2344.42 secs	(34.92 secs)	0.978	0.189
31.5/70.0	0.475/0.500	2377.43 secs	(33.01 secs)	0.983	0.183
31.5/70.0	0.500/0.500	2409.84 secs	(32.41 secs)	0.965	0.178


32.0/70.0	0.000/0.500	2421.91 secs	(12.07 secs)	0.002	0.093
32.0/70.0	0.025/0.500	2433.78 secs	(11.87 secs)	0.003	0.211
32.0/70.0	0.050/0.500	2445.96 secs	(12.18 secs)	0.006	0.128
32.0/70.0	0.075/0.500	2458.88 secs	(12.92 secs)	0.012	0.157
32.0/70.0	0.100/0.500	2477.10 secs	(18.22 secs)	0.035	0.105
32.0/70.0	0.125/0.500	2502.30 secs	(25.19 secs)	0.084	0.146
32.0/70.0	0.150/0.500	2526.02 secs	(23.72 secs)	0.165	0.151
32.0/70.0	0.175/0.500	2557.88 secs	(31.86 secs)	0.278	0.149
32.0/70.0	0.200/0.500	2588.77 secs	(30.90 secs)	0.441	0.162
32.0/70.0	0.225/0.500	2623.78 secs	(35.01 secs)	0.565	0.174
32.0/70.0	0.250/0.500	2662.08 secs	(38.30 secs)	0.733	0.179
32.0/70.0	0.275/0.500	2701.50 secs	(39.42 secs)	0.798	0.182
32.0/70.0	0.300/0.500	2736.69 secs	(35.19 secs)	0.758	0.174
32.0/70.0	0.325/0.500	2773.40 secs	(36.71 secs)	0.847	0.179
32.0/70.0	0.350/0.500	2810.16 secs	(36.76 secs)	0.938	0.195
32.0/70.0	0.375/0.500	2846.49 secs	(36.33 secs)	0.943	0.189
32.0/70.0	0.400/0.500	2881.71 secs	(35.22 secs)	0.968	0.187
32.0/70.0	0.425/0.500	2915.27 secs	(33.57 secs)	0.913	0.176
32.0/70.0	0.450/0.500	2948.92 secs	(33.64 secs)	0.941	0.180
32.0/70.0	0.475/0.500	2982.74 secs	(33.82 secs)	0.982	0.187
32.0/70.0	0.500/0.500	3016.56 secs	(33.82 secs)	0.986	0.187


32.5/70.0	0.000/0.500	3028.42 secs	(11.86 secs)	0.002	0.165
32.5/70.0	0.025/0.500	3040.65 secs	(12.23 secs)	0.003	0.135
32.5/70.0	0.050/0.500	3053.12 secs	(12.47 secs)	0.008	0.148
32.5/70.0	0.075/0.500	3067.18 secs	(14.06 secs)	0.018	0.148
32.5/70.0	0.100/0.500	3084.77 secs	(17.60 secs)	0.032	0.126
32.5/70.0	0.125/0.500	3105.57 secs	(20.79 secs)	0.080	0.125
32.5/70.0	0.150/0.500	3134.41 secs	(28.84 secs)	0.233	0.167
32.5/70.0	0.175/0.500	3162.04 secs	(27.63 secs)	0.304	0.150
32.5/70.0	0.200/0.500	3190.70 secs	(28.66 secs)	0.452	0.165
32.5/70.0	0.225/0.500	3222.08 secs	(31.38 secs)	0.602	0.165
32.5/70.0	0.250/0.500	3259.72 secs	(37.63 secs)	0.672	0.173
32.5/70.0	0.275/0.500	3295.29 secs	(35.57 secs)	0.707	0.167
32.5/70.0	0.300/0.500	3332.27 secs	(36.98 secs)	0.830	0.182
32.5/70.0	0.325/0.500	3368.38 secs	(36.11 secs)	0.871	0.195
32.5/70.0	0.350/0.500	3404.37 secs	(35.99 secs)	0.900	0.186
32.5/70.0	0.375/0.500	3438.91 secs	(34.53 secs)	0.881	0.178
32.5/70.0	0.400/0.500	3473.89 secs	(34.98 secs)	0.929	0.187
32.5/70.0	0.425/0.500	3507.39 secs	(33.50 secs)	0.914	0.182
32.5/70.0	0.450/0.500	3540.41 secs	(33.01 secs)	0.941	0.185
32.5/70.0	0.475/0.500	3573.04 secs	(32.63 secs)	0.964	0.184
32.5/70.0	0.500/0.500	3605.45 secs	(32.41 secs)	0.986	0.188


33.0/70.0	0.000/0.500	3617.54 secs	(12.09 secs)	0.002	0.125
33.0/70.0	0.025/0.500	3630.11 secs	(12.57 secs)	0.005	0.124
33.0/70.0	0.050/0.500	3643.05 secs	(12.94 secs)	0.005	0.132
33.0/70.0	0.075/0.500	3656.70 secs	(13.65 secs)	0.012	0.114
33.0/70.0	0.100/0.500	3672.91 secs	(16.21 secs)	0.036	0.165
33.0/70.0	0.125/0.500	3692.33 secs	(19.42 secs)	0.095	0.156
33.0/70.0	0.150/0.500	3719.37 secs	(27.04 secs)	0.177	0.156
33.0/70.0	0.175/0.500	3745.71 secs	(26.33 secs)	0.283	0.154
33.0/70.0	0.200/0.500	3775.37 secs	(29.66 secs)	0.426	0.173
33.0/70.0	0.225/0.500	3811.75 secs	(36.38 secs)	0.579	0.175
33.0/70.0	0.250/0.500	3848.90 secs	(37.15 secs)	0.670	0.178
33.0/70.0	0.275/0.500	3885.36 secs	(36.46 secs)	0.740	0.176
33.0/70.0	0.300/0.500	3923.01 secs	(37.65 secs)	0.779	0.169
33.0/70.0	0.325/0.500	3960.43 secs	(37.42 secs)	0.915	0.197
33.0/70.0	0.350/0.500	3997.20 secs	(36.76 secs)	0.931	0.198
33.0/70.0	0.375/0.500	4032.48 secs	(35.28 secs)	0.924	0.192
33.0/70.0	0.400/0.500	4067.65 secs	(35.16 secs)	0.949	0.191
33.0/70.0	0.425/0.500	4101.12 secs	(33.48 secs)	0.916	0.184
33.0/70.0	0.450/0.500	4134.83 secs	(33.71 secs)	0.960	0.191
33.0/70.0	0.475/0.500	4167.06 secs	(32.23 secs)	0.962	0.192
33.0/70.0	0.500/0.500	4199.65 secs	(32.59 secs)	0.967	0.187


33.5/70.0	0.000/0.500	4211.69 secs	(12.04 secs)	0.002	0.161
33.5/70.0	0.025/0.500	4223.68 secs	(11.99 secs)	0.004	0.205
33.5/70.0	0.050/0.500	4236.18 secs	(12.50 secs)	0.007	0.121
33.5/70.0	0.075/0.500	4249.81 secs	(13.63 secs)	0.016	0.151
33.5/70.0	0.100/0.500	4268.11 secs	(18.30 secs)	0.037	0.120
33.5/70.0	0.125/0.500	4293.13 secs	(25.02 secs)	0.122	0.155
33.5/70.0	0.150/0.500	4315.72 secs	(22.59 secs)	0.178	0.158
33.5/70.0	0.175/0.500	4350.97 secs	(35.25 secs)	0.351	0.164
33.5/70.0	0.200/0.500	4386.96 secs	(35.99 secs)	0.447	0.175
33.5/70.0	0.225/0.500	4422.29 secs	(35.33 secs)	0.608	0.181
33.5/70.0	0.250/0.500	4460.43 secs	(38.14 secs)	0.717	0.189
33.5/70.0	0.275/0.500	4492.99 secs	(32.56 secs)	0.717	0.178
33.5/70.0	0.300/0.500	4530.67 secs	(37.68 secs)	0.859	0.189
33.5/70.0	0.325/0.500	4567.57 secs	(36.90 secs)	0.847	0.186
33.5/70.0	0.350/0.500	4603.43 secs	(35.86 secs)	0.897	0.190
33.5/70.0	0.375/0.500	4638.62 secs	(35.19 secs)	0.923	0.192
33.5/70.0	0.400/0.500	4674.52 secs	(35.90 secs)	0.950	0.193
33.5/70.0	0.425/0.500	4708.49 secs	(33.97 secs)	0.957	0.195
33.5/70.0	0.450/0.500	4741.85 secs	(33.36 secs)	0.960	0.193
33.5/70.0	0.475/0.500	4774.80 secs	(32.95 secs)	0.985	0.192
33.5/70.0	0.500/0.500	4807.72 secs	(32.91 secs)	0.967	0.188


34.0/70.0	0.000/0.500	4819.49 secs	(11.77 secs)	0.002	0.142
34.0/70.0	0.025/0.500	4831.92 secs	(12.43 secs)	0.004	0.135
34.0/70.0	0.050/0.500	4844.30 secs	(12.38 secs)	0.006	0.133
34.0/70.0	0.075/0.500	4858.86 secs	(14.55 secs)	0.020	0.129
34.0/70.0	0.100/0.500	4876.23 secs	(17.37 secs)	0.052	0.142
34.0/70.0	0.125/0.500	4898.56 secs	(22.33 secs)	0.100	0.168
34.0/70.0	0.150/0.500	4924.19 secs	(25.63 secs)	0.213	0.170
34.0/70.0	0.175/0.500	4953.45 secs	(29.26 secs)	0.295	0.160
34.0/70.0	0.200/0.500	4989.17 secs	(35.72 secs)	0.440	0.162
34.0/70.0	0.225/0.500	5026.16 secs	(36.99 secs)	0.638	0.189
34.0/70.0	0.250/0.500	5062.01 secs	(35.84 secs)	0.678	0.175
34.0/70.0	0.275/0.500	5099.56 secs	(37.55 secs)	0.792	0.205
34.0/70.0	0.300/0.500	5137.96 secs	(38.40 secs)	0.869	0.195
34.0/70.0	0.325/0.500	5175.10 secs	(37.14 secs)	0.884	0.196
34.0/70.0	0.350/0.500	5211.41 secs	(36.31 secs)	0.911	0.195
34.0/70.0	0.375/0.500	5247.22 secs	(35.81 secs)	0.884	0.186
34.0/70.0	0.400/0.500	5281.40 secs	(34.18 secs)	0.947	0.197
34.0/70.0	0.425/0.500	5315.20 secs	(33.80 secs)	0.936	0.191
34.0/70.0	0.450/0.500	5348.53 secs	(33.33 secs)	0.961	0.200
34.0/70.0	0.475/0.500	5380.97 secs	(32.44 secs)	0.944	0.189
34.0/70.0	0.500/0.500	5413.61 secs	(32.64 secs)	0.967	0.194


34.5/70.0	0.000/0.500	5425.54 secs	(11.92 secs)	0.002	0.177
34.5/70.0	0.025/0.500	5437.94 secs	(12.41 secs)	0.004	0.175
34.5/70.0	0.050/0.500	5450.49 secs	(12.54 secs)	0.009	0.168
34.5/70.0	0.075/0.500	5465.94 secs	(15.46 secs)	0.026	0.156
34.5/70.0	0.100/0.500	5484.08 secs	(18.14 secs)	0.053	0.163
34.5/70.0	0.125/0.500	5503.88 secs	(19.80 secs)	0.102	0.160
34.5/70.0	0.150/0.500	5527.22 secs	(23.35 secs)	0.177	0.157
34.5/70.0	0.175/0.500	5561.69 secs	(34.46 secs)	0.328	0.178
34.5/70.0	0.200/0.500	5599.15 secs	(37.47 secs)	0.524	0.188
34.5/70.0	0.225/0.500	5633.65 secs	(34.50 secs)	0.575	0.186
34.5/70.0	0.250/0.500	5670.64 secs	(36.98 secs)	0.687	0.178
34.5/70.0	0.275/0.500	5708.81 secs	(38.18 secs)	0.774	0.181
34.5/70.0	0.300/0.500	5747.02 secs	(38.21 secs)	0.892	0.202
34.5/70.0	0.325/0.500	5783.46 secs	(36.44 secs)	0.878	0.196
34.5/70.0	0.350/0.500	5819.93 secs	(36.47 secs)	0.915	0.198
34.5/70.0	0.375/0.500	5855.56 secs	(35.62 secs)	0.901	0.192
34.5/70.0	0.400/0.500	5890.62 secs	(35.06 secs)	0.932	0.196
34.5/70.0	0.425/0.500	5925.61 secs	(34.99 secs)	0.969	0.202
34.5/70.0	0.450/0.500	5958.93 secs	(33.32 secs)	0.941	0.192
34.5/70.0	0.475/0.500	5992.35 secs	(33.42 secs)	0.964	0.194
34.5/70.0	0.500/0.500	6025.06 secs	(32.71 secs)	0.987	0.200


35.0/70.0	0.000/0.500	6036.90 secs	(11.84 secs)	0.002	0.147
35.0/70.0	0.025/0.500	6048.91 secs	(12.01 secs)	0.004	0.128
35.0/70.0	0.050/0.500	6061.65 secs	(12.74 secs)	0.009	0.170
35.0/70.0	0.075/0.500	6076.88 secs	(15.23 secs)	0.017	0.153
35.0/70.0	0.100/0.500	6096.93 secs	(20.05 secs)	0.053	0.195
35.0/70.0	0.125/0.500	6119.79 secs	(22.86 secs)	0.109	0.151
35.0/70.0	0.150/0.500	6149.41 secs	(29.62 secs)	0.259	0.171
35.0/70.0	0.175/0.500	6176.51 secs	(27.10 secs)	0.282	0.137
35.0/70.0	0.200/0.500	6208.97 secs	(32.46 secs)	0.490	0.182
35.0/70.0	0.225/0.500	6245.67 secs	(36.70 secs)	0.570	0.180
35.0/70.0	0.250/0.500	6284.91 secs	(39.24 secs)	0.776	0.206
35.0/70.0	0.275/0.500	6321.46 secs	(36.55 secs)	0.703	0.174
35.0/70.0	0.300/0.500	6359.92 secs	(38.46 secs)	0.856	0.196
35.0/70.0	0.325/0.500	6396.71 secs	(36.79 secs)	0.897	0.201
35.0/70.0	0.350/0.500	6432.64 secs	(35.93 secs)	0.874	0.191
35.0/70.0	0.375/0.500	6468.55 secs	(35.91 secs)	0.924	0.200
35.0/70.0	0.400/0.500	6503.28 secs	(34.72 secs)	0.932	0.194
35.0/70.0	0.425/0.500	6538.45 secs	(35.18 secs)	0.976	0.203
35.0/70.0	0.450/0.500	6571.89 secs	(33.44 secs)	0.981	0.199
35.0/70.0	0.475/0.500	6605.02 secs	(33.12 secs)	0.985	0.205
35.0/70.0	0.500/0.500	6637.36 secs	(32.34 secs)	0.986	0.198


35.5/70.0	0.000/0.500	6649.25 secs	(11.89 secs)	0.002	0.201
35.5/70.0	0.025/0.500	6661.36 secs	(12.11 secs)	0.004	0.146
35.5/70.0	0.050/0.500	6674.16 secs	(12.80 secs)	0.010	0.214
35.5/70.0	0.075/0.500	6689.76 secs	(15.60 secs)	0.020	0.151
35.5/70.0	0.100/0.500	6706.48 secs	(16.71 secs)	0.044	0.142
35.5/70.0	0.125/0.500	6734.85 secs	(28.37 secs)	0.127	0.166
35.5/70.0	0.150/0.500	6757.81 secs	(22.96 secs)	0.178	0.178
35.5/70.0	0.175/0.500	6786.21 secs	(28.40 secs)	0.316	0.169
35.5/70.0	0.200/0.500	6817.35 secs	(31.14 secs)	0.463	0.181
35.5/70.0	0.225/0.500	6852.48 secs	(35.13 secs)	0.644	0.186
35.5/70.0	0.250/0.500	6891.54 secs	(39.06 secs)	0.789	0.205
35.5/70.0	0.275/0.500	6929.29 secs	(37.75 secs)	0.774	0.197
35.5/70.0	0.300/0.500	6965.90 secs	(36.61 secs)	0.819	0.197
35.5/70.0	0.325/0.500	7001.72 secs	(35.82 secs)	0.889	0.203
35.5/70.0	0.350/0.500	7038.21 secs	(36.49 secs)	0.927	0.205
35.5/70.0	0.375/0.500	7074.19 secs	(35.98 secs)	0.907	0.196
35.5/70.0	0.400/0.500	7108.63 secs	(34.45 secs)	0.913	0.201
35.5/70.0	0.425/0.500	7142.62 secs	(33.98 secs)	0.958	0.201
35.5/70.0	0.450/0.500	7175.53 secs	(32.92 secs)	0.922	0.194
35.5/70.0	0.475/0.500	7207.78 secs	(32.24 secs)	0.966	0.195
35.5/70.0	0.500/0.500	7240.07 secs	(32.30 secs)	0.988	0.202


36.0/70.0	0.000/0.500	7251.94 secs	(11.87 secs)	0.002	0.130
36.0/70.0	0.025/0.500	7264.18 secs	(12.24 secs)	0.004	0.161
36.0/70.0	0.050/0.500	7276.89 secs	(12.71 secs)	0.008	0.180
36.0/70.0	0.075/0.500	7289.03 secs	(12.14 secs)	0.011	0.111
36.0/70.0	0.100/0.500	7307.37 secs	(18.34 secs)	0.052	0.149
36.0/70.0	0.125/0.500	7328.75 secs	(21.38 secs)	0.104	0.172
36.0/70.0	0.150/0.500	7358.87 secs	(30.12 secs)	0.198	0.170
36.0/70.0	0.175/0.500	7386.44 secs	(27.57 secs)	0.350	0.169
36.0/70.0	0.200/0.500	7421.93 secs	(35.49 secs)	0.441	0.176
36.0/70.0	0.225/0.500	7459.39 secs	(37.46 secs)	0.649	0.196
36.0/70.0	0.250/0.500	7496.62 secs	(37.23 secs)	0.703	0.191
36.0/70.0	0.275/0.500	7534.43 secs	(37.82 secs)	0.779	0.194
36.0/70.0	0.300/0.500	7572.61 secs	(38.17 secs)	0.859	0.209
36.0/70.0	0.325/0.500	7608.77 secs	(36.17 secs)	0.872	0.204
36.0/70.0	0.350/0.500	7644.59 secs	(35.82 secs)	0.889	0.198
36.0/70.0	0.375/0.500	7679.91 secs	(35.32 secs)	0.863	0.203
36.0/70.0	0.400/0.500	7714.42 secs	(34.51 secs)	0.950	0.204
36.0/70.0	0.425/0.500	7748.26 secs	(33.84 secs)	0.958	0.204
36.0/70.0	0.450/0.500	7781.64 secs	(33.38 secs)	0.983	0.208
36.0/70.0	0.475/0.500	7814.77 secs	(33.13 secs)	0.965	0.206
36.0/70.0	0.500/0.500	7847.32 secs	(32.55 secs)	0.969	0.201


36.5/70.0	0.000/0.500	7859.34 secs	(12.02 secs)	0.002	0.149
36.5/70.0	0.025/0.500	7872.25 secs	(12.91 secs)	0.004	0.121
36.5/70.0	0.050/0.500	7884.30 secs	(12.05 secs)	0.008	0.157
36.5/70.0	0.075/0.500	7899.03 secs	(14.73 secs)	0.025	0.184
36.5/70.0	0.100/0.500	7917.22 secs	(18.19 secs)	0.060	0.161
36.5/70.0	0.125/0.500	7939.86 secs	(22.63 secs)	0.107	0.176
36.5/70.0	0.150/0.500	7966.41 secs	(26.55 secs)	0.250	0.182
36.5/70.0	0.175/0.500	7993.84 secs	(27.43 secs)	0.295	0.177
36.5/70.0	0.200/0.500	8023.72 secs	(29.88 secs)	0.491	0.197
36.5/70.0	0.225/0.500	8061.15 secs	(37.43 secs)	0.617	0.190
36.5/70.0	0.250/0.500	8100.29 secs	(39.14 secs)	0.753	0.209
36.5/70.0	0.275/0.500	8138.17 secs	(37.87 secs)	0.779	0.193
36.5/70.0	0.300/0.500	8175.18 secs	(37.02 secs)	0.826	0.194
36.5/70.0	0.325/0.500	8212.30 secs	(37.12 secs)	0.890	0.208
36.5/70.0	0.350/0.500	8248.46 secs	(36.16 secs)	0.874	0.197
36.5/70.0	0.375/0.500	8284.58 secs	(36.11 secs)	0.907	0.201
36.5/70.0	0.400/0.500	8319.10 secs	(34.53 secs)	0.951	0.209
36.5/70.0	0.425/0.500	8353.97 secs	(34.87 secs)	0.954	0.206
36.5/70.0	0.450/0.500	8387.99 secs	(34.01 secs)	0.962	0.208
36.5/70.0	0.475/0.500	8421.08 secs	(33.09 secs)	0.985	0.214
36.5/70.0	0.500/0.500	8452.78 secs	(31.70 secs)	0.987	0.208


37.0/70.0	0.000/0.500	8464.55 secs	(11.77 secs)	0.002	0.169
37.0/70.0	0.025/0.500	8477.65 secs	(13.10 secs)	0.005	0.232
37.0/70.0	0.050/0.500	8490.63 secs	(12.98 secs)	0.011	0.197
37.0/70.0	0.075/0.500	8506.15 secs	(15.52 secs)	0.014	0.117
37.0/70.0	0.100/0.500	8524.40 secs	(18.25 secs)	0.054	0.157
37.0/70.0	0.125/0.500	8546.04 secs	(21.64 secs)	0.109	0.169
37.0/70.0	0.150/0.500	8574.06 secs	(28.02 secs)	0.222	0.177
37.0/70.0	0.175/0.500	8606.29 secs	(32.23 secs)	0.343	0.191
37.0/70.0	0.200/0.500	8642.17 secs	(35.88 secs)	0.493	0.192
37.0/70.0	0.225/0.500	8676.05 secs	(33.88 secs)	0.627	0.186
37.0/70.0	0.250/0.500	8714.90 secs	(38.85 secs)	0.732	0.208
37.0/70.0	0.275/0.500	8753.80 secs	(38.90 secs)	0.858	0.215
37.0/70.0	0.300/0.500	8786.57 secs	(32.77 secs)	0.809	0.196
37.0/70.0	0.325/0.500	8824.16 secs	(37.59 secs)	0.921	0.218
37.0/70.0	0.350/0.500	8855.71 secs	(31.55 secs)	0.898	0.210
37.0/70.0	0.375/0.500	8892.32 secs	(36.61 secs)	0.943	0.213
37.0/70.0	0.400/0.500	8926.51 secs	(34.19 secs)	0.934	0.206
37.0/70.0	0.425/0.500	8960.25 secs	(33.74 secs)	0.918	0.203
37.0/70.0	0.450/0.500	8993.85 secs	(33.60 secs)	0.943	0.207
37.0/70.0	0.475/0.500	9026.87 secs	(33.02 secs)	0.987	0.215
37.0/70.0	0.500/0.500	9059.13 secs	(32.26 secs)	0.968	0.208


37.5/70.0	0.000/0.500	9071.16 secs	(12.03 secs)	0.002	0.159
37.5/70.0	0.025/0.500	9083.39 secs	(12.24 secs)	0.004	0.169
37.5/70.0	0.050/0.500	9095.77 secs	(12.38 secs)	0.008	0.141
37.5/70.0	0.075/0.500	9108.86 secs	(13.09 secs)	0.016	0.162
37.5/70.0	0.100/0.500	9129.39 secs	(20.53 secs)	0.054	0.193
37.5/70.0	0.125/0.500	9158.94 secs	(29.54 secs)	0.159	0.192
37.5/70.0	0.150/0.500	9187.05 secs	(28.12 secs)	0.207	0.166
37.5/70.0	0.175/0.500	9221.94 secs	(34.89 secs)	0.356	0.181
37.5/70.0	0.200/0.500	9257.32 secs	(35.38 secs)	0.540	0.192
37.5/70.0	0.225/0.500	9295.93 secs	(38.61 secs)	0.693	0.206
37.5/70.0	0.250/0.500	9334.09 secs	(38.15 secs)	0.749	0.212
37.5/70.0	0.275/0.500	9371.06 secs	(36.98 secs)	0.743	0.190
37.5/70.0	0.300/0.500	9409.61 secs	(38.55 secs)	0.863	0.211
37.5/70.0	0.325/0.500	9446.79 secs	(37.18 secs)	0.897	0.211
37.5/70.0	0.350/0.500	9483.34 secs	(36.55 secs)	0.907	0.211
37.5/70.0	0.375/0.500	9518.43 secs	(35.09 secs)	0.940	0.218
37.5/70.0	0.400/0.500	9554.58 secs	(36.15 secs)	0.961	0.216
37.5/70.0	0.425/0.500	9587.74 secs	(33.16 secs)	0.931	0.210
37.5/70.0	0.450/0.500	9621.40 secs	(33.66 secs)	0.961	0.213
37.5/70.0	0.475/0.500	9654.41 secs	(33.01 secs)	0.985	0.215
37.5/70.0	0.500/0.500	9686.99 secs	(32.58 secs)	0.967	0.210


38.0/70.0	0.000/0.500	9699.08 secs	(12.09 secs)	0.002	0.115
38.0/70.0	0.025/0.500	9710.85 secs	(11.78 secs)	0.004	0.140
38.0/70.0	0.050/0.500	9724.51 secs	(13.65 secs)	0.008	0.139
38.0/70.0	0.075/0.500	9738.51 secs	(14.01 secs)	0.025	0.145
38.0/70.0	0.100/0.500	9758.01 secs	(19.50 secs)	0.069	0.189
38.0/70.0	0.125/0.500	9782.19 secs	(24.17 secs)	0.161	0.210
38.0/70.0	0.150/0.500	9806.37 secs	(24.18 secs)	0.207	0.174
38.0/70.0	0.175/0.500	9838.92 secs	(32.55 secs)	0.388	0.202
38.0/70.0	0.200/0.500	9873.27 secs	(34.35 secs)	0.488	0.208
38.0/70.0	0.225/0.500	9909.96 secs	(36.69 secs)	0.673	0.199
38.0/70.0	0.250/0.500	9946.76 secs	(36.81 secs)	0.719	0.207
38.0/70.0	0.275/0.500	9983.68 secs	(36.92 secs)	0.803	0.210
38.0/70.0	0.300/0.500	10020.51 secs	(36.83 secs)	0.853	0.212
38.0/70.0	0.325/0.500	10056.48 secs	(35.97 secs)	0.830	0.201
38.0/70.0	0.350/0.500	10092.20 secs	(35.72 secs)	0.932	0.216
38.0/70.0	0.375/0.500	10127.36 secs	(35.16 secs)	0.907	0.210
38.0/70.0	0.400/0.500	10162.67 secs	(35.31 secs)	0.971	0.220
38.0/70.0	0.425/0.500	10197.19 secs	(34.52 secs)	0.975	0.221
38.0/70.0	0.450/0.500	10230.10 secs	(32.91 secs)	0.943	0.209
38.0/70.0	0.475/0.500	10262.27 secs	(32.17 secs)	0.946	0.208
38.0/70.0	0.500/0.500	10293.92 secs	(31.66 secs)	0.988	0.218


38.5/70.0	0.000/0.500	10305.82 secs	(11.90 secs)	0.002	0.159
38.5/70.0	0.025/0.500	10318.41 secs	(12.59 secs)	0.004	0.154
38.5/70.0	0.050/0.500	10332.61 secs	(14.20 secs)	0.009	0.154
38.5/70.0	0.075/0.500	10346.59 secs	(13.97 secs)	0.027	0.181
38.5/70.0	0.100/0.500	10366.31 secs	(19.72 secs)	0.070	0.153
38.5/70.0	0.125/0.500	10390.13 secs	(23.82 secs)	0.107	0.170
38.5/70.0	0.150/0.500	10422.07 secs	(31.95 secs)	0.247	0.188
38.5/70.0	0.175/0.500	10450.45 secs	(28.37 secs)	0.333	0.182
38.5/70.0	0.200/0.500	10486.46 secs	(36.01 secs)	0.505	0.198
38.5/70.0	0.225/0.500	10521.07 secs	(34.61 secs)	0.685	0.208
38.5/70.0	0.250/0.500	10559.19 secs	(38.12 secs)	0.757	0.210
38.5/70.0	0.275/0.500	10597.10 secs	(37.91 secs)	0.854	0.221
38.5/70.0	0.300/0.500	10632.04 secs	(34.94 secs)	0.777	0.201
38.5/70.0	0.325/0.500	10670.44 secs	(38.40 secs)	0.934	0.223
38.5/70.0	0.350/0.500	10706.61 secs	(36.17 secs)	0.908	0.217
38.5/70.0	0.375/0.500	10740.87 secs	(34.26 secs)	0.888	0.206
38.5/70.0	0.400/0.500	10774.23 secs	(33.35 secs)	0.909	0.208
38.5/70.0	0.425/0.500	10807.83 secs	(33.60 secs)	0.977	0.221
38.5/70.0	0.450/0.500	10841.20 secs	(33.38 secs)	0.983	0.221
38.5/70.0	0.475/0.500	10873.71 secs	(32.50 secs)	0.987	0.219
38.5/70.0	0.500/0.500	10906.43 secs	(32.72 secs)	0.968	0.215


39.0/70.0	0.000/0.500	10918.23 secs	(11.80 secs)	0.002	0.195
39.0/70.0	0.025/0.500	10930.47 secs	(12.25 secs)	0.004	0.200
39.0/70.0	0.050/0.500	10943.83 secs	(13.36 secs)	0.009	0.187
39.0/70.0	0.075/0.500	10958.74 secs	(14.91 secs)	0.025	0.149
39.0/70.0	0.100/0.500	10976.05 secs	(17.30 secs)	0.066	0.185
39.0/70.0	0.125/0.500	10999.38 secs	(23.33 secs)	0.109	0.157
39.0/70.0	0.150/0.500	11030.07 secs	(30.69 secs)	0.258	0.196
39.0/70.0	0.175/0.500	11065.25 secs	(35.18 secs)	0.468	0.219
39.0/70.0	0.200/0.500	11103.46 secs	(38.22 secs)	0.582	0.210
39.0/70.0	0.225/0.500	11138.16 secs	(34.70 secs)	0.630	0.199
39.0/70.0	0.250/0.500	11176.55 secs	(38.39 secs)	0.723	0.215
39.0/70.0	0.275/0.500	11214.39 secs	(37.84 secs)	0.812	0.215
39.0/70.0	0.300/0.500	11250.90 secs	(36.51 secs)	0.881	0.224
39.0/70.0	0.325/0.500	11288.24 secs	(37.35 secs)	0.907	0.218
39.0/70.0	0.350/0.500	11324.15 secs	(35.91 secs)	0.863	0.204
39.0/70.0	0.375/0.500	11359.02 secs	(34.87 secs)	0.928	0.217
39.0/70.0	0.400/0.500	11393.94 secs	(34.92 secs)	0.975	0.229
39.0/70.0	0.425/0.500	11427.43 secs	(33.49 secs)	0.921	0.211
39.0/70.0	0.450/0.500	11460.66 secs	(33.22 secs)	0.964	0.213
39.0/70.0	0.475/0.500	11493.00 secs	(32.34 secs)	0.947	0.214
39.0/70.0	0.500/0.500	11525.39 secs	(32.39 secs)	0.966	0.217


39.5/70.0	0.000/0.500	11537.07 secs	(11.68 secs)	0.002	0.149
39.5/70.0	0.025/0.500	11549.06 secs	(11.99 secs)	0.005	0.199
39.5/70.0	0.050/0.500	11561.60 secs	(12.55 secs)	0.011	0.140
39.5/70.0	0.075/0.500	11576.17 secs	(14.57 secs)	0.022	0.179
39.5/70.0	0.100/0.500	11594.62 secs	(18.45 secs)	0.067	0.184
39.5/70.0	0.125/0.500	11618.79 secs	(24.17 secs)	0.155	0.213
39.5/70.0	0.150/0.500	11648.30 secs	(29.51 secs)	0.246	0.191
39.5/70.0	0.175/0.500	11677.62 secs	(29.32 secs)	0.401	0.201
39.5/70.0	0.200/0.500	11711.29 secs	(33.67 secs)	0.506	0.195
39.5/70.0	0.225/0.500	11748.61 secs	(37.32 secs)	0.692	0.213
39.5/70.0	0.250/0.500	11786.83 secs	(38.23 secs)	0.751	0.218
39.5/70.0	0.275/0.500	11825.55 secs	(38.72 secs)	0.837	0.222
39.5/70.0	0.300/0.500	11862.98 secs	(37.43 secs)	0.871	0.221
39.5/70.0	0.325/0.500	11899.25 secs	(36.28 secs)	0.886	0.220
39.5/70.0	0.350/0.500	11934.55 secs	(35.29 secs)	0.928	0.227
39.5/70.0	0.375/0.500	11969.49 secs	(34.94 secs)	0.949	0.226
39.5/70.0	0.400/0.500	12003.73 secs	(34.24 secs)	0.954	0.218
39.5/70.0	0.425/0.500	12037.29 secs	(33.56 secs)	0.978	0.228
39.5/70.0	0.450/0.500	12070.53 secs	(33.24 secs)	0.982	0.228
39.5/70.0	0.475/0.500	12102.41 secs	(31.88 secs)	0.966	0.219
39.5/70.0	0.500/0.500	12134.41 secs	(32.00 secs)	0.970	0.220


40.0/70.0	0.000/0.500	12146.34 secs	(11.93 secs)	0.002	0.183
40.0/70.0	0.025/0.500	12158.36 secs	(12.02 secs)	0.004	0.190
40.0/70.0	0.050/0.500	12170.76 secs	(12.40 secs)	0.011	0.162
40.0/70.0	0.075/0.500	12186.89 secs	(16.13 secs)	0.026	0.229
40.0/70.0	0.100/0.500	12203.60 secs	(16.71 secs)	0.057	0.170
40.0/70.0	0.125/0.500	12226.12 secs	(22.52 secs)	0.140	0.195
40.0/70.0	0.150/0.500	12253.32 secs	(27.20 secs)	0.250	0.207
40.0/70.0	0.175/0.500	12291.13 secs	(37.81 secs)	0.449	0.215
40.0/70.0	0.200/0.500	12327.82 secs	(36.69 secs)	0.516	0.205
40.0/70.0	0.225/0.500	12364.49 secs	(36.67 secs)	0.699	0.221
40.0/70.0	0.250/0.500	12400.95 secs	(36.47 secs)	0.687	0.198
40.0/70.0	0.275/0.500	12438.15 secs	(37.20 secs)	0.810	0.213
40.0/70.0	0.300/0.500	12473.86 secs	(35.71 secs)	0.848	0.216
40.0/70.0	0.325/0.500	12510.59 secs	(36.73 secs)	0.914	0.230
40.0/70.0	0.350/0.500	12546.11 secs	(35.52 secs)	0.907	0.227
40.0/70.0	0.375/0.500	12582.80 secs	(36.69 secs)	0.947	0.228
40.0/70.0	0.400/0.500	12617.37 secs	(34.56 secs)	0.971	0.230
40.0/70.0	0.425/0.500	12651.31 secs	(33.94 secs)	0.979	0.229
40.0/70.0	0.450/0.500	12684.14 secs	(32.83 secs)	0.945	0.220
40.0/70.0	0.475/0.500	12716.95 secs	(32.81 secs)	0.968	0.224
40.0/70.0	0.500/0.500	12748.53 secs	(31.58 secs)	0.969	0.221


40.5/70.0	0.000/0.500	12760.46 secs	(11.93 secs)	0.002	0.166
40.5/70.0	0.025/0.500	12772.26 secs	(11.80 secs)	0.004	0.113
40.5/70.0	0.050/0.500	12784.99 secs	(12.73 secs)	0.012	0.206
40.5/70.0	0.075/0.500	12799.45 secs	(14.46 secs)	0.026	0.180
40.5/70.0	0.100/0.500	12821.83 secs	(22.39 secs)	0.090	0.191
40.5/70.0	0.125/0.500	12851.04 secs	(29.21 secs)	0.168	0.191
40.5/70.0	0.150/0.500	12879.09 secs	(28.05 secs)	0.281	0.192
40.5/70.0	0.175/0.500	12911.03 secs	(31.94 secs)	0.475	0.220
40.5/70.0	0.200/0.500	12946.25 secs	(35.23 secs)	0.590	0.222
40.5/70.0	0.225/0.500	12980.19 secs	(33.93 secs)	0.657	0.215
40.5/70.0	0.250/0.500	13020.33 secs	(40.15 secs)	0.760	0.224
40.5/70.0	0.275/0.500	13060.25 secs	(39.92 secs)	0.844	0.231
40.5/70.0	0.300/0.500	13099.99 secs	(39.74 secs)	0.886	0.226
40.5/70.0	0.325/0.500	13138.41 secs	(38.42 secs)	0.895	0.226
40.5/70.0	0.350/0.500	13170.42 secs	(32.01 secs)	0.896	0.224
40.5/70.0	0.375/0.500	13207.14 secs	(36.72 secs)	0.911	0.221
40.5/70.0	0.400/0.500	13244.32 secs	(37.17 secs)	0.970	0.235
40.5/70.0	0.425/0.500	13279.17 secs	(34.85 secs)	0.980	0.232
40.5/70.0	0.450/0.500	13312.17 secs	(32.99 secs)	0.944	0.220
40.5/70.0	0.475/0.500	13344.26 secs	(32.09 secs)	0.967	0.227
40.5/70.0	0.500/0.500	13377.06 secs	(32.81 secs)	0.989	0.230


41.0/70.0	0.000/0.500	13388.94 secs	(11.87 secs)	0.002	0.192
41.0/70.0	0.025/0.500	13400.79 secs	(11.86 secs)	0.004	0.145
41.0/70.0	0.050/0.500	13414.37 secs	(13.57 secs)	0.010	0.184
41.0/70.0	0.075/0.500	13430.27 secs	(15.91 secs)	0.022	0.162
41.0/70.0	0.100/0.500	13447.92 secs	(17.65 secs)	0.066	0.202
41.0/70.0	0.125/0.500	13469.41 secs	(21.49 secs)	0.105	0.197
41.0/70.0	0.150/0.500	13495.40 secs	(25.98 secs)	0.236	0.202
41.0/70.0	0.175/0.500	13529.00 secs	(33.61 secs)	0.437	0.219
41.0/70.0	0.200/0.500	13559.34 secs	(30.34 secs)	0.504	0.198
41.0/70.0	0.225/0.500	13598.95 secs	(39.60 secs)	0.719	0.226
41.0/70.0	0.250/0.500	13638.09 secs	(39.15 secs)	0.795	0.224
41.0/70.0	0.275/0.500	13674.80 secs	(36.71 secs)	0.802	0.224
41.0/70.0	0.300/0.500	13711.73 secs	(36.93 secs)	0.834	0.218
41.0/70.0	0.325/0.500	13748.84 secs	(37.12 secs)	0.893	0.226
41.0/70.0	0.350/0.500	13784.57 secs	(35.73 secs)	0.934	0.231
41.0/70.0	0.375/0.500	13819.71 secs	(35.14 secs)	0.934	0.235
41.0/70.0	0.400/0.500	13853.90 secs	(34.20 secs)	0.918	0.222
41.0/70.0	0.425/0.500	13888.02 secs	(34.12 secs)	0.981	0.237
41.0/70.0	0.450/0.500	13919.99 secs	(31.97 secs)	0.926	0.220
41.0/70.0	0.475/0.500	13952.68 secs	(32.69 secs)	0.986	0.229
41.0/70.0	0.500/0.500	13984.38 secs	(31.69 secs)	0.969	0.224


41.5/70.0	0.000/0.500	13996.33 secs	(11.95 secs)	0.003	0.193
41.5/70.0	0.025/0.500	14008.48 secs	(12.15 secs)	0.004	0.167
41.5/70.0	0.050/0.500	14022.58 secs	(14.10 secs)	0.009	0.179
41.5/70.0	0.075/0.500	14038.29 secs	(15.70 secs)	0.026	0.195
41.5/70.0	0.100/0.500	14056.62 secs	(18.33 secs)	0.070	0.232
41.5/70.0	0.125/0.500	14082.10 secs	(25.48 secs)	0.166	0.202
41.5/70.0	0.150/0.500	14108.34 secs	(26.24 secs)	0.274	0.195
41.5/70.0	0.175/0.500	14145.59 secs	(37.25 secs)	0.439	0.210
41.5/70.0	0.200/0.500	14180.25 secs	(34.66 secs)	0.566	0.224
41.5/70.0	0.225/0.500	14213.92 secs	(33.67 secs)	0.616	0.230
41.5/70.0	0.250/0.500	14250.02 secs	(36.10 secs)	0.718	0.214
41.5/70.0	0.275/0.500	14287.82 secs	(37.80 secs)	0.843	0.227
41.5/70.0	0.300/0.500	14323.93 secs	(36.11 secs)	0.823	0.221
41.5/70.0	0.325/0.500	14360.85 secs	(36.92 secs)	0.905	0.237
41.5/70.0	0.350/0.500	14397.02 secs	(36.17 secs)	0.922	0.231
41.5/70.0	0.375/0.500	14431.66 secs	(34.64 secs)	0.911	0.229
41.5/70.0	0.400/0.500	14465.42 secs	(33.76 secs)	0.955	0.234
41.5/70.0	0.425/0.500	14498.81 secs	(33.39 secs)	0.958	0.231
41.5/70.0	0.450/0.500	14532.36 secs	(33.55 secs)	0.984	0.234
41.5/70.0	0.475/0.500	14565.75 secs	(33.40 secs)	0.968	0.229
41.5/70.0	0.500/0.500	14598.00 secs	(32.24 secs)	0.969	0.229


42.0/70.0	0.000/0.500	14609.77 secs	(11.77 secs)	0.002	0.186
42.0/70.0	0.025/0.500	14622.56 secs	(12.79 secs)	0.004	0.151
42.0/70.0	0.050/0.500	14638.64 secs	(16.08 secs)	0.015	0.196
42.0/70.0	0.075/0.500	14654.86 secs	(16.22 secs)	0.015	0.130
42.0/70.0	0.100/0.500	14671.31 secs	(16.46 secs)	0.060	0.196
42.0/70.0	0.125/0.500	14694.13 secs	(22.81 secs)	0.137	0.209
42.0/70.0	0.150/0.500	14724.37 secs	(30.24 secs)	0.265	0.213
42.0/70.0	0.175/0.500	14752.63 secs	(28.26 secs)	0.390	0.194
42.0/70.0	0.200/0.500	14789.55 secs	(36.92 secs)	0.589	0.233
42.0/70.0	0.225/0.500	14827.24 secs	(37.70 secs)	0.717	0.229
42.0/70.0	0.250/0.500	14863.52 secs	(36.27 secs)	0.728	0.218
42.0/70.0	0.275/0.500	14900.40 secs	(36.89 secs)	0.847	0.234
42.0/70.0	0.300/0.500	14936.28 secs	(35.88 secs)	0.883	0.237
42.0/70.0	0.325/0.500	14973.07 secs	(36.79 secs)	0.890	0.230
42.0/70.0	0.350/0.500	15008.79 secs	(35.72 secs)	0.936	0.236
42.0/70.0	0.375/0.500	15043.83 secs	(35.04 secs)	0.946	0.233
42.0/70.0	0.400/0.500	15079.04 secs	(35.21 secs)	0.974	0.243
42.0/70.0	0.425/0.500	15112.32 secs	(33.29 secs)	0.980	0.236
42.0/70.0	0.450/0.500	15145.21 secs	(32.89 secs)	0.965	0.236
42.0/70.0	0.475/0.500	15177.32 secs	(32.11 secs)	0.988	0.236
42.0/70.0	0.500/0.500	15209.16 secs	(31.84 secs)	0.930	0.223


42.5/70.0	0.000/0.500	15221.26 secs	(12.10 secs)	0.003	0.259
42.5/70.0	0.025/0.500	15233.20 secs	(11.93 secs)	0.005	0.248
42.5/70.0	0.050/0.500	15247.03 secs	(13.84 secs)	0.013	0.187
42.5/70.0	0.075/0.500	15262.66 secs	(15.63 secs)	0.035	0.209
42.5/70.0	0.100/0.500	15282.38 secs	(19.72 secs)	0.074	0.182
42.5/70.0	0.125/0.500	15307.01 secs	(24.63 secs)	0.151	0.195
42.5/70.0	0.150/0.500	15337.56 secs	(30.55 secs)	0.283	0.199
42.5/70.0	0.175/0.500	15367.83 secs	(30.27 secs)	0.430	0.212
42.5/70.0	0.200/0.500	15403.27 secs	(35.44 secs)	0.631	0.242
42.5/70.0	0.225/0.500	15440.45 secs	(37.17 secs)	0.689	0.221
42.5/70.0	0.250/0.500	15478.47 secs	(38.02 secs)	0.769	0.228
42.5/70.0	0.275/0.500	15515.03 secs	(36.56 secs)	0.788	0.218
42.5/70.0	0.300/0.500	15550.50 secs	(35.46 secs)	0.826	0.223
42.5/70.0	0.325/0.500	15586.36 secs	(35.86 secs)	0.891	0.232
42.5/70.0	0.350/0.500	15623.17 secs	(36.81 secs)	0.960	0.250
42.5/70.0	0.375/0.500	15657.30 secs	(34.14 secs)	0.871	0.217
42.5/70.0	0.400/0.500	15691.76 secs	(34.46 secs)	0.976	0.244
42.5/70.0	0.425/0.500	15726.21 secs	(34.45 secs)	0.942	0.230
42.5/70.0	0.450/0.500	15759.28 secs	(33.07 secs)	0.945	0.230
42.5/70.0	0.475/0.500	15791.78 secs	(32.50 secs)	0.987	0.234
42.5/70.0	0.500/0.500	15824.24 secs	(32.46 secs)	0.990	0.238


43.0/70.0	0.000/0.500	15836.65 secs	(12.41 secs)	0.003	0.162
43.0/70.0	0.025/0.500	15848.67 secs	(12.02 secs)	0.005	0.222
43.0/70.0	0.050/0.500	15862.80 secs	(14.13 secs)	0.016	0.190
43.0/70.0	0.075/0.500	15881.89 secs	(19.09 secs)	0.034	0.169
43.0/70.0	0.100/0.500	15900.65 secs	(18.75 secs)	0.073	0.172
43.0/70.0	0.125/0.500	15924.91 secs	(24.26 secs)	0.185	0.206
43.0/70.0	0.150/0.500	15955.72 secs	(30.82 secs)	0.305	0.198
43.0/70.0	0.175/0.500	15993.28 secs	(37.56 secs)	0.458	0.215
43.0/70.0	0.200/0.500	16023.30 secs	(30.01 secs)	0.547	0.207
43.0/70.0	0.225/0.500	16061.02 secs	(37.72 secs)	0.670	0.227
43.0/70.0	0.250/0.500	16098.48 secs	(37.46 secs)	0.845	0.251
43.0/70.0	0.275/0.500	16137.26 secs	(38.78 secs)	0.836	0.236
43.0/70.0	0.300/0.500	16174.27 secs	(37.01 secs)	0.835	0.235
43.0/70.0	0.325/0.500	16211.08 secs	(36.81 secs)	0.892	0.238
43.0/70.0	0.350/0.500	16246.63 secs	(35.55 secs)	0.925	0.237
43.0/70.0	0.375/0.500	16280.75 secs	(34.12 secs)	0.912	0.232
43.0/70.0	0.400/0.500	16314.62 secs	(33.87 secs)	0.956	0.243
43.0/70.0	0.425/0.500	16347.98 secs	(33.36 secs)	0.961	0.240
43.0/70.0	0.450/0.500	16381.67 secs	(33.69 secs)	0.963	0.239
43.0/70.0	0.475/0.500	16414.02 secs	(32.35 secs)	0.968	0.241
43.0/70.0	0.500/0.500	16447.05 secs	(33.02 secs)	0.990	0.241


43.5/70.0	0.000/0.500	16459.27 secs	(12.22 secs)	0.002	0.170
43.5/70.0	0.025/0.500	16471.19 secs	(11.92 secs)	0.004	0.186
43.5/70.0	0.050/0.500	16484.72 secs	(13.53 secs)	0.013	0.189
43.5/70.0	0.075/0.500	16500.62 secs	(15.90 secs)	0.034	0.251
43.5/70.0	0.100/0.500	16517.87 secs	(17.25 secs)	0.063	0.176
43.5/70.0	0.125/0.500	16541.02 secs	(23.14 secs)	0.153	0.190
43.5/70.0	0.150/0.500	16571.43 secs	(30.41 secs)	0.307	0.220
43.5/70.0	0.175/0.500	16601.90 secs	(30.48 secs)	0.463	0.209
43.5/70.0	0.200/0.500	16636.75 secs	(34.85 secs)	0.512	0.206
43.5/70.0	0.225/0.500	16676.09 secs	(39.33 secs)	0.720	0.244
43.5/70.0	0.250/0.500	16711.11 secs	(35.02 secs)	0.759	0.236
43.5/70.0	0.275/0.500	16747.91 secs	(36.80 secs)	0.788	0.229
43.5/70.0	0.300/0.500	16783.50 secs	(35.59 secs)	0.893	0.241
43.5/70.0	0.325/0.500	16820.41 secs	(36.91 secs)	0.937	0.245
43.5/70.0	0.350/0.500	16856.33 secs	(35.92 secs)	0.945	0.248
43.5/70.0	0.375/0.500	16890.91 secs	(34.59 secs)	0.949	0.241
43.5/70.0	0.400/0.500	16925.34 secs	(34.42 secs)	0.919	0.234
43.5/70.0	0.425/0.500	16959.37 secs	(34.03 secs)	0.963	0.244
43.5/70.0	0.450/0.500	16992.17 secs	(32.80 secs)	0.965	0.237
43.5/70.0	0.475/0.500	17024.00 secs	(31.83 secs)	0.948	0.230
43.5/70.0	0.500/0.500	17056.07 secs	(32.07 secs)	0.990	0.240


44.0/70.0	0.000/0.500	17068.35 secs	(12.28 secs)	0.003	0.201
44.0/70.0	0.025/0.500	17080.61 secs	(12.27 secs)	0.006	0.229
44.0/70.0	0.050/0.500	17093.46 secs	(12.85 secs)	0.009	0.212
44.0/70.0	0.075/0.500	17112.15 secs	(18.68 secs)	0.040	0.176
44.0/70.0	0.100/0.500	17133.48 secs	(21.33 secs)	0.083	0.208
44.0/70.0	0.125/0.500	17155.38 secs	(21.90 secs)	0.132	0.194
44.0/70.0	0.150/0.500	17184.84 secs	(29.46 secs)	0.289	0.194
44.0/70.0	0.175/0.500	17221.88 secs	(37.04 secs)	0.502	0.236
44.0/70.0	0.200/0.500	17258.79 secs	(36.90 secs)	0.618	0.223
44.0/70.0	0.225/0.500	17293.03 secs	(34.25 secs)	0.623	0.226
44.0/70.0	0.250/0.500	17331.57 secs	(38.53 secs)	0.792	0.243
44.0/70.0	0.275/0.500	17369.20 secs	(37.63 secs)	0.814	0.232
44.0/70.0	0.300/0.500	17406.69 secs	(37.49 secs)	0.931	0.255
44.0/70.0	0.325/0.500	17443.84 secs	(37.15 secs)	0.958	0.258
44.0/70.0	0.350/0.500	17477.21 secs	(33.37 secs)	0.829	0.215
44.0/70.0	0.375/0.500	17512.29 secs	(35.08 secs)	0.933	0.243
44.0/70.0	0.400/0.500	17546.45 secs	(34.16 secs)	0.938	0.237
44.0/70.0	0.425/0.500	17580.27 secs	(33.82 secs)	0.944	0.241
44.0/70.0	0.450/0.500	17612.57 secs	(32.29 secs)	0.965	0.243
44.0/70.0	0.475/0.500	17645.47 secs	(32.91 secs)	0.969	0.240
44.0/70.0	0.500/0.500	17677.52 secs	(32.05 secs)	0.970	0.241


44.5/70.0	0.000/0.500	17689.51 secs	(11.99 secs)	0.003	0.205
44.5/70.0	0.025/0.500	17701.73 secs	(12.23 secs)	0.004	0.198
44.5/70.0	0.050/0.500	17714.92 secs	(13.19 secs)	0.011	0.209
44.5/70.0	0.075/0.500	17730.74 secs	(15.82 secs)	0.031	0.211
44.5/70.0	0.100/0.500	17752.32 secs	(21.58 secs)	0.063	0.170
44.5/70.0	0.125/0.500	17776.15 secs	(23.83 secs)	0.151	0.215
44.5/70.0	0.150/0.500	17807.91 secs	(31.75 secs)	0.315	0.214
44.5/70.0	0.175/0.500	17841.89 secs	(33.99 secs)	0.450	0.217
44.5/70.0	0.200/0.500	17880.54 secs	(38.65 secs)	0.626	0.246
44.5/70.0	0.225/0.500	17918.44 secs	(37.90 secs)	0.772	0.243
44.5/70.0	0.250/0.500	17955.35 secs	(36.92 secs)	0.789	0.238
44.5/70.0	0.275/0.500	17992.41 secs	(37.06 secs)	0.863	0.252
44.5/70.0	0.300/0.500	18029.07 secs	(36.66 secs)	0.868	0.245
44.5/70.0	0.325/0.500	18065.44 secs	(36.37 secs)	0.917	0.251
44.5/70.0	0.350/0.500	18100.83 secs	(35.39 secs)	0.925	0.244
44.5/70.0	0.375/0.500	18135.67 secs	(34.83 secs)	0.933	0.249
44.5/70.0	0.400/0.500	18168.88 secs	(33.21 secs)	0.936	0.244
44.5/70.0	0.425/0.500	18202.38 secs	(33.51 secs)	0.981	0.256
44.5/70.0	0.450/0.500	18235.40 secs	(33.01 secs)	0.966	0.246
44.5/70.0	0.475/0.500	18267.61 secs	(32.21 secs)	0.988	0.250
44.5/70.0	0.500/0.500	18298.66 secs	(31.05 secs)	0.950	0.235


45.0/70.0	0.000/0.500	18310.70 secs	(12.03 secs)	0.002	0.244
45.0/70.0	0.025/0.500	18322.84 secs	(12.14 secs)	0.005	0.185
45.0/70.0	0.050/0.500	18335.46 secs	(12.62 secs)	0.009	0.170
45.0/70.0	0.075/0.500	18350.57 secs	(15.11 secs)	0.039	0.194
45.0/70.0	0.100/0.500	18370.29 secs	(19.73 secs)	0.051	0.207
45.0/70.0	0.125/0.500	18393.87 secs	(23.58 secs)	0.163	0.228
45.0/70.0	0.150/0.500	18426.23 secs	(32.36 secs)	0.350	0.232
45.0/70.0	0.175/0.500	18458.21 secs	(31.98 secs)	0.418	0.215
45.0/70.0	0.200/0.500	18494.51 secs	(36.30 secs)	0.516	0.207
45.0/70.0	0.225/0.500	18532.80 secs	(38.29 secs)	0.724	0.235
45.0/70.0	0.250/0.500	18569.74 secs	(36.94 secs)	0.794	0.235
45.0/70.0	0.275/0.500	18607.24 secs	(37.49 secs)	0.806	0.243
45.0/70.0	0.300/0.500	18644.30 secs	(37.06 secs)	0.874	0.246
45.0/70.0	0.325/0.500	18680.35 secs	(36.06 secs)	0.915	0.251
45.0/70.0	0.350/0.500	18718.63 secs	(38.27 secs)	0.945	0.253
45.0/70.0	0.375/0.500	18752.68 secs	(34.06 secs)	0.907	0.239
45.0/70.0	0.400/0.500	18786.84 secs	(34.16 secs)	0.957	0.251
45.0/70.0	0.425/0.500	18820.34 secs	(33.50 secs)	0.963	0.248
45.0/70.0	0.450/0.500	18853.97 secs	(33.62 secs)	0.986	0.249
45.0/70.0	0.475/0.500	18885.92 secs	(31.96 secs)	0.948	0.239
45.0/70.0	0.500/0.500	18917.71 secs	(31.78 secs)	0.970	0.243


45.5/70.0	0.000/0.500	18930.15 secs	(12.45 secs)	0.003	0.276
45.5/70.0	0.025/0.500	18942.80 secs	(12.64 secs)	0.006	0.240
45.5/70.0	0.050/0.500	18955.99 secs	(13.20 secs)	0.009	0.218
45.5/70.0	0.075/0.500	18970.99 secs	(15.00 secs)	0.023	0.164
45.5/70.0	0.100/0.500	18991.67 secs	(20.68 secs)	0.088	0.246
45.5/70.0	0.125/0.500	19015.29 secs	(23.62 secs)	0.161	0.212
45.5/70.0	0.150/0.500	19049.85 secs	(34.56 secs)	0.335	0.239
45.5/70.0	0.175/0.500	19081.05 secs	(31.20 secs)	0.488	0.232
45.5/70.0	0.200/0.500	19119.98 secs	(38.93 secs)	0.672	0.265
45.5/70.0	0.225/0.500	19157.55 secs	(37.58 secs)	0.721	0.241
45.5/70.0	0.250/0.500	19196.01 secs	(38.46 secs)	0.791	0.252
45.5/70.0	0.275/0.500	19233.82 secs	(37.81 secs)	0.850	0.250
45.5/70.0	0.300/0.500	19271.08 secs	(37.26 secs)	0.932	0.262
45.5/70.0	0.325/0.500	19308.59 secs	(37.51 secs)	0.938	0.257
45.5/70.0	0.350/0.500	19344.58 secs	(35.99 secs)	0.926	0.249
45.5/70.0	0.375/0.500	19379.54 secs	(34.96 secs)	0.950	0.252
45.5/70.0	0.400/0.500	19413.83 secs	(34.29 secs)	0.959	0.251
45.5/70.0	0.425/0.500	19447.14 secs	(33.31 secs)	0.962	0.251
45.5/70.0	0.450/0.500	19479.85 secs	(32.71 secs)	0.946	0.243
45.5/70.0	0.475/0.500	19511.81 secs	(31.96 secs)	0.949	0.244
45.5/70.0	0.500/0.500	19543.72 secs	(31.91 secs)	0.990	0.250


46.0/70.0	0.000/0.500	19555.75 secs	(12.02 secs)	0.002	0.145
46.0/70.0	0.025/0.500	19567.96 secs	(12.21 secs)	0.004	0.173
46.0/70.0	0.050/0.500	19581.08 secs	(13.12 secs)	0.007	0.217
46.0/70.0	0.075/0.500	19601.08 secs	(20.00 secs)	0.055	0.232
46.0/70.0	0.100/0.500	19621.22 secs	(20.14 secs)	0.092	0.222
46.0/70.0	0.125/0.500	19650.31 secs	(29.09 secs)	0.179	0.227
46.0/70.0	0.150/0.500	19684.10 secs	(33.78 secs)	0.298	0.206
46.0/70.0	0.175/0.500	19719.00 secs	(34.91 secs)	0.489	0.238
46.0/70.0	0.200/0.500	19753.40 secs	(34.39 secs)	0.553	0.235
46.0/70.0	0.225/0.500	19792.39 secs	(39.00 secs)	0.733	0.246
46.0/70.0	0.250/0.500	19825.12 secs	(32.72 secs)	0.799	0.250
46.0/70.0	0.275/0.500	19861.30 secs	(36.19 secs)	0.836	0.244
46.0/70.0	0.300/0.500	19898.80 secs	(37.49 secs)	0.910	0.257
46.0/70.0	0.325/0.500	19934.68 secs	(35.88 secs)	0.881	0.244
46.0/70.0	0.350/0.500	19970.60 secs	(35.92 secs)	0.945	0.256
46.0/70.0	0.375/0.500	20005.88 secs	(35.27 secs)	0.955	0.256
46.0/70.0	0.400/0.500	20041.11 secs	(35.24 secs)	0.960	0.257
46.0/70.0	0.425/0.500	20074.58 secs	(33.47 secs)	0.905	0.238
46.0/70.0	0.450/0.500	20107.40 secs	(32.81 secs)	0.966	0.248
46.0/70.0	0.475/0.500	20139.19 secs	(31.79 secs)	0.968	0.249
46.0/70.0	0.500/0.500	20171.32 secs	(32.13 secs)	0.990	0.249


46.5/70.0	0.000/0.500	20183.57 secs	(12.25 secs)	0.003	0.231
46.5/70.0	0.025/0.500	20195.71 secs	(12.14 secs)	0.005	0.206
46.5/70.0	0.050/0.500	20208.74 secs	(13.03 secs)	0.014	0.208
46.5/70.0	0.075/0.500	20226.55 secs	(17.81 secs)	0.032	0.187
46.5/70.0	0.100/0.500	20247.70 secs	(21.15 secs)	0.095	0.208
46.5/70.0	0.125/0.500	20272.09 secs	(24.39 secs)	0.174	0.232
46.5/70.0	0.150/0.500	20306.30 secs	(34.21 secs)	0.384	0.249
46.5/70.0	0.175/0.500	20343.73 secs	(37.43 secs)	0.535	0.249
46.5/70.0	0.200/0.500	20381.58 secs	(37.84 secs)	0.539	0.223
46.5/70.0	0.225/0.500	20421.05 secs	(39.47 secs)	0.749	0.246
46.5/70.0	0.250/0.500	20460.36 secs	(39.31 secs)	0.831	0.258
46.5/70.0	0.275/0.500	20498.74 secs	(38.38 secs)	0.892	0.262
46.5/70.0	0.300/0.500	20536.30 secs	(37.56 secs)	0.919	0.261
46.5/70.0	0.325/0.500	20570.41 secs	(34.12 secs)	0.860	0.246
46.5/70.0	0.350/0.500	20605.45 secs	(35.04 secs)	0.928	0.252
46.5/70.0	0.375/0.500	20640.19 secs	(34.74 secs)	0.953	0.255
46.5/70.0	0.400/0.500	20674.24 secs	(34.05 secs)	0.977	0.257
46.5/70.0	0.425/0.500	20707.73 secs	(33.48 secs)	0.962	0.256
46.5/70.0	0.450/0.500	20740.92 secs	(33.20 secs)	0.967	0.254
46.5/70.0	0.475/0.500	20774.05 secs	(33.13 secs)	0.968	0.252
46.5/70.0	0.500/0.500	20805.81 secs	(31.75 secs)	0.970	0.250


47.0/70.0	0.000/0.500	20817.85 secs	(12.04 secs)	0.002	0.213
47.0/70.0	0.025/0.500	20830.84 secs	(12.99 secs)	0.006	0.284
47.0/70.0	0.050/0.500	20843.28 secs	(12.44 secs)	0.010	0.210
47.0/70.0	0.075/0.500	20858.99 secs	(15.71 secs)	0.039	0.204
47.0/70.0	0.100/0.500	20879.66 secs	(20.67 secs)	0.106	0.230
47.0/70.0	0.125/0.500	20906.47 secs	(26.81 secs)	0.170	0.227
47.0/70.0	0.150/0.500	20933.91 secs	(27.44 secs)	0.327	0.231
47.0/70.0	0.175/0.500	20972.32 secs	(38.41 secs)	0.538	0.261
47.0/70.0	0.200/0.500	21011.50 secs	(39.18 secs)	0.705	0.255
47.0/70.0	0.225/0.500	21049.28 secs	(37.78 secs)	0.735	0.252
47.0/70.0	0.250/0.500	21088.30 secs	(39.01 secs)	0.883	0.275
47.0/70.0	0.275/0.500	21125.75 secs	(37.45 secs)	0.823	0.243
47.0/70.0	0.300/0.500	21161.83 secs	(36.08 secs)	0.829	0.239
47.0/70.0	0.325/0.500	21198.57 secs	(36.74 secs)	0.917	0.257
47.0/70.0	0.350/0.500	21233.55 secs	(34.98 secs)	0.922	0.257
47.0/70.0	0.375/0.500	21269.13 secs	(35.58 secs)	0.970	0.266
47.0/70.0	0.400/0.500	21303.55 secs	(34.42 secs)	0.941	0.257
47.0/70.0	0.425/0.500	21340.54 secs	(36.99 secs)	0.963	0.257
47.0/70.0	0.450/0.500	21374.40 secs	(33.86 secs)	0.967	0.258
47.0/70.0	0.475/0.500	21406.74 secs	(32.34 secs)	0.990	0.262
47.0/70.0	0.500/0.500	21438.33 secs	(31.59 secs)	0.951	0.242


47.5/70.0	0.000/0.500	21451.60 secs	(13.27 secs)	0.002	0.186
47.5/70.0	0.025/0.500	21465.72 secs	(14.12 secs)	0.006	0.230
47.5/70.0	0.050/0.500	21481.03 secs	(15.31 secs)	0.013	0.199
47.5/70.0	0.075/0.500	21497.82 secs	(16.79 secs)	0.039	0.236
47.5/70.0	0.100/0.500	21520.96 secs	(23.14 secs)	0.087	0.203
47.5/70.0	0.125/0.500	21546.83 secs	(25.86 secs)	0.180	0.209
47.5/70.0	0.150/0.500	21582.42 secs	(35.59 secs)	0.389	0.247
47.5/70.0	0.175/0.500	21619.62 secs	(37.20 secs)	0.521	0.251
47.5/70.0	0.200/0.500	21659.00 secs	(39.38 secs)	0.647	0.234
47.5/70.0	0.225/0.500	21697.52 secs	(38.52 secs)	0.632	0.218
47.5/70.0	0.250/0.500	21739.28 secs	(41.75 secs)	0.794	0.247
47.5/70.0	0.275/0.500	21779.95 secs	(40.67 secs)	0.765	0.230
47.5/70.0	0.300/0.500	21820.24 secs	(40.29 secs)	0.889	0.257
47.5/70.0	0.325/0.500	21858.88 secs	(38.64 secs)	0.933	0.262
47.5/70.0	0.350/0.500	21895.22 secs	(36.34 secs)	0.908	0.254
47.5/70.0	0.375/0.500	21931.87 secs	(36.65 secs)	0.974	0.269
47.5/70.0	0.400/0.500	21969.62 secs	(37.75 secs)	0.978	0.266
47.5/70.0	0.425/0.500	22006.13 secs	(36.51 secs)	0.983	0.266
47.5/70.0	0.450/0.500	22041.93 secs	(35.80 secs)	0.966	0.259
47.5/70.0	0.475/0.500	22073.60 secs	(31.68 secs)	0.969	0.259
47.5/70.0	0.500/0.500	22108.33 secs	(34.72 secs)	0.991	0.262


48.0/70.0	0.000/0.500	22121.87 secs	(13.54 secs)	0.003	0.248
48.0/70.0	0.025/0.500	22135.59 secs	(13.72 secs)	0.003	0.174
48.0/70.0	0.050/0.500	22150.98 secs	(15.40 secs)	0.015	0.249
48.0/70.0	0.075/0.500	22166.53 secs	(15.55 secs)	0.027	0.202
48.0/70.0	0.100/0.500	22188.47 secs	(21.94 secs)	0.069	0.198
48.0/70.0	0.125/0.500	22217.14 secs	(28.67 secs)	0.195	0.203
48.0/70.0	0.150/0.500	22247.91 secs	(30.77 secs)	0.302	0.237
48.0/70.0	0.175/0.500	22289.17 secs	(41.26 secs)	0.513	0.248
48.0/70.0	0.200/0.500	22325.36 secs	(36.18 secs)	0.591	0.241
48.0/70.0	0.225/0.500	22364.54 secs	(39.18 secs)	0.748	0.263
48.0/70.0	0.250/0.500	22405.71 secs	(41.17 secs)	0.809	0.256
48.0/70.0	0.275/0.500	22445.91 secs	(40.20 secs)	0.822	0.254
48.0/70.0	0.300/0.500	22485.29 secs	(39.38 secs)	0.887	0.257
48.0/70.0	0.325/0.500	22523.72 secs	(38.43 secs)	0.872	0.251
48.0/70.0	0.350/0.500	22561.88 secs	(38.16 secs)	0.964	0.273
48.0/70.0	0.375/0.500	22600.57 secs	(38.69 secs)	0.975	0.273
48.0/70.0	0.400/0.500	22636.92 secs	(36.35 secs)	0.960	0.265
48.0/70.0	0.425/0.500	22673.12 secs	(36.20 secs)	0.983	0.269
48.0/70.0	0.450/0.500	22708.35 secs	(35.23 secs)	0.967	0.263
48.0/70.0	0.475/0.500	22742.65 secs	(34.30 secs)	0.989	0.263
48.0/70.0	0.500/0.500	22777.07 secs	(34.41 secs)	0.971	0.259


48.5/70.0	0.000/0.500	22790.81 secs	(13.74 secs)	0.003	0.284
48.5/70.0	0.025/0.500	22804.24 secs	(13.43 secs)	0.004	0.221
48.5/70.0	0.050/0.500	22819.81 secs	(15.57 secs)	0.018	0.243
48.5/70.0	0.075/0.500	22841.22 secs	(21.40 secs)	0.033	0.226
48.5/70.0	0.100/0.500	22865.15 secs	(23.93 secs)	0.071	0.232
48.5/70.0	0.125/0.500	22891.88 secs	(26.74 secs)	0.199	0.238
48.5/70.0	0.150/0.500	22929.94 secs	(38.06 secs)	0.445	0.257
48.5/70.0	0.175/0.500	22964.10 secs	(34.16 secs)	0.484	0.253
48.5/70.0	0.200/0.500	23004.26 secs	(40.15 secs)	0.703	0.267
48.5/70.0	0.225/0.500	23043.36 secs	(39.10 secs)	0.770	0.262
48.5/70.0	0.250/0.500	23082.50 secs	(39.14 secs)	0.812	0.261
48.5/70.0	0.275/0.500	23121.52 secs	(39.02 secs)	0.781	0.241
48.5/70.0	0.300/0.500	23161.11 secs	(39.60 secs)	0.918	0.272
48.5/70.0	0.325/0.500	23200.63 secs	(39.52 secs)	0.905	0.263
48.5/70.0	0.350/0.500	23239.32 secs	(38.69 secs)	0.907	0.257
48.5/70.0	0.375/0.500	23276.38 secs	(37.05 secs)	0.917	0.259
48.5/70.0	0.400/0.500	23311.91 secs	(35.53 secs)	0.942	0.261
48.5/70.0	0.425/0.500	23346.46 secs	(34.55 secs)	0.963	0.265
48.5/70.0	0.450/0.500	23381.46 secs	(34.99 secs)	0.966	0.260
48.5/70.0	0.475/0.500	23415.79 secs	(34.34 secs)	0.949	0.254
48.5/70.0	0.500/0.500	23451.42 secs	(35.63 secs)	0.991	0.262


49.0/70.0	0.000/0.500	23464.88 secs	(13.46 secs)	0.003	0.282
49.0/70.0	0.025/0.500	23478.26 secs	(13.38 secs)	0.005	0.171
49.0/70.0	0.050/0.500	23493.07 secs	(14.81 secs)	0.010	0.217
49.0/70.0	0.075/0.500	23510.35 secs	(17.28 secs)	0.041	0.241
49.0/70.0	0.100/0.500	23532.12 secs	(21.77 secs)	0.098	0.257
49.0/70.0	0.125/0.500	23562.91 secs	(30.79 secs)	0.192	0.232
49.0/70.0	0.150/0.500	23599.30 secs	(36.39 secs)	0.347	0.251
49.0/70.0	0.175/0.500	23639.40 secs	(40.10 secs)	0.540	0.253
49.0/70.0	0.200/0.500	23681.32 secs	(41.92 secs)	0.677	0.267
49.0/70.0	0.225/0.500	23720.93 secs	(39.61 secs)	0.677	0.237
49.0/70.0	0.250/0.500	23761.52 secs	(40.59 secs)	0.780	0.256
49.0/70.0	0.275/0.500	23801.60 secs	(40.08 secs)	0.898	0.271
49.0/70.0	0.300/0.500	23839.64 secs	(38.04 secs)	0.814	0.245
49.0/70.0	0.325/0.500	23878.17 secs	(38.53 secs)	0.880	0.257
49.0/70.0	0.350/0.500	23916.07 secs	(37.90 secs)	0.946	0.273
49.0/70.0	0.375/0.500	23953.20 secs	(37.13 secs)	0.949	0.269
49.0/70.0	0.400/0.500	23990.26 secs	(37.06 secs)	0.981	0.273
49.0/70.0	0.425/0.500	24026.06 secs	(35.80 secs)	0.984	0.273
49.0/70.0	0.450/0.500	24061.37 secs	(35.31 secs)	0.967	0.271
49.0/70.0	0.475/0.500	24096.49 secs	(35.12 secs)	0.988	0.274
49.0/70.0	0.500/0.500	24130.06 secs	(33.57 secs)	0.971	0.264


49.5/70.0	0.000/0.500	24142.74 secs	(12.68 secs)	0.003	0.239
49.5/70.0	0.025/0.500	24156.43 secs	(13.69 secs)	0.006	0.224
49.5/70.0	0.050/0.500	24173.65 secs	(17.22 secs)	0.014	0.188
49.5/70.0	0.075/0.500	24191.67 secs	(18.02 secs)	0.044	0.222
49.5/70.0	0.100/0.500	24212.85 secs	(21.18 secs)	0.091	0.227
49.5/70.0	0.125/0.500	24248.34 secs	(35.49 secs)	0.249	0.246
49.5/70.0	0.150/0.500	24278.76 secs	(30.42 secs)	0.366	0.257
49.5/70.0	0.175/0.500	24314.85 secs	(36.09 secs)	0.549	0.260
49.5/70.0	0.200/0.500	24351.03 secs	(36.18 secs)	0.594	0.256
49.5/70.0	0.225/0.500	24388.01 secs	(36.98 secs)	0.734	0.254
49.5/70.0	0.250/0.500	24425.02 secs	(37.01 secs)	0.809	0.265
49.5/70.0	0.275/0.500	24461.54 secs	(36.52 secs)	0.851	0.264
49.5/70.0	0.300/0.500	24498.34 secs	(36.80 secs)	0.868	0.259
49.5/70.0	0.325/0.500	24534.56 secs	(36.22 secs)	0.921	0.266
49.5/70.0	0.350/0.500	24569.94 secs	(35.38 secs)	0.969	0.279
49.5/70.0	0.375/0.500	24604.41 secs	(34.47 secs)	0.937	0.270
49.5/70.0	0.400/0.500	24638.52 secs	(34.11 secs)	0.980	0.277
49.5/70.0	0.425/0.500	24671.82 secs	(33.30 secs)	0.964	0.271
49.5/70.0	0.450/0.500	24704.03 secs	(32.22 secs)	0.967	0.264
49.5/70.0	0.475/0.500	24738.89 secs	(34.86 secs)	0.966	0.264
49.5/70.0	0.500/0.500	24773.04 secs	(34.15 secs)	0.951	0.258


50.0/70.0	0.000/0.500	24786.45 secs	(13.41 secs)	0.003	0.234
50.0/70.0	0.025/0.500	24799.30 secs	(12.85 secs)	0.006	0.223
50.0/70.0	0.050/0.500	24812.87 secs	(13.57 secs)	0.016	0.218
50.0/70.0	0.075/0.500	24831.02 secs	(18.15 secs)	0.030	0.186
50.0/70.0	0.100/0.500	24861.91 secs	(30.89 secs)	0.147	0.286
50.0/70.0	0.125/0.500	24888.65 secs	(26.74 secs)	0.190	0.244
50.0/70.0	0.150/0.500	24922.04 secs	(33.39 secs)	0.374	0.259
50.0/70.0	0.175/0.500	24959.15 secs	(37.11 secs)	0.488	0.241
50.0/70.0	0.200/0.500	24996.84 secs	(37.69 secs)	0.658	0.257
50.0/70.0	0.225/0.500	25039.45 secs	(42.61 secs)	0.780	0.278
50.0/70.0	0.250/0.500	25079.74 secs	(40.29 secs)	0.821	0.262
50.0/70.0	0.275/0.500	25119.73 secs	(39.99 secs)	0.882	0.275
50.0/70.0	0.300/0.500	25157.86 secs	(38.13 secs)	0.860	0.265
50.0/70.0	0.325/0.500	25196.99 secs	(39.13 secs)	0.920	0.278
50.0/70.0	0.350/0.500	25236.06 secs	(39.07 secs)	0.950	0.274
50.0/70.0	0.375/0.500	25272.68 secs	(36.62 secs)	0.937	0.271
50.0/70.0	0.400/0.500	25307.62 secs	(34.94 secs)	0.922	0.264
50.0/70.0	0.425/0.500	25340.73 secs	(33.11 secs)	0.966	0.274
50.0/70.0	0.450/0.500	25375.19 secs	(34.46 secs)	0.948	0.264
50.0/70.0	0.475/0.500	25408.33 secs	(33.14 secs)	0.989	0.270
50.0/70.0	0.500/0.500	25440.19 secs	(31.86 secs)	0.992	0.275


50.5/70.0	0.000/0.500	25452.23 secs	(12.05 secs)	0.003	0.406
50.5/70.0	0.025/0.500	25464.26 secs	(12.03 secs)	0.006	0.293
50.5/70.0	0.050/0.500	25477.76 secs	(13.50 secs)	0.015	0.242
50.5/70.0	0.075/0.500	25493.79 secs	(16.03 secs)	0.040	0.240
50.5/70.0	0.100/0.500	25515.38 secs	(21.59 secs)	0.106	0.249
50.5/70.0	0.125/0.500	25540.34 secs	(24.96 secs)	0.178	0.245
50.5/70.0	0.150/0.500	25569.58 secs	(29.24 secs)	0.375	0.225
50.5/70.0	0.175/0.500	25600.40 secs	(30.82 secs)	0.490	0.262
50.5/70.0	0.200/0.500	25640.38 secs	(39.99 secs)	0.719	0.277
50.5/70.0	0.225/0.500	25678.17 secs	(37.78 secs)	0.775	0.276
50.5/70.0	0.250/0.500	25715.34 secs	(37.17 secs)	0.777	0.261
50.5/70.0	0.275/0.500	25753.85 secs	(38.51 secs)	0.871	0.272
50.5/70.0	0.300/0.500	25791.02 secs	(37.16 secs)	0.891	0.268
50.5/70.0	0.325/0.500	25826.69 secs	(35.68 secs)	0.899	0.266
50.5/70.0	0.350/0.500	25862.28 secs	(35.58 secs)	0.949	0.277
50.5/70.0	0.375/0.500	25896.64 secs	(34.36 secs)	0.957	0.278
50.5/70.0	0.400/0.500	25930.43 secs	(33.79 secs)	0.960	0.273
50.5/70.0	0.425/0.500	25965.78 secs	(35.35 secs)	0.984	0.280
50.5/70.0	0.450/0.500	25998.63 secs	(32.85 secs)	0.988	0.281
50.5/70.0	0.475/0.500	26029.99 secs	(31.36 secs)	0.990	0.273
50.5/70.0	0.500/0.500	26060.91 secs	(30.92 secs)	0.951	0.267


51.0/70.0	0.000/0.500	26073.07 secs	(12.15 secs)	0.003	0.303
51.0/70.0	0.025/0.500	26085.47 secs	(12.40 secs)	0.004	0.200
51.0/70.0	0.050/0.500	26098.42 secs	(12.95 secs)	0.012	0.248
51.0/70.0	0.075/0.500	26117.33 secs	(18.91 secs)	0.049	0.211
51.0/70.0	0.100/0.500	26143.31 secs	(25.98 secs)	0.101	0.230
51.0/70.0	0.125/0.500	26170.35 secs	(27.04 secs)	0.216	0.254
51.0/70.0	0.150/0.500	26205.27 secs	(34.93 secs)	0.404	0.252
51.0/70.0	0.175/0.500	26239.85 secs	(34.57 secs)	0.573	0.272
51.0/70.0	0.200/0.500	26277.76 secs	(37.91 secs)	0.645	0.252
51.0/70.0	0.225/0.500	26307.83 secs	(30.08 secs)	0.690	0.252
51.0/70.0	0.250/0.500	26341.93 secs	(34.09 secs)	0.817	0.266
51.0/70.0	0.275/0.500	26379.26 secs	(37.33 secs)	0.872	0.273
51.0/70.0	0.300/0.500	26413.94 secs	(34.68 secs)	0.866	0.268
51.0/70.0	0.325/0.500	26449.81 secs	(35.86 secs)	0.886	0.267
51.0/70.0	0.350/0.500	26484.67 secs	(34.86 secs)	0.932	0.276
51.0/70.0	0.375/0.500	26519.54 secs	(34.87 secs)	0.956	0.280
51.0/70.0	0.400/0.500	26552.96 secs	(33.43 secs)	0.961	0.277
51.0/70.0	0.425/0.500	26585.92 secs	(32.96 secs)	0.982	0.284
51.0/70.0	0.450/0.500	26618.44 secs	(32.52 secs)	0.948	0.268
51.0/70.0	0.475/0.500	26650.73 secs	(32.29 secs)	0.970	0.274
51.0/70.0	0.500/0.500	26682.01 secs	(31.28 secs)	0.971	0.272


51.5/70.0	0.000/0.500	26693.96 secs	(11.95 secs)	0.003	0.307
51.5/70.0	0.025/0.500	26706.86 secs	(12.90 secs)	0.005	0.243
51.5/70.0	0.050/0.500	26721.26 secs	(14.40 secs)	0.019	0.252
51.5/70.0	0.075/0.500	26739.79 secs	(18.53 secs)	0.054	0.258
51.5/70.0	0.100/0.500	26760.64 secs	(20.85 secs)	0.114	0.223
51.5/70.0	0.125/0.500	26787.29 secs	(26.65 secs)	0.188	0.239
51.5/70.0	0.150/0.500	26816.16 secs	(28.87 secs)	0.345	0.274
51.5/70.0	0.175/0.500	26845.25 secs	(29.09 secs)	0.485	0.244
51.5/70.0	0.200/0.500	26882.06 secs	(36.81 secs)	0.584	0.251
51.5/70.0	0.225/0.500	26919.17 secs	(37.11 secs)	0.725	0.260
51.5/70.0	0.250/0.500	26956.50 secs	(37.33 secs)	0.836	0.277
51.5/70.0	0.275/0.500	26994.92 secs	(38.42 secs)	0.911	0.294
51.5/70.0	0.300/0.500	27031.74 secs	(36.83 secs)	0.908	0.282
51.5/70.0	0.325/0.500	27066.89 secs	(35.15 secs)	0.903	0.272
51.5/70.0	0.350/0.500	27102.30 secs	(35.41 secs)	0.951	0.281
51.5/70.0	0.375/0.500	27136.22 secs	(33.91 secs)	0.958	0.279
51.5/70.0	0.400/0.500	27170.07 secs	(33.85 secs)	0.958	0.279
51.5/70.0	0.425/0.500	27202.44 secs	(32.37 secs)	0.967	0.276
51.5/70.0	0.450/0.500	27235.15 secs	(32.71 secs)	0.989	0.284
51.5/70.0	0.475/0.500	27267.01 secs	(31.86 secs)	0.950	0.270
51.5/70.0	0.500/0.500	27299.33 secs	(32.32 secs)	0.971	0.274


52.0/70.0	0.000/0.500	27311.16 secs	(11.83 secs)	0.003	0.252
52.0/70.0	0.025/0.500	27323.33 secs	(12.17 secs)	0.004	0.232
52.0/70.0	0.050/0.500	27337.93 secs	(14.60 secs)	0.015	0.209
52.0/70.0	0.075/0.500	27352.95 secs	(15.01 secs)	0.036	0.240
52.0/70.0	0.100/0.500	27374.00 secs	(21.06 secs)	0.112	0.267
52.0/70.0	0.125/0.500	27398.60 secs	(24.60 secs)	0.206	0.221
52.0/70.0	0.150/0.500	27431.36 secs	(32.76 secs)	0.395	0.263
52.0/70.0	0.175/0.500	27466.14 secs	(34.78 secs)	0.495	0.251
52.0/70.0	0.200/0.500	27504.07 secs	(37.93 secs)	0.641	0.264
52.0/70.0	0.225/0.500	27541.06 secs	(36.99 secs)	0.751	0.277
52.0/70.0	0.250/0.500	27577.24 secs	(36.18 secs)	0.780	0.266
52.0/70.0	0.275/0.500	27614.92 secs	(37.68 secs)	0.913	0.290
52.0/70.0	0.300/0.500	27651.84 secs	(36.91 secs)	0.926	0.286
52.0/70.0	0.325/0.500	27688.69 secs	(36.85 secs)	0.965	0.291
52.0/70.0	0.350/0.500	27723.77 secs	(35.08 secs)	0.911	0.275
52.0/70.0	0.375/0.500	27758.38 secs	(34.62 secs)	0.977	0.289
52.0/70.0	0.400/0.500	27791.72 secs	(33.34 secs)	0.962	0.280
52.0/70.0	0.425/0.500	27824.63 secs	(32.91 secs)	0.945	0.276
52.0/70.0	0.450/0.500	27856.98 secs	(32.35 secs)	0.948	0.272
52.0/70.0	0.475/0.500	27888.70 secs	(31.73 secs)	0.990	0.282
52.0/70.0	0.500/0.500	27920.19 secs	(31.49 secs)	0.992	0.287


52.5/70.0	0.000/0.500	27932.15 secs	(11.96 secs)	0.003	0.221
52.5/70.0	0.025/0.500	27944.91 secs	(12.76 secs)	0.007	0.229
52.5/70.0	0.050/0.500	27958.64 secs	(13.73 secs)	0.019	0.234
52.5/70.0	0.075/0.500	27973.87 secs	(15.23 secs)	0.033	0.214
52.5/70.0	0.100/0.500	27995.49 secs	(21.62 secs)	0.111	0.265
52.5/70.0	0.125/0.500	28022.48 secs	(26.99 secs)	0.201	0.260
52.5/70.0	0.150/0.500	28055.79 secs	(33.31 secs)	0.368	0.250
52.5/70.0	0.175/0.500	28091.91 secs	(36.12 secs)	0.558	0.257
52.5/70.0	0.200/0.500	28126.39 secs	(34.48 secs)	0.719	0.283
52.5/70.0	0.225/0.500	28166.67 secs	(40.28 secs)	0.807	0.287
52.5/70.0	0.250/0.500	28205.17 secs	(38.50 secs)	0.859	0.287
52.5/70.0	0.275/0.500	28242.09 secs	(36.92 secs)	0.875	0.278
52.5/70.0	0.300/0.500	28273.06 secs	(30.97 secs)	0.871	0.274
52.5/70.0	0.325/0.500	28308.85 secs	(35.79 secs)	0.920	0.285
52.5/70.0	0.350/0.500	28344.67 secs	(35.83 secs)	0.951	0.286
52.5/70.0	0.375/0.500	28378.80 secs	(34.12 secs)	0.958	0.286
52.5/70.0	0.400/0.500	28412.35 secs	(33.55 secs)	0.983	0.290
52.5/70.0	0.425/0.500	28445.64 secs	(33.29 secs)	0.986	0.291
52.5/70.0	0.450/0.500	28478.08 secs	(32.45 secs)	0.986	0.285
52.5/70.0	0.475/0.500	28511.07 secs	(32.99 secs)	0.990	0.281
52.5/70.0	0.500/0.500	28542.52 secs	(31.45 secs)	0.992	0.284


53.0/70.0	0.000/0.500	28555.13 secs	(12.60 secs)	0.003	0.269
53.0/70.0	0.025/0.500	28567.45 secs	(12.33 secs)	0.004	0.216
53.0/70.0	0.050/0.500	28580.47 secs	(13.02 secs)	0.011	0.258
53.0/70.0	0.075/0.500	28598.03 secs	(17.56 secs)	0.050	0.234
53.0/70.0	0.100/0.500	28618.26 secs	(20.23 secs)	0.103	0.245
53.0/70.0	0.125/0.500	28645.13 secs	(26.87 secs)	0.208	0.248
53.0/70.0	0.150/0.500	28680.37 secs	(35.24 secs)	0.348	0.240
53.0/70.0	0.175/0.500	28720.65 secs	(40.27 secs)	0.547	0.284
53.0/70.0	0.200/0.500	28757.58 secs	(36.94 secs)	0.667	0.283
53.0/70.0	0.225/0.500	28791.79 secs	(34.21 secs)	0.699	0.264
53.0/70.0	0.250/0.500	28829.04 secs	(37.26 secs)	0.819	0.272
53.0/70.0	0.275/0.500	28867.32 secs	(38.28 secs)	0.939	0.300
53.0/70.0	0.300/0.500	28904.15 secs	(36.83 secs)	0.921	0.287
53.0/70.0	0.325/0.500	28939.35 secs	(35.21 secs)	0.885	0.281
53.0/70.0	0.350/0.500	28975.24 secs	(35.88 secs)	0.973	0.297
53.0/70.0	0.375/0.500	29009.64 secs	(34.40 secs)	0.959	0.289
53.0/70.0	0.400/0.500	29043.32 secs	(33.68 secs)	0.923	0.273
53.0/70.0	0.425/0.500	29076.12 secs	(32.80 secs)	0.947	0.279
53.0/70.0	0.450/0.500	29109.33 secs	(33.20 secs)	0.988	0.289
53.0/70.0	0.475/0.500	29141.25 secs	(31.93 secs)	0.991	0.288
53.0/70.0	0.500/0.500	29172.39 secs	(31.14 secs)	0.952	0.270


53.5/70.0	0.000/0.500	29184.37 secs	(11.98 secs)	0.003	0.219
53.5/70.0	0.025/0.500	29196.42 secs	(12.05 secs)	0.006	0.243
53.5/70.0	0.050/0.500	29209.91 secs	(13.49 secs)	0.024	0.277
53.5/70.0	0.075/0.500	29226.71 secs	(16.80 secs)	0.047	0.292
53.5/70.0	0.100/0.500	29250.29 secs	(23.58 secs)	0.130	0.231
53.5/70.0	0.125/0.500	29285.01 secs	(34.72 secs)	0.285	0.246
53.5/70.0	0.150/0.500	29319.54 secs	(34.53 secs)	0.429	0.272
53.5/70.0	0.175/0.500	29349.96 secs	(30.42 secs)	0.507	0.256
53.5/70.0	0.200/0.500	29387.50 secs	(37.53 secs)	0.713	0.293
53.5/70.0	0.225/0.500	29425.47 secs	(37.98 secs)	0.789	0.293
53.5/70.0	0.250/0.500	29463.87 secs	(38.40 secs)	0.862	0.291
53.5/70.0	0.275/0.500	29501.96 secs	(38.09 secs)	0.859	0.283
53.5/70.0	0.300/0.500	29538.32 secs	(36.35 secs)	0.897	0.287
53.5/70.0	0.325/0.500	29573.49 secs	(35.17 secs)	0.952	0.297
53.5/70.0	0.350/0.500	29608.14 secs	(34.66 secs)	0.953	0.294
53.5/70.0	0.375/0.500	29642.92 secs	(34.78 secs)	0.959	0.290
53.5/70.0	0.400/0.500	29677.98 secs	(35.06 secs)	0.963	0.287
53.5/70.0	0.425/0.500	29712.86 secs	(34.88 secs)	0.986	0.293
53.5/70.0	0.450/0.500	29745.81 secs	(32.94 secs)	0.969	0.284
53.5/70.0	0.475/0.500	29777.59 secs	(31.79 secs)	0.991	0.288
53.5/70.0	0.500/0.500	29808.44 secs	(30.85 secs)	0.953	0.280


54.0/70.0	0.000/0.500	29820.44 secs	(12.00 secs)	0.003	0.290
54.0/70.0	0.025/0.500	29832.57 secs	(12.13 secs)	0.007	0.248
54.0/70.0	0.050/0.500	29846.07 secs	(13.50 secs)	0.016	0.289
54.0/70.0	0.075/0.500	29864.47 secs	(18.40 secs)	0.049	0.249
54.0/70.0	0.100/0.500	29886.44 secs	(21.97 secs)	0.102	0.216
54.0/70.0	0.125/0.500	29915.14 secs	(28.70 secs)	0.227	0.247
54.0/70.0	0.150/0.500	29946.26 secs	(31.13 secs)	0.403	0.267
54.0/70.0	0.175/0.500	29980.85 secs	(34.59 secs)	0.535	0.242
54.0/70.0	0.200/0.500	30018.71 secs	(37.86 secs)	0.699	0.278
54.0/70.0	0.225/0.500	30056.06 secs	(37.35 secs)	0.786	0.289
54.0/70.0	0.250/0.500	30094.32 secs	(38.27 secs)	0.837	0.289
54.0/70.0	0.275/0.500	30130.97 secs	(36.65 secs)	0.876	0.287
54.0/70.0	0.300/0.500	30167.39 secs	(36.42 secs)	0.845	0.278
54.0/70.0	0.325/0.500	30203.02 secs	(35.63 secs)	0.950	0.297
54.0/70.0	0.350/0.500	30238.78 secs	(35.77 secs)	0.954	0.298
54.0/70.0	0.375/0.500	30272.30 secs	(33.52 secs)	0.940	0.288
54.0/70.0	0.400/0.500	30306.19 secs	(33.89 secs)	0.982	0.296
54.0/70.0	0.425/0.500	30339.51 secs	(33.31 secs)	0.966	0.287
54.0/70.0	0.450/0.500	30371.05 secs	(31.54 secs)	0.924	0.274
54.0/70.0	0.475/0.500	30402.69 secs	(31.64 secs)	0.951	0.282
54.0/70.0	0.500/0.500	30433.75 secs	(31.07 secs)	0.993	0.290


54.5/70.0	0.000/0.500	30445.70 secs	(11.95 secs)	0.003	0.247
54.5/70.0	0.025/0.500	30458.47 secs	(12.77 secs)	0.006	0.315
54.5/70.0	0.050/0.500	30472.50 secs	(14.03 secs)	0.011	0.203
54.5/70.0	0.075/0.500	30489.22 secs	(16.72 secs)	0.052	0.259
54.5/70.0	0.100/0.500	30513.06 secs	(23.84 secs)	0.144	0.246
54.5/70.0	0.125/0.500	30538.52 secs	(25.46 secs)	0.193	0.265
54.5/70.0	0.150/0.500	30568.10 secs	(29.59 secs)	0.409	0.266
54.5/70.0	0.175/0.500	30605.29 secs	(37.19 secs)	0.603	0.297
54.5/70.0	0.200/0.500	30641.64 secs	(36.34 secs)	0.697	0.276
54.5/70.0	0.225/0.500	30679.34 secs	(37.70 secs)	0.783	0.285
54.5/70.0	0.250/0.500	30718.36 secs	(39.02 secs)	0.889	0.300
54.5/70.0	0.275/0.500	30756.13 secs	(37.77 secs)	0.924	0.301
54.5/70.0	0.300/0.500	30793.40 secs	(37.27 secs)	0.940	0.298
54.5/70.0	0.325/0.500	30828.07 secs	(34.67 secs)	0.799	0.255
54.5/70.0	0.350/0.500	30863.28 secs	(35.21 secs)	0.949	0.295
54.5/70.0	0.375/0.500	30897.21 secs	(33.93 secs)	0.939	0.286
54.5/70.0	0.400/0.500	30932.74 secs	(35.53 secs)	0.964	0.288
54.5/70.0	0.425/0.500	30966.38 secs	(33.64 secs)	0.987	0.294
54.5/70.0	0.450/0.500	30999.73 secs	(33.35 secs)	0.990	0.295
54.5/70.0	0.475/0.500	31031.57 secs	(31.84 secs)	0.971	0.290
54.5/70.0	0.500/0.500	31062.63 secs	(31.06 secs)	0.973	0.288


55.0/70.0	0.000/0.500	31074.83 secs	(12.20 secs)	0.003	0.267
55.0/70.0	0.025/0.500	31087.52 secs	(12.69 secs)	0.005	0.298
55.0/70.0	0.050/0.500	31100.81 secs	(13.29 secs)	0.018	0.261
55.0/70.0	0.075/0.500	31119.79 secs	(18.98 secs)	0.054	0.277
55.0/70.0	0.100/0.500	31141.06 secs	(21.27 secs)	0.110	0.266
55.0/70.0	0.125/0.500	31167.56 secs	(26.50 secs)	0.210	0.253
55.0/70.0	0.150/0.500	31199.92 secs	(32.36 secs)	0.374	0.268
55.0/70.0	0.175/0.500	31238.20 secs	(38.28 secs)	0.540	0.270
55.0/70.0	0.200/0.500	31277.13 secs	(38.93 secs)	0.695	0.291
55.0/70.0	0.225/0.500	31314.93 secs	(37.80 secs)	0.786	0.295
55.0/70.0	0.250/0.500	31353.08 secs	(38.15 secs)	0.864	0.296
55.0/70.0	0.275/0.500	31390.50 secs	(37.41 secs)	0.872	0.291
55.0/70.0	0.300/0.500	31426.23 secs	(35.74 secs)	0.907	0.299
55.0/70.0	0.325/0.500	31462.29 secs	(36.06 secs)	0.938	0.300
55.0/70.0	0.350/0.500	31496.31 secs	(34.02 secs)	0.913	0.289
55.0/70.0	0.375/0.500	31530.63 secs	(34.32 secs)	0.939	0.288
55.0/70.0	0.400/0.500	31564.38 secs	(33.76 secs)	0.984	0.296
55.0/70.0	0.425/0.500	31597.83 secs	(33.45 secs)	0.967	0.291
55.0/70.0	0.450/0.500	31629.93 secs	(32.10 secs)	0.969	0.294
55.0/70.0	0.475/0.500	31662.15 secs	(32.22 secs)	0.991	0.296
55.0/70.0	0.500/0.500	31693.51 secs	(31.36 secs)	0.973	0.290


55.5/70.0	0.000/0.500	31705.31 secs	(11.80 secs)	0.003	0.258
55.5/70.0	0.025/0.500	31717.86 secs	(12.54 secs)	0.008	0.286
55.5/70.0	0.050/0.500	31731.28 secs	(13.42 secs)	0.017	0.294
55.5/70.0	0.075/0.500	31750.86 secs	(19.58 secs)	0.043	0.233
55.5/70.0	0.100/0.500	31774.85 secs	(23.99 secs)	0.146	0.280
55.5/70.0	0.125/0.500	31801.73 secs	(26.89 secs)	0.251	0.282
55.5/70.0	0.150/0.500	31829.11 secs	(27.38 secs)	0.368	0.248
55.5/70.0	0.175/0.500	31861.25 secs	(32.14 secs)	0.529	0.262
55.5/70.0	0.200/0.500	31898.67 secs	(37.42 secs)	0.712	0.286
55.5/70.0	0.225/0.500	31936.32 secs	(37.64 secs)	0.789	0.297
55.5/70.0	0.250/0.500	31973.98 secs	(37.66 secs)	0.838	0.293
55.5/70.0	0.275/0.500	32010.90 secs	(36.92 secs)	0.856	0.300
55.5/70.0	0.300/0.500	32047.50 secs	(36.60 secs)	0.889	0.291
55.5/70.0	0.325/0.500	32083.78 secs	(36.28 secs)	0.926	0.295
55.5/70.0	0.350/0.500	32118.71 secs	(34.93 secs)	0.933	0.296
55.5/70.0	0.375/0.500	32153.35 secs	(34.64 secs)	0.979	0.301
55.5/70.0	0.400/0.500	32186.81 secs	(33.47 secs)	0.963	0.298
55.5/70.0	0.425/0.500	32220.28 secs	(33.46 secs)	0.986	0.302
55.5/70.0	0.450/0.500	32252.50 secs	(32.22 secs)	0.969	0.294
55.5/70.0	0.475/0.500	32284.49 secs	(31.99 secs)	0.990	0.302
55.5/70.0	0.500/0.500	32315.72 secs	(31.23 secs)	0.973	0.289


56.0/70.0	0.000/0.500	32328.43 secs	(12.70 secs)	0.003	0.273
56.0/70.0	0.025/0.500	32340.78 secs	(12.35 secs)	0.006	0.208
56.0/70.0	0.050/0.500	32353.38 secs	(12.60 secs)	0.013	0.290
56.0/70.0	0.075/0.500	32370.87 secs	(17.48 secs)	0.049	0.206
56.0/70.0	0.100/0.500	32394.27 secs	(23.40 secs)	0.124	0.243
56.0/70.0	0.125/0.500	32420.17 secs	(25.90 secs)	0.250	0.253
56.0/70.0	0.150/0.500	32453.54 secs	(33.37 secs)	0.429	0.289
56.0/70.0	0.175/0.500	32482.77 secs	(29.23 secs)	0.510	0.253
56.0/70.0	0.200/0.500	32516.75 secs	(33.98 secs)	0.719	0.310
56.0/70.0	0.225/0.500	32552.44 secs	(35.69 secs)	0.750	0.279
56.0/70.0	0.250/0.500	32590.36 secs	(37.92 secs)	0.846	0.286
56.0/70.0	0.275/0.500	32627.14 secs	(36.78 secs)	0.883	0.297
56.0/70.0	0.300/0.500	32663.71 secs	(36.56 secs)	0.862	0.280
56.0/70.0	0.325/0.500	32699.47 secs	(35.76 secs)	0.945	0.301
56.0/70.0	0.350/0.500	32734.74 secs	(35.27 secs)	0.955	0.308
56.0/70.0	0.375/0.500	32769.66 secs	(34.92 secs)	0.979	0.303
56.0/70.0	0.400/0.500	32802.72 secs	(33.06 secs)	0.925	0.286
56.0/70.0	0.425/0.500	32836.26 secs	(33.54 secs)	0.987	0.305
56.0/70.0	0.450/0.500	32868.75 secs	(32.49 secs)	0.969	0.294
56.0/70.0	0.475/0.500	32900.12 secs	(31.37 secs)	0.972	0.295
56.0/70.0	0.500/0.500	32932.48 secs	(32.36 secs)	0.993	0.299


56.5/70.0	0.000/0.500	32944.55 secs	(12.07 secs)	0.003	0.291
56.5/70.0	0.025/0.500	32956.89 secs	(12.34 secs)	0.006	0.298
56.5/70.0	0.050/0.500	32971.34 secs	(14.45 secs)	0.013	0.227
56.5/70.0	0.075/0.500	32992.57 secs	(21.23 secs)	0.051	0.282
56.5/70.0	0.100/0.500	33015.26 secs	(22.69 secs)	0.127	0.255
56.5/70.0	0.125/0.500	33042.86 secs	(27.60 secs)	0.251	0.283
56.5/70.0	0.150/0.500	33074.51 secs	(31.65 secs)	0.420	0.299
56.5/70.0	0.175/0.500	33105.93 secs	(31.42 secs)	0.476	0.304
56.5/70.0	0.200/0.500	33143.26 secs	(37.33 secs)	0.685	0.302
56.5/70.0	0.225/0.500	33181.64 secs	(38.39 secs)	0.794	0.299
56.5/70.0	0.250/0.500	33219.67 secs	(38.02 secs)	0.869	0.304
56.5/70.0	0.275/0.500	33256.95 secs	(37.29 secs)	0.896	0.301
56.5/70.0	0.300/0.500	33293.98 secs	(37.02 secs)	0.917	0.306
56.5/70.0	0.325/0.500	33328.32 secs	(34.35 secs)	0.910	0.297
56.5/70.0	0.350/0.500	33363.96 secs	(35.64 secs)	0.971	0.312
56.5/70.0	0.375/0.500	33398.39 secs	(34.43 secs)	0.960	0.302
56.5/70.0	0.400/0.500	33431.83 secs	(33.44 secs)	0.983	0.305
56.5/70.0	0.425/0.500	33464.93 secs	(33.10 secs)	0.985	0.306
56.5/70.0	0.450/0.500	33497.35 secs	(32.42 secs)	0.970	0.299
56.5/70.0	0.475/0.500	33530.17 secs	(32.81 secs)	0.991	0.304
56.5/70.0	0.500/0.500	33561.61 secs	(31.44 secs)	0.973	0.291


57.0/70.0	0.000/0.500	33573.45 secs	(11.84 secs)	0.003	0.212
57.0/70.0	0.025/0.500	33586.19 secs	(12.74 secs)	0.006	0.282
57.0/70.0	0.050/0.500	33600.69 secs	(14.50 secs)	0.020	0.282
57.0/70.0	0.075/0.500	33619.94 secs	(19.25 secs)	0.056	0.261
57.0/70.0	0.100/0.500	33642.17 secs	(22.24 secs)	0.103	0.262
57.0/70.0	0.125/0.500	33668.97 secs	(26.79 secs)	0.234	0.270
57.0/70.0	0.150/0.500	33700.06 secs	(31.10 secs)	0.372	0.260
57.0/70.0	0.175/0.500	33734.29 secs	(34.23 secs)	0.541	0.283
57.0/70.0	0.200/0.500	33772.73 secs	(38.44 secs)	0.688	0.280
57.0/70.0	0.225/0.500	33808.71 secs	(35.98 secs)	0.726	0.282
57.0/70.0	0.250/0.500	33845.77 secs	(37.06 secs)	0.877	0.309
57.0/70.0	0.275/0.500	33882.87 secs	(37.09 secs)	0.887	0.296
57.0/70.0	0.300/0.500	33919.96 secs	(37.09 secs)	0.910	0.303
57.0/70.0	0.325/0.500	33955.50 secs	(35.54 secs)	0.930	0.304
57.0/70.0	0.350/0.500	33990.46 secs	(34.96 secs)	0.951	0.307
57.0/70.0	0.375/0.500	34026.38 secs	(35.92 secs)	0.980	0.309
57.0/70.0	0.400/0.500	34059.56 secs	(33.18 secs)	0.926	0.294
57.0/70.0	0.425/0.500	34092.77 secs	(33.21 secs)	0.986	0.305
57.0/70.0	0.450/0.500	34124.99 secs	(32.22 secs)	0.949	0.293
57.0/70.0	0.475/0.500	34156.66 secs	(31.67 secs)	0.972	0.298
57.0/70.0	0.500/0.500	34186.86 secs	(30.20 secs)	0.934	0.283


57.5/70.0	0.000/0.500	34198.82 secs	(11.96 secs)	0.003	0.288
57.5/70.0	0.025/0.500	34211.74 secs	(12.92 secs)	0.005	0.298
57.5/70.0	0.050/0.500	34225.96 secs	(14.21 secs)	0.022	0.244
57.5/70.0	0.075/0.500	34243.81 secs	(17.86 secs)	0.035	0.256
57.5/70.0	0.100/0.500	34271.00 secs	(27.18 secs)	0.157	0.272
57.5/70.0	0.125/0.500	34299.55 secs	(28.55 secs)	0.248	0.263
57.5/70.0	0.150/0.500	34332.85 secs	(33.30 secs)	0.481	0.304
57.5/70.0	0.175/0.500	34364.63 secs	(31.78 secs)	0.552	0.296
57.5/70.0	0.200/0.500	34403.80 secs	(39.17 secs)	0.739	0.301
57.5/70.0	0.225/0.500	34442.49 secs	(38.69 secs)	0.784	0.299
57.5/70.0	0.250/0.500	34481.06 secs	(38.57 secs)	0.918	0.321
57.5/70.0	0.275/0.500	34518.79 secs	(37.74 secs)	0.896	0.315
57.5/70.0	0.300/0.500	34555.55 secs	(36.76 secs)	0.917	0.305
57.5/70.0	0.325/0.500	34591.72 secs	(36.17 secs)	0.928	0.305
57.5/70.0	0.350/0.500	34626.97 secs	(35.25 secs)	0.956	0.311
57.5/70.0	0.375/0.500	34661.53 secs	(34.56 secs)	0.922	0.293
57.5/70.0	0.400/0.500	34695.04 secs	(33.51 secs)	0.985	0.313
57.5/70.0	0.425/0.500	34727.50 secs	(32.46 secs)	0.963	0.304
57.5/70.0	0.450/0.500	34760.18 secs	(32.67 secs)	0.950	0.296
57.5/70.0	0.475/0.500	34792.68 secs	(32.51 secs)	0.992	0.307
57.5/70.0	0.500/0.500	34823.70 secs	(31.02 secs)	0.973	0.303


58.0/70.0	0.000/0.500	34835.76 secs	(12.06 secs)	0.003	0.306
58.0/70.0	0.025/0.500	34848.14 secs	(12.38 secs)	0.005	0.198
58.0/70.0	0.050/0.500	34862.72 secs	(14.58 secs)	0.020	0.237
58.0/70.0	0.075/0.500	34880.63 secs	(17.91 secs)	0.061	0.241
58.0/70.0	0.100/0.500	34903.26 secs	(22.63 secs)	0.142	0.275
58.0/70.0	0.125/0.500	34937.54 secs	(34.28 secs)	0.304	0.293
58.0/70.0	0.150/0.500	34968.01 secs	(30.47 secs)	0.420	0.294
58.0/70.0	0.175/0.500	35004.63 secs	(36.62 secs)	0.559	0.311
58.0/70.0	0.200/0.500	35041.90 secs	(37.27 secs)	0.669	0.283
58.0/70.0	0.225/0.500	35078.78 secs	(36.88 secs)	0.795	0.297
58.0/70.0	0.250/0.500	35115.06 secs	(36.28 secs)	0.787	0.283
58.0/70.0	0.275/0.500	35146.23 secs	(31.17 secs)	0.851	0.291
58.0/70.0	0.300/0.500	35182.27 secs	(36.04 secs)	0.895	0.301
58.0/70.0	0.325/0.500	35218.47 secs	(36.20 secs)	0.934	0.310
58.0/70.0	0.350/0.500	35253.52 secs	(35.05 secs)	0.954	0.318
58.0/70.0	0.375/0.500	35288.85 secs	(35.33 secs)	0.981	0.315
58.0/70.0	0.400/0.500	35322.50 secs	(33.65 secs)	0.984	0.310
58.0/70.0	0.425/0.500	35354.92 secs	(32.42 secs)	0.928	0.292
58.0/70.0	0.450/0.500	35388.34 secs	(33.42 secs)	0.990	0.309
58.0/70.0	0.475/0.500	35420.01 secs	(31.67 secs)	0.952	0.300
58.0/70.0	0.500/0.500	35451.26 secs	(31.24 secs)	0.973	0.301


58.5/70.0	0.000/0.500	35463.17 secs	(11.91 secs)	0.003	0.368
58.5/70.0	0.025/0.500	35475.19 secs	(12.02 secs)	0.007	0.249
58.5/70.0	0.050/0.500	35488.75 secs	(13.57 secs)	0.024	0.291
58.5/70.0	0.075/0.500	35506.97 secs	(18.21 secs)	0.055	0.270
58.5/70.0	0.100/0.500	35530.48 secs	(23.51 secs)	0.147	0.271
58.5/70.0	0.125/0.500	35558.96 secs	(28.48 secs)	0.252	0.269
58.5/70.0	0.150/0.500	35589.69 secs	(30.74 secs)	0.441	0.284
58.5/70.0	0.175/0.500	35626.57 secs	(36.88 secs)	0.615	0.304
58.5/70.0	0.200/0.500	35664.22 secs	(37.65 secs)	0.724	0.302
58.5/70.0	0.225/0.500	35703.48 secs	(39.26 secs)	0.830	0.314
58.5/70.0	0.250/0.500	35742.46 secs	(38.98 secs)	0.913	0.324
58.5/70.0	0.275/0.500	35780.13 secs	(37.67 secs)	0.876	0.313
58.5/70.0	0.300/0.500	35816.87 secs	(36.74 secs)	0.919	0.308
58.5/70.0	0.325/0.500	35852.00 secs	(35.14 secs)	0.911	0.299
58.5/70.0	0.350/0.500	35885.49 secs	(33.49 secs)	0.877	0.284
58.5/70.0	0.375/0.500	35920.18 secs	(34.69 secs)	0.962	0.307
58.5/70.0	0.400/0.500	35954.09 secs	(33.91 secs)	0.925	0.297
58.5/70.0	0.425/0.500	35987.23 secs	(33.14 secs)	0.969	0.310
58.5/70.0	0.450/0.500	36020.48 secs	(33.25 secs)	0.990	0.312
58.5/70.0	0.475/0.500	36051.97 secs	(31.49 secs)	0.992	0.309
58.5/70.0	0.500/0.500	36083.29 secs	(31.32 secs)	0.973	0.304


59.0/70.0	0.000/0.500	36095.77 secs	(12.48 secs)	0.003	0.284
59.0/70.0	0.025/0.500	36108.60 secs	(12.83 secs)	0.007	0.303
59.0/70.0	0.050/0.500	36123.64 secs	(15.04 secs)	0.021	0.287
59.0/70.0	0.075/0.500	36144.71 secs	(21.07 secs)	0.068	0.279
59.0/70.0	0.100/0.500	36168.62 secs	(23.91 secs)	0.148	0.311
59.0/70.0	0.125/0.500	36196.11 secs	(27.49 secs)	0.296	0.289
59.0/70.0	0.150/0.500	36226.39 secs	(30.28 secs)	0.465	0.292
59.0/70.0	0.175/0.500	36262.20 secs	(35.80 secs)	0.575	0.315
59.0/70.0	0.200/0.500	36299.28 secs	(37.08 secs)	0.732	0.311
59.0/70.0	0.225/0.500	36336.66 secs	(37.38 secs)	0.771	0.318
59.0/70.0	0.250/0.500	36373.34 secs	(36.68 secs)	0.815	0.297
59.0/70.0	0.275/0.500	36410.43 secs	(37.09 secs)	0.897	0.317
59.0/70.0	0.300/0.500	36446.81 secs	(36.38 secs)	0.920	0.311
59.0/70.0	0.325/0.500	36482.84 secs	(36.03 secs)	0.950	0.315
59.0/70.0	0.350/0.500	36517.70 secs	(34.86 secs)	0.956	0.314
59.0/70.0	0.375/0.500	36552.43 secs	(34.73 secs)	0.941	0.308
59.0/70.0	0.400/0.500	36586.12 secs	(33.69 secs)	0.965	0.313
59.0/70.0	0.425/0.500	36619.55 secs	(33.42 secs)	0.929	0.298
59.0/70.0	0.450/0.500	36651.50 secs	(31.95 secs)	0.970	0.309
59.0/70.0	0.475/0.500	36683.07 secs	(31.57 secs)	0.991	0.313
59.0/70.0	0.500/0.500	36714.27 secs	(31.19 secs)	0.992	0.310


59.5/70.0	0.000/0.500	36726.19 secs	(11.92 secs)	0.003	0.308
59.5/70.0	0.025/0.500	36738.83 secs	(12.64 secs)	0.006	0.273
59.5/70.0	0.050/0.500	36752.89 secs	(14.06 secs)	0.020	0.305
59.5/70.0	0.075/0.500	36770.94 secs	(18.05 secs)	0.069	0.277
59.5/70.0	0.100/0.500	36791.72 secs	(20.77 secs)	0.109	0.286
59.5/70.0	0.125/0.500	36817.27 secs	(25.55 secs)	0.233	0.247
59.5/70.0	0.150/0.500	36854.00 secs	(36.73 secs)	0.441	0.283
59.5/70.0	0.175/0.500	36893.12 secs	(39.12 secs)	0.612	0.308
59.5/70.0	0.200/0.500	36931.34 secs	(38.22 secs)	0.747	0.326
59.5/70.0	0.225/0.500	36964.01 secs	(32.67 secs)	0.805	0.304
59.5/70.0	0.250/0.500	37000.49 secs	(36.47 secs)	0.863	0.311
59.5/70.0	0.275/0.500	37036.70 secs	(36.21 secs)	0.893	0.314
59.5/70.0	0.300/0.500	37072.89 secs	(36.19 secs)	0.877	0.300
59.5/70.0	0.325/0.500	37108.01 secs	(35.12 secs)	0.946	0.320
59.5/70.0	0.350/0.500	37143.18 secs	(35.17 secs)	0.975	0.323
59.5/70.0	0.375/0.500	37177.25 secs	(34.06 secs)	0.960	0.311
59.5/70.0	0.400/0.500	37210.16 secs	(32.91 secs)	0.947	0.307
59.5/70.0	0.425/0.500	37242.33 secs	(32.17 secs)	0.949	0.309
59.5/70.0	0.450/0.500	37274.28 secs	(31.95 secs)	0.991	0.315
59.5/70.0	0.475/0.500	37305.56 secs	(31.28 secs)	0.972	0.308
59.5/70.0	0.500/0.500	37336.31 secs	(30.76 secs)	0.974	0.302


60.0/70.0	0.000/0.500	37348.33 secs	(12.02 secs)	0.003	0.355
60.0/70.0	0.025/0.500	37361.07 secs	(12.74 secs)	0.006	0.247
60.0/70.0	0.050/0.500	37373.80 secs	(12.73 secs)	0.014	0.296
60.0/70.0	0.075/0.500	37392.06 secs	(18.26 secs)	0.061	0.291
60.0/70.0	0.100/0.500	37416.52 secs	(24.46 secs)	0.139	0.269
60.0/70.0	0.125/0.500	37450.95 secs	(34.43 secs)	0.364	0.316
60.0/70.0	0.150/0.500	37481.07 secs	(30.13 secs)	0.488	0.289
60.0/70.0	0.175/0.500	37519.14 secs	(38.07 secs)	0.599	0.305
60.0/70.0	0.200/0.500	37556.04 secs	(36.90 secs)	0.720	0.310
60.0/70.0	0.225/0.500	37593.75 secs	(37.71 secs)	0.828	0.327
60.0/70.0	0.250/0.500	37632.76 secs	(39.01 secs)	0.924	0.333
60.0/70.0	0.275/0.500	37670.35 secs	(37.59 secs)	0.930	0.321
60.0/70.0	0.300/0.500	37706.88 secs	(36.52 secs)	0.885	0.307
60.0/70.0	0.325/0.500	37742.17 secs	(35.30 secs)	0.932	0.313
60.0/70.0	0.350/0.500	37776.67 secs	(34.50 secs)	0.957	0.316
60.0/70.0	0.375/0.500	37810.26 secs	(33.59 secs)	0.983	0.325
60.0/70.0	0.400/0.500	37843.76 secs	(33.50 secs)	0.984	0.318
60.0/70.0	0.425/0.500	37876.25 secs	(32.49 secs)	0.988	0.325
60.0/70.0	0.450/0.500	37904.48 secs	(28.23 secs)	0.950	0.308
60.0/70.0	0.475/0.500	37936.15 secs	(31.67 secs)	0.992	0.319
60.0/70.0	0.500/0.500	37967.19 secs	(31.03 secs)	0.993	0.317


60.5/70.0	0.000/0.500	37979.06 secs	(11.88 secs)	0.003	0.314
60.5/70.0	0.025/0.500	37991.84 secs	(12.77 secs)	0.007	0.256
60.5/70.0	0.050/0.500	38006.12 secs	(14.28 secs)	0.027	0.301
60.5/70.0	0.075/0.500	38027.03 secs	(20.91 secs)	0.050	0.261
60.5/70.0	0.100/0.500	38049.92 secs	(22.89 secs)	0.145	0.263
60.5/70.0	0.125/0.500	38081.15 secs	(31.23 secs)	0.342	0.314
60.5/70.0	0.150/0.500	38116.02 secs	(34.87 secs)	0.447	0.302
60.5/70.0	0.175/0.500	38152.23 secs	(36.21 secs)	0.571	0.304
60.5/70.0	0.200/0.500	38187.07 secs	(34.84 secs)	0.717	0.311
60.5/70.0	0.225/0.500	38225.61 secs	(38.54 secs)	0.843	0.313
60.5/70.0	0.250/0.500	38262.27 secs	(36.66 secs)	0.862	0.318
60.5/70.0	0.275/0.500	38299.43 secs	(37.16 secs)	0.904	0.320
60.5/70.0	0.300/0.500	38335.71 secs	(36.28 secs)	0.938	0.322
60.5/70.0	0.325/0.500	38370.76 secs	(35.05 secs)	0.972	0.332
60.5/70.0	0.350/0.500	38405.51 secs	(34.75 secs)	0.951	0.322
60.5/70.0	0.375/0.500	38439.09 secs	(33.58 secs)	0.982	0.326
60.5/70.0	0.400/0.500	38472.39 secs	(33.30 secs)	0.967	0.318
60.5/70.0	0.425/0.500	38505.03 secs	(32.64 secs)	0.970	0.312
60.5/70.0	0.450/0.500	38536.99 secs	(31.96 secs)	0.970	0.315
60.5/70.0	0.475/0.500	38567.72 secs	(30.73 secs)	0.953	0.309
60.5/70.0	0.500/0.500	38598.41 secs	(30.69 secs)	0.994	0.322


61.0/70.0	0.000/0.500	38610.26 secs	(11.85 secs)	0.003	0.361
61.0/70.0	0.025/0.500	38622.76 secs	(12.50 secs)	0.006	0.281
61.0/70.0	0.050/0.500	38638.45 secs	(15.68 secs)	0.021	0.291
61.0/70.0	0.075/0.500	38658.52 secs	(20.08 secs)	0.060	0.302
61.0/70.0	0.100/0.500	38687.37 secs	(28.85 secs)	0.183	0.286
61.0/70.0	0.125/0.500	38721.76 secs	(34.39 secs)	0.354	0.284
61.0/70.0	0.150/0.500	38758.72 secs	(36.96 secs)	0.474	0.321
61.0/70.0	0.175/0.500	38796.58 secs	(37.86 secs)	0.645	0.308
61.0/70.0	0.200/0.500	38836.70 secs	(40.12 secs)	0.756	0.319
61.0/70.0	0.225/0.500	38876.55 secs	(39.84 secs)	0.793	0.308
61.0/70.0	0.250/0.500	38915.96 secs	(39.41 secs)	0.877	0.323
61.0/70.0	0.275/0.500	38954.90 secs	(38.95 secs)	0.873	0.312
61.0/70.0	0.300/0.500	38994.57 secs	(39.67 secs)	0.966	0.336
61.0/70.0	0.325/0.500	39032.01 secs	(37.44 secs)	0.915	0.314
61.0/70.0	0.350/0.500	39069.06 secs	(37.05 secs)	0.940	0.318
61.0/70.0	0.375/0.500	39104.36 secs	(35.30 secs)	0.981	0.327
61.0/70.0	0.400/0.500	39138.47 secs	(34.11 secs)	0.887	0.293
61.0/70.0	0.425/0.500	39173.48 secs	(35.01 secs)	0.968	0.316
61.0/70.0	0.450/0.500	39207.34 secs	(33.86 secs)	0.991	0.322
61.0/70.0	0.475/0.500	39240.98 secs	(33.64 secs)	0.973	0.311
61.0/70.0	0.500/0.500	39273.29 secs	(32.31 secs)	0.973	0.316


61.5/70.0	0.000/0.500	39285.76 secs	(12.47 secs)	0.003	0.317
61.5/70.0	0.025/0.500	39298.98 secs	(13.22 secs)	0.006	0.217
61.5/70.0	0.050/0.500	39312.64 secs	(13.66 secs)	0.020	0.313
61.5/70.0	0.075/0.500	39330.79 secs	(18.15 secs)	0.057	0.253
61.5/70.0	0.100/0.500	39357.47 secs	(26.68 secs)	0.140	0.308
61.5/70.0	0.125/0.500	39390.36 secs	(32.89 secs)	0.311	0.293
61.5/70.0	0.150/0.500	39425.45 secs	(35.09 secs)	0.446	0.287
61.5/70.0	0.175/0.500	39461.85 secs	(36.40 secs)	0.622	0.300
61.5/70.0	0.200/0.500	39501.26 secs	(39.40 secs)	0.731	0.315
61.5/70.0	0.225/0.500	39539.14 secs	(37.88 secs)	0.825	0.331
61.5/70.0	0.250/0.500	39578.49 secs	(39.35 secs)	0.912	0.331
61.5/70.0	0.275/0.500	39616.19 secs	(37.70 secs)	0.901	0.323
61.5/70.0	0.300/0.500	39653.67 secs	(37.48 secs)	0.922	0.324
61.5/70.0	0.325/0.500	39689.09 secs	(35.43 secs)	0.973	0.338
61.5/70.0	0.350/0.500	39724.72 secs	(35.63 secs)	0.976	0.329
61.5/70.0	0.375/0.500	39758.97 secs	(34.25 secs)	0.940	0.319
61.5/70.0	0.400/0.500	39792.01 secs	(33.04 secs)	0.986	0.326
61.5/70.0	0.425/0.500	39824.85 secs	(32.84 secs)	0.988	0.324
61.5/70.0	0.450/0.500	39857.05 secs	(32.19 secs)	0.971	0.319
61.5/70.0	0.475/0.500	39888.20 secs	(31.15 secs)	0.953	0.313
61.5/70.0	0.500/0.500	39919.54 secs	(31.34 secs)	0.993	0.322


62.0/70.0	0.000/0.500	39931.76 secs	(12.22 secs)	0.003	0.361
62.0/70.0	0.025/0.500	39945.14 secs	(13.38 secs)	0.007	0.324
62.0/70.0	0.050/0.500	39960.00 secs	(14.86 secs)	0.029	0.297
62.0/70.0	0.075/0.500	39981.20 secs	(21.20 secs)	0.069	0.313
62.0/70.0	0.100/0.500	40007.96 secs	(26.76 secs)	0.173	0.291
62.0/70.0	0.125/0.500	40036.23 secs	(28.28 secs)	0.282	0.275
62.0/70.0	0.150/0.500	40064.45 secs	(28.22 secs)	0.384	0.309
62.0/70.0	0.175/0.500	40098.89 secs	(34.45 secs)	0.624	0.307
62.0/70.0	0.200/0.500	40134.52 secs	(35.62 secs)	0.730	0.333
62.0/70.0	0.225/0.500	40171.80 secs	(37.28 secs)	0.767	0.311
62.0/70.0	0.250/0.500	40209.41 secs	(37.61 secs)	0.826	0.308
62.0/70.0	0.275/0.500	40245.58 secs	(36.17 secs)	0.907	0.326
62.0/70.0	0.300/0.500	40282.17 secs	(36.60 secs)	0.910	0.323
62.0/70.0	0.325/0.500	40317.37 secs	(35.19 secs)	0.952	0.334
62.0/70.0	0.350/0.500	40351.76 secs	(34.39 secs)	0.940	0.322
62.0/70.0	0.375/0.500	40385.59 secs	(33.83 secs)	0.924	0.310
62.0/70.0	0.400/0.500	40418.45 secs	(32.86 secs)	0.962	0.326
62.0/70.0	0.425/0.500	40450.77 secs	(32.32 secs)	0.988	0.331
62.0/70.0	0.450/0.500	40482.13 secs	(31.36 secs)	0.990	0.327
62.0/70.0	0.475/0.500	40513.45 secs	(31.33 secs)	0.981	0.325
62.0/70.0	0.500/0.500	40543.42 secs	(29.97 secs)	0.954	0.311


62.5/70.0	0.000/0.500	40555.23 secs	(11.81 secs)	0.003	0.255
62.5/70.0	0.025/0.500	40568.45 secs	(13.22 secs)	0.010	0.326
62.5/70.0	0.050/0.500	40581.48 secs	(13.03 secs)	0.014	0.255
62.5/70.0	0.075/0.500	40598.60 secs	(17.12 secs)	0.049	0.301
62.5/70.0	0.100/0.500	40625.77 secs	(27.16 secs)	0.161	0.290
62.5/70.0	0.125/0.500	40659.37 secs	(33.61 secs)	0.315	0.311
62.5/70.0	0.150/0.500	40690.59 secs	(31.22 secs)	0.474	0.293
62.5/70.0	0.175/0.500	40723.57 secs	(32.98 secs)	0.571	0.309
62.5/70.0	0.200/0.500	40761.78 secs	(38.21 secs)	0.807	0.339
62.5/70.0	0.225/0.500	40800.00 secs	(38.22 secs)	0.818	0.332
62.5/70.0	0.250/0.500	40837.80 secs	(37.80 secs)	0.843	0.312
62.5/70.0	0.275/0.500	40873.66 secs	(35.86 secs)	0.869	0.313
62.5/70.0	0.300/0.500	40910.32 secs	(36.66 secs)	0.913	0.330
62.5/70.0	0.325/0.500	40946.00 secs	(35.69 secs)	0.972	0.338
62.5/70.0	0.350/0.500	40980.54 secs	(34.53 secs)	0.920	0.312
62.5/70.0	0.375/0.500	41015.33 secs	(34.79 secs)	0.964	0.326
62.5/70.0	0.400/0.500	41048.73 secs	(33.40 secs)	0.986	0.335
62.5/70.0	0.425/0.500	41082.30 secs	(33.56 secs)	0.989	0.331
62.5/70.0	0.450/0.500	41114.23 secs	(31.94 secs)	0.970	0.320
62.5/70.0	0.475/0.500	41144.70 secs	(30.47 secs)	0.933	0.308
62.5/70.0	0.500/0.500	41175.72 secs	(31.02 secs)	0.974	0.321


63.0/70.0	0.000/0.500	41187.68 secs	(11.96 secs)	0.003	0.288
63.0/70.0	0.025/0.500	41199.74 secs	(12.05 secs)	0.006	0.290
63.0/70.0	0.050/0.500	41213.17 secs	(13.44 secs)	0.018	0.297
63.0/70.0	0.075/0.500	41231.96 secs	(18.78 secs)	0.057	0.304
63.0/70.0	0.100/0.500	41262.14 secs	(30.18 secs)	0.165	0.313
63.0/70.0	0.125/0.500	41292.15 secs	(30.02 secs)	0.331	0.301
63.0/70.0	0.150/0.500	41328.81 secs	(36.66 secs)	0.479	0.317
63.0/70.0	0.175/0.500	41367.69 secs	(38.88 secs)	0.645	0.335
63.0/70.0	0.200/0.500	41403.72 secs	(36.03 secs)	0.715	0.309
63.0/70.0	0.225/0.500	41441.72 secs	(38.00 secs)	0.802	0.317
63.0/70.0	0.250/0.500	41478.16 secs	(36.44 secs)	0.823	0.315
63.0/70.0	0.275/0.500	41514.28 secs	(36.13 secs)	0.856	0.311
63.0/70.0	0.300/0.500	41550.22 secs	(35.93 secs)	0.906	0.327
63.0/70.0	0.325/0.500	41585.98 secs	(35.77 secs)	0.936	0.329
63.0/70.0	0.350/0.500	41620.28 secs	(34.30 secs)	0.959	0.333
63.0/70.0	0.375/0.500	41653.45 secs	(33.17 secs)	0.945	0.322
63.0/70.0	0.400/0.500	41681.91 secs	(28.46 secs)	0.947	0.323
63.0/70.0	0.425/0.500	41714.73 secs	(32.82 secs)	0.969	0.326
63.0/70.0	0.450/0.500	41747.36 secs	(32.63 secs)	0.991	0.329
63.0/70.0	0.475/0.500	41779.16 secs	(31.79 secs)	0.972	0.323
63.0/70.0	0.500/0.500	41810.46 secs	(31.30 secs)	0.994	0.328


63.5/70.0	0.000/0.500	41822.18 secs	(11.73 secs)	0.003	0.272
63.5/70.0	0.025/0.500	41834.85 secs	(12.67 secs)	0.008	0.397
63.5/70.0	0.050/0.500	41848.07 secs	(13.21 secs)	0.016	0.275
63.5/70.0	0.075/0.500	41866.82 secs	(18.76 secs)	0.058	0.280
63.5/70.0	0.100/0.500	41891.64 secs	(24.82 secs)	0.154	0.309
63.5/70.0	0.125/0.500	41924.72 secs	(33.08 secs)	0.352	0.319
63.5/70.0	0.150/0.500	41955.49 secs	(30.77 secs)	0.466	0.312
63.5/70.0	0.175/0.500	41992.63 secs	(37.14 secs)	0.643	0.334
63.5/70.0	0.200/0.500	42029.44 secs	(36.81 secs)	0.701	0.312
63.5/70.0	0.225/0.500	42067.72 secs	(38.29 secs)	0.835	0.329
63.5/70.0	0.250/0.500	42107.03 secs	(39.31 secs)	0.900	0.342
63.5/70.0	0.275/0.500	42144.21 secs	(37.18 secs)	0.909	0.331
63.5/70.0	0.300/0.500	42180.41 secs	(36.20 secs)	0.945	0.337
63.5/70.0	0.325/0.500	42216.53 secs	(36.12 secs)	0.954	0.336
63.5/70.0	0.350/0.500	42250.95 secs	(34.41 secs)	0.960	0.333
63.5/70.0	0.375/0.500	42284.70 secs	(33.75 secs)	0.965	0.334
63.5/70.0	0.400/0.500	42318.61 secs	(33.91 secs)	0.986	0.334
63.5/70.0	0.425/0.500	42352.27 secs	(33.66 secs)	0.989	0.332
63.5/70.0	0.450/0.500	42384.88 secs	(32.61 secs)	0.988	0.334
63.5/70.0	0.475/0.500	42415.85 secs	(30.97 secs)	0.973	0.325
63.5/70.0	0.500/0.500	42446.50 secs	(30.65 secs)	0.994	0.330


64.0/70.0	0.000/0.500	42458.54 secs	(12.04 secs)	0.004	0.376
64.0/70.0	0.025/0.500	42470.67 secs	(12.13 secs)	0.008	0.305
64.0/70.0	0.050/0.500	42485.76 secs	(15.08 secs)	0.016	0.278
64.0/70.0	0.075/0.500	42504.73 secs	(18.98 secs)	0.068	0.298
64.0/70.0	0.100/0.500	42530.04 secs	(25.31 secs)	0.178	0.292
64.0/70.0	0.125/0.500	42561.97 secs	(31.93 secs)	0.343	0.316
64.0/70.0	0.150/0.500	42592.02 secs	(30.05 secs)	0.478	0.297
64.0/70.0	0.175/0.500	42630.30 secs	(38.28 secs)	0.646	0.342
64.0/70.0	0.200/0.500	42668.16 secs	(37.86 secs)	0.733	0.309
64.0/70.0	0.225/0.500	42707.42 secs	(39.26 secs)	0.846	0.332
64.0/70.0	0.250/0.500	42745.53 secs	(38.11 secs)	0.887	0.337
64.0/70.0	0.275/0.500	42783.74 secs	(38.21 secs)	0.938	0.349
64.0/70.0	0.300/0.500	42819.53 secs	(35.79 secs)	0.916	0.330
64.0/70.0	0.325/0.500	42855.03 secs	(35.50 secs)	0.965	0.346
64.0/70.0	0.350/0.500	42889.60 secs	(34.57 secs)	0.956	0.339
64.0/70.0	0.375/0.500	42923.31 secs	(33.71 secs)	0.963	0.336
64.0/70.0	0.400/0.500	42956.33 secs	(33.02 secs)	0.967	0.334
64.0/70.0	0.425/0.500	42988.64 secs	(32.31 secs)	0.989	0.335
64.0/70.0	0.450/0.500	43020.89 secs	(32.25 secs)	0.951	0.323
64.0/70.0	0.475/0.500	43052.51 secs	(31.62 secs)	0.993	0.333
64.0/70.0	0.500/0.500	43083.05 secs	(30.54 secs)	0.974	0.324


64.5/70.0	0.000/0.500	43095.05 secs	(12.00 secs)	0.003	0.297
64.5/70.0	0.025/0.500	43108.32 secs	(13.27 secs)	0.011	0.294
64.5/70.0	0.050/0.500	43123.06 secs	(14.73 secs)	0.024	0.263
64.5/70.0	0.075/0.500	43145.07 secs	(22.02 secs)	0.057	0.290
64.5/70.0	0.100/0.500	43170.44 secs	(25.37 secs)	0.171	0.347
64.5/70.0	0.125/0.500	43197.69 secs	(27.25 secs)	0.309	0.297
64.5/70.0	0.150/0.500	43233.87 secs	(36.18 secs)	0.529	0.329
64.5/70.0	0.175/0.500	43264.48 secs	(30.61 secs)	0.592	0.336
64.5/70.0	0.200/0.500	43303.44 secs	(38.96 secs)	0.780	0.334
64.5/70.0	0.225/0.500	43342.38 secs	(38.94 secs)	0.860	0.339
64.5/70.0	0.250/0.500	43380.14 secs	(37.77 secs)	0.882	0.331
64.5/70.0	0.275/0.500	43417.44 secs	(37.30 secs)	0.939	0.345
64.5/70.0	0.300/0.500	43453.60 secs	(36.16 secs)	0.926	0.339
64.5/70.0	0.325/0.500	43488.62 secs	(35.02 secs)	0.948	0.339
64.5/70.0	0.350/0.500	43523.94 secs	(35.32 secs)	0.979	0.349
64.5/70.0	0.375/0.500	43557.78 secs	(33.84 secs)	0.942	0.329
64.5/70.0	0.400/0.500	43590.50 secs	(32.73 secs)	0.984	0.343
64.5/70.0	0.425/0.500	43622.41 secs	(31.91 secs)	0.968	0.332
64.5/70.0	0.450/0.500	43655.58 secs	(33.16 secs)	0.991	0.341
64.5/70.0	0.475/0.500	43687.15 secs	(31.57 secs)	0.953	0.324
64.5/70.0	0.500/0.500	43718.23 secs	(31.08 secs)	0.974	0.327


65.0/70.0	0.000/0.500	43730.47 secs	(12.24 secs)	0.003	0.333
65.0/70.0	0.025/0.500	43742.94 secs	(12.47 secs)	0.009	0.369
65.0/70.0	0.050/0.500	43756.46 secs	(13.52 secs)	0.020	0.299
65.0/70.0	0.075/0.500	43776.37 secs	(19.91 secs)	0.082	0.282
65.0/70.0	0.100/0.500	43799.52 secs	(23.15 secs)	0.138	0.305
65.0/70.0	0.125/0.500	43827.25 secs	(27.73 secs)	0.289	0.316
65.0/70.0	0.150/0.500	43862.49 secs	(35.25 secs)	0.505	0.305
65.0/70.0	0.175/0.500	43898.64 secs	(36.15 secs)	0.571	0.300
65.0/70.0	0.200/0.500	43936.73 secs	(38.09 secs)	0.758	0.325
65.0/70.0	0.225/0.500	43973.32 secs	(36.58 secs)	0.830	0.343
65.0/70.0	0.250/0.500	44010.71 secs	(37.39 secs)	0.874	0.337
65.0/70.0	0.275/0.500	44047.97 secs	(37.26 secs)	0.910	0.345
65.0/70.0	0.300/0.500	44084.27 secs	(36.30 secs)	0.907	0.336
65.0/70.0	0.325/0.500	44119.35 secs	(35.08 secs)	0.937	0.330
65.0/70.0	0.350/0.500	44153.54 secs	(34.20 secs)	0.961	0.341
65.0/70.0	0.375/0.500	44186.99 secs	(33.44 secs)	0.943	0.336
65.0/70.0	0.400/0.500	44219.74 secs	(32.76 secs)	0.968	0.335
65.0/70.0	0.425/0.500	44253.00 secs	(33.25 secs)	0.989	0.341
65.0/70.0	0.450/0.500	44284.71 secs	(31.71 secs)	0.972	0.330
65.0/70.0	0.475/0.500	44315.83 secs	(31.12 secs)	0.973	0.333
65.0/70.0	0.500/0.500	44347.02 secs	(31.19 secs)	0.994	0.332


65.5/70.0	0.000/0.500	44359.60 secs	(12.58 secs)	0.003	0.276
65.5/70.0	0.025/0.500	44373.03 secs	(13.42 secs)	0.007	0.340
65.5/70.0	0.050/0.500	44387.77 secs	(14.74 secs)	0.027	0.335
65.5/70.0	0.075/0.500	44411.16 secs	(23.39 secs)	0.061	0.315
65.5/70.0	0.100/0.500	44434.63 secs	(23.47 secs)	0.156	0.309
65.5/70.0	0.125/0.500	44465.11 secs	(30.48 secs)	0.298	0.339
65.5/70.0	0.150/0.500	44498.47 secs	(33.36 secs)	0.470	0.315
65.5/70.0	0.175/0.500	44535.52 secs	(37.05 secs)	0.689	0.337
65.5/70.0	0.200/0.500	44575.06 secs	(39.54 secs)	0.800	0.332
65.5/70.0	0.225/0.500	44611.64 secs	(36.58 secs)	0.783	0.314
65.5/70.0	0.250/0.500	44649.13 secs	(37.49 secs)	0.841	0.325
65.5/70.0	0.275/0.500	44685.33 secs	(36.20 secs)	0.861	0.317
65.5/70.0	0.300/0.500	44722.69 secs	(37.37 secs)	0.943	0.350
65.5/70.0	0.325/0.500	44759.89 secs	(37.19 secs)	0.976	0.354
65.5/70.0	0.350/0.500	44794.74 secs	(34.85 secs)	0.976	0.352
65.5/70.0	0.375/0.500	44827.63 secs	(32.89 secs)	0.943	0.331
65.5/70.0	0.400/0.500	44860.45 secs	(32.83 secs)	0.987	0.347
65.5/70.0	0.425/0.500	44893.21 secs	(32.75 secs)	0.970	0.338
65.5/70.0	0.450/0.500	44925.18 secs	(31.97 secs)	0.992	0.345
65.5/70.0	0.475/0.500	44956.56 secs	(31.38 secs)	0.992	0.337
65.5/70.0	0.500/0.500	44987.32 secs	(30.76 secs)	0.994	0.335


66.0/70.0	0.000/0.500	44999.96 secs	(12.64 secs)	0.003	0.370
66.0/70.0	0.025/0.500	45012.75 secs	(12.79 secs)	0.006	0.348
66.0/70.0	0.050/0.500	45028.50 secs	(15.75 secs)	0.021	0.294
66.0/70.0	0.075/0.500	45052.40 secs	(23.89 secs)	0.067	0.287
66.0/70.0	0.100/0.500	45074.39 secs	(22.00 secs)	0.131	0.299
66.0/70.0	0.125/0.500	45107.66 secs	(33.27 secs)	0.337	0.350
66.0/70.0	0.150/0.500	45144.47 secs	(36.81 secs)	0.567	0.333
66.0/70.0	0.175/0.500	45182.76 secs	(38.28 secs)	0.626	0.338
66.0/70.0	0.200/0.500	45222.12 secs	(39.36 secs)	0.739	0.334
66.0/70.0	0.225/0.500	45259.88 secs	(37.76 secs)	0.786	0.338
66.0/70.0	0.250/0.500	45296.94 secs	(37.05 secs)	0.839	0.321
66.0/70.0	0.275/0.500	45334.86 secs	(37.92 secs)	0.913	0.343
66.0/70.0	0.300/0.500	45371.09 secs	(36.23 secs)	0.970	0.357
66.0/70.0	0.325/0.500	45407.49 secs	(36.40 secs)	0.974	0.356
66.0/70.0	0.350/0.500	45441.62 secs	(34.13 secs)	0.923	0.331
66.0/70.0	0.375/0.500	45475.59 secs	(33.97 secs)	0.985	0.354
66.0/70.0	0.400/0.500	45509.04 secs	(33.45 secs)	0.988	0.347
66.0/70.0	0.425/0.500	45541.05 secs	(32.01 secs)	0.971	0.337
66.0/70.0	0.450/0.500	45574.82 secs	(33.77 secs)	0.966	0.338
66.0/70.0	0.475/0.500	45606.23 secs	(31.41 secs)	0.993	0.341
66.0/70.0	0.500/0.500	45637.00 secs	(30.77 secs)	0.995	0.341


66.5/70.0	0.000/0.500	45649.16 secs	(12.16 secs)	0.004	0.393
66.5/70.0	0.025/0.500	45662.30 secs	(13.14 secs)	0.008	0.324
66.5/70.0	0.050/0.500	45676.79 secs	(14.48 secs)	0.019	0.299
66.5/70.0	0.075/0.500	45695.33 secs	(18.54 secs)	0.060	0.278
66.5/70.0	0.100/0.500	45719.78 secs	(24.45 secs)	0.166	0.303
66.5/70.0	0.125/0.500	45749.16 secs	(29.38 secs)	0.281	0.321
66.5/70.0	0.150/0.500	45779.75 secs	(30.60 secs)	0.496	0.320
66.5/70.0	0.175/0.500	45819.09 secs	(39.34 secs)	0.727	0.355
66.5/70.0	0.200/0.500	45859.25 secs	(40.16 secs)	0.839	0.355
66.5/70.0	0.225/0.500	45897.19 secs	(37.94 secs)	0.816	0.338
66.5/70.0	0.250/0.500	45934.31 secs	(37.12 secs)	0.878	0.346
66.5/70.0	0.275/0.500	45970.22 secs	(35.91 secs)	0.878	0.334
66.5/70.0	0.300/0.500	46005.71 secs	(35.49 secs)	0.903	0.335
66.5/70.0	0.325/0.500	46040.90 secs	(35.20 secs)	0.954	0.348
66.5/70.0	0.350/0.500	46075.21 secs	(34.31 secs)	0.961	0.343
66.5/70.0	0.375/0.500	46109.68 secs	(34.47 secs)	0.984	0.348
66.5/70.0	0.400/0.500	46142.55 secs	(32.86 secs)	0.968	0.341
66.5/70.0	0.425/0.500	46175.72 secs	(33.18 secs)	0.990	0.343
66.5/70.0	0.450/0.500	46209.47 secs	(33.74 secs)	0.952	0.329
66.5/70.0	0.475/0.500	46240.74 secs	(31.27 secs)	0.993	0.342
66.5/70.0	0.500/0.500	46272.38 secs	(31.64 secs)	0.993	0.342


67.0/70.0	0.000/0.500	46284.64 secs	(12.27 secs)	0.004	0.438
67.0/70.0	0.025/0.500	46296.71 secs	(12.07 secs)	0.007	0.283
67.0/70.0	0.050/0.500	46311.46 secs	(14.75 secs)	0.022	0.331
67.0/70.0	0.075/0.500	46329.59 secs	(18.13 secs)	0.066	0.304
67.0/70.0	0.100/0.500	46354.94 secs	(25.35 secs)	0.144	0.303
67.0/70.0	0.125/0.500	46386.79 secs	(31.85 secs)	0.270	0.299
67.0/70.0	0.150/0.500	46422.21 secs	(35.42 secs)	0.542	0.332
67.0/70.0	0.175/0.500	46461.41 secs	(39.20 secs)	0.673	0.339
67.0/70.0	0.200/0.500	46495.34 secs	(33.93 secs)	0.709	0.316
67.0/70.0	0.225/0.500	46533.35 secs	(38.01 secs)	0.832	0.325
67.0/70.0	0.250/0.500	46570.83 secs	(37.47 secs)	0.855	0.334
67.0/70.0	0.275/0.500	46607.28 secs	(36.45 secs)	0.900	0.343
67.0/70.0	0.300/0.500	46642.58 secs	(35.31 secs)	0.892	0.330
67.0/70.0	0.325/0.500	46677.58 secs	(35.00 secs)	0.933	0.346
67.0/70.0	0.350/0.500	46712.49 secs	(34.91 secs)	0.981	0.352
67.0/70.0	0.375/0.500	46745.99 secs	(33.50 secs)	0.983	0.354
67.0/70.0	0.400/0.500	46779.47 secs	(33.48 secs)	0.967	0.342
67.0/70.0	0.425/0.500	46811.75 secs	(32.28 secs)	0.970	0.342
67.0/70.0	0.450/0.500	46844.09 secs	(32.34 secs)	0.972	0.344
67.0/70.0	0.475/0.500	46876.49 secs	(32.40 secs)	0.993	0.346
67.0/70.0	0.500/0.500	46908.08 secs	(31.59 secs)	0.994	0.343


67.5/70.0	0.000/0.500	46920.84 secs	(12.77 secs)	0.003	0.391
67.5/70.0	0.025/0.500	46933.49 secs	(12.64 secs)	0.010	0.382
67.5/70.0	0.050/0.500	46947.30 secs	(13.81 secs)	0.027	0.283
67.5/70.0	0.075/0.500	46968.72 secs	(21.42 secs)	0.097	0.304
67.5/70.0	0.100/0.500	46993.00 secs	(24.28 secs)	0.163	0.323
67.5/70.0	0.125/0.500	47021.04 secs	(28.04 secs)	0.315	0.325
67.5/70.0	0.150/0.500	47059.44 secs	(38.41 secs)	0.566	0.347
67.5/70.0	0.175/0.500	47093.40 secs	(33.95 secs)	0.653	0.328
67.5/70.0	0.200/0.500	47130.67 secs	(37.27 secs)	0.733	0.320
67.5/70.0	0.225/0.500	47169.39 secs	(38.72 secs)	0.884	0.359
67.5/70.0	0.250/0.500	47207.61 secs	(38.22 secs)	0.920	0.354
67.5/70.0	0.275/0.500	47244.61 secs	(36.99 secs)	0.932	0.352
67.5/70.0	0.300/0.500	47280.47 secs	(35.86 secs)	0.960	0.361
67.5/70.0	0.325/0.500	47316.80 secs	(36.33 secs)	0.956	0.356
67.5/70.0	0.350/0.500	47350.90 secs	(34.09 secs)	0.944	0.347
67.5/70.0	0.375/0.500	47385.07 secs	(34.18 secs)	0.985	0.354
67.5/70.0	0.400/0.500	47417.72 secs	(32.64 secs)	0.928	0.333
67.5/70.0	0.425/0.500	47449.96 secs	(32.24 secs)	0.989	0.352
67.5/70.0	0.450/0.500	47482.00 secs	(32.04 secs)	0.992	0.351
67.5/70.0	0.475/0.500	47512.88 secs	(30.89 secs)	0.993	0.344
67.5/70.0	0.500/0.500	47544.30 secs	(31.42 secs)	0.994	0.339


68.0/70.0	0.000/0.500	47556.62 secs	(12.32 secs)	0.003	0.281
68.0/70.0	0.025/0.500	47569.47 secs	(12.85 secs)	0.007	0.322
68.0/70.0	0.050/0.500	47585.00 secs	(15.54 secs)	0.030	0.316
68.0/70.0	0.075/0.500	47605.61 secs	(20.61 secs)	0.062	0.265
68.0/70.0	0.100/0.500	47630.35 secs	(24.73 secs)	0.160	0.329
68.0/70.0	0.125/0.500	47663.13 secs	(32.78 secs)	0.328	0.339
68.0/70.0	0.150/0.500	47701.99 secs	(38.87 secs)	0.560	0.334
68.0/70.0	0.175/0.500	47739.87 secs	(37.88 secs)	0.641	0.343
68.0/70.0	0.200/0.500	47779.13 secs	(39.26 secs)	0.769	0.350
68.0/70.0	0.225/0.500	47816.89 secs	(37.76 secs)	0.797	0.343
68.0/70.0	0.250/0.500	47854.49 secs	(37.60 secs)	0.909	0.362
68.0/70.0	0.275/0.500	47891.71 secs	(37.22 secs)	0.923	0.348
68.0/70.0	0.300/0.500	47927.54 secs	(35.82 secs)	0.926	0.348
68.0/70.0	0.325/0.500	47963.14 secs	(35.60 secs)	0.937	0.350
68.0/70.0	0.350/0.500	47997.83 secs	(34.69 secs)	0.944	0.351
68.0/70.0	0.375/0.500	48031.04 secs	(33.21 secs)	0.946	0.346
68.0/70.0	0.400/0.500	48064.60 secs	(33.57 secs)	0.968	0.347
68.0/70.0	0.425/0.500	48096.69 secs	(32.09 secs)	0.990	0.353
68.0/70.0	0.450/0.500	48128.86 secs	(32.17 secs)	0.992	0.353
68.0/70.0	0.475/0.500	48160.35 secs	(31.49 secs)	0.974	0.342
68.0/70.0	0.500/0.500	48190.95 secs	(30.60 secs)	0.994	0.348


68.5/70.0	0.000/0.500	48203.35 secs	(12.40 secs)	0.003	0.313
68.5/70.0	0.025/0.500	48215.77 secs	(12.42 secs)	0.008	0.306
68.5/70.0	0.050/0.500	48229.38 secs	(13.61 secs)	0.016	0.291
68.5/70.0	0.075/0.500	48251.89 secs	(22.51 secs)	0.092	0.359
68.5/70.0	0.100/0.500	48277.77 secs	(25.87 secs)	0.193	0.311
68.5/70.0	0.125/0.500	48307.35 secs	(29.59 secs)	0.376	0.313
68.5/70.0	0.150/0.500	48343.43 secs	(36.07 secs)	0.514	0.345
68.5/70.0	0.175/0.500	48376.27 secs	(32.85 secs)	0.641	0.330
68.5/70.0	0.200/0.500	48414.43 secs	(38.16 secs)	0.813	0.354
68.5/70.0	0.225/0.500	48452.58 secs	(38.14 secs)	0.856	0.353
68.5/70.0	0.250/0.500	48490.75 secs	(38.18 secs)	0.888	0.348
68.5/70.0	0.275/0.500	48528.10 secs	(37.34 secs)	0.916	0.353
68.5/70.0	0.300/0.500	48564.98 secs	(36.89 secs)	0.969	0.369
68.5/70.0	0.325/0.500	48600.45 secs	(35.47 secs)	0.956	0.363
68.5/70.0	0.350/0.500	48635.94 secs	(35.49 secs)	0.962	0.352
68.5/70.0	0.375/0.500	48670.37 secs	(34.43 secs)	0.946	0.343
68.5/70.0	0.400/0.500	48704.16 secs	(33.79 secs)	0.988	0.356
68.5/70.0	0.425/0.500	48737.45 secs	(33.29 secs)	0.991	0.358
68.5/70.0	0.450/0.500	48769.23 secs	(31.78 secs)	0.992	0.353
68.5/70.0	0.475/0.500	48800.14 secs	(30.91 secs)	0.973	0.343
68.5/70.0	0.500/0.500	48830.51 secs	(30.37 secs)	0.994	0.353


69.0/70.0	0.000/0.500	48842.40 secs	(11.88 secs)	0.004	0.433
69.0/70.0	0.025/0.500	48854.89 secs	(12.49 secs)	0.008	0.408
69.0/70.0	0.050/0.500	48867.96 secs	(13.07 secs)	0.019	0.317
69.0/70.0	0.075/0.500	48888.62 secs	(20.66 secs)	0.063	0.317
69.0/70.0	0.100/0.500	48914.22 secs	(25.60 secs)	0.175	0.341
69.0/70.0	0.125/0.500	48943.43 secs	(29.21 secs)	0.358	0.347
69.0/70.0	0.150/0.500	48979.57 secs	(36.14 secs)	0.453	0.331
69.0/70.0	0.175/0.500	49016.88 secs	(37.32 secs)	0.674	0.325
69.0/70.0	0.200/0.500	49054.27 secs	(37.39 secs)	0.748	0.336
69.0/70.0	0.225/0.500	49091.96 secs	(37.69 secs)	0.860	0.360
69.0/70.0	0.250/0.500	49129.73 secs	(37.76 secs)	0.904	0.366
69.0/70.0	0.275/0.500	49166.49 secs	(36.76 secs)	0.924	0.354
69.0/70.0	0.300/0.500	49201.63 secs	(35.15 secs)	0.927	0.373
69.0/70.0	0.325/0.500	49236.15 secs	(34.52 secs)	0.959	0.358
69.0/70.0	0.350/0.500	49270.22 secs	(34.07 secs)	0.928	0.347
69.0/70.0	0.375/0.500	49303.75 secs	(33.53 secs)	0.985	0.357
69.0/70.0	0.400/0.500	49337.09 secs	(33.34 secs)	0.968	0.348
69.0/70.0	0.425/0.500	49369.44 secs	(32.35 secs)	0.970	0.353
69.0/70.0	0.450/0.500	49401.34 secs	(31.90 secs)	0.992	0.357
69.0/70.0	0.475/0.500	49432.34 secs	(31.00 secs)	0.993	0.353
69.0/70.0	0.500/0.500	49462.66 secs	(30.32 secs)	0.994	0.351


69.5/70.0	0.000/0.500	49475.02 secs	(12.36 secs)	0.003	0.318
69.5/70.0	0.025/0.500	49487.87 secs	(12.84 secs)	0.008	0.293
69.5/70.0	0.050/0.500	49503.46 secs	(15.59 secs)	0.026	0.355
69.5/70.0	0.075/0.500	49524.91 secs	(21.45 secs)	0.093	0.321
69.5/70.0	0.100/0.500	49553.17 secs	(28.27 secs)	0.178	0.344
69.5/70.0	0.125/0.500	49585.97 secs	(32.80 secs)	0.353	0.325
69.5/70.0	0.150/0.500	49622.20 secs	(36.23 secs)	0.534	0.348
69.5/70.0	0.175/0.500	49658.99 secs	(36.79 secs)	0.683	0.348
69.5/70.0	0.200/0.500	49697.91 secs	(38.92 secs)	0.748	0.337
69.5/70.0	0.225/0.500	49737.13 secs	(39.22 secs)	0.878	0.364
69.5/70.0	0.250/0.500	49774.07 secs	(36.94 secs)	0.827	0.337
69.5/70.0	0.275/0.500	49811.39 secs	(37.32 secs)	0.958	0.371
69.5/70.0	0.300/0.500	49847.26 secs	(35.87 secs)	0.931	0.352
69.5/70.0	0.325/0.500	49882.88 secs	(35.62 secs)	0.902	0.337
69.5/70.0	0.350/0.500	49918.30 secs	(35.41 secs)	0.984	0.364
69.5/70.0	0.375/0.500	49952.93 secs	(34.63 secs)	0.986	0.361
69.5/70.0	0.400/0.500	49986.09 secs	(33.16 secs)	0.949	0.344
69.5/70.0	0.425/0.500	50017.88 secs	(31.79 secs)	0.970	0.357
69.5/70.0	0.450/0.500	50049.32 secs	(31.44 secs)	0.993	0.359
69.5/70.0	0.475/0.500	50080.13 secs	(30.80 secs)	0.954	0.343
69.5/70.0	0.500/0.500	50111.61 secs	(31.49 secs)	0.995	0.358


70.0/70.0	0.000/0.500	50123.78 secs	(12.17 secs)	0.003	0.327
70.0/70.0	0.025/0.500	50136.35 secs	(12.57 secs)	0.007	0.314
70.0/70.0	0.050/0.500	50151.51 secs	(15.16 secs)	0.023	0.313
70.0/70.0	0.075/0.500	50169.77 secs	(18.26 secs)	0.057	0.306
70.0/70.0	0.100/0.500	50202.09 secs	(32.33 secs)	0.212	0.338
70.0/70.0	0.125/0.500	50237.30 secs	(35.21 secs)	0.382	0.353
70.0/70.0	0.150/0.500	50275.89 secs	(38.59 secs)	0.586	0.367
70.0/70.0	0.175/0.500	50314.53 secs	(38.64 secs)	0.692	0.360
70.0/70.0	0.200/0.500	50353.46 secs	(38.93 secs)	0.794	0.355
70.0/70.0	0.225/0.500	50392.44 secs	(38.98 secs)	0.883	0.365
70.0/70.0	0.250/0.500	50430.32 secs	(37.89 secs)	0.888	0.352
70.0/70.0	0.275/0.500	50467.33 secs	(37.01 secs)	0.932	0.362
70.0/70.0	0.300/0.500	50503.65 secs	(36.31 secs)	0.951	0.373
70.0/70.0	0.325/0.500	50539.43 secs	(35.79 secs)	0.976	0.371
70.0/70.0	0.350/0.500	50574.05 secs	(34.62 secs)	0.962	0.362
70.0/70.0	0.375/0.500	50607.65 secs	(33.60 secs)	0.942	0.353
70.0/70.0	0.400/0.500	50642.95 secs	(35.31 secs)	0.969	0.356
70.0/70.0	0.425/0.500	50678.44 secs	(35.49 secs)	0.952	0.353
70.0/70.0	0.450/0.500	50710.61 secs	(32.17 secs)	0.992	0.364
70.0/70.0	0.475/0.500	50742.72 secs	(32.12 secs)	0.994	0.364
70.0/70.0	0.500/0.500	50774.27 secs	(31.55 secs)	0.995	0.353


> 
> proc.time()
     user    system   elapsed 
883416.26  14737.32  51162.63 
