
R version 4.3.0 (2023-04-21) -- "Already Tomorrow"
Copyright (C) 2023 The R Foundation for Statistical Computing
Platform: x86_64-pc-linux-gnu (64-bit)

R is free software and comes with ABSOLUTELY NO WARRANTY.
You are welcome to redistribute it under certain conditions.
Type 'license()' or 'licence()' for distribution details.

  Natural language support but running in an English locale

R is a collaborative project with many contributors.
Type 'contributors()' for more information and
'citation()' on how to cite R or R packages in publications.

Type 'demo()' for some demos, 'help()' for on-line help, or
'help.start()' for an HTML browser interface to help.
Type 'q()' to quit R.

> rm(list = ls())
> gc()
         used (Mb) gc trigger (Mb) max used (Mb)
Ncells 284765 15.3     664565 35.5   464468 24.9
Vcells 490458  3.8    8388608 64.0  1837328 14.1
> library(dplyr)

Attaching package: ‘dplyr’

The following objects are masked from ‘package:stats’:

    filter, lag

The following objects are masked from ‘package:base’:

    intersect, setdiff, setequal, union

> library(foreach)
> library(doParallel)
Loading required package: iterators
Loading required package: parallel
> 
> # Set up the number of cores used for parallelization.
> message(detectCores())
32
> num_cores <- detectCores()
> registerDoParallel(num_cores)
> 
> #########################
> #### SEIR Simulation ####
> #########################
> time <- 365 # Number of days.
> inf <- 7 # Average infectious period length.
> N <- 1000 # Population size.
> 
> create_hh <- function() {
+   # Randomly sample household sizes such that total population is 1000 
+   # individuals.
+   hh_size <- sample(x = c(3, 4, 5, 6), size = 340, replace = T)
+   
+   # Keep households such that total population is < 1000.
+   hh_size <- hh_size[which(cumsum(hh_size) < N)]
+   
+   leftover <- N - sum(hh_size)
+   if (leftover < 3) {
+     hh <- 1:length(hh_size)
+     sampled <- sample(hh[hh_size < 6], leftover)
+     hh_size[sampled] <- hh_size[sampled] + 1
+   } else {
+     hh_size <- c(hh_size, leftover)
+   }
+   return(hh_size)
+ }
> 
> SEIR <- function(params, inf, verbose = F) {
+   hh_size <- create_hh()
+   
+   # Create frame for running the simulation.
+   # ID: ID of individual.
+   # SIZE: size of individual's household.
+   # HH: ID of individual's household.
+   # S: susceptibility status.
+   # E: exposed status.
+   # E_count: number of days since exposed.
+   # I: infectious status.
+   # I_count: number of days since infectious.
+   # R: recovered status.
+   # INC: incubation period.
+   # INF: infectious period.
+   data <- data.frame(ID = 1:N,
+                      SIZE = rep(hh_size, times = hh_size),
+                      HH = rep(1:length(hh_size), times = hh_size), 
+                      S = c(0, rep(1, N - 1)), 
+                      E = c(1, rep(0, N - 1)),
+                      E_count = c(1, rep(0, N - 1)), 
+                      I = 0,
+                      I_count = 0, 
+                      R = 0, 
+                      INC = c(round(rlnorm(1, meanlog = log(29.8), sdlog = 0.45)), rep(0, N - 1)),
+                      INF = 0)
+   
+   # Create frame for storing results.
+   # ID: ID of individual.
+   # SIZE: size of individual's household.
+   # HH: ID of individual's household.
+   # TYPE: the kind of infection: household (H), community (C), or both (B).
+   # TIME: when the individual became infectious.
+   # S_num: number of susceptible people in individual's household when their 
+   #        infectious period begins.
+   # I_num: number of people in household that this individual infected over 
+   #        their infectious period.
+   results <- data[, 1:3] %>% mutate(TYPE = NA, TIME = NA, S_num = NA, I_num = 0)
+   results$TYPE[1] <- '0'
+   
+   for(t in 1:time) {
+     if (verbose) {
+       if (t %% 10 == 0) {
+         cat(paste0(t, ' '))
+       }
+     }
+     
+     # Anyone who has been infectious for as many days as their infectious period
+     # is now recovered.
+     recovered <- (data$INF > 0) & (data$I_count == data$INF)
+     if(sum(recovered, na.rm = T) > 0) {
+       data$R[recovered] <- 1
+       data$I[recovered] <- 0
+       data$I_count[recovered] <- 0 
+     }
+     
+     # Anyone who has been incubating for as many days as their incubation period
+     # is now infectious.
+     new_inf <- (data$INC > 0) & (data$E_count == data$INC)
+     num_new_inf <- sum(new_inf, na.rm = T)
+     if(num_new_inf > 0) {
+       # Change status to newly infectious and add infectious period.
+       data$I[new_inf] <- 1
+       random_inf <- rnorm(num_new_inf, mean = inf, sd = 1) %>% round()
+       data$INF[new_inf] <- random_inf
+       
+       # Remove exposure status and exposure count.
+       data$E[new_inf] <- 0
+       data$E_count[new_inf] <- 0 
+       
+       # Record time at which infectious period starts.
+       results$TIME[new_inf] <- t
+       
+       # Save the number of susceptible people in each infectious individual's 
+       # household.
+       S_data <- data %>% group_by(HH) %>% 
+         mutate(S_tot = sum(S)) %>% 
+         select(HH, S_tot)
+       results$S_num[new_inf == 1] <- S_data$S_tot[new_inf == 1]
+     }
+     
+     # I_H is the number of infections inside each household.
+     # I_C is the number of infections outside each household.
+     I_data <- data %>% group_by(HH) %>% 
+       mutate(I_H = sum(I)) %>% 
+       ungroup() %>% 
+       mutate(I_C = sum(I) - I_H)
+     
+     # Calculate household risk and community risk.
+     beta_H <- params[1]
+     beta_C <- params[2]
+     risk_H <- pmin(beta_H * data$S * I_data$I_H / N, 1)
+     risk_C <- pmin(beta_C * data$S * I_data$I_C / N, 1)
+     
+     # Each individual is infected from their household or community 
+     # independently with probabilities risk_H and risk_C.
+     new_inf_H <- rbinom(N, 1, risk_H)
+     new_inf_C <- rbinom(N, 1, risk_C)
+     
+     new_exposed <- (new_inf_H == 1) | (new_inf_C == 1)
+     num_new_exposed <- sum(new_exposed, na.rm = T)
+     if (num_new_exposed > 0) {
+       # Change status to newly exposed and add incubation period.
+       data$E[new_exposed] <- 1
+       random_inc <- rlnorm(num_new_exposed, meanlog = log(29.8), sdlog = 0.45) %>% round()
+       data$INC[new_exposed] <- random_inc
+       
+       # Remove susceptible status.
+       data$S[new_exposed] <- 0
+       
+       # Get number of new infections in each household.
+       I_data <- I_data %>%
+         select(ID, HH, I, I_H) %>%
+         mutate(new_I_H = new_inf_H) %>%
+         group_by(HH) %>%
+         # Find households with at least 1 currently infectious individual. If 
+         # exactly 1 infectious individual in household, assign all new H 
+         # exposures to that individual. If there are multiple infectious 
+         # individuals, assign all infections to the infectious individual with 
+         # the first ID.
+         mutate(new_I_H = ifelse(I == 1 & ID == first(ID[I == 1]), 
+                                 sum(new_I_H), 0))
+       
+       results$I_num <- results$I_num + I_data$new_I_H
+       
+       # Label infection types.
+       results$TYPE[new_inf_C == 1] <- 'C'
+       results$TYPE[new_inf_H == 1] <- 'H'
+       results$TYPE[(new_inf_H == 1) & (new_inf_C == 1)] <- 'HC'
+     }
+     
+     # Increment exposure and infectious counters.
+     data$E_count[data$E == 1] <- data$E_count[data$E == 1] + 1
+     data$I_count[data$I == 1] <- data$I_count[data$I == 1] + 1
+   }
+   return(results)
+ }
> 
> metrics <- function(results) {
+   # Incidence is the proportion of the population that became infected.
+   idc <- mean(!is.na(results$TIME))
+   
+   # If incidence is 0, the SAR and proportion of environmental infection are
+   # undefined.
+   sar <- NA
+   prp <- NA
+   if (idc != 0) {
+     # The SAR is the average SAR for each individual that was infectious.
+     sar <- mean(results$I_num / results$S_num, na.rm = T)
+     cases <- results[!is.na(results$TIME), ]
+     prp <- mean((cases$TYPE == 'H') | (cases$TYPE == 'HC') | (cases$TYPE == 'HCE'))
+   }
+   return(c(idc, sar, prp))
+ }
> 
> beta_Hs <- seq(49.5, 52.5, 0.1) # 31
> beta_Cs <- seq(0.085, 0.115, 0.001) # 31
> 
> d_H <- length(beta_Hs)
> d_C <- length(beta_Cs)
> 
> reps <- 150
> idcs <- array(rep(NA, d_H * d_C * reps), dim = c(d_H, d_C, reps))
> sars <- array(rep(NA, d_H * d_C * reps), dim = c(d_H, d_C, reps))
> t_tot <- 0
> for (i in 1:d_H) {
+     for (j in 1:d_C) {
+       beta_H <- beta_Hs[i]
+       beta_C <- beta_Cs[j]
+       params <- c(beta_H, beta_C)
+       
+       cat(paste0(format(beta_H, nsmall = 1, digits = 3), '/52.5\t', 
+                  format(beta_C, nsmall = 3, digits = 3), '/0.115\t'))
+ 
+       t_0 <- Sys.time()
+       vals <- foreach (l = 1:reps, .combine = 'c') %dopar% {
+         results <- SEIR(params, inf) 
+         metrics(results)
+       }
+       t_1 <- Sys.time()
+       t_tot <- t_tot + (t_1 - t_0)
+ 
+       cat(paste0(format(t_tot, nsmall = 2, digits = 4), '\t(', 
+                  format(t_1 - t_0, nsmall = 2, digits = 4), ')\t'))
+ 
+       vals <- matrix(vals, reps, byrow = T)
+       idcs[i, j, ] <- vals[, 1]
+       sars[i, j, ] <- vals[, 2]
+ 
+       cat(paste0(format(round(mean(vals[, 1]), 3), nsmall = 3), '\t',
+                  format(round(mean(vals[, 2]), 3), nsmall = 3), '\n'))
+       
+       saveRDS(idcs, file = 'idcs.rds')
+       saveRDS(sars, file = 'sars.rds')
+       write.table(idcs, file = 'idcs.txt', row.names = F, col.names = F)
+       write.table(sars, file = 'sars.txt', row.names = F, col.names = F)
+     }
+   message('\n')
+ }
49.5/52.5	0.085/0.115	1.093 mins	(1.093 mins)	0.049	0.230
49.5/52.5	0.086/0.115	2.187 mins	(1.094 mins)	0.060	0.217
49.5/52.5	0.087/0.115	3.266 mins	(1.079 mins)	0.055	0.225
49.5/52.5	0.088/0.115	4.502 mins	(1.236 mins)	0.066	0.228
49.5/52.5	0.089/0.115	5.807 mins	(1.306 mins)	0.067	0.212
49.5/52.5	0.090/0.115	6.992 mins	(1.185 mins)	0.063	0.207
49.5/52.5	0.091/0.115	8.137 mins	(1.145 mins)	0.071	0.233
49.5/52.5	0.092/0.115	9.515 mins	(1.378 mins)	0.079	0.208
49.5/52.5	0.093/0.115	10.70 mins	(1.19 mins)	0.068	0.230
49.5/52.5	0.094/0.115	11.88 mins	(1.175 mins)	0.085	0.246
49.5/52.5	0.095/0.115	13.22 mins	(1.344 mins)	0.089	0.231
49.5/52.5	0.096/0.115	14.65 mins	(1.424 mins)	0.092	0.216
49.5/52.5	0.097/0.115	15.85 mins	(1.199 mins)	0.082	0.215
49.5/52.5	0.098/0.115	17.15 mins	(1.30 mins)	0.105	0.237
49.5/52.5	0.099/0.115	18.45 mins	(1.302 mins)	0.095	0.244
49.5/52.5	0.100/0.115	19.85 mins	(1.399 mins)	0.105	0.254
49.5/52.5	0.101/0.115	21.25 mins	(1.397 mins)	0.117	0.266
49.5/52.5	0.102/0.115	22.59 mins	(1.34 mins)	0.112	0.230
49.5/52.5	0.103/0.115	24.03 mins	(1.441 mins)	0.117	0.227
49.5/52.5	0.104/0.115	25.64 mins	(1.616 mins)	0.114	0.219
49.5/52.5	0.105/0.115	27.10 mins	(1.456 mins)	0.124	0.238
49.5/52.5	0.106/0.115	28.45 mins	(1.351 mins)	0.117	0.232
49.5/52.5	0.107/0.115	29.92 mins	(1.475 mins)	0.119	0.234
49.5/52.5	0.108/0.115	31.22 mins	(1.299 mins)	0.120	0.239
49.5/52.5	0.109/0.115	32.71 mins	(1.488 mins)	0.138	0.235
49.5/52.5	0.110/0.115	34.26 mins	(1.548 mins)	0.156	0.237
49.5/52.5	0.111/0.115	35.67 mins	(1.411 mins)	0.138	0.222
49.5/52.5	0.112/0.115	37.41 mins	(1.737 mins)	0.154	0.229
49.5/52.5	0.113/0.115	38.77 mins	(1.364 mins)	0.113	0.216
49.5/52.5	0.114/0.115	40.35 mins	(1.578 mins)	0.157	0.226
49.5/52.5	0.115/0.115	42.04 mins	(1.688 mins)	0.164	0.239


49.6/52.5	0.085/0.115	43.31 mins	(1.274 mins)	0.059	0.238
49.6/52.5	0.086/0.115	44.53 mins	(1.222 mins)	0.072	0.235
49.6/52.5	0.087/0.115	45.69 mins	(1.153 mins)	0.065	0.255
49.6/52.5	0.088/0.115	46.87 mins	(1.183 mins)	0.058	0.218
49.6/52.5	0.089/0.115	48.08 mins	(1.216 mins)	0.066	0.217
49.6/52.5	0.090/0.115	49.20 mins	(1.113 mins)	0.066	0.214
49.6/52.5	0.091/0.115	50.41 mins	(1.215 mins)	0.074	0.228
49.6/52.5	0.092/0.115	51.61 mins	(1.197 mins)	0.077	0.244
49.6/52.5	0.093/0.115	52.97 mins	(1.359 mins)	0.084	0.226
49.6/52.5	0.094/0.115	54.16 mins	(1.188 mins)	0.072	0.234
49.6/52.5	0.095/0.115	55.48 mins	(1.321 mins)	0.090	0.222
49.6/52.5	0.096/0.115	56.77 mins	(1.294 mins)	0.082	0.218
49.6/52.5	0.097/0.115	58.03 mins	(1.256 mins)	0.088	0.211
49.6/52.5	0.098/0.115	59.37 mins	(1.341 mins)	0.098	0.231
49.6/52.5	0.099/0.115	60.71 mins	(1.341 mins)	0.100	0.219
49.6/52.5	0.100/0.115	62.16 mins	(1.452 mins)	0.108	0.221
49.6/52.5	0.101/0.115	63.42 mins	(1.259 mins)	0.094	0.220
49.6/52.5	0.102/0.115	64.78 mins	(1.356 mins)	0.106	0.245
49.6/52.5	0.103/0.115	66.11 mins	(1.331 mins)	0.098	0.221
49.6/52.5	0.104/0.115	67.44 mins	(1.333 mins)	0.104	0.219
49.6/52.5	0.105/0.115	68.93 mins	(1.488 mins)	0.123	0.233
49.6/52.5	0.106/0.115	70.37 mins	(1.438 mins)	0.129	0.229
49.6/52.5	0.107/0.115	71.92 mins	(1.552 mins)	0.131	0.236
49.6/52.5	0.108/0.115	73.25 mins	(1.327 mins)	0.119	0.219
49.6/52.5	0.109/0.115	74.87 mins	(1.628 mins)	0.129	0.230
49.6/52.5	0.110/0.115	76.35 mins	(1.481 mins)	0.135	0.241
49.6/52.5	0.111/0.115	77.77 mins	(1.42 mins)	0.148	0.241
49.6/52.5	0.112/0.115	79.27 mins	(1.497 mins)	0.149	0.240
49.6/52.5	0.113/0.115	80.81 mins	(1.538 mins)	0.163	0.240
49.6/52.5	0.114/0.115	82.24 mins	(1.43 mins)	0.129	0.220
49.6/52.5	0.115/0.115	83.75 mins	(1.516 mins)	0.160	0.238


49.7/52.5	0.085/0.115	84.93 mins	(1.172 mins)	0.064	0.233
49.7/52.5	0.086/0.115	86.03 mins	(1.101 mins)	0.053	0.217
49.7/52.5	0.087/0.115	87.21 mins	(1.183 mins)	0.066	0.249
49.7/52.5	0.088/0.115	88.35 mins	(1.141 mins)	0.056	0.225
49.7/52.5	0.089/0.115	89.45 mins	(1.098 mins)	0.055	0.231
49.7/52.5	0.090/0.115	90.65 mins	(1.199 mins)	0.075	0.225
49.7/52.5	0.091/0.115	91.88 mins	(1.231 mins)	0.072	0.220
49.7/52.5	0.092/0.115	93.12 mins	(1.241 mins)	0.076	0.219
49.7/52.5	0.093/0.115	94.40 mins	(1.28 mins)	0.092	0.228
49.7/52.5	0.094/0.115	95.76 mins	(1.36 mins)	0.076	0.235
49.7/52.5	0.095/0.115	96.98 mins	(1.218 mins)	0.079	0.232
49.7/52.5	0.096/0.115	98.26 mins	(1.279 mins)	0.082	0.230
49.7/52.5	0.097/0.115	99.49 mins	(1.236 mins)	0.084	0.221
49.7/52.5	0.098/0.115	100.81 mins	(1.313 mins)	0.088	0.242
49.7/52.5	0.099/0.115	102.24 mins	(1.431 mins)	0.096	0.234
49.7/52.5	0.100/0.115	103.53 mins	(1.294 mins)	0.090	0.226
49.7/52.5	0.101/0.115	104.96 mins	(1.43 mins)	0.117	0.255
49.7/52.5	0.102/0.115	106.26 mins	(1.302 mins)	0.098	0.222
49.7/52.5	0.103/0.115	107.74 mins	(1.482 mins)	0.112	0.221
49.7/52.5	0.104/0.115	109.17 mins	(1.424 mins)	0.110	0.235
49.7/52.5	0.105/0.115	110.43 mins	(1.264 mins)	0.105	0.240
49.7/52.5	0.106/0.115	111.87 mins	(1.442 mins)	0.129	0.235
49.7/52.5	0.107/0.115	113.38 mins	(1.504 mins)	0.118	0.231
49.7/52.5	0.108/0.115	114.76 mins	(1.384 mins)	0.128	0.230
49.7/52.5	0.109/0.115	116.32 mins	(1.563 mins)	0.147	0.234
49.7/52.5	0.110/0.115	117.77 mins	(1.442 mins)	0.149	0.262
49.7/52.5	0.111/0.115	119.31 mins	(1.548 mins)	0.167	0.249
49.7/52.5	0.112/0.115	120.77 mins	(1.453 mins)	0.141	0.228
49.7/52.5	0.113/0.115	122.22 mins	(1.456 mins)	0.149	0.237
49.7/52.5	0.114/0.115	123.74 mins	(1.519 mins)	0.154	0.236
49.7/52.5	0.115/0.115	125.26 mins	(1.514 mins)	0.156	0.235


49.8/52.5	0.085/0.115	126.48 mins	(1.219 mins)	0.057	0.228
49.8/52.5	0.086/0.115	127.67 mins	(1.195 mins)	0.055	0.207
49.8/52.5	0.087/0.115	128.85 mins	(1.178 mins)	0.060	0.230
49.8/52.5	0.088/0.115	129.97 mins	(1.121 mins)	0.058	0.232
49.8/52.5	0.089/0.115	131.26 mins	(1.291 mins)	0.065	0.213
49.8/52.5	0.090/0.115	132.46 mins	(1.196 mins)	0.076	0.210
49.8/52.5	0.091/0.115	133.72 mins	(1.268 mins)	0.086	0.236
49.8/52.5	0.092/0.115	135.08 mins	(1.356 mins)	0.075	0.231
49.8/52.5	0.093/0.115	136.32 mins	(1.238 mins)	0.084	0.235
49.8/52.5	0.094/0.115	137.66 mins	(1.346 mins)	0.085	0.236
49.8/52.5	0.095/0.115	138.88 mins	(1.22 mins)	0.080	0.226
49.8/52.5	0.096/0.115	140.25 mins	(1.365 mins)	0.085	0.229
49.8/52.5	0.097/0.115	141.63 mins	(1.38 mins)	0.090	0.235
49.8/52.5	0.098/0.115	142.94 mins	(1.314 mins)	0.088	0.240
49.8/52.5	0.099/0.115	144.28 mins	(1.339 mins)	0.098	0.251
49.8/52.5	0.100/0.115	145.62 mins	(1.339 mins)	0.097	0.208
49.8/52.5	0.101/0.115	147.03 mins	(1.411 mins)	0.105	0.240
49.8/52.5	0.102/0.115	148.56 mins	(1.531 mins)	0.134	0.224
49.8/52.5	0.103/0.115	149.97 mins	(1.406 mins)	0.114	0.216
49.8/52.5	0.104/0.115	151.34 mins	(1.371 mins)	0.108	0.249
49.8/52.5	0.105/0.115	152.83 mins	(1.486 mins)	0.111	0.229
49.8/52.5	0.106/0.115	154.24 mins	(1.415 mins)	0.112	0.231
49.8/52.5	0.107/0.115	155.71 mins	(1.47 mins)	0.130	0.226
49.8/52.5	0.108/0.115	157.29 mins	(1.58 mins)	0.130	0.231
49.8/52.5	0.109/0.115	158.80 mins	(1.505 mins)	0.155	0.249
49.8/52.5	0.110/0.115	160.31 mins	(1.514 mins)	0.143	0.252
49.8/52.5	0.111/0.115	161.76 mins	(1.454 mins)	0.126	0.219
49.8/52.5	0.112/0.115	163.17 mins	(1.404 mins)	0.137	0.218
49.8/52.5	0.113/0.115	164.68 mins	(1.514 mins)	0.150	0.232
49.8/52.5	0.114/0.115	166.29 mins	(1.608 mins)	0.149	0.228
49.8/52.5	0.115/0.115	167.80 mins	(1.508 mins)	0.144	0.244


49.9/52.5	0.085/0.115	168.91 mins	(1.113 mins)	0.064	0.227
49.9/52.5	0.086/0.115	170.13 mins	(1.22 mins)	0.056	0.233
49.9/52.5	0.087/0.115	171.33 mins	(1.203 mins)	0.063	0.224
49.9/52.5	0.088/0.115	172.44 mins	(1.11 mins)	0.064	0.233
49.9/52.5	0.089/0.115	173.65 mins	(1.205 mins)	0.065	0.246
49.9/52.5	0.090/0.115	174.88 mins	(1.232 mins)	0.059	0.213
49.9/52.5	0.091/0.115	176.10 mins	(1.222 mins)	0.076	0.236
49.9/52.5	0.092/0.115	177.35 mins	(1.247 mins)	0.080	0.233
49.9/52.5	0.093/0.115	178.62 mins	(1.266 mins)	0.077	0.214
49.9/52.5	0.094/0.115	179.88 mins	(1.267 mins)	0.094	0.225
49.9/52.5	0.095/0.115	181.23 mins	(1.345 mins)	0.080	0.238
49.9/52.5	0.096/0.115	182.46 mins	(1.232 mins)	0.084	0.233
49.9/52.5	0.097/0.115	183.60 mins	(1.137 mins)	0.080	0.217
49.9/52.5	0.098/0.115	184.95 mins	(1.353 mins)	0.090	0.228
49.9/52.5	0.099/0.115	186.25 mins	(1.293 mins)	0.100	0.236
49.9/52.5	0.100/0.115	187.60 mins	(1.352 mins)	0.095	0.218
49.9/52.5	0.101/0.115	188.95 mins	(1.357 mins)	0.107	0.222
49.9/52.5	0.102/0.115	190.28 mins	(1.321 mins)	0.094	0.234
49.9/52.5	0.103/0.115	191.60 mins	(1.328 mins)	0.125	0.238
49.9/52.5	0.104/0.115	193.00 mins	(1.396 mins)	0.104	0.219
49.9/52.5	0.105/0.115	194.31 mins	(1.307 mins)	0.106	0.238
49.9/52.5	0.106/0.115	195.62 mins	(1.318 mins)	0.112	0.218
49.9/52.5	0.107/0.115	197.13 mins	(1.51 mins)	0.137	0.239
49.9/52.5	0.108/0.115	198.73 mins	(1.596 mins)	0.143	0.232
49.9/52.5	0.109/0.115	200.13 mins	(1.401 mins)	0.130	0.245
49.9/52.5	0.110/0.115	201.55 mins	(1.419 mins)	0.136	0.225
49.9/52.5	0.111/0.115	203.01 mins	(1.463 mins)	0.141	0.240
49.9/52.5	0.112/0.115	204.48 mins	(1.464 mins)	0.140	0.241
49.9/52.5	0.113/0.115	206.08 mins	(1.607 mins)	0.141	0.241
49.9/52.5	0.114/0.115	207.59 mins	(1.502 mins)	0.159	0.242
49.9/52.5	0.115/0.115	209.16 mins	(1.569 mins)	0.157	0.229


50.0/52.5	0.085/0.115	210.34 mins	(1.189 mins)	0.062	0.244
50.0/52.5	0.086/0.115	211.50 mins	(1.155 mins)	0.064	0.243
50.0/52.5	0.087/0.115	212.67 mins	(1.168 mins)	0.061	0.230
50.0/52.5	0.088/0.115	213.86 mins	(1.19 mins)	0.066	0.227
50.0/52.5	0.089/0.115	215.07 mins	(1.213 mins)	0.078	0.232
50.0/52.5	0.090/0.115	216.26 mins	(1.192 mins)	0.070	0.243
50.0/52.5	0.091/0.115	217.53 mins	(1.27 mins)	0.087	0.251
50.0/52.5	0.092/0.115	218.73 mins	(1.198 mins)	0.076	0.230
50.0/52.5	0.093/0.115	219.95 mins	(1.216 mins)	0.077	0.247
50.0/52.5	0.094/0.115	221.19 mins	(1.247 mins)	0.079	0.206
50.0/52.5	0.095/0.115	222.46 mins	(1.266 mins)	0.082	0.246
50.0/52.5	0.096/0.115	223.79 mins	(1.33 mins)	0.076	0.212
50.0/52.5	0.097/0.115	225.11 mins	(1.325 mins)	0.094	0.258
50.0/52.5	0.098/0.115	226.55 mins	(1.433 mins)	0.111	0.238
50.0/52.5	0.099/0.115	227.85 mins	(1.303 mins)	0.092	0.229
50.0/52.5	0.100/0.115	229.16 mins	(1.312 mins)	0.094	0.223
50.0/52.5	0.101/0.115	230.67 mins	(1.511 mins)	0.127	0.250
50.0/52.5	0.102/0.115	231.97 mins	(1.295 mins)	0.113	0.237
50.0/52.5	0.103/0.115	233.38 mins	(1.409 mins)	0.115	0.228
50.0/52.5	0.104/0.115	234.68 mins	(1.307 mins)	0.113	0.236
50.0/52.5	0.105/0.115	236.14 mins	(1.455 mins)	0.106	0.229
50.0/52.5	0.106/0.115	237.58 mins	(1.441 mins)	0.128	0.232
50.0/52.5	0.107/0.115	239.04 mins	(1.462 mins)	0.124	0.235
50.0/52.5	0.108/0.115	240.59 mins	(1.548 mins)	0.119	0.228
50.0/52.5	0.109/0.115	242.11 mins	(1.519 mins)	0.139	0.236
50.0/52.5	0.110/0.115	243.65 mins	(1.542 mins)	0.140	0.229
50.0/52.5	0.111/0.115	245.13 mins	(1.481 mins)	0.131	0.240
50.0/52.5	0.112/0.115	246.76 mins	(1.627 mins)	0.144	0.238
50.0/52.5	0.113/0.115	248.07 mins	(1.313 mins)	0.136	0.213
50.0/52.5	0.114/0.115	249.62 mins	(1.546 mins)	0.150	0.254
50.0/52.5	0.115/0.115	251.19 mins	(1.576 mins)	0.162	0.235


50.1/52.5	0.085/0.115	252.29 mins	(1.094 mins)	0.054	0.222
50.1/52.5	0.086/0.115	253.45 mins	(1.167 mins)	0.065	0.230
50.1/52.5	0.087/0.115	254.60 mins	(1.141 mins)	0.061	0.214
50.1/52.5	0.088/0.115	255.91 mins	(1.309 mins)	0.069	0.212
50.1/52.5	0.089/0.115	257.13 mins	(1.228 mins)	0.062	0.222
50.1/52.5	0.090/0.115	258.42 mins	(1.291 mins)	0.074	0.252
50.1/52.5	0.091/0.115	259.50 mins	(1.074 mins)	0.057	0.219
50.1/52.5	0.092/0.115	260.71 mins	(1.213 mins)	0.078	0.232
50.1/52.5	0.093/0.115	262.02 mins	(1.312 mins)	0.092	0.260
50.1/52.5	0.094/0.115	263.38 mins	(1.358 mins)	0.090	0.236
50.1/52.5	0.095/0.115	264.67 mins	(1.288 mins)	0.076	0.227
50.1/52.5	0.096/0.115	265.91 mins	(1.242 mins)	0.090	0.226
50.1/52.5	0.097/0.115	267.09 mins	(1.181 mins)	0.086	0.240
50.1/52.5	0.098/0.115	268.46 mins	(1.365 mins)	0.098	0.227
50.1/52.5	0.099/0.115	269.84 mins	(1.38 mins)	0.113	0.264
50.1/52.5	0.100/0.115	271.20 mins	(1.359 mins)	0.106	0.250
50.1/52.5	0.101/0.115	272.49 mins	(1.295 mins)	0.099	0.207
50.1/52.5	0.102/0.115	273.82 mins	(1.33 mins)	0.104	0.237
50.1/52.5	0.103/0.115	275.16 mins	(1.34 mins)	0.118	0.235
50.1/52.5	0.104/0.115	276.51 mins	(1.345 mins)	0.117	0.248
50.1/52.5	0.105/0.115	277.92 mins	(1.418 mins)	0.125	0.239
50.1/52.5	0.106/0.115	279.34 mins	(1.413 mins)	0.113	0.233
50.1/52.5	0.107/0.115	280.89 mins	(1.548 mins)	0.148	0.248
50.1/52.5	0.108/0.115	282.47 mins	(1.58 mins)	0.142	0.242
50.1/52.5	0.109/0.115	283.78 mins	(1.317 mins)	0.123	0.248
50.1/52.5	0.110/0.115	285.26 mins	(1.48 mins)	0.129	0.226
50.1/52.5	0.111/0.115	286.80 mins	(1.541 mins)	0.134	0.225
50.1/52.5	0.112/0.115	288.42 mins	(1.614 mins)	0.162	0.255
50.1/52.5	0.113/0.115	290.00 mins	(1.584 mins)	0.143	0.232
50.1/52.5	0.114/0.115	291.62 mins	(1.615 mins)	0.161	0.236
50.1/52.5	0.115/0.115	293.12 mins	(1.508 mins)	0.162	0.234


50.2/52.5	0.085/0.115	294.27 mins	(1.148 mins)	0.058	0.217
50.2/52.5	0.086/0.115	295.64 mins	(1.371 mins)	0.067	0.244
50.2/52.5	0.087/0.115	296.80 mins	(1.162 mins)	0.066	0.231
50.2/52.5	0.088/0.115	297.94 mins	(1.131 mins)	0.058	0.225
50.2/52.5	0.089/0.115	299.04 mins	(1.101 mins)	0.057	0.234
50.2/52.5	0.090/0.115	300.26 mins	(1.227 mins)	0.067	0.215
50.2/52.5	0.091/0.115	301.47 mins	(1.203 mins)	0.076	0.241
50.2/52.5	0.092/0.115	302.62 mins	(1.153 mins)	0.066	0.215
50.2/52.5	0.093/0.115	303.96 mins	(1.338 mins)	0.066	0.218
50.2/52.5	0.094/0.115	305.26 mins	(1.299 mins)	0.081	0.224
50.2/52.5	0.095/0.115	306.46 mins	(1.203 mins)	0.092	0.250
50.2/52.5	0.096/0.115	307.84 mins	(1.379 mins)	0.099	0.248
50.2/52.5	0.097/0.115	309.26 mins	(1.416 mins)	0.098	0.243
50.2/52.5	0.098/0.115	310.52 mins	(1.261 mins)	0.084	0.232
50.2/52.5	0.099/0.115	311.85 mins	(1.33 mins)	0.095	0.225
50.2/52.5	0.100/0.115	313.11 mins	(1.263 mins)	0.091	0.233
50.2/52.5	0.101/0.115	314.59 mins	(1.486 mins)	0.109	0.227
50.2/52.5	0.102/0.115	316.09 mins	(1.498 mins)	0.110	0.237
50.2/52.5	0.103/0.115	317.41 mins	(1.32 mins)	0.105	0.255
50.2/52.5	0.104/0.115	318.95 mins	(1.541 mins)	0.100	0.232
50.2/52.5	0.105/0.115	320.37 mins	(1.419 mins)	0.119	0.233
50.2/52.5	0.106/0.115	321.78 mins	(1.405 mins)	0.119	0.244
50.2/52.5	0.107/0.115	323.22 mins	(1.438 mins)	0.116	0.251
50.2/52.5	0.108/0.115	324.72 mins	(1.501 mins)	0.127	0.230
50.2/52.5	0.109/0.115	326.39 mins	(1.677 mins)	0.132	0.230
50.2/52.5	0.110/0.115	328.08 mins	(1.681 mins)	0.137	0.247
50.2/52.5	0.111/0.115	329.52 mins	(1.449 mins)	0.157	0.238
50.2/52.5	0.112/0.115	330.97 mins	(1.447 mins)	0.141	0.222
50.2/52.5	0.113/0.115	332.57 mins	(1.595 mins)	0.176	0.249
50.2/52.5	0.114/0.115	334.09 mins	(1.529 mins)	0.171	0.234
50.2/52.5	0.115/0.115	335.50 mins	(1.407 mins)	0.146	0.230


50.3/52.5	0.085/0.115	336.74 mins	(1.238 mins)	0.062	0.225
50.3/52.5	0.086/0.115	338.03 mins	(1.295 mins)	0.057	0.229
50.3/52.5	0.087/0.115	339.25 mins	(1.215 mins)	0.060	0.223
50.3/52.5	0.088/0.115	340.45 mins	(1.206 mins)	0.063	0.223
50.3/52.5	0.089/0.115	341.79 mins	(1.332 mins)	0.070	0.244
50.3/52.5	0.090/0.115	342.97 mins	(1.178 mins)	0.058	0.211
50.3/52.5	0.091/0.115	344.25 mins	(1.286 mins)	0.066	0.216
50.3/52.5	0.092/0.115	345.54 mins	(1.286 mins)	0.079	0.227
50.3/52.5	0.093/0.115	346.91 mins	(1.378 mins)	0.080	0.217
50.3/52.5	0.094/0.115	348.28 mins	(1.364 mins)	0.089	0.237
50.3/52.5	0.095/0.115	349.76 mins	(1.481 mins)	0.090	0.241
50.3/52.5	0.096/0.115	351.09 mins	(1.332 mins)	0.090	0.241
50.3/52.5	0.097/0.115	352.51 mins	(1.42 mins)	0.104	0.241
50.3/52.5	0.098/0.115	353.99 mins	(1.475 mins)	0.104	0.237
50.3/52.5	0.099/0.115	355.30 mins	(1.309 mins)	0.086	0.233
50.3/52.5	0.100/0.115	356.76 mins	(1.467 mins)	0.108	0.232
50.3/52.5	0.101/0.115	358.05 mins	(1.285 mins)	0.098	0.234
50.3/52.5	0.102/0.115	359.48 mins	(1.427 mins)	0.122	0.236
50.3/52.5	0.103/0.115	360.86 mins	(1.389 mins)	0.125	0.264
50.3/52.5	0.104/0.115	362.30 mins	(1.436 mins)	0.112	0.223
50.3/52.5	0.105/0.115	363.69 mins	(1.388 mins)	0.129	0.253
50.3/52.5	0.106/0.115	365.01 mins	(1.318 mins)	0.103	0.236
50.3/52.5	0.107/0.115	366.39 mins	(1.386 mins)	0.121	0.237
50.3/52.5	0.108/0.115	367.89 mins	(1.493 mins)	0.126	0.234
50.3/52.5	0.109/0.115	369.28 mins	(1.397 mins)	0.140	0.230
50.3/52.5	0.110/0.115	370.87 mins	(1.588 mins)	0.128	0.215
50.3/52.5	0.111/0.115	372.35 mins	(1.483 mins)	0.154	0.233
50.3/52.5	0.112/0.115	373.93 mins	(1.579 mins)	0.141	0.245
50.3/52.5	0.113/0.115	375.53 mins	(1.595 mins)	0.142	0.237
50.3/52.5	0.114/0.115	377.10 mins	(1.571 mins)	0.163	0.234
50.3/52.5	0.115/0.115	378.70 mins	(1.603 mins)	0.161	0.250


50.4/52.5	0.085/0.115	379.83 mins	(1.127 mins)	0.057	0.236
50.4/52.5	0.086/0.115	380.91 mins	(1.081 mins)	0.062	0.248
50.4/52.5	0.087/0.115	382.14 mins	(1.23 mins)	0.067	0.230
50.4/52.5	0.088/0.115	383.21 mins	(1.071 mins)	0.049	0.230
50.4/52.5	0.089/0.115	384.37 mins	(1.157 mins)	0.075	0.229
50.4/52.5	0.090/0.115	385.69 mins	(1.324 mins)	0.069	0.246
50.4/52.5	0.091/0.115	387.08 mins	(1.394 mins)	0.092	0.245
50.4/52.5	0.092/0.115	388.44 mins	(1.36 mins)	0.086	0.245
50.4/52.5	0.093/0.115	389.66 mins	(1.211 mins)	0.075	0.226
50.4/52.5	0.094/0.115	391.01 mins	(1.355 mins)	0.084	0.206
50.4/52.5	0.095/0.115	392.39 mins	(1.375 mins)	0.099	0.228
50.4/52.5	0.096/0.115	393.68 mins	(1.298 mins)	0.086	0.219
50.4/52.5	0.097/0.115	394.98 mins	(1.294 mins)	0.091	0.239
50.4/52.5	0.098/0.115	396.33 mins	(1.356 mins)	0.107	0.225
50.4/52.5	0.099/0.115	397.57 mins	(1.231 mins)	0.098	0.224
50.4/52.5	0.100/0.115	398.79 mins	(1.225 mins)	0.084	0.248
50.4/52.5	0.101/0.115	400.08 mins	(1.289 mins)	0.103	0.226
50.4/52.5	0.102/0.115	401.58 mins	(1.50 mins)	0.117	0.242
50.4/52.5	0.103/0.115	403.09 mins	(1.51 mins)	0.134	0.244
50.4/52.5	0.104/0.115	404.52 mins	(1.43 mins)	0.115	0.232
50.4/52.5	0.105/0.115	405.91 mins	(1.394 mins)	0.119	0.256
50.4/52.5	0.106/0.115	407.42 mins	(1.502 mins)	0.105	0.236
50.4/52.5	0.107/0.115	408.88 mins	(1.466 mins)	0.125	0.248
50.4/52.5	0.108/0.115	410.33 mins	(1.445 mins)	0.136	0.257
50.4/52.5	0.109/0.115	411.88 mins	(1.556 mins)	0.143	0.239
50.4/52.5	0.110/0.115	413.38 mins	(1.496 mins)	0.146	0.229
50.4/52.5	0.111/0.115	414.74 mins	(1.364 mins)	0.127	0.223
50.4/52.5	0.112/0.115	416.30 mins	(1.56 mins)	0.158	0.236
50.4/52.5	0.113/0.115	418.01 mins	(1.711 mins)	0.144	0.228
50.4/52.5	0.114/0.115	419.60 mins	(1.582 mins)	0.154	0.227
50.4/52.5	0.115/0.115	421.16 mins	(1.568 mins)	0.157	0.248


50.5/52.5	0.085/0.115	422.24 mins	(1.078 mins)	0.052	0.218
50.5/52.5	0.086/0.115	423.47 mins	(1.225 mins)	0.065	0.229
50.5/52.5	0.087/0.115	424.81 mins	(1.346 mins)	0.074	0.233
50.5/52.5	0.088/0.115	426.13 mins	(1.314 mins)	0.074	0.233
50.5/52.5	0.089/0.115	427.36 mins	(1.235 mins)	0.071	0.232
50.5/52.5	0.090/0.115	428.75 mins	(1.387 mins)	0.070	0.234
50.5/52.5	0.091/0.115	430.11 mins	(1.365 mins)	0.070	0.225
50.5/52.5	0.092/0.115	431.39 mins	(1.281 mins)	0.067	0.235
50.5/52.5	0.093/0.115	432.71 mins	(1.312 mins)	0.093	0.230
50.5/52.5	0.094/0.115	433.86 mins	(1.155 mins)	0.077	0.230
50.5/52.5	0.095/0.115	435.20 mins	(1.334 mins)	0.090	0.236
50.5/52.5	0.096/0.115	436.41 mins	(1.213 mins)	0.093	0.236
50.5/52.5	0.097/0.115	437.75 mins	(1.342 mins)	0.094	0.241
50.5/52.5	0.098/0.115	439.00 mins	(1.251 mins)	0.077	0.233
50.5/52.5	0.099/0.115	440.52 mins	(1.522 mins)	0.095	0.215
50.5/52.5	0.100/0.115	441.92 mins	(1.394 mins)	0.102	0.227
50.5/52.5	0.101/0.115	443.23 mins	(1.312 mins)	0.103	0.253
50.5/52.5	0.102/0.115	444.58 mins	(1.352 mins)	0.108	0.232
50.5/52.5	0.103/0.115	446.01 mins	(1.432 mins)	0.109	0.239
50.5/52.5	0.104/0.115	447.26 mins	(1.254 mins)	0.099	0.230
50.5/52.5	0.105/0.115	448.62 mins	(1.353 mins)	0.110	0.242
50.5/52.5	0.106/0.115	450.05 mins	(1.436 mins)	0.117	0.224
50.5/52.5	0.107/0.115	451.49 mins	(1.431 mins)	0.120	0.231
50.5/52.5	0.108/0.115	452.98 mins	(1.497 mins)	0.146	0.260
50.5/52.5	0.109/0.115	454.64 mins	(1.653 mins)	0.144	0.250
50.5/52.5	0.110/0.115	456.19 mins	(1.555 mins)	0.120	0.226
50.5/52.5	0.111/0.115	457.60 mins	(1.404 mins)	0.130	0.233
50.5/52.5	0.112/0.115	459.13 mins	(1.539 mins)	0.154	0.254
50.5/52.5	0.113/0.115	460.64 mins	(1.501 mins)	0.136	0.225
50.5/52.5	0.114/0.115	462.21 mins	(1.573 mins)	0.147	0.229
50.5/52.5	0.115/0.115	463.79 mins	(1.586 mins)	0.190	0.250


50.6/52.5	0.085/0.115	464.95 mins	(1.156 mins)	0.055	0.231
50.6/52.5	0.086/0.115	466.09 mins	(1.143 mins)	0.063	0.236
50.6/52.5	0.087/0.115	467.21 mins	(1.115 mins)	0.064	0.231
50.6/52.5	0.088/0.115	468.32 mins	(1.116 mins)	0.059	0.220
50.6/52.5	0.089/0.115	469.57 mins	(1.243 mins)	0.080	0.245
50.6/52.5	0.090/0.115	470.85 mins	(1.283 mins)	0.078	0.234
50.6/52.5	0.091/0.115	472.08 mins	(1.227 mins)	0.072	0.236
50.6/52.5	0.092/0.115	473.31 mins	(1.232 mins)	0.078	0.234
50.6/52.5	0.093/0.115	474.65 mins	(1.344 mins)	0.084	0.232
50.6/52.5	0.094/0.115	475.87 mins	(1.219 mins)	0.087	0.233
50.6/52.5	0.095/0.115	477.27 mins	(1.395 mins)	0.089	0.235
50.6/52.5	0.096/0.115	478.63 mins	(1.366 mins)	0.097	0.228
50.6/52.5	0.097/0.115	479.94 mins	(1.306 mins)	0.102	0.254
50.6/52.5	0.098/0.115	481.25 mins	(1.312 mins)	0.093	0.241
50.6/52.5	0.099/0.115	482.54 mins	(1.284 mins)	0.109	0.242
50.6/52.5	0.100/0.115	484.10 mins	(1.564 mins)	0.116	0.256
50.6/52.5	0.101/0.115	485.50 mins	(1.396 mins)	0.103	0.236
50.6/52.5	0.102/0.115	486.91 mins	(1.41 mins)	0.104	0.243
50.6/52.5	0.103/0.115	488.28 mins	(1.378 mins)	0.096	0.227
50.6/52.5	0.104/0.115	489.79 mins	(1.504 mins)	0.124	0.226
50.6/52.5	0.105/0.115	491.29 mins	(1.505 mins)	0.124	0.245
50.6/52.5	0.106/0.115	492.66 mins	(1.366 mins)	0.108	0.223
50.6/52.5	0.107/0.115	494.10 mins	(1.439 mins)	0.121	0.242
50.6/52.5	0.108/0.115	495.54 mins	(1.445 mins)	0.134	0.243
50.6/52.5	0.109/0.115	496.98 mins	(1.435 mins)	0.149	0.243
50.6/52.5	0.110/0.115	498.54 mins	(1.56 mins)	0.140	0.234
50.6/52.5	0.111/0.115	500.07 mins	(1.535 mins)	0.131	0.248
50.6/52.5	0.112/0.115	501.72 mins	(1.65 mins)	0.152	0.252
50.6/52.5	0.113/0.115	503.32 mins	(1.597 mins)	0.158	0.251
50.6/52.5	0.114/0.115	504.73 mins	(1.413 mins)	0.145	0.237
50.6/52.5	0.115/0.115	506.23 mins	(1.497 mins)	0.179	0.262


50.7/52.5	0.085/0.115	507.34 mins	(1.114 mins)	0.052	0.224
50.7/52.5	0.086/0.115	508.47 mins	(1.129 mins)	0.059	0.219
50.7/52.5	0.087/0.115	509.66 mins	(1.188 mins)	0.069	0.222
50.7/52.5	0.088/0.115	510.82 mins	(1.159 mins)	0.076	0.247
50.7/52.5	0.089/0.115	512.09 mins	(1.27 mins)	0.068	0.243
50.7/52.5	0.090/0.115	513.41 mins	(1.316 mins)	0.076	0.230
50.7/52.5	0.091/0.115	514.59 mins	(1.187 mins)	0.074	0.261
50.7/52.5	0.092/0.115	515.89 mins	(1.296 mins)	0.090	0.249
50.7/52.5	0.093/0.115	517.05 mins	(1.161 mins)	0.066	0.239
50.7/52.5	0.094/0.115	518.25 mins	(1.196 mins)	0.080	0.242
50.7/52.5	0.095/0.115	519.60 mins	(1.357 mins)	0.089	0.217
50.7/52.5	0.096/0.115	521.03 mins	(1.423 mins)	0.118	0.253
50.7/52.5	0.097/0.115	522.38 mins	(1.356 mins)	0.081	0.233
50.7/52.5	0.098/0.115	523.72 mins	(1.335 mins)	0.092	0.226
50.7/52.5	0.099/0.115	525.17 mins	(1.457 mins)	0.111	0.241
50.7/52.5	0.100/0.115	526.56 mins	(1.387 mins)	0.120	0.254
50.7/52.5	0.101/0.115	527.95 mins	(1.387 mins)	0.097	0.232
50.7/52.5	0.102/0.115	529.25 mins	(1.306 mins)	0.110	0.233
50.7/52.5	0.103/0.115	530.58 mins	(1.329 mins)	0.100	0.230
50.7/52.5	0.104/0.115	531.97 mins	(1.388 mins)	0.110	0.227
50.7/52.5	0.105/0.115	533.31 mins	(1.342 mins)	0.112	0.228
50.7/52.5	0.106/0.115	534.84 mins	(1.525 mins)	0.134	0.247
50.7/52.5	0.107/0.115	536.19 mins	(1.354 mins)	0.119	0.219
50.7/52.5	0.108/0.115	537.78 mins	(1.59 mins)	0.132	0.231
50.7/52.5	0.109/0.115	539.28 mins	(1.497 mins)	0.142	0.232
50.7/52.5	0.110/0.115	540.78 mins	(1.503 mins)	0.134	0.215
50.7/52.5	0.111/0.115	542.50 mins	(1.72 mins)	0.149	0.240
50.7/52.5	0.112/0.115	544.06 mins	(1.558 mins)	0.164	0.247
50.7/52.5	0.113/0.115	545.61 mins	(1.546 mins)	0.164	0.255
50.7/52.5	0.114/0.115	547.25 mins	(1.647 mins)	0.157	0.225
50.7/52.5	0.115/0.115	548.76 mins	(1.503 mins)	0.137	0.226


50.8/52.5	0.085/0.115	549.84 mins	(1.086 mins)	0.049	0.224
50.8/52.5	0.086/0.115	551.00 mins	(1.155 mins)	0.065	0.227
50.8/52.5	0.087/0.115	552.22 mins	(1.221 mins)	0.065	0.245
50.8/52.5	0.088/0.115	553.41 mins	(1.194 mins)	0.062	0.214
50.8/52.5	0.089/0.115	554.68 mins	(1.264 mins)	0.064	0.215
50.8/52.5	0.090/0.115	556.03 mins	(1.354 mins)	0.076	0.225
50.8/52.5	0.091/0.115	557.39 mins	(1.357 mins)	0.079	0.224
50.8/52.5	0.092/0.115	558.66 mins	(1.276 mins)	0.078	0.241
50.8/52.5	0.093/0.115	559.80 mins	(1.137 mins)	0.064	0.212
50.8/52.5	0.094/0.115	561.19 mins	(1.394 mins)	0.088	0.226
50.8/52.5	0.095/0.115	562.35 mins	(1.159 mins)	0.076	0.219
50.8/52.5	0.096/0.115	563.59 mins	(1.235 mins)	0.091	0.234
50.8/52.5	0.097/0.115	564.97 mins	(1.381 mins)	0.100	0.246
50.8/52.5	0.098/0.115	566.23 mins	(1.264 mins)	0.088	0.223
50.8/52.5	0.099/0.115	567.63 mins	(1.396 mins)	0.108	0.233
50.8/52.5	0.100/0.115	568.97 mins	(1.338 mins)	0.106	0.223
50.8/52.5	0.101/0.115	570.34 mins	(1.374 mins)	0.097	0.237
50.8/52.5	0.102/0.115	571.67 mins	(1.33 mins)	0.110	0.237
50.8/52.5	0.103/0.115	573.01 mins	(1.339 mins)	0.115	0.239
50.8/52.5	0.104/0.115	574.38 mins	(1.368 mins)	0.120	0.254
50.8/52.5	0.105/0.115	575.96 mins	(1.585 mins)	0.117	0.245
50.8/52.5	0.106/0.115	577.36 mins	(1.397 mins)	0.109	0.240
50.8/52.5	0.107/0.115	578.79 mins	(1.428 mins)	0.130	0.232
50.8/52.5	0.108/0.115	580.42 mins	(1.626 mins)	0.144	0.247
50.8/52.5	0.109/0.115	581.81 mins	(1.395 mins)	0.137	0.253
50.8/52.5	0.110/0.115	583.34 mins	(1.527 mins)	0.140	0.246
50.8/52.5	0.111/0.115	584.90 mins	(1.561 mins)	0.157	0.240
50.8/52.5	0.112/0.115	586.42 mins	(1.525 mins)	0.137	0.227
50.8/52.5	0.113/0.115	587.88 mins	(1.462 mins)	0.158	0.238
50.8/52.5	0.114/0.115	589.54 mins	(1.658 mins)	0.159	0.236
50.8/52.5	0.115/0.115	591.10 mins	(1.557 mins)	0.185	0.227


50.9/52.5	0.085/0.115	592.37 mins	(1.271 mins)	0.054	0.225
50.9/52.5	0.086/0.115	593.54 mins	(1.166 mins)	0.068	0.238
50.9/52.5	0.087/0.115	594.66 mins	(1.126 mins)	0.062	0.246
50.9/52.5	0.088/0.115	595.88 mins	(1.216 mins)	0.054	0.237
50.9/52.5	0.089/0.115	597.27 mins	(1.391 mins)	0.067	0.232
50.9/52.5	0.090/0.115	598.45 mins	(1.177 mins)	0.067	0.229
50.9/52.5	0.091/0.115	599.86 mins	(1.413 mins)	0.080	0.239
50.9/52.5	0.092/0.115	601.13 mins	(1.273 mins)	0.070	0.229
50.9/52.5	0.093/0.115	602.58 mins	(1.45 mins)	0.074	0.216
50.9/52.5	0.094/0.115	603.86 mins	(1.282 mins)	0.092	0.222
50.9/52.5	0.095/0.115	605.25 mins	(1.385 mins)	0.106	0.257
50.9/52.5	0.096/0.115	606.78 mins	(1.532 mins)	0.094	0.229
50.9/52.5	0.097/0.115	608.21 mins	(1.43 mins)	0.106	0.238
50.9/52.5	0.098/0.115	609.49 mins	(1.28 mins)	0.097	0.228
50.9/52.5	0.099/0.115	610.92 mins	(1.426 mins)	0.121	0.227
50.9/52.5	0.100/0.115	612.38 mins	(1.467 mins)	0.119	0.240
50.9/52.5	0.101/0.115	613.67 mins	(1.286 mins)	0.099	0.234
50.9/52.5	0.102/0.115	615.09 mins	(1.42 mins)	0.116	0.250
50.9/52.5	0.103/0.115	616.60 mins	(1.508 mins)	0.122	0.252
50.9/52.5	0.104/0.115	618.03 mins	(1.436 mins)	0.117	0.252
50.9/52.5	0.105/0.115	619.37 mins	(1.333 mins)	0.112	0.218
50.9/52.5	0.106/0.115	620.90 mins	(1.537 mins)	0.115	0.237
50.9/52.5	0.107/0.115	622.27 mins	(1.367 mins)	0.122	0.236
50.9/52.5	0.108/0.115	623.75 mins	(1.478 mins)	0.144	0.241
50.9/52.5	0.109/0.115	625.21 mins	(1.459 mins)	0.126	0.217
50.9/52.5	0.110/0.115	626.84 mins	(1.63 mins)	0.136	0.232
50.9/52.5	0.111/0.115	628.43 mins	(1.596 mins)	0.173	0.244
50.9/52.5	0.112/0.115	629.98 mins	(1.551 mins)	0.135	0.243
50.9/52.5	0.113/0.115	631.55 mins	(1.564 mins)	0.136	0.221
50.9/52.5	0.114/0.115	633.19 mins	(1.645 mins)	0.152	0.219
50.9/52.5	0.115/0.115	634.73 mins	(1.541 mins)	0.163	0.235


51.0/52.5	0.085/0.115	635.95 mins	(1.213 mins)	0.065	0.229
51.0/52.5	0.086/0.115	637.26 mins	(1.315 mins)	0.066	0.253
51.0/52.5	0.087/0.115	638.57 mins	(1.312 mins)	0.067	0.236
51.0/52.5	0.088/0.115	639.74 mins	(1.17 mins)	0.061	0.234
51.0/52.5	0.089/0.115	641.03 mins	(1.289 mins)	0.083	0.248
51.0/52.5	0.090/0.115	642.29 mins	(1.261 mins)	0.081	0.246
51.0/52.5	0.091/0.115	643.53 mins	(1.236 mins)	0.079	0.251
51.0/52.5	0.092/0.115	644.86 mins	(1.332 mins)	0.080	0.228
51.0/52.5	0.093/0.115	646.15 mins	(1.293 mins)	0.084	0.236
51.0/52.5	0.094/0.115	647.40 mins	(1.244 mins)	0.086	0.241
51.0/52.5	0.095/0.115	648.54 mins	(1.141 mins)	0.080	0.233
51.0/52.5	0.096/0.115	649.89 mins	(1.354 mins)	0.089	0.245
51.0/52.5	0.097/0.115	651.29 mins	(1.394 mins)	0.095	0.232
51.0/52.5	0.098/0.115	652.63 mins	(1.342 mins)	0.098	0.230
51.0/52.5	0.099/0.115	653.83 mins	(1.203 mins)	0.086	0.228
51.0/52.5	0.100/0.115	655.05 mins	(1.22 mins)	0.093	0.220
51.0/52.5	0.101/0.115	656.39 mins	(1.336 mins)	0.095	0.235
51.0/52.5	0.102/0.115	657.97 mins	(1.586 mins)	0.122	0.233
51.0/52.5	0.103/0.115	659.41 mins	(1.436 mins)	0.107	0.233
51.0/52.5	0.104/0.115	660.88 mins	(1.467 mins)	0.123	0.248
51.0/52.5	0.105/0.115	662.22 mins	(1.338 mins)	0.100	0.224
51.0/52.5	0.106/0.115	663.73 mins	(1.514 mins)	0.122	0.234
51.0/52.5	0.107/0.115	665.21 mins	(1.482 mins)	0.133	0.224
51.0/52.5	0.108/0.115	666.66 mins	(1.452 mins)	0.129	0.228
51.0/52.5	0.109/0.115	668.16 mins	(1.491 mins)	0.138	0.227
51.0/52.5	0.110/0.115	669.70 mins	(1.547 mins)	0.137	0.241
51.0/52.5	0.111/0.115	671.24 mins	(1.537 mins)	0.163	0.236
51.0/52.5	0.112/0.115	672.70 mins	(1.464 mins)	0.148	0.240
51.0/52.5	0.113/0.115	674.33 mins	(1.631 mins)	0.165	0.243
51.0/52.5	0.114/0.115	675.86 mins	(1.523 mins)	0.147	0.244
51.0/52.5	0.115/0.115	677.43 mins	(1.573 mins)	0.162	0.242


51.1/52.5	0.085/0.115	678.65 mins	(1.222 mins)	0.067	0.237
51.1/52.5	0.086/0.115	679.87 mins	(1.222 mins)	0.068	0.247
51.1/52.5	0.087/0.115	681.09 mins	(1.216 mins)	0.074	0.244
51.1/52.5	0.088/0.115	682.28 mins	(1.192 mins)	0.074	0.253
51.1/52.5	0.089/0.115	683.50 mins	(1.213 mins)	0.078	0.234
51.1/52.5	0.090/0.115	684.71 mins	(1.219 mins)	0.070	0.235
51.1/52.5	0.091/0.115	686.08 mins	(1.364 mins)	0.071	0.214
51.1/52.5	0.092/0.115	687.25 mins	(1.171 mins)	0.081	0.236
51.1/52.5	0.093/0.115	688.51 mins	(1.257 mins)	0.085	0.266
51.1/52.5	0.094/0.115	689.79 mins	(1.281 mins)	0.081	0.232
51.1/52.5	0.095/0.115	691.14 mins	(1.356 mins)	0.076	0.234
51.1/52.5	0.096/0.115	692.42 mins	(1.273 mins)	0.082	0.228
51.1/52.5	0.097/0.115	693.71 mins	(1.296 mins)	0.090	0.241
51.1/52.5	0.098/0.115	695.17 mins	(1.461 mins)	0.099	0.233
51.1/52.5	0.099/0.115	696.54 mins	(1.367 mins)	0.105	0.244
51.1/52.5	0.100/0.115	697.87 mins	(1.327 mins)	0.105	0.231
51.1/52.5	0.101/0.115	699.28 mins	(1.41 mins)	0.111	0.241
51.1/52.5	0.102/0.115	700.52 mins	(1.247 mins)	0.112	0.264
51.1/52.5	0.103/0.115	701.85 mins	(1.323 mins)	0.100	0.231
51.1/52.5	0.104/0.115	703.19 mins	(1.342 mins)	0.104	0.233
51.1/52.5	0.105/0.115	704.62 mins	(1.427 mins)	0.138	0.243
51.1/52.5	0.106/0.115	705.88 mins	(1.262 mins)	0.121	0.229
51.1/52.5	0.107/0.115	707.26 mins	(1.384 mins)	0.124	0.242
51.1/52.5	0.108/0.115	708.80 mins	(1.534 mins)	0.138	0.223
51.1/52.5	0.109/0.115	710.32 mins	(1.529 mins)	0.132	0.235
51.1/52.5	0.110/0.115	711.86 mins	(1.534 mins)	0.148	0.249
51.1/52.5	0.111/0.115	713.34 mins	(1.479 mins)	0.148	0.260
51.1/52.5	0.112/0.115	714.86 mins	(1.526 mins)	0.151	0.224
51.1/52.5	0.113/0.115	716.35 mins	(1.489 mins)	0.151	0.248
51.1/52.5	0.114/0.115	717.90 mins	(1.553 mins)	0.166	0.244
51.1/52.5	0.115/0.115	719.49 mins	(1.59 mins)	0.175	0.227


51.2/52.5	0.085/0.115	720.80 mins	(1.31 mins)	0.069	0.258
51.2/52.5	0.086/0.115	721.96 mins	(1.156 mins)	0.066	0.214
51.2/52.5	0.087/0.115	723.08 mins	(1.117 mins)	0.059	0.223
51.2/52.5	0.088/0.115	724.28 mins	(1.198 mins)	0.067	0.250
51.2/52.5	0.089/0.115	725.52 mins	(1.245 mins)	0.070	0.238
51.2/52.5	0.090/0.115	726.77 mins	(1.246 mins)	0.077	0.244
51.2/52.5	0.091/0.115	727.99 mins	(1.223 mins)	0.073	0.227
51.2/52.5	0.092/0.115	729.17 mins	(1.176 mins)	0.070	0.223
51.2/52.5	0.093/0.115	730.43 mins	(1.259 mins)	0.083	0.243
51.2/52.5	0.094/0.115	731.72 mins	(1.294 mins)	0.085	0.223
51.2/52.5	0.095/0.115	733.08 mins	(1.364 mins)	0.099	0.251
51.2/52.5	0.096/0.115	734.42 mins	(1.334 mins)	0.093	0.235
51.2/52.5	0.097/0.115	735.70 mins	(1.281 mins)	0.093	0.222
51.2/52.5	0.098/0.115	736.90 mins	(1.204 mins)	0.080	0.221
51.2/52.5	0.099/0.115	738.22 mins	(1.315 mins)	0.091	0.251
51.2/52.5	0.100/0.115	739.66 mins	(1.439 mins)	0.103	0.228
51.2/52.5	0.101/0.115	741.14 mins	(1.483 mins)	0.113	0.241
51.2/52.5	0.102/0.115	742.40 mins	(1.265 mins)	0.099	0.219
51.2/52.5	0.103/0.115	743.80 mins	(1.392 mins)	0.112	0.243
51.2/52.5	0.104/0.115	745.06 mins	(1.267 mins)	0.087	0.215
51.2/52.5	0.105/0.115	746.50 mins	(1.44 mins)	0.116	0.225
51.2/52.5	0.106/0.115	747.95 mins	(1.45 mins)	0.136	0.240
51.2/52.5	0.107/0.115	749.30 mins	(1.346 mins)	0.120	0.238
51.2/52.5	0.108/0.115	750.66 mins	(1.364 mins)	0.142	0.236
51.2/52.5	0.109/0.115	752.00 mins	(1.34 mins)	0.117	0.207
51.2/52.5	0.110/0.115	753.59 mins	(1.584 mins)	0.166	0.248
51.2/52.5	0.111/0.115	755.09 mins	(1.502 mins)	0.138	0.242
51.2/52.5	0.112/0.115	756.64 mins	(1.555 mins)	0.159	0.241
51.2/52.5	0.113/0.115	758.18 mins	(1.535 mins)	0.162	0.247
51.2/52.5	0.114/0.115	759.65 mins	(1.471 mins)	0.143	0.233
51.2/52.5	0.115/0.115	761.14 mins	(1.485 mins)	0.163	0.241


51.3/52.5	0.085/0.115	762.38 mins	(1.245 mins)	0.065	0.265
51.3/52.5	0.086/0.115	763.59 mins	(1.207 mins)	0.063	0.238
51.3/52.5	0.087/0.115	764.97 mins	(1.379 mins)	0.074	0.240
51.3/52.5	0.088/0.115	766.27 mins	(1.307 mins)	0.068	0.230
51.3/52.5	0.089/0.115	767.40 mins	(1.125 mins)	0.067	0.238
51.3/52.5	0.090/0.115	768.62 mins	(1.221 mins)	0.077	0.247
51.3/52.5	0.091/0.115	769.96 mins	(1.34 mins)	0.080	0.238
51.3/52.5	0.092/0.115	771.18 mins	(1.219 mins)	0.074	0.258
51.3/52.5	0.093/0.115	772.40 mins	(1.221 mins)	0.073	0.238
51.3/52.5	0.094/0.115	773.63 mins	(1.235 mins)	0.085	0.235
51.3/52.5	0.095/0.115	774.92 mins	(1.291 mins)	0.083	0.253
51.3/52.5	0.096/0.115	776.23 mins	(1.301 mins)	0.084	0.238
51.3/52.5	0.097/0.115	777.51 mins	(1.284 mins)	0.097	0.239
51.3/52.5	0.098/0.115	778.93 mins	(1.424 mins)	0.103	0.230
51.3/52.5	0.099/0.115	780.32 mins	(1.383 mins)	0.095	0.252
51.3/52.5	0.100/0.115	781.86 mins	(1.541 mins)	0.110	0.244
51.3/52.5	0.101/0.115	783.30 mins	(1.442 mins)	0.105	0.246
51.3/52.5	0.102/0.115	784.77 mins	(1.467 mins)	0.118	0.240
51.3/52.5	0.103/0.115	786.31 mins	(1.543 mins)	0.114	0.242
51.3/52.5	0.104/0.115	787.89 mins	(1.581 mins)	0.126	0.249
51.3/52.5	0.105/0.115	789.39 mins	(1.497 mins)	0.140	0.234
51.3/52.5	0.106/0.115	790.88 mins	(1.492 mins)	0.116	0.258
51.3/52.5	0.107/0.115	792.54 mins	(1.661 mins)	0.146	0.252
51.3/52.5	0.108/0.115	794.05 mins	(1.505 mins)	0.149	0.259
51.3/52.5	0.109/0.115	795.51 mins	(1.46 mins)	0.148	0.244
51.3/52.5	0.110/0.115	797.07 mins	(1.567 mins)	0.176	0.252
51.3/52.5	0.111/0.115	798.69 mins	(1.614 mins)	0.142	0.256
51.3/52.5	0.112/0.115	800.33 mins	(1.647 mins)	0.166	0.242
51.3/52.5	0.113/0.115	801.86 mins	(1.526 mins)	0.138	0.237
51.3/52.5	0.114/0.115	803.40 mins	(1.544 mins)	0.164	0.231
51.3/52.5	0.115/0.115	804.97 mins	(1.57 mins)	0.179	0.237


51.4/52.5	0.085/0.115	806.14 mins	(1.167 mins)	0.059	0.224
51.4/52.5	0.086/0.115	807.37 mins	(1.233 mins)	0.063	0.232
51.4/52.5	0.087/0.115	808.56 mins	(1.181 mins)	0.070	0.228
51.4/52.5	0.088/0.115	809.87 mins	(1.315 mins)	0.077	0.221
51.4/52.5	0.089/0.115	811.01 mins	(1.135 mins)	0.067	0.233
51.4/52.5	0.090/0.115	812.33 mins	(1.322 mins)	0.079	0.236
51.4/52.5	0.091/0.115	813.50 mins	(1.175 mins)	0.071	0.231
51.4/52.5	0.092/0.115	814.80 mins	(1.298 mins)	0.081	0.244
51.4/52.5	0.093/0.115	816.04 mins	(1.243 mins)	0.083	0.229
51.4/52.5	0.094/0.115	817.52 mins	(1.481 mins)	0.088	0.248
51.4/52.5	0.095/0.115	818.72 mins	(1.192 mins)	0.090	0.224
51.4/52.5	0.096/0.115	820.03 mins	(1.314 mins)	0.097	0.252
51.4/52.5	0.097/0.115	821.43 mins	(1.40 mins)	0.100	0.243
51.4/52.5	0.098/0.115	822.78 mins	(1.35 mins)	0.093	0.240
51.4/52.5	0.099/0.115	824.10 mins	(1.324 mins)	0.107	0.234
51.4/52.5	0.100/0.115	825.59 mins	(1.487 mins)	0.108	0.236
51.4/52.5	0.101/0.115	827.11 mins	(1.514 mins)	0.112	0.240
51.4/52.5	0.102/0.115	828.50 mins	(1.396 mins)	0.120	0.234
51.4/52.5	0.103/0.115	829.93 mins	(1.427 mins)	0.133	0.245
51.4/52.5	0.104/0.115	831.32 mins	(1.392 mins)	0.116	0.227
51.4/52.5	0.105/0.115	832.76 mins	(1.442 mins)	0.114	0.224
51.4/52.5	0.106/0.115	834.24 mins	(1.479 mins)	0.135	0.234
51.4/52.5	0.107/0.115	835.75 mins	(1.512 mins)	0.135	0.242
51.4/52.5	0.108/0.115	837.20 mins	(1.444 mins)	0.137	0.234
51.4/52.5	0.109/0.115	838.68 mins	(1.487 mins)	0.144	0.252
51.4/52.5	0.110/0.115	840.18 mins	(1.491 mins)	0.156	0.253
51.4/52.5	0.111/0.115	841.58 mins	(1.40 mins)	0.127	0.253
51.4/52.5	0.112/0.115	843.01 mins	(1.436 mins)	0.149	0.241
51.4/52.5	0.113/0.115	844.56 mins	(1.544 mins)	0.161	0.240
51.4/52.5	0.114/0.115	846.22 mins	(1.664 mins)	0.167	0.249
51.4/52.5	0.115/0.115	847.84 mins	(1.62 mins)	0.172	0.224


51.5/52.5	0.085/0.115	849.04 mins	(1.196 mins)	0.071	0.248
51.5/52.5	0.086/0.115	850.19 mins	(1.155 mins)	0.070	0.252
51.5/52.5	0.087/0.115	851.75 mins	(1.556 mins)	0.066	0.216
51.5/52.5	0.088/0.115	852.94 mins	(1.193 mins)	0.077	0.254
51.5/52.5	0.089/0.115	854.16 mins	(1.221 mins)	0.078	0.245
51.5/52.5	0.090/0.115	855.41 mins	(1.246 mins)	0.075	0.247
51.5/52.5	0.091/0.115	856.68 mins	(1.272 mins)	0.079	0.236
51.5/52.5	0.092/0.115	858.00 mins	(1.317 mins)	0.084	0.270
51.5/52.5	0.093/0.115	859.32 mins	(1.326 mins)	0.088	0.218
51.5/52.5	0.094/0.115	860.65 mins	(1.325 mins)	0.084	0.229
51.5/52.5	0.095/0.115	861.97 mins	(1.328 mins)	0.096	0.228
51.5/52.5	0.096/0.115	863.30 mins	(1.329 mins)	0.099	0.265
51.5/52.5	0.097/0.115	864.83 mins	(1.529 mins)	0.083	0.229
51.5/52.5	0.098/0.115	866.34 mins	(1.505 mins)	0.098	0.240
51.5/52.5	0.099/0.115	867.62 mins	(1.281 mins)	0.092	0.221
51.5/52.5	0.100/0.115	868.98 mins	(1.358 mins)	0.108	0.241
51.5/52.5	0.101/0.115	870.39 mins	(1.411 mins)	0.125	0.241
51.5/52.5	0.102/0.115	871.74 mins	(1.348 mins)	0.110	0.252
51.5/52.5	0.103/0.115	873.12 mins	(1.382 mins)	0.125	0.253
51.5/52.5	0.104/0.115	874.58 mins	(1.462 mins)	0.133	0.242
51.5/52.5	0.105/0.115	875.97 mins	(1.387 mins)	0.134	0.233
51.5/52.5	0.106/0.115	877.50 mins	(1.532 mins)	0.148	0.242
51.5/52.5	0.107/0.115	878.97 mins	(1.466 mins)	0.111	0.242
51.5/52.5	0.108/0.115	880.47 mins	(1.508 mins)	0.162	0.244
51.5/52.5	0.109/0.115	882.01 mins	(1.54 mins)	0.151	0.247
51.5/52.5	0.110/0.115	883.42 mins	(1.405 mins)	0.133	0.233
51.5/52.5	0.111/0.115	884.94 mins	(1.52 mins)	0.153	0.244
51.5/52.5	0.112/0.115	886.42 mins	(1.478 mins)	0.147	0.234
51.5/52.5	0.113/0.115	888.04 mins	(1.619 mins)	0.160	0.247
51.5/52.5	0.114/0.115	889.61 mins	(1.576 mins)	0.184	0.242
51.5/52.5	0.115/0.115	891.08 mins	(1.47 mins)	0.170	0.249


51.6/52.5	0.085/0.115	892.18 mins	(1.095 mins)	0.063	0.229
51.6/52.5	0.086/0.115	893.37 mins	(1.194 mins)	0.066	0.242
51.6/52.5	0.087/0.115	894.63 mins	(1.256 mins)	0.062	0.232
51.6/52.5	0.088/0.115	895.85 mins	(1.218 mins)	0.064	0.229
51.6/52.5	0.089/0.115	897.10 mins	(1.252 mins)	0.078	0.254
51.6/52.5	0.090/0.115	898.34 mins	(1.241 mins)	0.067	0.211
51.6/52.5	0.091/0.115	899.56 mins	(1.225 mins)	0.071	0.222
51.6/52.5	0.092/0.115	900.87 mins	(1.309 mins)	0.093	0.233
51.6/52.5	0.093/0.115	902.23 mins	(1.36 mins)	0.085	0.224
51.6/52.5	0.094/0.115	903.61 mins	(1.376 mins)	0.086	0.237
51.6/52.5	0.095/0.115	904.92 mins	(1.312 mins)	0.090	0.231
51.6/52.5	0.096/0.115	906.25 mins	(1.328 mins)	0.094	0.241
51.6/52.5	0.097/0.115	907.59 mins	(1.338 mins)	0.102	0.241
51.6/52.5	0.098/0.115	909.08 mins	(1.49 mins)	0.099	0.231
51.6/52.5	0.099/0.115	910.54 mins	(1.459 mins)	0.108	0.248
51.6/52.5	0.100/0.115	912.07 mins	(1.533 mins)	0.123	0.250
51.6/52.5	0.101/0.115	913.35 mins	(1.282 mins)	0.096	0.255
51.6/52.5	0.102/0.115	914.74 mins	(1.391 mins)	0.120	0.247
51.6/52.5	0.103/0.115	916.06 mins	(1.319 mins)	0.111	0.244
51.6/52.5	0.104/0.115	917.55 mins	(1.487 mins)	0.125	0.248
51.6/52.5	0.105/0.115	918.97 mins	(1.425 mins)	0.120	0.261
51.6/52.5	0.106/0.115	920.51 mins	(1.535 mins)	0.137	0.257
51.6/52.5	0.107/0.115	921.86 mins	(1.355 mins)	0.124	0.236
51.6/52.5	0.108/0.115	923.41 mins	(1.546 mins)	0.159	0.241
51.6/52.5	0.109/0.115	924.92 mins	(1.513 mins)	0.156	0.245
51.6/52.5	0.110/0.115	926.48 mins	(1.557 mins)	0.139	0.257
51.6/52.5	0.111/0.115	927.95 mins	(1.473 mins)	0.138	0.225
51.6/52.5	0.112/0.115	929.44 mins	(1.488 mins)	0.127	0.233
51.6/52.5	0.113/0.115	930.96 mins	(1.518 mins)	0.156	0.252
51.6/52.5	0.114/0.115	932.53 mins	(1.575 mins)	0.177	0.262
51.6/52.5	0.115/0.115	934.08 mins	(1.545 mins)	0.177	0.257


51.7/52.5	0.085/0.115	935.23 mins	(1.15 mins)	0.061	0.232
51.7/52.5	0.086/0.115	936.51 mins	(1.284 mins)	0.068	0.231
51.7/52.5	0.087/0.115	937.71 mins	(1.20 mins)	0.056	0.240
51.7/52.5	0.088/0.115	938.85 mins	(1.142 mins)	0.066	0.238
51.7/52.5	0.089/0.115	940.10 mins	(1.249 mins)	0.077	0.243
51.7/52.5	0.090/0.115	941.29 mins	(1.19 mins)	0.076	0.254
51.7/52.5	0.091/0.115	942.51 mins	(1.217 mins)	0.076	0.241
51.7/52.5	0.092/0.115	943.84 mins	(1.334 mins)	0.068	0.226
51.7/52.5	0.093/0.115	945.00 mins	(1.162 mins)	0.074	0.256
51.7/52.5	0.094/0.115	946.28 mins	(1.273 mins)	0.086	0.235
51.7/52.5	0.095/0.115	947.64 mins	(1.365 mins)	0.087	0.223
51.7/52.5	0.096/0.115	948.90 mins	(1.261 mins)	0.079	0.231
51.7/52.5	0.097/0.115	950.26 mins	(1.362 mins)	0.095	0.255
51.7/52.5	0.098/0.115	951.58 mins	(1.318 mins)	0.101	0.238
51.7/52.5	0.099/0.115	953.04 mins	(1.459 mins)	0.108	0.256
51.7/52.5	0.100/0.115	954.36 mins	(1.323 mins)	0.108	0.247
51.7/52.5	0.101/0.115	955.94 mins	(1.579 mins)	0.121	0.237
51.7/52.5	0.102/0.115	957.45 mins	(1.511 mins)	0.120	0.242
51.7/52.5	0.103/0.115	958.85 mins	(1.40 mins)	0.128	0.261
51.7/52.5	0.104/0.115	960.18 mins	(1.33 mins)	0.126	0.236
51.7/52.5	0.105/0.115	961.68 mins	(1.497 mins)	0.144	0.242
51.7/52.5	0.106/0.115	963.21 mins	(1.526 mins)	0.141	0.251
51.7/52.5	0.107/0.115	964.75 mins	(1.545 mins)	0.130	0.245
51.7/52.5	0.108/0.115	966.24 mins	(1.491 mins)	0.125	0.251
51.7/52.5	0.109/0.115	967.80 mins	(1.558 mins)	0.160	0.256
51.7/52.5	0.110/0.115	969.35 mins	(1.552 mins)	0.158	0.251
51.7/52.5	0.111/0.115	970.84 mins	(1.492 mins)	0.144	0.243
51.7/52.5	0.112/0.115	972.35 mins	(1.509 mins)	0.144	0.250
51.7/52.5	0.113/0.115	973.85 mins	(1.494 mins)	0.145	0.227
51.7/52.5	0.114/0.115	975.36 mins	(1.516 mins)	0.163	0.250
51.7/52.5	0.115/0.115	976.99 mins	(1.623 mins)	0.175	0.254


51.8/52.5	0.085/0.115	978.17 mins	(1.183 mins)	0.056	0.226
51.8/52.5	0.086/0.115	979.29 mins	(1.12 mins)	0.057	0.235
51.8/52.5	0.087/0.115	980.47 mins	(1.183 mins)	0.065	0.228
51.8/52.5	0.088/0.115	981.60 mins	(1.133 mins)	0.057	0.227
51.8/52.5	0.089/0.115	982.93 mins	(1.33 mins)	0.067	0.224
51.8/52.5	0.090/0.115	984.10 mins	(1.169 mins)	0.061	0.221
51.8/52.5	0.091/0.115	985.34 mins	(1.241 mins)	0.072	0.241
51.8/52.5	0.092/0.115	986.61 mins	(1.265 mins)	0.086	0.238
51.8/52.5	0.093/0.115	987.93 mins	(1.316 mins)	0.078	0.227
51.8/52.5	0.094/0.115	989.17 mins	(1.241 mins)	0.070	0.227
51.8/52.5	0.095/0.115	990.41 mins	(1.244 mins)	0.079	0.238
51.8/52.5	0.096/0.115	991.76 mins	(1.346 mins)	0.092	0.261
51.8/52.5	0.097/0.115	993.13 mins	(1.374 mins)	0.090	0.248
51.8/52.5	0.098/0.115	994.47 mins	(1.34 mins)	0.103	0.252
51.8/52.5	0.099/0.115	995.89 mins	(1.422 mins)	0.105	0.237
51.8/52.5	0.100/0.115	997.24 mins	(1.347 mins)	0.106	0.235
51.8/52.5	0.101/0.115	998.72 mins	(1.483 mins)	0.120	0.245
51.8/52.5	0.102/0.115	1000.17 mins	(1.445 mins)	0.118	0.264
51.8/52.5	0.103/0.115	1001.60 mins	(1.437 mins)	0.124	0.245
51.8/52.5	0.104/0.115	1003.04 mins	(1.436 mins)	0.117	0.240
51.8/52.5	0.105/0.115	1004.51 mins	(1.468 mins)	0.120	0.237
51.8/52.5	0.106/0.115	1006.07 mins	(1.563 mins)	0.137	0.257
51.8/52.5	0.107/0.115	1007.58 mins	(1.509 mins)	0.153	0.248
51.8/52.5	0.108/0.115	1008.88 mins	(1.298 mins)	0.127	0.240
51.8/52.5	0.109/0.115	1010.36 mins	(1.483 mins)	0.143	0.242
51.8/52.5	0.110/0.115	1011.82 mins	(1.453 mins)	0.138	0.235
51.8/52.5	0.111/0.115	1013.33 mins	(1.518 mins)	0.153	0.242
51.8/52.5	0.112/0.115	1014.94 mins	(1.606 mins)	0.172	0.254
51.8/52.5	0.113/0.115	1016.41 mins	(1.468 mins)	0.153	0.247
51.8/52.5	0.114/0.115	1018.00 mins	(1.595 mins)	0.176	0.254
51.8/52.5	0.115/0.115	1019.52 mins	(1.522 mins)	0.163	0.237


51.9/52.5	0.085/0.115	1020.75 mins	(1.228 mins)	0.069	0.245
51.9/52.5	0.086/0.115	1021.97 mins	(1.217 mins)	0.065	0.237
51.9/52.5	0.087/0.115	1023.17 mins	(1.206 mins)	0.067	0.219
51.9/52.5	0.088/0.115	1024.41 mins	(1.236 mins)	0.073	0.259
51.9/52.5	0.089/0.115	1025.75 mins	(1.338 mins)	0.076	0.244
51.9/52.5	0.090/0.115	1027.11 mins	(1.366 mins)	0.086	0.244
51.9/52.5	0.091/0.115	1028.40 mins	(1.291 mins)	0.082	0.237
51.9/52.5	0.092/0.115	1029.78 mins	(1.379 mins)	0.084	0.263
51.9/52.5	0.093/0.115	1031.08 mins	(1.294 mins)	0.085	0.235
51.9/52.5	0.094/0.115	1032.34 mins	(1.26 mins)	0.086	0.231
51.9/52.5	0.095/0.115	1033.78 mins	(1.446 mins)	0.104	0.257
51.9/52.5	0.096/0.115	1035.07 mins	(1.29 mins)	0.093	0.259
51.9/52.5	0.097/0.115	1036.50 mins	(1.425 mins)	0.117	0.243
51.9/52.5	0.098/0.115	1037.85 mins	(1.349 mins)	0.096	0.257
51.9/52.5	0.099/0.115	1039.29 mins	(1.437 mins)	0.124	0.262
51.9/52.5	0.100/0.115	1040.74 mins	(1.458 mins)	0.132	0.240
51.9/52.5	0.101/0.115	1042.15 mins	(1.404 mins)	0.101	0.225
51.9/52.5	0.102/0.115	1043.74 mins	(1.595 mins)	0.115	0.243
51.9/52.5	0.103/0.115	1045.20 mins	(1.455 mins)	0.122	0.230
51.9/52.5	0.104/0.115	1046.60 mins	(1.403 mins)	0.119	0.255
51.9/52.5	0.105/0.115	1048.17 mins	(1.569 mins)	0.140	0.245
51.9/52.5	0.106/0.115	1049.69 mins	(1.519 mins)	0.123	0.246
51.9/52.5	0.107/0.115	1051.10 mins	(1.412 mins)	0.123	0.221
51.9/52.5	0.108/0.115	1052.47 mins	(1.372 mins)	0.131	0.265
51.9/52.5	0.109/0.115	1053.99 mins	(1.516 mins)	0.153	0.252
51.9/52.5	0.110/0.115	1055.60 mins	(1.606 mins)	0.150	0.243
51.9/52.5	0.111/0.115	1057.11 mins	(1.51 mins)	0.146	0.253
51.9/52.5	0.112/0.115	1058.69 mins	(1.58 mins)	0.143	0.252
51.9/52.5	0.113/0.115	1060.24 mins	(1.558 mins)	0.168	0.247
51.9/52.5	0.114/0.115	1061.81 mins	(1.571 mins)	0.163	0.256
51.9/52.5	0.115/0.115	1063.43 mins	(1.616 mins)	0.179	0.260


52.0/52.5	0.085/0.115	1064.61 mins	(1.177 mins)	0.056	0.240
52.0/52.5	0.086/0.115	1065.78 mins	(1.174 mins)	0.059	0.237
52.0/52.5	0.087/0.115	1066.98 mins	(1.199 mins)	0.067	0.234
52.0/52.5	0.088/0.115	1068.10 mins	(1.124 mins)	0.073	0.222
52.0/52.5	0.089/0.115	1069.30 mins	(1.197 mins)	0.073	0.229
52.0/52.5	0.090/0.115	1070.61 mins	(1.305 mins)	0.081	0.221
52.0/52.5	0.091/0.115	1071.86 mins	(1.258 mins)	0.080	0.232
52.0/52.5	0.092/0.115	1073.22 mins	(1.36 mins)	0.088	0.239
52.0/52.5	0.093/0.115	1074.59 mins	(1.37 mins)	0.082	0.254
52.0/52.5	0.094/0.115	1076.06 mins	(1.463 mins)	0.082	0.245
52.0/52.5	0.095/0.115	1077.37 mins	(1.314 mins)	0.103	0.244
52.0/52.5	0.096/0.115	1078.70 mins	(1.326 mins)	0.086	0.235
52.0/52.5	0.097/0.115	1080.04 mins	(1.346 mins)	0.103	0.235
52.0/52.5	0.098/0.115	1081.48 mins	(1.433 mins)	0.085	0.216
52.0/52.5	0.099/0.115	1082.74 mins	(1.259 mins)	0.100	0.245
52.0/52.5	0.100/0.115	1084.13 mins	(1.392 mins)	0.096	0.220
52.0/52.5	0.101/0.115	1085.62 mins	(1.489 mins)	0.129	0.250
52.0/52.5	0.102/0.115	1087.09 mins	(1.473 mins)	0.122	0.236
52.0/52.5	0.103/0.115	1088.54 mins	(1.45 mins)	0.121	0.246
52.0/52.5	0.104/0.115	1090.18 mins	(1.645 mins)	0.150	0.252
52.0/52.5	0.105/0.115	1091.62 mins	(1.435 mins)	0.140	0.257
52.0/52.5	0.106/0.115	1093.06 mins	(1.438 mins)	0.128	0.249
52.0/52.5	0.107/0.115	1094.58 mins	(1.526 mins)	0.137	0.241
52.0/52.5	0.108/0.115	1096.09 mins	(1.506 mins)	0.132	0.230
52.0/52.5	0.109/0.115	1097.70 mins	(1.611 mins)	0.145	0.225
52.0/52.5	0.110/0.115	1099.13 mins	(1.428 mins)	0.151	0.249
52.0/52.5	0.111/0.115	1100.64 mins	(1.508 mins)	0.145	0.234
52.0/52.5	0.112/0.115	1102.17 mins	(1.528 mins)	0.149	0.248
52.0/52.5	0.113/0.115	1103.69 mins	(1.523 mins)	0.165	0.247
52.0/52.5	0.114/0.115	1105.41 mins	(1.723 mins)	0.179	0.246
52.0/52.5	0.115/0.115	1107.03 mins	(1.616 mins)	0.194	0.252


52.1/52.5	0.085/0.115	1108.20 mins	(1.174 mins)	0.062	0.247
52.1/52.5	0.086/0.115	1109.36 mins	(1.155 mins)	0.062	0.243
52.1/52.5	0.087/0.115	1110.60 mins	(1.239 mins)	0.068	0.256
52.1/52.5	0.088/0.115	1111.89 mins	(1.292 mins)	0.079	0.239
52.1/52.5	0.089/0.115	1113.10 mins	(1.215 mins)	0.071	0.249
52.1/52.5	0.090/0.115	1114.43 mins	(1.322 mins)	0.073	0.237
52.1/52.5	0.091/0.115	1115.74 mins	(1.315 mins)	0.083	0.254
52.1/52.5	0.092/0.115	1116.99 mins	(1.251 mins)	0.088	0.270
52.1/52.5	0.093/0.115	1118.33 mins	(1.337 mins)	0.085	0.254
52.1/52.5	0.094/0.115	1119.65 mins	(1.316 mins)	0.090	0.233
52.1/52.5	0.095/0.115	1120.94 mins	(1.291 mins)	0.086	0.238
52.1/52.5	0.096/0.115	1122.32 mins	(1.383 mins)	0.107	0.238
52.1/52.5	0.097/0.115	1123.74 mins	(1.424 mins)	0.104	0.238
52.1/52.5	0.098/0.115	1125.08 mins	(1.338 mins)	0.100	0.243
52.1/52.5	0.099/0.115	1126.52 mins	(1.436 mins)	0.106	0.227
52.1/52.5	0.100/0.115	1127.91 mins	(1.398 mins)	0.116	0.256
52.1/52.5	0.101/0.115	1129.45 mins	(1.532 mins)	0.108	0.252
52.1/52.5	0.102/0.115	1130.97 mins	(1.518 mins)	0.126	0.233
52.1/52.5	0.103/0.115	1132.44 mins	(1.479 mins)	0.129	0.250
52.1/52.5	0.104/0.115	1133.93 mins	(1.481 mins)	0.134	0.252
52.1/52.5	0.105/0.115	1135.35 mins	(1.425 mins)	0.138	0.244
52.1/52.5	0.106/0.115	1137.01 mins	(1.663 mins)	0.123	0.234
52.1/52.5	0.107/0.115	1138.52 mins	(1.51 mins)	0.133	0.249
52.1/52.5	0.108/0.115	1140.04 mins	(1.515 mins)	0.139	0.244
52.1/52.5	0.109/0.115	1141.62 mins	(1.584 mins)	0.164	0.250
52.1/52.5	0.110/0.115	1143.25 mins	(1.623 mins)	0.147	0.236
52.1/52.5	0.111/0.115	1144.75 mins	(1.506 mins)	0.140	0.225
52.1/52.5	0.112/0.115	1146.40 mins	(1.648 mins)	0.161	0.258
52.1/52.5	0.113/0.115	1147.93 mins	(1.533 mins)	0.146	0.232
52.1/52.5	0.114/0.115	1149.51 mins	(1.575 mins)	0.170	0.239
52.1/52.5	0.115/0.115	1151.06 mins	(1.554 mins)	0.157	0.243


52.2/52.5	0.085/0.115	1152.25 mins	(1.186 mins)	0.065	0.250
52.2/52.5	0.086/0.115	1153.53 mins	(1.281 mins)	0.076	0.260
52.2/52.5	0.087/0.115	1154.67 mins	(1.141 mins)	0.059	0.239
52.2/52.5	0.088/0.115	1155.89 mins	(1.222 mins)	0.078	0.244
52.2/52.5	0.089/0.115	1157.11 mins	(1.219 mins)	0.070	0.234
52.2/52.5	0.090/0.115	1158.41 mins	(1.299 mins)	0.070	0.250
52.2/52.5	0.091/0.115	1159.69 mins	(1.28 mins)	0.088	0.239
52.2/52.5	0.092/0.115	1160.97 mins	(1.279 mins)	0.079	0.227
52.2/52.5	0.093/0.115	1162.29 mins	(1.324 mins)	0.088	0.255
52.2/52.5	0.094/0.115	1163.53 mins	(1.241 mins)	0.083	0.244
52.2/52.5	0.095/0.115	1164.81 mins	(1.276 mins)	0.083	0.242
52.2/52.5	0.096/0.115	1166.16 mins	(1.352 mins)	0.086	0.243
52.2/52.5	0.097/0.115	1167.38 mins	(1.217 mins)	0.086	0.238
52.2/52.5	0.098/0.115	1168.63 mins	(1.249 mins)	0.103	0.260
52.2/52.5	0.099/0.115	1170.05 mins	(1.422 mins)	0.116	0.243
52.2/52.5	0.100/0.115	1171.52 mins	(1.47 mins)	0.113	0.254
52.2/52.5	0.101/0.115	1172.84 mins	(1.325 mins)	0.092	0.231
52.2/52.5	0.102/0.115	1174.16 mins	(1.316 mins)	0.114	0.245
52.2/52.5	0.103/0.115	1175.57 mins	(1.413 mins)	0.127	0.247
52.2/52.5	0.104/0.115	1176.87 mins	(1.293 mins)	0.105	0.236
52.2/52.5	0.105/0.115	1178.36 mins	(1.49 mins)	0.124	0.236
52.2/52.5	0.106/0.115	1179.77 mins	(1.411 mins)	0.142	0.256
52.2/52.5	0.107/0.115	1181.29 mins	(1.521 mins)	0.131	0.255
52.2/52.5	0.108/0.115	1182.78 mins	(1.494 mins)	0.136	0.234
52.2/52.5	0.109/0.115	1184.31 mins	(1.528 mins)	0.148	0.264
52.2/52.5	0.110/0.115	1185.86 mins	(1.543 mins)	0.149	0.248
52.2/52.5	0.111/0.115	1187.48 mins	(1.621 mins)	0.155	0.243
52.2/52.5	0.112/0.115	1189.07 mins	(1.589 mins)	0.168	0.245
52.2/52.5	0.113/0.115	1190.64 mins	(1.579 mins)	0.163	0.253
52.2/52.5	0.114/0.115	1192.08 mins	(1.432 mins)	0.155	0.227
52.2/52.5	0.115/0.115	1193.57 mins	(1.492 mins)	0.149	0.237


52.3/52.5	0.085/0.115	1194.84 mins	(1.276 mins)	0.071	0.237
52.3/52.5	0.086/0.115	1196.05 mins	(1.206 mins)	0.078	0.250
52.3/52.5	0.087/0.115	1197.31 mins	(1.259 mins)	0.070	0.222
52.3/52.5	0.088/0.115	1198.55 mins	(1.241 mins)	0.075	0.233
52.3/52.5	0.089/0.115	1199.91 mins	(1.364 mins)	0.081	0.259
52.3/52.5	0.090/0.115	1201.13 mins	(1.219 mins)	0.074	0.231
52.3/52.5	0.091/0.115	1202.38 mins	(1.249 mins)	0.071	0.230
52.3/52.5	0.092/0.115	1203.73 mins	(1.349 mins)	0.094	0.240
52.3/52.5	0.093/0.115	1205.22 mins	(1.49 mins)	0.082	0.231
52.3/52.5	0.094/0.115	1206.53 mins	(1.314 mins)	0.110	0.251
52.3/52.5	0.095/0.115	1207.93 mins	(1.393 mins)	0.110	0.265
52.3/52.5	0.096/0.115	1209.21 mins	(1.286 mins)	0.095	0.238
52.3/52.5	0.097/0.115	1210.48 mins	(1.267 mins)	0.101	0.253
52.3/52.5	0.098/0.115	1211.78 mins	(1.297 mins)	0.103	0.237
52.3/52.5	0.099/0.115	1212.98 mins	(1.206 mins)	0.099	0.235
52.3/52.5	0.100/0.115	1214.45 mins	(1.465 mins)	0.106	0.240
52.3/52.5	0.101/0.115	1215.82 mins	(1.368 mins)	0.119	0.235
52.3/52.5	0.102/0.115	1217.26 mins	(1.448 mins)	0.123	0.242
52.3/52.5	0.103/0.115	1218.77 mins	(1.504 mins)	0.123	0.245
52.3/52.5	0.104/0.115	1220.12 mins	(1.353 mins)	0.113	0.259
52.3/52.5	0.105/0.115	1221.49 mins	(1.373 mins)	0.129	0.239
52.3/52.5	0.106/0.115	1222.98 mins	(1.486 mins)	0.129	0.260
52.3/52.5	0.107/0.115	1224.43 mins	(1.45 mins)	0.130	0.245
52.3/52.5	0.108/0.115	1226.09 mins	(1.664 mins)	0.139	0.234
52.3/52.5	0.109/0.115	1227.67 mins	(1.58 mins)	0.149	0.244
52.3/52.5	0.110/0.115	1229.29 mins	(1.619 mins)	0.162	0.248
52.3/52.5	0.111/0.115	1230.74 mins	(1.453 mins)	0.148	0.260
52.3/52.5	0.112/0.115	1232.45 mins	(1.703 mins)	0.163	0.241
52.3/52.5	0.113/0.115	1233.90 mins	(1.454 mins)	0.158	0.241
52.3/52.5	0.114/0.115	1235.40 mins	(1.501 mins)	0.165	0.247
52.3/52.5	0.115/0.115	1236.95 mins	(1.549 mins)	0.186	0.264


52.4/52.5	0.085/0.115	1238.20 mins	(1.253 mins)	0.075	0.261
52.4/52.5	0.086/0.115	1239.44 mins	(1.234 mins)	0.068	0.241
52.4/52.5	0.087/0.115	1240.66 mins	(1.218 mins)	0.083	0.245
52.4/52.5	0.088/0.115	1241.84 mins	(1.181 mins)	0.064	0.233
52.4/52.5	0.089/0.115	1243.16 mins	(1.32 mins)	0.080	0.249
52.4/52.5	0.090/0.115	1244.40 mins	(1.246 mins)	0.072	0.249
52.4/52.5	0.091/0.115	1245.72 mins	(1.317 mins)	0.090	0.255
52.4/52.5	0.092/0.115	1247.09 mins	(1.37 mins)	0.074	0.244
52.4/52.5	0.093/0.115	1248.37 mins	(1.28 mins)	0.083	0.232
52.4/52.5	0.094/0.115	1249.80 mins	(1.431 mins)	0.097	0.248
52.4/52.5	0.095/0.115	1251.17 mins	(1.365 mins)	0.086	0.241
52.4/52.5	0.096/0.115	1252.52 mins	(1.354 mins)	0.109	0.254
52.4/52.5	0.097/0.115	1253.88 mins	(1.362 mins)	0.087	0.235
52.4/52.5	0.098/0.115	1255.29 mins	(1.409 mins)	0.098	0.230
52.4/52.5	0.099/0.115	1256.67 mins	(1.372 mins)	0.099	0.246
52.4/52.5	0.100/0.115	1258.20 mins	(1.537 mins)	0.127	0.248
52.4/52.5	0.101/0.115	1259.66 mins	(1.456 mins)	0.113	0.252
52.4/52.5	0.102/0.115	1261.09 mins	(1.436 mins)	0.123	0.249
52.4/52.5	0.103/0.115	1262.52 mins	(1.427 mins)	0.114	0.233
52.4/52.5	0.104/0.115	1264.16 mins	(1.634 mins)	0.110	0.218
52.4/52.5	0.105/0.115	1265.70 mins	(1.54 mins)	0.132	0.258
52.4/52.5	0.106/0.115	1267.26 mins	(1.566 mins)	0.136	0.247
52.4/52.5	0.107/0.115	1268.72 mins	(1.46 mins)	0.140	0.246
52.4/52.5	0.108/0.115	1270.11 mins	(1.392 mins)	0.139	0.241
52.4/52.5	0.109/0.115	1271.47 mins	(1.359 mins)	0.126	0.239
52.4/52.5	0.110/0.115	1272.98 mins	(1.502 mins)	0.151	0.239
52.4/52.5	0.111/0.115	1274.69 mins	(1.711 mins)	0.166	0.249
52.4/52.5	0.112/0.115	1276.18 mins	(1.493 mins)	0.165	0.254
52.4/52.5	0.113/0.115	1277.69 mins	(1.509 mins)	0.140	0.243
52.4/52.5	0.114/0.115	1279.34 mins	(1.654 mins)	0.169	0.248
52.4/52.5	0.115/0.115	1280.95 mins	(1.603 mins)	0.176	0.236


52.5/52.5	0.085/0.115	1282.17 mins	(1.228 mins)	0.060	0.234
52.5/52.5	0.086/0.115	1283.28 mins	(1.108 mins)	0.059	0.239
52.5/52.5	0.087/0.115	1284.51 mins	(1.226 mins)	0.054	0.223
52.5/52.5	0.088/0.115	1285.87 mins	(1.362 mins)	0.082	0.239
52.5/52.5	0.089/0.115	1287.10 mins	(1.234 mins)	0.072	0.237
52.5/52.5	0.090/0.115	1288.45 mins	(1.342 mins)	0.077	0.223
52.5/52.5	0.091/0.115	1289.63 mins	(1.182 mins)	0.069	0.230
52.5/52.5	0.092/0.115	1290.96 mins	(1.328 mins)	0.082	0.235
52.5/52.5	0.093/0.115	1292.21 mins	(1.259 mins)	0.070	0.238
52.5/52.5	0.094/0.115	1293.56 mins	(1.347 mins)	0.094	0.249
52.5/52.5	0.095/0.115	1294.87 mins	(1.307 mins)	0.093	0.263
52.5/52.5	0.096/0.115	1296.20 mins	(1.327 mins)	0.100	0.245
52.5/52.5	0.097/0.115	1297.60 mins	(1.408 mins)	0.108	0.264
52.5/52.5	0.098/0.115	1298.99 mins	(1.383 mins)	0.100	0.237
52.5/52.5	0.099/0.115	1300.41 mins	(1.428 mins)	0.104	0.242
52.5/52.5	0.100/0.115	1301.83 mins	(1.414 mins)	0.110	0.238
52.5/52.5	0.101/0.115	1303.16 mins	(1.328 mins)	0.093	0.233
52.5/52.5	0.102/0.115	1304.59 mins	(1.438 mins)	0.111	0.248
52.5/52.5	0.103/0.115	1306.08 mins	(1.484 mins)	0.123	0.238
52.5/52.5	0.104/0.115	1307.48 mins	(1.401 mins)	0.140	0.262
52.5/52.5	0.105/0.115	1308.95 mins	(1.471 mins)	0.113	0.239
52.5/52.5	0.106/0.115	1310.33 mins	(1.384 mins)	0.140	0.245
52.5/52.5	0.107/0.115	1311.79 mins	(1.451 mins)	0.137	0.257
52.5/52.5	0.108/0.115	1313.33 mins	(1.54 mins)	0.140	0.245
52.5/52.5	0.109/0.115	1314.93 mins	(1.605 mins)	0.140	0.252
52.5/52.5	0.110/0.115	1316.60 mins	(1.671 mins)	0.168	0.246
52.5/52.5	0.111/0.115	1318.21 mins	(1.605 mins)	0.142	0.240
52.5/52.5	0.112/0.115	1319.81 mins	(1.608 mins)	0.179	0.243
52.5/52.5	0.113/0.115	1321.35 mins	(1.532 mins)	0.163	0.255
52.5/52.5	0.114/0.115	1322.89 mins	(1.547 mins)	0.172	0.236
52.5/52.5	0.115/0.115	1324.49 mins	(1.601 mins)	0.184	0.245


> 
> proc.time()
      user     system    elapsed 
1794967.69   45804.58   80435.56 
