
R version 4.3.0 (2023-04-21) -- "Already Tomorrow"
Copyright (C) 2023 The R Foundation for Statistical Computing
Platform: x86_64-pc-linux-gnu (64-bit)

R is free software and comes with ABSOLUTELY NO WARRANTY.
You are welcome to redistribute it under certain conditions.
Type 'license()' or 'licence()' for distribution details.

  Natural language support but running in an English locale

R is a collaborative project with many contributors.
Type 'contributors()' for more information and
'citation()' on how to cite R or R packages in publications.

Type 'demo()' for some demos, 'help()' for on-line help, or
'help.start()' for an HTML browser interface to help.
Type 'q()' to quit R.

> rm(list = ls())
> gc()
         used (Mb) gc trigger (Mb) max used (Mb)
Ncells 284765 15.3     664565 35.5   464468 24.9
Vcells 490458  3.8    8388608 64.0  1837328 14.1
> library(dplyr)

Attaching package: ‘dplyr’

The following objects are masked from ‘package:stats’:

    filter, lag

The following objects are masked from ‘package:base’:

    intersect, setdiff, setequal, union

> library(readr)
> library(foreach)
> library(doParallel)
Loading required package: iterators
Loading required package: parallel
> 
> # Set up the number of cores used for parallelization.
> message(detectCores())
24
> num_cores <- detectCores()
> registerDoParallel(num_cores)
> 
> #########################
> #### SEIR Simulation ####
> #########################
> time <- 365 # Number of days.
> inf <- 7 # Average infectious period length.
> N <- 1000 # Population size.
> 
> create_hh <- function() {
+   # Randomly sample household sizes such that total population is 1000 
+   # individuals.
+   hh_size <- sample(x = c(3, 4, 5, 6), size = 340, replace = T)
+   
+   # Keep households such that total population is < 1000.
+   hh_size <- hh_size[which(cumsum(hh_size) < N)]
+   
+   leftover <- N - sum(hh_size)
+   if (leftover < 3) {
+     hh <- 1:length(hh_size)
+     sampled <- sample(hh[hh_size < 6], leftover)
+     hh_size[sampled] <- hh_size[sampled] + 1
+   } else {
+     hh_size <- c(hh_size, leftover)
+   }
+   return(hh_size)
+ }
> 
> SEIR <- function(params, inf = 7, verbose = F) {
+   hh_size <- create_hh()
+   
+   # Create frame for running the simulation.
+   # ID: ID of individual.
+   # SIZE: size of individual's household.
+   # HH: ID of individual's household.
+   # S: susceptibility status.
+   # E: exposed status.
+   # E_count: number of days since exposed.
+   # I: infectious status.
+   # I_count: number of days since infectious.
+   # R: recovered status.
+   # INC: incubation period.
+   # INF: infectious period.
+   data <- data.frame(ID = 1:N,
+                      SIZE = rep(hh_size, times = hh_size),
+                      HH = rep(1:length(hh_size), times = hh_size), 
+                      S = c(0, rep(1, N - 1)), 
+                      E = c(1, rep(0, N - 1)),
+                      E_count = c(1, rep(0, N - 1)), 
+                      I = 0,
+                      I_count = 0, 
+                      R = 0, 
+                      INC = c(rlnorm(1, meanlog = log(29.8), sdlog = 0.45), rep(0, N - 1)),
+                      INF = 0)
+   
+   # Create frame for storing results.
+   # ID: ID of individual.
+   # SIZE: size of individual's household.
+   # HH: ID of individual's household.
+   # TYPE: the kind of infection: household (H), community (C), or both (B).
+   # TIME: when the individual became infectious.
+   # S_NUM: number of susceptible people in individual's household when their 
+   #        infectious period begins.
+   # I_NUM: number of people in household that this individual infected over 
+   #        their infectious period.
+   results <- data[, 1:3] %>% mutate(TYPE = NA, TIME = NA, S_NUM = NA, I_NUM = 0)
+   results$TYPE[1] <- '0'
+   
+   for(t in 1:time) {
+     if (verbose) {
+       if (t %% 10 == 0) {
+         cat(paste0(t, ' '))
+       }
+     }
+     
+     # Anyone who has been infectious for as many days as their infectious period
+     # is now recovered.
+     recovered <- (data$INF > 0) & (data$I_count == data$INF)
+     if(sum(recovered, na.rm = T) > 0) {
+       data$R[recovered] <- 1
+       data$I[recovered] <- 0
+       data$I_count[recovered] <- 0 
+     }
+     
+     new_inf <- (data$INC > 0) & (data$E_count == data$INC)
+     num_new_inf <- sum(new_inf, na.rm = T)
+     if(num_new_inf > 0) {
+       # Change status to newly infectious and add infectious period.
+       data$I[new_inf] <- 1
+       random_inf <- rnorm(num_new_inf, mean = inf, sd = 1) %>% round()
+       data$INF[new_inf] <- random_inf
+       
+       # Remove exposure status and exposure count.
+       data$E[new_inf] <- 0
+       data$E_count[new_inf] <- 0 
+       
+       # Record time at which infectious period starts.
+       results$TIME[new_inf] <- t
+       
+       # Save the number of susceptible people in each infectious individual's 
+       # household.
+       S_data <- data %>% group_by(HH) %>% 
+         mutate(S_TOT = sum(S)) %>% 
+         select(HH, S_TOT)
+       results$S_NUM[new_inf == 1] <- S_data$S_TOT[new_inf == 1]
+     }
+     
+     # I_H is the number of infections inside each household.
+     # I_C is the number of infections outside each household.
+     I_data <- data %>% group_by(HH) %>% 
+       mutate(I_H = sum(I)) %>% 
+       ungroup() %>% 
+       mutate(I_C = sum(I) - I_H)
+     
+     beta_H <- params[1]
+     beta_C <- params[2]
+     beta_E <- params[3]
+     risk_H <- pmin(beta_H * data$S * I_data$I_H / N, 1)
+     risk_C <- pmin(beta_C * data$S * I_data$I_C / N, 1)
+     risk_E <- pmin(beta_E * data$S, 1)
+ 
+     new_inf_H <- rbinom(N, 1, risk_H)
+     new_inf_C <- rbinom(N, 1, risk_C)
+     new_inf_E <- rbinom(N, 1, risk_E)
+     new_exposed <- (new_inf_H == 1) | (new_inf_C == 1) | (new_inf_E == 1)
+     num_new_exposed <- sum(new_exposed, na.rm = T)
+     if (num_new_exposed > 0) {
+       # Change status to newly exposed and add incubation period.
+       data$E[new_exposed] <- 1
+       random_inc <- rlnorm(num_new_exposed, meanlog = log(29.8), sdlog = 0.45) %>% round()
+       data$INC[new_exposed] <- random_inc
+       
+       # Remove susceptible status.
+       data$S[new_exposed] <- 0
+       
+       # Get number of new infections in each household.
+       I_data <- I_data %>%
+         select(ID, HH, I, I_H) %>%
+         mutate(new_I_H = new_inf_H) %>%
+         group_by(HH) %>%
+         # Find households with at least 1 currently infectious individual. If 
+         # exactly 1 infectious individual in household, assign all new H 
+         # exposures to that individual. If there are multiple infectious 
+         # individuals, assign all infections to the infectious individual with 
+         # the first ID.
+         mutate(new_I_H = ifelse(I == 1 & ID == first(ID[I == 1]), 
+                                 sum(new_I_H), 0))
+       
+       results$I_NUM <- results$I_NUM + I_data$new_I_H
+       
+       # Label infections types.
+       results$TYPE[new_inf_H == 1] <- 'H'
+       results$TYPE[new_inf_C == 1] <- 'C'
+       results$TYPE[new_inf_E == 1] <- 'E'
+       results$TYPE[(new_inf_H == 1) & (new_inf_C == 1)] <- 'HC'
+       results$TYPE[(new_inf_H == 1) & (new_inf_E == 1)] <- 'HE'
+       results$TYPE[(new_inf_C == 1) & (new_inf_E == 1)] <- 'CE'
+       results$TYPE[(new_inf_H == 1) & (new_inf_C == 1) & (new_inf_E == 1)] <- 'HCE'
+     }
+     
+     # Increment exposure and infectious counters.
+     data$E_count[data$E == 1] <- data$E_count[data$E == 1] + 1
+     data$I_count[data$I == 1] <- data$I_count[data$I == 1] + 1
+   }
+   return(results)
+ }
> 
> metrics <- function(results) {
+   # Incidence is the proportion of the population that became infected.
+   idc <- mean(!is.na(results$TIME))
+   
+   # If incidence is 0, the SAR is undefined.
+   sar <- NA
+   prp <- NA
+   if (idc != 0) {
+     # The SAR is the average SAR for each individual that was infectious.
+     sar <- mean(results$I_NUM / results$S_NUM, na.rm = T)
+     cases <- results[!is.na(results$TIME), ]
+     prp <- mean((cases$TYPE == 'H') | (cases$TYPE == 'HC') | (cases$TYPE == 'HCE'))
+   }
+   return(c(idc, sar, prp))
+ }
> 
> ##############################
> #### Metropolis Algorithm ####
> ##############################
> score <- function(fit, tgt) {
+   # The score is the L² distance of the observed values from the target.
+   return(sum((fit - tgt)^2))
+ }
> 
> # The likelihood is calculated by first averaging the incidence and SAR over n
> # simulations with the state parameters. The likelihood is the negative log
> # score of the average incidence and SAR.
> likelihood <- function(state, tgt, n = 300) {
+   # If any parameter is negative, do not transition to that state.
+   if (any(state < 0)) {
+     return(-Inf)
+   }
+   # Otherwise, find the average incidence and SAR and compute likelihood.
+   vals <- foreach (i = 1:n, .combine = c) %dopar% {
+     results <- SEIR(state)
+     metrics(results)
+   }
+   vals <- matrix(vals, n, byrow = T)
+   fit <- colMeans(vals)
+   return(-log(score(fit, tgt)))
+ }
> 
> # Proposal function
> q <- function(state, sds = c(0.1, 0.001, 0.00001)) {
+   # Sample from a multivariate normal distributions centered at the current 
+   # state. The SDs roughly correspond to the step-size of the chain for each 
+   # parameter.
+   return(rnorm(n = 3, mean = state, sd = sds))
+ }
> 
> # MCMC
> metropolis <- function(start, tgt, num_sim, num_iter) {
+   path <- matrix(NA, num_iter + 1, 3)
+   liks <- rep(NA, num_iter + 1)
+   
+   # Initialize current state.
+   curr <- start
+   curr_lik <- likelihood(curr, tgt, num_sim)
+   
+   # Initialize best state.
+   best <- curr
+   best_lik <- curr_lik
+   for (i in 1:num_iter) {
+     # Save the current state and its likelihood.
+     path[i, ] <- curr
+     liks[i] <- curr_lik
+       
+     cat('[', 
+         format(round(curr[1], 3), nsmall = 3), '\t', 
+         format(round(curr[2], 5), nsmall = 5), '\t', 
+         format(round(curr[3], 6), nsmall = 6, scientific = F), ']\t',
+         format(round(curr_lik, 3), nsmall = 3), '\t', sep = '')
+     
+     # Get a proposed state and calculate its likelihood.
+     prop <- q(curr)
+     prop_lik <- likelihood(prop, tgt, num_sim)
+     
+     cat('[', 
+         format(round(prop[1], 3), nsmall = 3), '\t', 
+         format(round(prop[2], 5), nsmall = 5), '\t', 
+         format(round(prop[3], 6), nsmall = 6, scientific = F), ']\t',
+         format(round(prop_lik, 3), nsmall = 3), '\t', sep = '')
+       
+     # Compute the ratio of the scores of the two states and generate a uniform 
+     # bit.
+     r <- exp(prop_lik - curr_lik)
+     p <- runif(1)
+     
+     # Print the current progress.
+     cat(format(round(r, 3), nsmall = 3), '\t', format(round(p, 3), nsmall = 3), '\n', sep = '')
+     
+     # Transition if the proposed state is better or if the coin flip succeeds.
+     if (p < r) { 
+       curr <- prop
+       curr_lik <- prop_lik
+       
+       # If the new likelihood is better than the best we've seen so far, replace 
+       # the best.
+       if (curr_lik > best_lik) {
+         best <- curr
+         best_lik <- curr_lik
+       }
+     }
+     
+     # Save the path, best state, and likelihoods so far.
+     write.table(path, file = 'path.txt', row.names = F, col.names = F)
+     write.table(liks, file = 'liks.txt', row.names = F, col.names = F)
+     write.table(best, file = 'best.txt', row.names = F, col.names = F)
+   }
+   path[num_iter + 1, ] <- curr
+   liks[num_iter + 1] <- curr_lik
+   return(list(path, liks, best))
+ }
> 
> # Solve for optimal values via MCMC.
> tgt <- c(0.05, 0.08, 0.25)
> start <- c(12.4794240359735, 0.0381587642032778, 0.0000789400065449056)
> results <- metropolis(start, tgt, num_sim = 300, num_iter = 1000)
[12.479	0.03816	0.000079]	9.506	[12.360	0.03895	0.000072]	9.061	0.641	0.423
[12.360	0.03895	0.000072]	9.061	[12.395	0.03906	0.000073]	8.952	0.896	0.923
[12.360	0.03895	0.000072]	9.061	[12.325	0.03878	0.000081]	8.828	0.792	0.874
[12.360	0.03895	0.000072]	9.061	[12.301	0.03888	0.000070]	9.446	1.470	0.628
[12.301	0.03888	0.000070]	9.446	[12.179	0.03989	0.000065]	8.865	0.559	0.539
[12.179	0.03989	0.000065]	8.865	[12.165	0.03881	0.000087]	8.504	0.697	0.844
[12.179	0.03989	0.000065]	8.865	[12.452	0.03867	0.000074]	10.225	3.898	0.482
[12.452	0.03867	0.000074]	10.225	[12.420	0.03749	0.000063]	8.611	0.199	0.263
[12.452	0.03867	0.000074]	10.225	[12.621	0.04038	0.000074]	11.104	2.407	0.118
[12.621	0.04038	0.000074]	11.104	[12.468	0.04000	0.000086]	9.418	0.185	0.031
[12.468	0.04000	0.000086]	9.418	[12.297	0.03956	0.000076]	9.732	1.369	0.322
[12.297	0.03956	0.000076]	9.732	[12.339	0.03804	0.000073]	9.286	0.640	0.531
[12.339	0.03804	0.000073]	9.286	[12.496	0.03774	0.000068]	9.956	1.953	0.467
[12.496	0.03774	0.000068]	9.956	[12.536	0.03815	0.000049]	7.996	0.141	0.667
[12.496	0.03774	0.000068]	9.956	[12.398	0.03745	0.000053]	7.660	0.101	0.586
[12.496	0.03774	0.000068]	9.956	[12.528	0.03657	0.000075]	10.233	1.319	0.952
[12.528	0.03657	0.000075]	10.233	[12.385	0.03482	0.000086]	8.990	0.289	0.795
[12.528	0.03657	0.000075]	10.233	[12.721	0.03709	0.000083]	10.680	1.564	0.079
[12.721	0.03709	0.000083]	10.680	[12.735	0.03661	0.000082]	11.462	2.185	0.653
[12.735	0.03661	0.000082]	11.462	[12.675	0.03658	0.000093]	9.372	0.124	0.138
[12.735	0.03661	0.000082]	11.462	[12.872	0.03578	0.000092]	9.049	0.090	0.414
[12.735	0.03661	0.000082]	11.462	[12.750	0.03762	0.000078]	10.997	0.629	0.919
[12.735	0.03661	0.000082]	11.462	[12.654	0.03607	0.000086]	10.803	0.518	0.984
[12.735	0.03661	0.000082]	11.462	[12.846	0.03718	0.000092]	9.601	0.156	0.577
[12.735	0.03661	0.000082]	11.462	[12.873	0.03828	0.000104]	8.304	0.043	0.744
[12.735	0.03661	0.000082]	11.462	[12.521	0.03643	0.000102]	8.636	0.059	0.781
[12.735	0.03661	0.000082]	11.462	[12.766	0.03570	0.000083]	11.360	0.903	0.483
[12.766	0.03570	0.000083]	11.360	[12.680	0.03544	0.000089]	10.288	0.342	0.705
[12.766	0.03570	0.000083]	11.360	[12.707	0.03620	0.000083]	10.870	0.613	0.673
[12.766	0.03570	0.000083]	11.360	[12.753	0.03427	0.000064]	8.817	0.079	0.867
[12.766	0.03570	0.000083]	11.360	[12.764	0.03686	0.000079]	10.164	0.303	0.952
[12.766	0.03570	0.000083]	11.360	[12.766	0.03663	0.000085]	10.133	0.293	0.385
[12.766	0.03570	0.000083]	11.360	[12.757	0.03484	0.000077]	11.103	0.774	0.769
[12.757	0.03484	0.000077]	11.103	[12.751	0.03534	0.000087]	10.917	0.830	0.120
[12.751	0.03534	0.000087]	10.917	[12.725	0.03626	0.000085]	9.762	0.315	0.838
[12.751	0.03534	0.000087]	10.917	[12.794	0.03624	0.000076]	9.564	0.258	0.932
[12.751	0.03534	0.000087]	10.917	[12.567	0.03472	0.000076]	10.746	0.843	0.848
[12.751	0.03534	0.000087]	10.917	[12.815	0.03550	0.000094]	9.813	0.331	0.544
[12.751	0.03534	0.000087]	10.917	[12.847	0.03466	0.000088]	11.193	1.318	0.146
[12.847	0.03466	0.000088]	11.193	[12.882	0.03431	0.000089]	10.327	0.421	0.694
[12.847	0.03466	0.000088]	11.193	[12.891	0.03256	0.000089]	11.123	0.932	0.671
[12.891	0.03256	0.000089]	11.123	[12.873	0.03289	0.000089]	10.915	0.813	0.442
[12.873	0.03289	0.000089]	10.915	[12.859	0.03417	0.000091]	9.552	0.256	0.707
[12.873	0.03289	0.000089]	10.915	[12.830	0.03345	0.000098]	9.534	0.251	0.862
[12.873	0.03289	0.000089]	10.915	[12.769	0.03085	0.000076]	9.999	0.400	0.666
[12.873	0.03289	0.000089]	10.915	[12.953	0.03480	0.000080]	9.692	0.294	0.166
[12.953	0.03480	0.000080]	9.692	[12.942	0.03482	0.000086]	9.452	0.787	0.865
[12.953	0.03480	0.000080]	9.692	[13.062	0.03464	0.000088]	9.580	0.894	0.423
[13.062	0.03464	0.000088]	9.580	[12.961	0.03533	0.000084]	9.135	0.641	0.959
[13.062	0.03464	0.000088]	9.580	[13.203	0.03394	0.000095]	8.840	0.477	0.928
[13.062	0.03464	0.000088]	9.580	[12.981	0.03579	0.000098]	8.897	0.505	0.314
[12.981	0.03579	0.000098]	8.897	[13.021	0.03424	0.000116]	7.850	0.351	0.431
[12.981	0.03579	0.000098]	8.897	[13.170	0.03429	0.000102]	8.358	0.583	0.304
[13.170	0.03429	0.000102]	8.358	[13.124	0.03375	0.000086]	9.075	2.049	0.319
[13.124	0.03375	0.000086]	9.075	[13.155	0.03496	0.000084]	10.848	5.888	0.035
[13.155	0.03496	0.000084]	10.848	[13.373	0.03589	0.000075]	9.031	0.162	0.215
[13.155	0.03496	0.000084]	10.848	[13.072	0.03646	0.000077]	10.865	1.017	0.146
[13.072	0.03646	0.000077]	10.865	[13.014	0.03615	0.000091]	10.070	0.451	0.514
[13.072	0.03646	0.000077]	10.865	[13.057	0.03628	0.000081]	8.673	0.112	0.709
[13.072	0.03646	0.000077]	10.865	[13.034	0.03578	0.000091]	8.652	0.109	0.139
[13.072	0.03646	0.000077]	10.865	[13.163	0.03547	0.000065]	8.677	0.112	0.446
[13.072	0.03646	0.000077]	10.865	[13.075	0.03495	0.000066]	9.047	0.162	0.467
[13.072	0.03646	0.000077]	10.865	[13.044	0.03598	0.000080]	10.771	0.910	0.470
[13.044	0.03598	0.000080]	10.771	[13.187	0.03620	0.000072]	8.810	0.141	0.523
[13.044	0.03598	0.000080]	10.771	[13.046	0.03613	0.000075]	10.106	0.514	0.113
[13.046	0.03613	0.000075]	10.106	[13.015	0.03682	0.000082]	8.773	0.264	0.615
[13.046	0.03613	0.000075]	10.106	[12.950	0.03573	0.000073]	10.362	1.293	0.704
[12.950	0.03573	0.000073]	10.362	[12.874	0.03686	0.000077]	10.242	0.886	0.562
[12.874	0.03686	0.000077]	10.242	[12.882	0.03987	0.000073]	11.142	2.461	0.076
[12.882	0.03987	0.000073]	11.142	[12.879	0.03849	0.000062]	8.917	0.108	0.260
[12.882	0.03987	0.000073]	11.142	[12.876	0.03843	0.000072]	10.553	0.555	0.481
[12.876	0.03843	0.000072]	10.553	[12.951	0.03956	0.000066]	9.328	0.294	0.824
[12.876	0.03843	0.000072]	10.553	[12.717	0.03827	0.000057]	8.478	0.126	0.518
[12.876	0.03843	0.000072]	10.553	[12.979	0.03924	0.000062]	9.309	0.288	0.941
[12.876	0.03843	0.000072]	10.553	[13.027	0.03733	0.000064]	8.956	0.202	0.474
[12.876	0.03843	0.000072]	10.553	[12.960	0.03735	0.000082]	10.835	1.325	0.631
[12.960	0.03735	0.000082]	10.835	[12.928	0.03685	0.000077]	10.189	0.524	0.147
[12.928	0.03685	0.000077]	10.189	[12.908	0.03986	0.000082]	12.412	9.228	0.488
[12.908	0.03986	0.000082]	12.412	[13.033	0.04009	0.000068]	9.070	0.035	0.555
[12.908	0.03986	0.000082]	12.412	[12.842	0.04010	0.000069]	10.572	0.159	0.893
[12.908	0.03986	0.000082]	12.412	[12.797	0.04082	0.000082]	10.319	0.123	0.575
[12.908	0.03986	0.000082]	12.412	[13.027	0.03995	0.000090]	8.754	0.026	0.270
[12.908	0.03986	0.000082]	12.412	[12.872	0.03996	0.000088]	9.516	0.055	0.656
[12.908	0.03986	0.000082]	12.412	[12.940	0.04053	0.000066]	9.947	0.085	0.228
[12.908	0.03986	0.000082]	12.412	[12.853	0.03838	0.000088]	9.974	0.087	0.826
[12.908	0.03986	0.000082]	12.412	[12.937	0.03989	0.000106]	7.954	0.012	0.353
[12.908	0.03986	0.000082]	12.412	[12.994	0.04117	0.000074]	10.080	0.097	0.789
[12.908	0.03986	0.000082]	12.412	[12.938	0.04167	0.000090]	9.042	0.034	0.446
[12.908	0.03986	0.000082]	12.412	[12.888	0.04028	0.000077]	10.243	0.114	0.447
[12.908	0.03986	0.000082]	12.412	[12.827	0.04041	0.000076]	10.732	0.186	0.027
[12.827	0.04041	0.000076]	10.732	[12.946	0.04023	0.000082]	10.088	0.525	0.356
[12.946	0.04023	0.000082]	10.088	[12.991	0.04127	0.000082]	9.573	0.597	0.074
[12.991	0.04127	0.000082]	9.573	[12.983	0.04247	0.000109]	7.484	0.124	0.976
[12.991	0.04127	0.000082]	9.573	[12.996	0.04232	0.000077]	10.151	1.782	0.052
[12.996	0.04232	0.000077]	10.151	[13.001	0.04257	0.000080]	10.280	1.138	0.646
[13.001	0.04257	0.000080]	10.280	[13.072	0.04402	0.000079]	10.900	1.858	0.588
[13.072	0.04402	0.000079]	10.900	[13.152	0.04428	0.000073]	8.886	0.133	0.344
[13.072	0.04402	0.000079]	10.900	[13.105	0.04453	0.000083]	9.337	0.210	0.547
[13.072	0.04402	0.000079]	10.900	[13.020	0.04476	0.000071]	11.259	1.433	0.344
[13.020	0.04476	0.000071]	11.259	[13.135	0.04585	0.000084]	8.877	0.092	0.839
[13.020	0.04476	0.000071]	11.259	[13.124	0.04451	0.000073]	9.092	0.114	0.471
[13.020	0.04476	0.000071]	11.259	[13.012	0.04536	0.000073]	10.431	0.437	0.330
[13.012	0.04536	0.000073]	10.431	[13.055	0.04688	0.000062]	9.761	0.511	0.064
[13.055	0.04688	0.000062]	9.761	[12.841	0.04757	0.000067]	9.182	0.560	0.246
[12.841	0.04757	0.000067]	9.182	[12.721	0.04813	0.000066]	10.554	3.944	0.508
[12.721	0.04813	0.000066]	10.554	[12.608	0.04706	0.000051]	8.218	0.097	0.114
[12.721	0.04813	0.000066]	10.554	[12.885	0.04716	0.000080]	9.847	0.493	0.944
[12.721	0.04813	0.000066]	10.554	[12.919	0.04641	0.000065]	10.037	0.596	0.379
[12.919	0.04641	0.000065]	10.037	[12.860	0.04614	0.000074]	10.152	1.123	0.295
[12.860	0.04614	0.000074]	10.152	[12.745	0.04749	0.000093]	8.405	0.174	0.142
[12.745	0.04749	0.000093]	8.405	[12.684	0.04746	0.000109]	7.381	0.359	0.469
[12.745	0.04749	0.000093]	8.405	[12.673	0.04836	0.000107]	7.337	0.344	0.703
[12.745	0.04749	0.000093]	8.405	[12.722	0.04791	0.000099]	7.907	0.608	0.646
[12.745	0.04749	0.000093]	8.405	[12.725	0.04650	0.000098]	8.157	0.781	0.036
[12.725	0.04650	0.000098]	8.157	[12.681	0.04622	0.000097]	8.275	1.125	0.549
[12.681	0.04622	0.000097]	8.275	[12.602	0.04431	0.000109]	7.653	0.537	0.101
[12.602	0.04431	0.000109]	7.653	[12.599	0.04344	0.000118]	7.264	0.678	0.680
[12.602	0.04431	0.000109]	7.653	[12.612	0.04394	0.000118]	7.184	0.625	0.477
[12.612	0.04394	0.000118]	7.184	[12.743	0.04213	0.000109]	7.801	1.854	0.212
[12.743	0.04213	0.000109]	7.801	[12.703	0.04168	0.000106]	8.012	1.234	0.782
[12.703	0.04168	0.000106]	8.012	[12.501	0.04093	0.000090]	9.294	3.605	0.796
[12.501	0.04093	0.000090]	9.294	[12.478	0.04318	0.000081]	10.122	2.288	0.726
[12.478	0.04318	0.000081]	10.122	[12.420	0.04343	0.000069]	8.964	0.314	0.024
[12.420	0.04343	0.000069]	8.964	[12.304	0.04275	0.000078]	9.635	1.956	0.047
[12.304	0.04275	0.000078]	9.635	[12.334	0.04229	0.000083]	9.278	0.699	0.798
[12.304	0.04275	0.000078]	9.635	[12.258	0.04228	0.000091]	9.193	0.643	0.336
[12.258	0.04228	0.000091]	9.193	[12.105	0.04239	0.000086]	9.070	0.885	0.659
[12.105	0.04239	0.000086]	9.070	[12.264	0.04211	0.000083]	8.723	0.707	0.935
[12.105	0.04239	0.000086]	9.070	[12.133	0.04252	0.000093]	7.790	0.278	0.411
[12.105	0.04239	0.000086]	9.070	[12.050	0.04177	0.000114]	7.346	0.178	0.678
[12.105	0.04239	0.000086]	9.070	[12.204	0.04220	0.000082]	9.993	2.517	0.152
[12.204	0.04220	0.000082]	9.993	[12.323	0.04178	0.000069]	10.561	1.764	0.532
[12.323	0.04178	0.000069]	10.561	[12.405	0.04254	0.000069]	8.703	0.156	0.901
[12.323	0.04178	0.000069]	10.561	[12.437	0.04231	0.000069]	8.772	0.167	0.748
[12.323	0.04178	0.000069]	10.561	[12.061	0.04166	0.000066]	9.087	0.229	0.566
[12.323	0.04178	0.000069]	10.561	[12.111	0.04201	0.000059]	8.500	0.127	0.310
[12.323	0.04178	0.000069]	10.561	[12.422	0.04084	0.000074]	11.599	2.824	0.777
[12.422	0.04084	0.000074]	11.599	[12.534	0.04025	0.000067]	9.514	0.124	0.332
[12.422	0.04084	0.000074]	11.599	[12.637	0.04026	0.000071]	10.898	0.496	0.394
[12.637	0.04026	0.000071]	10.898	[12.701	0.03895	0.000081]	10.171	0.483	0.255
[12.701	0.03895	0.000081]	10.171	[12.783	0.03985	0.000074]	10.686	1.674	0.419
[12.783	0.03985	0.000074]	10.686	[12.539	0.03897	0.000070]	9.774	0.401	0.785
[12.783	0.03985	0.000074]	10.686	[12.812	0.04044	0.000064]	8.896	0.167	0.523
[12.783	0.03985	0.000074]	10.686	[12.838	0.04077	0.000077]	11.001	1.370	0.096
[12.838	0.04077	0.000077]	11.001	[12.926	0.04249	0.000088]	9.847	0.315	0.746
[12.838	0.04077	0.000077]	11.001	[12.711	0.04076	0.000060]	9.143	0.156	0.642
[12.838	0.04077	0.000077]	11.001	[12.859	0.04087	0.000076]	11.175	1.189	0.998
[12.859	0.04087	0.000076]	11.175	[12.778	0.03955	0.000070]	9.707	0.230	0.228
[12.778	0.03955	0.000070]	9.707	[12.628	0.03778	0.000058]	8.314	0.248	0.770
[12.778	0.03955	0.000070]	9.707	[12.852	0.03986	0.000063]	9.076	0.532	0.160
[12.852	0.03986	0.000063]	9.076	[12.821	0.04028	0.000056]	8.289	0.455	0.917
[12.852	0.03986	0.000063]	9.076	[12.825	0.04054	0.000069]	9.356	1.322	0.615
[12.825	0.04054	0.000069]	9.356	[12.746	0.04072	0.000041]	7.189	0.114	0.241
[12.825	0.04054	0.000069]	9.356	[12.664	0.03998	0.000065]	9.250	0.900	0.511
[12.664	0.03998	0.000065]	9.250	[12.632	0.04087	0.000066]	9.581	1.392	0.719
[12.632	0.04087	0.000066]	9.581	[12.661	0.04167	0.000073]	10.209	1.874	0.613
[12.661	0.04167	0.000073]	10.209	[12.704	0.04236	0.000058]	8.239	0.139	0.255
[12.661	0.04167	0.000073]	10.209	[12.624	0.04104	0.000070]	9.583	0.534	0.691
[12.661	0.04167	0.000073]	10.209	[12.786	0.04141	0.000068]	9.738	0.624	0.426
[12.786	0.04141	0.000068]	9.738	[12.878	0.04079	0.000076]	10.687	2.582	0.520
[12.878	0.04079	0.000076]	10.687	[12.810	0.04250	0.000077]	10.749	1.064	0.401
[12.810	0.04250	0.000077]	10.749	[12.724	0.04174	0.000072]	10.072	0.508	0.283
[12.724	0.04174	0.000072]	10.072	[12.762	0.04133	0.000061]	9.098	0.378	0.400
[12.724	0.04174	0.000072]	10.072	[12.714	0.04250	0.000072]	10.824	2.121	0.247
[12.714	0.04250	0.000072]	10.824	[12.772	0.04257	0.000066]	9.785	0.354	0.985
[12.714	0.04250	0.000072]	10.824	[12.732	0.04555	0.000071]	8.432	0.091	0.523
[12.714	0.04250	0.000072]	10.824	[12.707	0.04428	0.000076]	11.043	1.245	0.695
[12.707	0.04428	0.000076]	11.043	[12.701	0.04632	0.000064]	9.834	0.299	0.995
[12.707	0.04428	0.000076]	11.043	[12.631	0.04368	0.000065]	10.213	0.436	0.903
[12.707	0.04428	0.000076]	11.043	[12.852	0.04432	0.000063]	9.581	0.232	0.003
[12.852	0.04432	0.000063]	9.581	[12.683	0.04591	0.000057]	9.055	0.591	0.325
[12.683	0.04591	0.000057]	9.055	[12.687	0.04575	0.000064]	9.260	1.228	0.383
[12.687	0.04575	0.000064]	9.260	[12.503	0.04496	0.000070]	10.290	2.801	0.305
[12.503	0.04496	0.000070]	10.290	[12.489	0.04552	0.000067]	8.396	0.150	0.357
[12.503	0.04496	0.000070]	10.290	[12.654	0.04618	0.000054]	8.539	0.174	0.557
[12.503	0.04496	0.000070]	10.290	[12.593	0.04680	0.000067]	9.806	0.616	0.884
[12.503	0.04496	0.000070]	10.290	[12.400	0.04388	0.000079]	9.232	0.347	0.779
[12.503	0.04496	0.000070]	10.290	[12.379	0.04372	0.000083]	9.067	0.294	0.837
[12.503	0.04496	0.000070]	10.290	[12.551	0.04405	0.000077]	10.086	0.815	0.218
[12.551	0.04405	0.000077]	10.086	[12.599	0.04503	0.000064]	8.197	0.151	0.093
[12.599	0.04503	0.000064]	8.197	[12.437	0.04513	0.000063]	8.455	1.295	0.447
[12.437	0.04513	0.000063]	8.455	[12.412	0.04473	0.000057]	8.458	1.003	0.609
[12.412	0.04473	0.000057]	8.458	[12.481	0.04453	0.000071]	8.835	1.458	0.142
[12.481	0.04453	0.000071]	8.835	[12.410	0.04308	0.000079]	11.114	9.770	0.117
[12.410	0.04308	0.000079]	11.114	[12.435	0.04396	0.000089]	8.736	0.093	0.174
[12.410	0.04308	0.000079]	11.114	[12.503	0.04362	0.000073]	11.771	1.928	0.016
[12.503	0.04362	0.000073]	11.771	[12.647	0.04364	0.000054]	8.416	0.035	0.392
[12.503	0.04362	0.000073]	11.771	[12.537	0.04426	0.000078]	8.858	0.054	0.322
[12.503	0.04362	0.000073]	11.771	[12.605	0.04262	0.000072]	9.421	0.095	0.478
[12.503	0.04362	0.000073]	11.771	[12.376	0.04248	0.000069]	8.852	0.054	0.277
[12.503	0.04362	0.000073]	11.771	[12.543	0.04303	0.000077]	10.133	0.194	0.850
[12.503	0.04362	0.000073]	11.771	[12.503	0.04337	0.000082]	10.066	0.182	0.088
[12.503	0.04337	0.000082]	10.066	[12.372	0.04416	0.000081]	9.404	0.515	0.195
[12.372	0.04416	0.000081]	9.404	[12.504	0.04329	0.000078]	9.986	1.790	0.974
[12.504	0.04329	0.000078]	9.986	[12.620	0.04268	0.000075]	10.402	1.515	0.674
[12.620	0.04268	0.000075]	10.402	[12.622	0.04391	0.000071]	10.798	1.486	0.386
[12.622	0.04391	0.000071]	10.798	[12.662	0.04204	0.000071]	10.857	1.061	0.569
[12.662	0.04204	0.000071]	10.857	[12.607	0.03991	0.000066]	9.707	0.317	0.485
[12.662	0.04204	0.000071]	10.857	[12.665	0.04427	0.000071]	8.828	0.131	0.856
[12.662	0.04204	0.000071]	10.857	[12.652	0.04021	0.000084]	9.906	0.386	0.453
[12.662	0.04204	0.000071]	10.857	[12.506	0.04213	0.000065]	9.250	0.201	0.959
[12.662	0.04204	0.000071]	10.857	[12.716	0.04190	0.000081]	11.505	1.911	0.277
[12.716	0.04190	0.000081]	11.505	[12.816	0.04216	0.000096]	8.553	0.052	0.897
[12.716	0.04190	0.000081]	11.505	[12.713	0.04091	0.000091]	9.201	0.100	0.948
[12.716	0.04190	0.000081]	11.505	[12.788	0.04360	0.000089]	8.943	0.077	0.379
[12.716	0.04190	0.000081]	11.505	[12.683	0.04298	0.000086]	9.466	0.130	0.862
[12.716	0.04190	0.000081]	11.505	[12.691	0.04191	0.000067]	9.908	0.202	0.444
[12.716	0.04190	0.000081]	11.505	[12.798	0.04105	0.000071]	8.946	0.077	0.775
[12.716	0.04190	0.000081]	11.505	[12.517	0.04249	0.000087]	9.108	0.091	0.527
[12.716	0.04190	0.000081]	11.505	[12.624	0.04143	0.000086]	9.523	0.138	0.969
[12.716	0.04190	0.000081]	11.505	[12.682	0.04067	0.000096]	8.813	0.068	0.937
[12.716	0.04190	0.000081]	11.505	[12.788	0.04146	0.000089]	9.468	0.130	0.169
[12.716	0.04190	0.000081]	11.505	[12.567	0.04065	0.000076]	10.296	0.298	0.566
[12.716	0.04190	0.000081]	11.505	[12.755	0.04255	0.000087]	9.330	0.114	0.359
[12.716	0.04190	0.000081]	11.505	[12.666	0.04276	0.000083]	10.338	0.311	0.505
[12.716	0.04190	0.000081]	11.505	[12.666	0.04188	0.000074]	11.737	1.262	0.856
[12.666	0.04188	0.000074]	11.737	[12.520	0.04410	0.000071]	10.955	0.457	0.499
[12.666	0.04188	0.000074]	11.737	[12.932	0.04129	0.000075]	9.773	0.140	0.509
[12.666	0.04188	0.000074]	11.737	[12.828	0.04128	0.000080]	11.332	0.666	0.926
[12.666	0.04188	0.000074]	11.737	[12.662	0.04287	0.000061]	9.015	0.066	0.657
[12.666	0.04188	0.000074]	11.737	[12.651	0.04106	0.000079]	10.720	0.361	0.411
[12.666	0.04188	0.000074]	11.737	[12.714	0.04184	0.000072]	9.977	0.172	0.529
[12.666	0.04188	0.000074]	11.737	[12.592	0.03908	0.000077]	11.344	0.674	0.477
[12.592	0.03908	0.000077]	11.344	[12.794	0.03863	0.000077]	11.188	0.856	0.798
[12.794	0.03863	0.000077]	11.188	[12.781	0.03733	0.000078]	10.344	0.430	0.118
[12.781	0.03733	0.000078]	10.344	[12.680	0.03822	0.000077]	10.225	0.887	0.512
[12.680	0.03822	0.000077]	10.225	[12.596	0.03882	0.000090]	9.810	0.660	0.865
[12.680	0.03822	0.000077]	10.225	[12.541	0.03994	0.000074]	9.444	0.458	0.701
[12.680	0.03822	0.000077]	10.225	[12.700	0.03895	0.000083]	10.540	1.370	0.058
[12.700	0.03895	0.000083]	10.540	[12.808	0.03815	0.000066]	9.482	0.347	0.373
[12.700	0.03895	0.000083]	10.540	[12.836	0.03958	0.000087]	9.817	0.485	0.857
[12.700	0.03895	0.000083]	10.540	[12.841	0.03791	0.000069]	9.883	0.519	0.847
[12.700	0.03895	0.000083]	10.540	[12.728	0.03831	0.000086]	10.404	0.873	0.556
[12.728	0.03831	0.000086]	10.404	[12.775	0.03889	0.000086]	9.342	0.346	0.522
[12.728	0.03831	0.000086]	10.404	[12.657	0.03645	0.000094]	8.644	0.172	0.048
[12.657	0.03645	0.000094]	8.644	[12.616	0.03682	0.000103]	8.772	1.137	0.845
[12.616	0.03682	0.000103]	8.772	[12.673	0.03620	0.000099]	8.854	1.086	0.045
[12.673	0.03620	0.000099]	8.854	[12.588	0.03571	0.000097]	9.473	1.855	0.250
[12.588	0.03571	0.000097]	9.473	[12.765	0.03403	0.000099]	8.984	0.614	0.391
[12.765	0.03403	0.000099]	8.984	[12.881	0.03340	0.000104]	7.998	0.373	0.119
[12.881	0.03340	0.000104]	7.998	[12.605	0.03295	0.000108]	8.448	1.568	0.140
[12.605	0.03295	0.000108]	8.448	[12.341	0.03372	0.000119]	7.833	0.540	0.624
[12.605	0.03295	0.000108]	8.448	[12.743	0.03289	0.000095]	9.664	3.372	0.060
[12.743	0.03289	0.000095]	9.664	[12.849	0.03377	0.000093]	10.153	1.631	0.242
[12.849	0.03377	0.000093]	10.153	[12.877	0.03492	0.000093]	9.354	0.450	0.032
[12.877	0.03492	0.000093]	9.354	[12.786	0.03665	0.000101]	8.896	0.632	0.800
[12.877	0.03492	0.000093]	9.354	[12.826	0.03443	0.000101]	8.925	0.651	0.922
[12.877	0.03492	0.000093]	9.354	[13.090	0.03630	0.000089]	8.308	0.351	0.269
[13.090	0.03630	0.000089]	8.308	[13.160	0.03487	0.000089]	9.554	3.477	0.567
[13.160	0.03487	0.000089]	9.554	[13.075	0.03388	0.000073]	9.041	0.598	0.507
[13.075	0.03388	0.000073]	9.041	[13.152	0.03323	0.000076]	9.559	1.680	0.667
[13.152	0.03323	0.000076]	9.559	[13.194	0.03227	0.000071]	8.559	0.368	0.400
[13.152	0.03323	0.000076]	9.559	[13.104	0.03312	0.000064]	8.466	0.335	0.311
[13.104	0.03312	0.000064]	8.466	[13.130	0.03368	0.000071]	8.972	1.658	0.068
[13.130	0.03368	0.000071]	8.972	[13.090	0.03186	0.000078]	9.038	1.068	0.579
[13.090	0.03186	0.000078]	9.038	[13.142	0.03058	0.000079]	8.607	0.650	0.376
[13.142	0.03058	0.000079]	8.607	[13.343	0.02880	0.000078]	9.102	1.640	0.279
[13.343	0.02880	0.000078]	9.102	[13.482	0.02880	0.000095]	8.119	0.374	0.532
[13.343	0.02880	0.000078]	9.102	[13.286	0.02765	0.000107]	8.125	0.376	0.345
[13.286	0.02765	0.000107]	8.125	[13.070	0.02940	0.000119]	7.743	0.683	0.244
[13.070	0.02940	0.000119]	7.743	[13.245	0.02991	0.000106]	8.277	1.705	0.296
[13.245	0.02991	0.000106]	8.277	[13.356	0.03040	0.000106]	7.868	0.665	0.735
[13.245	0.02991	0.000106]	8.277	[13.215	0.02851	0.000107]	8.845	1.764	0.441
[13.215	0.02851	0.000107]	8.845	[13.183	0.02917	0.000105]	8.512	0.717	0.769
[13.215	0.02851	0.000107]	8.845	[13.113	0.02943	0.000108]	8.285	0.572	0.420
[13.113	0.02943	0.000108]	8.285	[13.261	0.03043	0.000125]	7.442	0.430	0.574
[13.113	0.02943	0.000108]	8.285	[13.180	0.02990	0.000120]	7.524	0.467	0.529
[13.113	0.02943	0.000108]	8.285	[13.070	0.02975	0.000110]	8.065	0.802	0.414
[13.070	0.02975	0.000110]	8.065	[13.044	0.02982	0.000113]	7.931	0.875	0.237
[13.044	0.02982	0.000113]	7.931	[12.995	0.02957	0.000122]	7.721	0.810	0.974
[13.044	0.02982	0.000113]	7.931	[12.976	0.02901	0.000118]	8.179	1.281	0.095
[12.976	0.02901	0.000118]	8.179	[12.766	0.03013	0.000111]	8.269	1.093	0.757
[12.766	0.03013	0.000111]	8.269	[12.541	0.02989	0.000109]	8.652	1.468	0.778
[12.541	0.02989	0.000109]	8.652	[12.342	0.02997	0.000114]	8.494	0.853	0.360
[12.342	0.02997	0.000114]	8.494	[12.352	0.02723	0.000105]	9.374	2.411	0.102
[12.352	0.02723	0.000105]	9.374	[12.173	0.02806	0.000103]	9.029	0.708	0.113
[12.173	0.02806	0.000103]	9.029	[12.173	0.02988	0.000110]	8.326	0.495	0.879
[12.173	0.02806	0.000103]	9.029	[12.248	0.02882	0.000104]	9.218	1.208	0.089
[12.248	0.02882	0.000104]	9.218	[12.323	0.02942	0.000091]	11.073	6.392	0.526
[12.323	0.02942	0.000091]	11.073	[12.325	0.02908	0.000093]	9.748	0.266	0.074
[12.325	0.02908	0.000093]	9.748	[12.349	0.02913	0.000078]	8.634	0.328	0.813
[12.325	0.02908	0.000093]	9.748	[12.377	0.02887	0.000107]	9.388	0.698	0.153
[12.377	0.02887	0.000107]	9.388	[12.342	0.02915	0.000095]	9.491	1.109	0.262
[12.342	0.02915	0.000095]	9.491	[12.465	0.02919	0.000097]	10.247	2.130	0.236
[12.465	0.02919	0.000097]	10.247	[12.517	0.03008	0.000108]	8.659	0.204	0.220
[12.465	0.02919	0.000097]	10.247	[12.457	0.02918	0.000093]	10.218	0.971	0.503
[12.457	0.02918	0.000093]	10.218	[12.538	0.03046	0.000078]	9.460	0.468	0.701
[12.457	0.02918	0.000093]	10.218	[12.347	0.02954	0.000090]	10.461	1.274	0.624
[12.347	0.02954	0.000090]	10.461	[12.318	0.02875	0.000091]	10.020	0.644	0.907
[12.347	0.02954	0.000090]	10.461	[12.196	0.03014	0.000091]	9.431	0.357	0.483
[12.347	0.02954	0.000090]	10.461	[12.523	0.02904	0.000101]	9.599	0.423	0.356
[12.523	0.02904	0.000101]	9.599	[12.501	0.02921	0.000128]	7.738	0.155	0.799
[12.523	0.02904	0.000101]	9.599	[12.388	0.03099	0.000101]	9.610	1.011	0.385
[12.388	0.03099	0.000101]	9.610	[12.427	0.03115	0.000098]	9.540	0.932	0.415
[12.427	0.03115	0.000098]	9.540	[12.385	0.03033	0.000100]	8.971	0.566	0.896
[12.427	0.03115	0.000098]	9.540	[12.488	0.03215	0.000100]	9.556	1.016	0.315
[12.488	0.03215	0.000100]	9.556	[12.413	0.03083	0.000105]	9.091	0.628	0.435
[12.413	0.03083	0.000105]	9.091	[12.389	0.03086	0.000115]	8.236	0.425	0.670
[12.413	0.03083	0.000105]	9.091	[12.341	0.03226	0.000105]	8.861	0.795	0.238
[12.341	0.03226	0.000105]	8.861	[12.309	0.03325	0.000123]	7.585	0.279	0.001
[12.309	0.03325	0.000123]	7.585	[12.500	0.03264	0.000136]	7.082	0.605	0.237
[12.500	0.03264	0.000136]	7.082	[12.461	0.03199	0.000144]	6.874	0.812	0.188
[12.461	0.03199	0.000144]	6.874	[12.593	0.03243	0.000139]	7.047	1.189	0.412
[12.593	0.03243	0.000139]	7.047	[12.756	0.03042	0.000141]	6.987	0.942	0.604
[12.756	0.03042	0.000141]	6.987	[12.744	0.02954	0.000156]	6.562	0.654	0.564
[12.744	0.02954	0.000156]	6.562	[12.671	0.03014	0.000174]	6.228	0.716	0.430
[12.671	0.03014	0.000174]	6.228	[12.549	0.03064	0.000157]	6.520	1.339	0.762
[12.549	0.03064	0.000157]	6.520	[12.672	0.03081	0.000169]	6.260	0.771	0.796
[12.549	0.03064	0.000157]	6.520	[12.697	0.03038	0.000151]	6.682	1.176	0.962
[12.697	0.03038	0.000151]	6.682	[12.628	0.03073	0.000154]	6.641	0.960	0.727
[12.628	0.03073	0.000154]	6.641	[12.462	0.03267	0.000154]	6.578	0.939	0.410
[12.462	0.03267	0.000154]	6.578	[12.504	0.03184	0.000140]	7.092	1.672	0.142
[12.504	0.03184	0.000140]	7.092	[12.358	0.03274	0.000143]	6.900	0.825	0.212
[12.358	0.03274	0.000143]	6.900	[12.246	0.03169	0.000133]	7.289	1.477	0.873
[12.246	0.03169	0.000133]	7.289	[12.055	0.03115	0.000134]	7.234	0.946	0.624
[12.055	0.03115	0.000134]	7.234	[12.038	0.03247	0.000140]	6.953	0.755	0.637
[12.038	0.03247	0.000140]	6.953	[11.950	0.03279	0.000140]	6.908	0.956	0.903
[11.950	0.03279	0.000140]	6.908	[11.872	0.03348	0.000126]	7.211	1.353	0.323
[11.872	0.03348	0.000126]	7.211	[11.721	0.03440	0.000114]	7.559	1.417	0.854
[11.721	0.03440	0.000114]	7.559	[11.845	0.03438	0.000116]	7.613	1.055	0.737
[11.845	0.03438	0.000116]	7.613	[11.843	0.03444	0.000102]	8.141	1.694	0.699
[11.843	0.03444	0.000102]	8.141	[11.808	0.03454	0.000105]	8.179	1.039	0.109
[11.808	0.03454	0.000105]	8.179	[11.734	0.03635	0.000112]	7.632	0.579	0.687
[11.808	0.03454	0.000105]	8.179	[11.777	0.03491	0.000096]	7.749	0.651	0.872
[11.808	0.03454	0.000105]	8.179	[11.883	0.03424	0.000107]	7.731	0.639	0.390
[11.883	0.03424	0.000107]	7.731	[11.943	0.03363	0.000102]	8.874	3.137	0.413
[11.943	0.03363	0.000102]	8.874	[12.066	0.03307	0.000103]	8.356	0.596	0.422
[12.066	0.03307	0.000103]	8.356	[12.102	0.03239	0.000088]	9.450	2.988	0.546
[12.102	0.03239	0.000088]	9.450	[12.181	0.03408	0.000084]	9.333	0.889	0.592
[12.181	0.03408	0.000084]	9.333	[11.963	0.03250	0.000094]	9.300	0.968	0.966
[11.963	0.03250	0.000094]	9.300	[11.814	0.03189	0.000102]	8.568	0.481	0.465
[11.814	0.03189	0.000102]	8.568	[11.842	0.02882	0.000101]	8.179	0.678	0.363
[11.842	0.02882	0.000101]	8.179	[11.873	0.02995	0.000116]	7.570	0.544	0.771
[11.842	0.02882	0.000101]	8.179	[11.676	0.02959	0.000109]	8.037	0.868	0.208
[11.676	0.02959	0.000109]	8.037	[11.886	0.02959	0.000111]	8.156	1.126	0.294
[11.886	0.02959	0.000111]	8.156	[11.898	0.02955	0.000120]	7.686	0.625	0.065
[11.898	0.02955	0.000120]	7.686	[11.790	0.02979	0.000123]	7.181	0.604	0.206
[11.790	0.02979	0.000123]	7.181	[11.909	0.03008	0.000122]	7.848	1.949	0.385
[11.909	0.03008	0.000122]	7.848	[11.956	0.03118	0.000111]	7.831	0.983	0.555
[11.956	0.03118	0.000111]	7.831	[12.127	0.03186	0.000106]	8.739	2.480	0.103
[12.127	0.03186	0.000106]	8.739	[12.286	0.03265	0.000121]	7.874	0.421	0.933
[12.127	0.03186	0.000106]	8.739	[12.141	0.02972	0.000110]	8.392	0.707	0.466
[12.141	0.02972	0.000110]	8.392	[12.041	0.02893	0.000120]	7.943	0.638	0.719
[12.141	0.02972	0.000110]	8.392	[11.889	0.02919	0.000108]	8.101	0.748	0.661
[11.889	0.02919	0.000108]	8.101	[11.961	0.03038	0.000104]	8.802	2.015	0.761
[11.961	0.03038	0.000104]	8.802	[11.876	0.02918	0.000120]	7.720	0.339	0.506
[11.961	0.03038	0.000104]	8.802	[12.008	0.02949	0.000108]	8.107	0.499	0.908
[11.961	0.03038	0.000104]	8.802	[12.005	0.02957	0.000103]	8.406	0.673	0.553
[12.005	0.02957	0.000103]	8.406	[11.918	0.02947	0.000100]	8.752	1.413	0.798
[11.918	0.02947	0.000100]	8.752	[11.894	0.02754	0.000109]	7.987	0.465	0.859
[11.918	0.02947	0.000100]	8.752	[11.880	0.02828	0.000108]	8.198	0.575	0.099
[11.880	0.02828	0.000108]	8.198	[11.916	0.03018	0.000121]	7.826	0.689	0.220
[11.916	0.03018	0.000121]	7.826	[11.758	0.03030	0.000123]	7.225	0.549	0.953
[11.916	0.03018	0.000121]	7.826	[11.995	0.02913	0.000128]	7.468	0.700	0.567
[11.995	0.02913	0.000128]	7.468	[12.002	0.02758	0.000125]	7.645	1.193	0.161
[12.002	0.02758	0.000125]	7.645	[11.952	0.02898	0.000139]	7.101	0.580	0.683
[12.002	0.02758	0.000125]	7.645	[12.072	0.02963	0.000133]	7.206	0.645	0.322
[12.072	0.02963	0.000133]	7.206	[12.193	0.02953	0.000142]	7.078	0.879	0.770
[12.193	0.02953	0.000142]	7.078	[12.323	0.02996	0.000146]	6.975	0.903	0.780
[12.323	0.02996	0.000146]	6.975	[12.284	0.02952	0.000151]	6.726	0.780	0.532
[12.284	0.02952	0.000151]	6.726	[12.378	0.03037	0.000158]	6.557	0.844	0.702
[12.378	0.03037	0.000158]	6.557	[12.438	0.02944	0.000163]	6.469	0.916	0.565
[12.438	0.02944	0.000163]	6.469	[12.590	0.02980	0.000176]	6.123	0.707	0.307
[12.590	0.02980	0.000176]	6.123	[12.518	0.03146	0.000164]	6.331	1.232	0.390
[12.518	0.03146	0.000164]	6.331	[12.618	0.03311	0.000150]	6.615	1.329	0.789
[12.618	0.03311	0.000150]	6.615	[12.385	0.03303	0.000157]	6.435	0.835	0.143
[12.385	0.03303	0.000157]	6.435	[12.308	0.03331	0.000153]	6.498	1.065	0.771
[12.308	0.03331	0.000153]	6.498	[12.516	0.03300	0.000157]	6.436	0.940	0.094
[12.516	0.03300	0.000157]	6.436	[12.599	0.03295	0.000155]	6.494	1.060	0.348
[12.599	0.03295	0.000155]	6.494	[12.608	0.03168	0.000154]	6.563	1.071	0.363
[12.608	0.03168	0.000154]	6.563	[12.466	0.03009	0.000153]	6.633	1.072	0.722
[12.466	0.03009	0.000153]	6.633	[12.442	0.03075	0.000161]	6.444	0.828	0.477
[12.442	0.03075	0.000161]	6.444	[12.443	0.03227	0.000178]	5.930	0.598	0.133
[12.443	0.03227	0.000178]	5.930	[12.530	0.03340	0.000178]	5.898	0.968	0.832
[12.530	0.03340	0.000178]	5.898	[12.484	0.03488	0.000177]	5.940	1.044	0.322
[12.484	0.03488	0.000177]	5.940	[12.581	0.03562	0.000192]	5.619	0.725	0.376
[12.581	0.03562	0.000192]	5.619	[12.477	0.03395	0.000182]	5.816	1.218	0.246
[12.477	0.03395	0.000182]	5.816	[12.593	0.03206	0.000169]	6.123	1.359	0.913
[12.593	0.03206	0.000169]	6.123	[12.554	0.03100	0.000180]	5.972	0.860	0.549
[12.554	0.03100	0.000180]	5.972	[12.610	0.03067	0.000184]	5.891	0.922	0.679
[12.610	0.03067	0.000184]	5.891	[12.748	0.03238	0.000195]	5.577	0.731	0.907
[12.610	0.03067	0.000184]	5.891	[12.629	0.02877	0.000171]	6.272	1.464	0.884
[12.629	0.02877	0.000171]	6.272	[12.954	0.02897	0.000155]	6.652	1.462	0.426
[12.954	0.02897	0.000155]	6.652	[12.894	0.02911	0.000159]	6.525	0.881	0.632
[12.894	0.02911	0.000159]	6.525	[12.810	0.02965	0.000140]	7.085	1.750	0.904
[12.810	0.02965	0.000140]	7.085	[12.757	0.02960	0.000110]	8.678	4.919	0.327
[12.757	0.02960	0.000110]	8.678	[12.501	0.03111	0.000121]	7.940	0.478	0.845
[12.757	0.02960	0.000110]	8.678	[12.921	0.02960	0.000113]	8.528	0.861	0.639
[12.921	0.02960	0.000113]	8.528	[12.827	0.02961	0.000103]	9.336	2.244	0.028
[12.827	0.02961	0.000103]	9.336	[12.913	0.02928	0.000094]	10.168	2.297	0.060
[12.913	0.02928	0.000094]	10.168	[13.095	0.02930	0.000094]	8.550	0.198	0.661
[12.913	0.02928	0.000094]	10.168	[12.907	0.02825	0.000083]	10.988	2.271	0.466
[12.907	0.02825	0.000083]	10.988	[12.958	0.02896	0.000093]	10.615	0.689	0.584
[12.958	0.02896	0.000093]	10.615	[12.955	0.02978	0.000094]	9.667	0.387	0.165
[12.955	0.02978	0.000094]	9.667	[13.043	0.03022	0.000083]	10.460	2.211	0.125
[13.043	0.03022	0.000083]	10.460	[13.068	0.02999	0.000084]	10.639	1.196	0.179
[13.068	0.02999	0.000084]	10.639	[13.046	0.02837	0.000090]	9.368	0.281	0.826
[13.068	0.02999	0.000084]	10.639	[13.019	0.03099	0.000086]	9.251	0.249	0.120
[13.019	0.03099	0.000086]	9.251	[13.071	0.03091	0.000085]	10.025	2.170	0.989
[13.071	0.03091	0.000085]	10.025	[12.928	0.03027	0.000094]	10.799	2.168	0.606
[12.928	0.03027	0.000094]	10.799	[12.945	0.03032	0.000088]	9.773	0.359	0.430
[12.928	0.03027	0.000094]	10.799	[12.989	0.03008	0.000095]	10.204	0.552	0.606
[12.928	0.03027	0.000094]	10.799	[12.798	0.02970	0.000095]	10.378	0.657	0.174
[12.798	0.02970	0.000095]	10.378	[12.907	0.02904	0.000099]	9.245	0.322	0.112
[12.907	0.02904	0.000099]	9.245	[13.042	0.02905	0.000110]	8.191	0.349	0.330
[13.042	0.02905	0.000110]	8.191	[13.040	0.02892	0.000117]	7.856	0.716	0.683
[13.040	0.02892	0.000117]	7.856	[13.185	0.02848	0.000110]	8.431	1.776	0.854
[13.185	0.02848	0.000110]	8.431	[13.106	0.02838	0.000105]	8.179	0.778	0.752
[13.106	0.02838	0.000105]	8.179	[13.136	0.02905	0.000107]	8.619	1.552	0.252
[13.136	0.02905	0.000107]	8.619	[13.171	0.02845	0.000099]	8.744	1.133	0.391
[13.171	0.02845	0.000099]	8.744	[13.233	0.02928	0.000077]	8.574	0.844	0.628
[13.233	0.02928	0.000077]	8.574	[13.163	0.02955	0.000074]	7.941	0.531	0.754
[13.233	0.02928	0.000077]	8.574	[13.318	0.02751	0.000084]	7.945	0.533	0.426
[13.318	0.02751	0.000084]	7.945	[13.327	0.02764	0.000081]	8.617	1.958	0.654
[13.327	0.02764	0.000081]	8.617	[13.561	0.03125	0.000081]	7.828	0.454	0.012
[13.561	0.03125	0.000081]	7.828	[13.666	0.03105	0.000090]	9.068	3.455	0.080
[13.666	0.03105	0.000090]	9.068	[13.794	0.03021	0.000115]	7.302	0.171	0.829
[13.666	0.03105	0.000090]	9.068	[13.737	0.03109	0.000082]	7.880	0.305	0.840
[13.666	0.03105	0.000090]	9.068	[13.777	0.03273	0.000104]	7.271	0.166	0.913
[13.666	0.03105	0.000090]	9.068	[13.619	0.03126	0.000091]	8.085	0.374	0.526
[13.666	0.03105	0.000090]	9.068	[13.640	0.03127	0.000095]	8.349	0.487	0.452
[13.640	0.03127	0.000095]	8.349	[13.607	0.03116	0.000115]	7.350	0.368	0.842
[13.640	0.03127	0.000095]	8.349	[13.875	0.03124	0.000085]	7.484	0.421	0.222
[13.875	0.03124	0.000085]	7.484	[13.744	0.03066	0.000081]	7.490	1.006	0.484
[13.744	0.03066	0.000081]	7.490	[13.548	0.03135	0.000083]	7.669	1.197	0.856
[13.548	0.03135	0.000083]	7.669	[13.396	0.03049	0.000087]	8.307	1.892	0.554
[13.396	0.03049	0.000087]	8.307	[13.326	0.02933	0.000086]	8.799	1.637	0.490
[13.326	0.02933	0.000086]	8.799	[13.502	0.02829	0.000071]	7.668	0.322	0.486
[13.326	0.02933	0.000086]	8.799	[13.213	0.02978	0.000075]	9.689	2.434	0.630
[13.213	0.02978	0.000075]	9.689	[13.350	0.02919	0.000083]	8.333	0.258	0.052
[13.350	0.02919	0.000083]	8.333	[13.430	0.02864	0.000116]	7.609	0.485	0.758
[13.350	0.02919	0.000083]	8.333	[13.413	0.02952	0.000109]	8.163	0.844	0.072
[13.413	0.02952	0.000109]	8.163	[13.499	0.03028	0.000101]	7.621	0.582	0.661
[13.413	0.02952	0.000109]	8.163	[13.550	0.02872	0.000111]	8.014	0.862	0.258
[13.550	0.02872	0.000111]	8.014	[13.367	0.02899	0.000110]	7.676	0.713	0.480
[13.367	0.02899	0.000110]	7.676	[13.486	0.02818	0.000120]	7.653	0.977	0.013
[13.486	0.02818	0.000120]	7.653	[13.616	0.02738	0.000121]	7.256	0.673	0.824
[13.486	0.02818	0.000120]	7.653	[13.662	0.02926	0.000107]	7.248	0.667	0.094
[13.662	0.02926	0.000107]	7.248	[13.402	0.03036	0.000131]	7.056	0.825	0.725
[13.402	0.03036	0.000131]	7.056	[13.504	0.03084	0.000110]	7.625	1.767	0.058
[13.504	0.03084	0.000110]	7.625	[13.595	0.03080	0.000110]	7.289	0.714	0.535
[13.595	0.03080	0.000110]	7.289	[13.497	0.03164	0.000085]	8.367	2.941	0.274
[13.497	0.03164	0.000085]	8.367	[13.492	0.03282	0.000082]	8.741	1.453	0.042
[13.492	0.03282	0.000082]	8.741	[13.651	0.03156	0.000098]	7.630	0.329	0.234
[13.651	0.03156	0.000098]	7.630	[13.815	0.03090	0.000075]	7.389	0.786	0.476
[13.815	0.03090	0.000075]	7.389	[13.963	0.03099	0.000077]	7.876	1.628	0.569
[13.963	0.03099	0.000077]	7.876	[13.934	0.02979	0.000073]	7.633	0.784	0.795
[13.963	0.03099	0.000077]	7.876	[14.218	0.03068	0.000057]	7.007	0.419	0.695
[13.963	0.03099	0.000077]	7.876	[13.824	0.03177	0.000079]	7.350	0.590	0.614
[13.963	0.03099	0.000077]	7.876	[14.008	0.03134	0.000047]	6.629	0.287	0.924
[13.963	0.03099	0.000077]	7.876	[13.910	0.03087	0.000070]	7.716	0.852	0.097
[13.910	0.03087	0.000070]	7.716	[13.949	0.03173	0.000063]	7.292	0.654	0.198
[13.949	0.03173	0.000063]	7.292	[14.070	0.03263	0.000049]	6.965	0.721	0.854
[13.949	0.03173	0.000063]	7.292	[13.953	0.03306	0.000058]	7.821	1.697	0.532
[13.953	0.03306	0.000058]	7.821	[13.811	0.03204	0.000057]	7.594	0.798	0.072
[13.811	0.03204	0.000057]	7.594	[13.919	0.03116	0.000065]	7.696	1.107	0.462
[13.919	0.03116	0.000065]	7.696	[13.922	0.03066	0.000052]	7.090	0.546	0.081
[13.922	0.03066	0.000052]	7.090	[13.854	0.03064	0.000062]	7.174	1.088	0.271
[13.854	0.03064	0.000062]	7.174	[13.724	0.03217	0.000064]	8.037	2.370	0.128
[13.724	0.03217	0.000064]	8.037	[13.699	0.03281	0.000061]	8.169	1.141	0.687
[13.699	0.03281	0.000061]	8.169	[13.681	0.03181	0.000058]	7.560	0.544	0.864
[13.699	0.03281	0.000061]	8.169	[13.459	0.03303	0.000066]	8.421	1.287	0.967
[13.459	0.03303	0.000066]	8.421	[13.455	0.03182	0.000073]	8.498	1.080	0.931
[13.455	0.03182	0.000073]	8.498	[13.390	0.03055	0.000091]	9.095	1.816	0.247
[13.390	0.03055	0.000091]	9.095	[13.530	0.02863	0.000074]	8.400	0.499	0.149
[13.530	0.02863	0.000074]	8.400	[13.386	0.03041	0.000071]	9.116	2.046	0.397
[13.386	0.03041	0.000071]	9.116	[13.305	0.03180	0.000072]	8.696	0.657	0.890
[13.386	0.03041	0.000071]	9.116	[13.417	0.03087	0.000070]	8.432	0.505	0.631
[13.386	0.03041	0.000071]	9.116	[13.105	0.03140	0.000069]	7.745	0.254	0.645
[13.386	0.03041	0.000071]	9.116	[13.295	0.03078	0.000067]	8.611	0.604	0.221
[13.295	0.03078	0.000067]	8.611	[13.468	0.03084	0.000053]	7.557	0.348	0.548
[13.295	0.03078	0.000067]	8.611	[13.362	0.03010	0.000067]	8.249	0.696	0.264
[13.362	0.03010	0.000067]	8.249	[13.306	0.02887	0.000077]	8.116	0.876	0.019
[13.306	0.02887	0.000077]	8.116	[13.517	0.02799	0.000069]	7.712	0.668	0.267
[13.517	0.02799	0.000069]	7.712	[13.479	0.02933	0.000081]	9.102	4.016	0.930
[13.479	0.02933	0.000081]	9.102	[13.385	0.03064	0.000093]	8.535	0.567	0.790
[13.479	0.02933	0.000081]	9.102	[13.513	0.02877	0.000076]	8.517	0.557	0.459
[13.513	0.02877	0.000076]	8.517	[13.529	0.02974	0.000077]	7.381	0.321	0.135
[13.529	0.02974	0.000077]	7.381	[13.458	0.03092	0.000076]	8.758	3.963	0.519
[13.458	0.03092	0.000076]	8.758	[13.347	0.03037	0.000050]	7.558	0.301	0.824
[13.458	0.03092	0.000076]	8.758	[13.549	0.03205	0.000085]	9.631	2.395	0.219
[13.549	0.03205	0.000085]	9.631	[13.503	0.03120	0.000099]	7.903	0.177	0.628
[13.549	0.03205	0.000085]	9.631	[13.536	0.03393	0.000077]	8.101	0.217	0.989
[13.549	0.03205	0.000085]	9.631	[13.615	0.03181	0.000085]	7.402	0.108	0.311
[13.549	0.03205	0.000085]	9.631	[13.523	0.03128	0.000080]	8.541	0.336	0.740
[13.549	0.03205	0.000085]	9.631	[13.546	0.03217	0.000087]	8.607	0.359	0.628
[13.549	0.03205	0.000085]	9.631	[13.546	0.03133	0.000081]	8.315	0.268	0.853
[13.549	0.03205	0.000085]	9.631	[13.654	0.03236	0.000073]	7.996	0.195	0.397
[13.549	0.03205	0.000085]	9.631	[13.534	0.03262	0.000086]	8.849	0.457	0.886
[13.549	0.03205	0.000085]	9.631	[13.543	0.03193	0.000078]	7.451	0.113	0.587
[13.549	0.03205	0.000085]	9.631	[13.571	0.03120	0.000083]	7.957	0.187	0.566
[13.549	0.03205	0.000085]	9.631	[13.514	0.03153	0.000086]	8.643	0.372	0.885
[13.549	0.03205	0.000085]	9.631	[13.577	0.03084	0.000082]	8.340	0.275	0.343
[13.549	0.03205	0.000085]	9.631	[13.639	0.03055	0.000087]	7.942	0.185	0.426
[13.549	0.03205	0.000085]	9.631	[13.674	0.03057	0.000075]	8.264	0.255	0.240
[13.674	0.03057	0.000075]	8.264	[13.831	0.03165	0.000092]	7.143	0.326	0.349
[13.674	0.03057	0.000075]	8.264	[13.743	0.03149	0.000073]	8.042	0.801	0.525
[13.743	0.03149	0.000073]	8.042	[13.631	0.03310	0.000082]	8.420	1.461	0.268
[13.631	0.03310	0.000082]	8.420	[13.838	0.03532	0.000071]	7.815	0.546	0.185
[13.838	0.03532	0.000071]	7.815	[14.000	0.03408	0.000053]	7.463	0.704	0.030
[14.000	0.03408	0.000053]	7.463	[13.947	0.03465	0.000039]	6.592	0.418	0.686
[14.000	0.03408	0.000053]	7.463	[14.112	0.03423	0.000061]	7.343	0.887	0.135
[14.112	0.03423	0.000061]	7.343	[14.013	0.03268	0.000045]	7.265	0.925	0.836
[14.013	0.03268	0.000045]	7.265	[13.905	0.03279	0.000064]	7.572	1.360	0.272
[13.905	0.03279	0.000064]	7.572	[13.691	0.03206	0.000052]	7.422	0.860	0.436
[13.691	0.03206	0.000052]	7.422	[13.634	0.03146	0.000061]	8.171	2.115	0.217
[13.634	0.03146	0.000061]	8.171	[13.573	0.03232	0.000084]	8.388	1.243	0.113
[13.573	0.03232	0.000084]	8.388	[13.482	0.03222	0.000112]	7.451	0.391	0.699
[13.573	0.03232	0.000084]	8.388	[13.743	0.03192	0.000081]	7.232	0.315	0.620
[13.573	0.03232	0.000084]	8.388	[13.650	0.03262	0.000090]	7.772	0.540	0.620
[13.573	0.03232	0.000084]	8.388	[13.614	0.03169	0.000091]	8.365	0.977	0.818
[13.614	0.03169	0.000091]	8.365	[13.565	0.03059	0.000102]	7.783	0.559	0.200
[13.565	0.03059	0.000102]	7.783	[13.609	0.03093	0.000118]	7.245	0.583	0.990
[13.565	0.03059	0.000102]	7.783	[13.681	0.03190	0.000098]	7.507	0.759	0.329
[13.681	0.03190	0.000098]	7.507	[13.665	0.03137	0.000091]	7.601	1.099	0.170
[13.665	0.03137	0.000091]	7.601	[13.586	0.03136	0.000095]	8.197	1.815	0.473
[13.586	0.03136	0.000095]	8.197	[13.463	0.03252	0.000094]	7.906	0.747	0.984
[13.586	0.03136	0.000095]	8.197	[13.574	0.03182	0.000084]	8.239	1.043	0.828
[13.574	0.03182	0.000084]	8.239	[13.612	0.03103	0.000092]	9.115	2.402	0.894
[13.612	0.03103	0.000092]	9.115	[13.749	0.03174	0.000085]	8.186	0.395	0.956
[13.612	0.03103	0.000092]	9.115	[13.659	0.03142	0.000089]	8.554	0.570	0.306
[13.659	0.03142	0.000089]	8.554	[13.687	0.02933	0.000085]	8.010	0.580	0.312
[13.687	0.02933	0.000085]	8.010	[13.783	0.02917	0.000083]	7.816	0.823	0.227
[13.783	0.02917	0.000083]	7.816	[13.893	0.02847	0.000102]	7.327	0.613	0.568
[13.893	0.02847	0.000102]	7.327	[13.959	0.02907	0.000090]	7.318	0.991	0.685
[13.959	0.02907	0.000090]	7.318	[13.960	0.02948	0.000070]	6.849	0.625	0.350
[13.960	0.02948	0.000070]	6.849	[13.951	0.02960	0.000079]	7.368	1.680	0.973
[13.951	0.02960	0.000079]	7.368	[13.861	0.03017	0.000082]	7.987	1.858	0.322
[13.861	0.03017	0.000082]	7.987	[13.977	0.02965	0.000096]	7.316	0.511	0.842
[13.861	0.03017	0.000082]	7.987	[13.908	0.03078	0.000065]	7.321	0.514	0.174
[13.908	0.03078	0.000065]	7.321	[14.024	0.02993	0.000053]	6.764	0.573	0.280
[14.024	0.02993	0.000053]	6.764	[14.063	0.03165	0.000048]	7.441	1.966	0.142
[14.063	0.03165	0.000048]	7.441	[14.142	0.03237	0.000065]	7.621	1.198	0.015
[14.142	0.03237	0.000065]	7.621	[14.091	0.03309	0.000036]	6.991	0.532	0.627
[14.142	0.03237	0.000065]	7.621	[14.159	0.03230	0.000069]	7.341	0.756	0.004
[14.159	0.03230	0.000069]	7.341	[14.116	0.03278	0.000073]	7.265	0.927	0.169
[14.116	0.03278	0.000073]	7.265	[14.087	0.03266	0.000072]	7.394	1.137	0.770
[14.087	0.03266	0.000072]	7.394	[14.183	0.03171	0.000072]	6.858	0.585	0.584
[14.183	0.03171	0.000072]	6.858	[14.098	0.03068	0.000063]	7.290	1.541	0.018
[14.098	0.03068	0.000063]	7.290	[14.075	0.02882	0.000074]	7.845	1.742	0.949
[14.075	0.02882	0.000074]	7.845	[14.067	0.02985	0.000068]	7.540	0.737	0.744
[14.075	0.02882	0.000074]	7.845	[13.890	0.03022	0.000075]	7.453	0.675	0.480
[13.890	0.03022	0.000075]	7.453	[13.895	0.02878	0.000094]	7.132	0.726	0.776
[13.890	0.03022	0.000075]	7.453	[13.846	0.02902	0.000087]	8.115	1.940	0.027
[13.846	0.02902	0.000087]	8.115	[13.759	0.02866	0.000060]	7.584	0.588	0.725
[13.846	0.02902	0.000087]	8.115	[13.739	0.02847	0.000076]	8.041	0.929	0.159
[13.739	0.02847	0.000076]	8.041	[13.695	0.02720	0.000084]	7.378	0.515	0.961
[13.739	0.02847	0.000076]	8.041	[13.739	0.02891	0.000063]	7.198	0.430	0.488
[13.739	0.02847	0.000076]	8.041	[13.764	0.02685	0.000064]	7.450	0.554	0.774
[13.739	0.02847	0.000076]	8.041	[13.572	0.02700	0.000085]	8.424	1.466	0.613
[13.572	0.02700	0.000085]	8.424	[13.593	0.02549	0.000084]	8.965	1.719	0.473
[13.593	0.02549	0.000084]	8.965	[13.748	0.02646	0.000090]	8.047	0.399	0.248
[13.748	0.02646	0.000090]	8.047	[13.681	0.02645	0.000092]	8.103	1.058	0.296
[13.681	0.02645	0.000092]	8.103	[13.801	0.02600	0.000100]	7.712	0.676	0.016
[13.801	0.02600	0.000100]	7.712	[13.833	0.02563	0.000098]	7.691	0.979	0.742
[13.833	0.02563	0.000098]	7.691	[14.066	0.02596	0.000086]	7.116	0.563	0.763
[13.833	0.02563	0.000098]	7.691	[13.782	0.02559	0.000099]	7.469	0.801	0.051
[13.782	0.02559	0.000099]	7.469	[13.842	0.02284	0.000092]	7.403	0.936	0.854
[13.842	0.02284	0.000092]	7.403	[13.913	0.02216	0.000102]	7.745	1.407	0.367
[13.913	0.02216	0.000102]	7.745	[14.040	0.02268	0.000111]	6.981	0.466	0.527
[13.913	0.02216	0.000102]	7.745	[13.988	0.02178	0.000114]	7.251	0.610	0.071
[13.988	0.02178	0.000114]	7.251	[14.074	0.02260	0.000108]	7.175	0.927	0.884
[14.074	0.02260	0.000108]	7.175	[14.253	0.02275	0.000098]	7.342	1.182	0.348
[14.253	0.02275	0.000098]	7.342	[14.303	0.02334	0.000099]	7.415	1.075	0.848
[14.303	0.02334	0.000099]	7.415	[14.278	0.02347	0.000089]	6.616	0.450	0.640
[14.303	0.02334	0.000099]	7.415	[14.347	0.02205	0.000114]	6.553	0.422	0.987
[14.303	0.02334	0.000099]	7.415	[14.255	0.02406	0.000107]	6.872	0.581	0.545
[14.255	0.02406	0.000107]	6.872	[14.170	0.02344	0.000111]	6.856	0.984	0.418
[14.170	0.02344	0.000111]	6.856	[14.132	0.02268	0.000133]	6.742	0.892	0.232
[14.132	0.02268	0.000133]	6.742	[14.165	0.02230	0.000140]	6.635	0.899	0.047
[14.165	0.02230	0.000140]	6.635	[14.444	0.02236	0.000120]	6.952	1.373	0.375
[14.444	0.02236	0.000120]	6.952	[14.365	0.02254	0.000130]	6.719	0.792	0.823
[14.444	0.02236	0.000120]	6.952	[14.464	0.02230	0.000095]	6.825	0.881	0.382
[14.464	0.02230	0.000095]	6.825	[14.630	0.02097	0.000101]	6.530	0.745	0.848
[14.464	0.02230	0.000095]	6.825	[14.686	0.02265	0.000101]	6.812	0.987	0.890
[14.686	0.02265	0.000101]	6.812	[14.806	0.02352	0.000101]	6.418	0.674	0.388
[14.806	0.02352	0.000101]	6.418	[14.697	0.02219	0.000105]	6.279	0.870	0.284
[14.697	0.02219	0.000105]	6.279	[14.675	0.02362	0.000112]	6.422	1.154	0.793
[14.675	0.02362	0.000112]	6.422	[14.528	0.02480	0.000128]	6.138	0.753	0.406
[14.528	0.02480	0.000128]	6.138	[14.536	0.02595	0.000116]	6.250	1.119	0.120
[14.536	0.02595	0.000116]	6.250	[14.553	0.02608	0.000116]	6.263	1.014	0.496
[14.553	0.02608	0.000116]	6.263	[14.528	0.02707	0.000116]	6.521	1.294	0.933
[14.528	0.02707	0.000116]	6.521	[14.641	0.02567	0.000119]	6.619	1.102	0.162
[14.641	0.02567	0.000119]	6.619	[14.810	0.02575	0.000136]	6.182	0.647	0.898
[14.641	0.02567	0.000119]	6.619	[14.642	0.02751	0.000129]	6.405	0.807	0.570
[14.642	0.02751	0.000129]	6.405	[14.587	0.02903	0.000112]	6.505	1.105	0.219
[14.587	0.02903	0.000112]	6.505	[14.659	0.02896	0.000124]	6.348	0.855	0.740
[14.659	0.02896	0.000124]	6.348	[14.665	0.02803	0.000145]	5.861	0.615	0.666
[14.659	0.02896	0.000124]	6.348	[14.759	0.02899	0.000123]	6.257	0.913	0.277
[14.759	0.02899	0.000123]	6.257	[14.902	0.03009	0.000128]	5.902	0.701	0.388
[14.902	0.03009	0.000128]	5.902	[14.955	0.02792	0.000148]	5.775	0.881	0.814
[14.955	0.02792	0.000148]	5.775	[14.939	0.02809	0.000129]	6.057	1.325	0.601
[14.939	0.02809	0.000129]	6.057	[15.080	0.02670	0.000138]	5.946	0.895	0.724
[15.080	0.02670	0.000138]	5.946	[15.066	0.02702	0.000145]	5.832	0.892	0.820
[15.066	0.02702	0.000145]	5.832	[14.998	0.02710	0.000158]	5.801	0.969	0.117
[14.998	0.02710	0.000158]	5.801	[14.972	0.02592	0.000133]	6.199	1.489	0.676
[14.972	0.02592	0.000133]	6.199	[14.839	0.02562	0.000119]	6.170	0.972	0.088
[14.839	0.02562	0.000119]	6.170	[14.586	0.02563	0.000144]	6.012	0.854	0.608
[14.586	0.02563	0.000144]	6.012	[14.506	0.02716	0.000154]	6.013	1.001	0.078
[14.506	0.02716	0.000154]	6.013	[14.432	0.02780	0.000153]	6.224	1.234	0.106
[14.432	0.02780	0.000153]	6.224	[14.401	0.02655	0.000149]	6.098	0.882	0.660
[14.401	0.02655	0.000149]	6.098	[14.398	0.02507	0.000160]	6.067	0.969	0.158
[14.398	0.02507	0.000160]	6.067	[14.340	0.02438	0.000163]	6.195	1.137	0.365
[14.340	0.02438	0.000163]	6.195	[14.272	0.02404	0.000167]	5.901	0.745	0.138
[14.272	0.02404	0.000167]	5.901	[14.309	0.02550	0.000166]	5.875	0.975	0.402
[14.309	0.02550	0.000166]	5.875	[14.417	0.02597	0.000189]	5.630	0.783	0.211
[14.417	0.02597	0.000189]	5.630	[14.487	0.02533	0.000177]	5.574	0.946	0.736
[14.487	0.02533	0.000177]	5.574	[14.496	0.02540	0.000161]	5.924	1.419	0.129
[14.496	0.02540	0.000161]	5.924	[14.655	0.02590	0.000163]	5.754	0.843	0.930
[14.496	0.02540	0.000161]	5.924	[14.563	0.02554	0.000164]	5.832	0.912	0.030
[14.563	0.02554	0.000164]	5.832	[14.557	0.02649	0.000167]	5.921	1.092	0.919
[14.557	0.02649	0.000167]	5.921	[14.509	0.02517	0.000169]	5.716	0.815	0.386
[14.509	0.02517	0.000169]	5.716	[14.555	0.02616	0.000185]	5.645	0.932	0.469
[14.555	0.02616	0.000185]	5.645	[14.448	0.02608	0.000186]	5.501	0.866	0.901
[14.555	0.02616	0.000185]	5.645	[14.711	0.02478	0.000177]	5.572	0.929	0.829
[14.711	0.02478	0.000177]	5.572	[14.626	0.02609	0.000186]	5.546	0.975	0.553
[14.626	0.02609	0.000186]	5.546	[14.678	0.02635	0.000178]	5.545	0.999	0.612
[14.678	0.02635	0.000178]	5.545	[14.716	0.02687	0.000186]	5.455	0.914	0.608
[14.716	0.02687	0.000186]	5.455	[14.705	0.02722	0.000196]	5.306	0.861	0.477
[14.705	0.02722	0.000196]	5.306	[14.611	0.02843	0.000196]	5.301	0.995	0.804
[14.611	0.02843	0.000196]	5.301	[14.695	0.02870	0.000187]	5.411	1.116	0.445
[14.695	0.02870	0.000187]	5.411	[14.425	0.02827	0.000170]	5.797	1.471	0.535
[14.425	0.02827	0.000170]	5.797	[14.438	0.02897	0.000174]	5.631	0.848	0.240
[14.438	0.02897	0.000174]	5.631	[14.607	0.02921	0.000186]	5.397	0.791	0.652
[14.607	0.02921	0.000186]	5.397	[14.580	0.03040	0.000189]	5.290	0.898	0.967
[14.607	0.02921	0.000186]	5.397	[14.455	0.02899	0.000201]	5.317	0.923	0.678
[14.455	0.02899	0.000201]	5.317	[14.431	0.02751	0.000198]	5.443	1.135	0.372
[14.431	0.02751	0.000198]	5.443	[14.405	0.02821	0.000192]	5.555	1.118	0.980
[14.405	0.02821	0.000192]	5.555	[14.485	0.02943	0.000181]	5.524	0.970	0.781
[14.485	0.02943	0.000181]	5.524	[14.416	0.02812	0.000197]	5.306	0.804	0.687
[14.416	0.02812	0.000197]	5.306	[14.531	0.02750	0.000193]	5.410	1.109	0.588
[14.531	0.02750	0.000193]	5.410	[14.453	0.02835	0.000186]	5.442	1.033	0.213
[14.453	0.02835	0.000186]	5.442	[14.518	0.02938	0.000175]	5.606	1.178	0.961
[14.518	0.02938	0.000175]	5.606	[14.483	0.02935	0.000173]	5.691	1.088	0.110
[14.483	0.02935	0.000173]	5.691	[14.386	0.02914	0.000185]	5.478	0.809	0.087
[14.386	0.02914	0.000185]	5.478	[14.316	0.02804	0.000175]	5.749	1.311	0.166
[14.316	0.02804	0.000175]	5.749	[14.267	0.02968	0.000168]	5.808	1.061	0.955
[14.267	0.02968	0.000168]	5.808	[14.168	0.02912	0.000167]	5.811	1.003	0.988
[14.168	0.02912	0.000167]	5.811	[14.076	0.02956	0.000175]	5.828	1.017	0.812
[14.076	0.02956	0.000175]	5.828	[14.124	0.02973	0.000178]	5.716	0.894	0.434
[14.124	0.02973	0.000178]	5.716	[14.054	0.03138	0.000168]	5.802	1.090	0.803
[14.054	0.03138	0.000168]	5.802	[14.138	0.03009	0.000163]	5.864	1.063	0.563
[14.138	0.03009	0.000163]	5.864	[14.239	0.03035	0.000154]	6.002	1.148	0.848
[14.239	0.03035	0.000154]	6.002	[14.152	0.03089	0.000152]	6.171	1.184	0.616
[14.152	0.03089	0.000152]	6.171	[14.298	0.03094	0.000154]	5.928	0.784	0.188
[14.298	0.03094	0.000154]	5.928	[14.519	0.03023	0.000154]	5.886	0.960	0.330
[14.519	0.03023	0.000154]	5.886	[14.679	0.03034	0.000150]	5.826	0.941	0.832
[14.679	0.03034	0.000150]	5.826	[14.556	0.02955	0.000178]	5.566	0.771	0.982
[14.679	0.03034	0.000150]	5.826	[14.637	0.03002	0.000144]	6.171	1.413	0.258
[14.637	0.03002	0.000144]	6.171	[14.563	0.02912	0.000130]	6.553	1.464	0.846
[14.563	0.02912	0.000130]	6.553	[14.695	0.02777	0.000126]	6.262	0.748	0.487
[14.695	0.02777	0.000126]	6.262	[14.595	0.02741	0.000119]	6.211	0.951	0.903
[14.595	0.02741	0.000119]	6.211	[14.626	0.02492	0.000123]	6.472	1.298	0.500
[14.626	0.02492	0.000123]	6.472	[14.565	0.02496	0.000104]	6.478	1.006	0.799
[14.565	0.02496	0.000104]	6.478	[14.471	0.02585	0.000108]	6.864	1.470	0.506
[14.471	0.02585	0.000108]	6.864	[14.479	0.02643	0.000097]	6.720	0.866	0.516
[14.479	0.02643	0.000097]	6.720	[14.496	0.02481	0.000103]	6.667	0.948	0.669
[14.496	0.02481	0.000103]	6.667	[14.573	0.02396	0.000099]	6.564	0.903	0.565
[14.573	0.02396	0.000099]	6.564	[14.637	0.02474	0.000102]	6.590	1.026	0.592
[14.637	0.02474	0.000102]	6.590	[14.605	0.02315	0.000109]	6.436	0.857	0.236
[14.605	0.02315	0.000109]	6.436	[14.714	0.02461	0.000103]	7.049	1.845	0.577
[14.714	0.02461	0.000103]	7.049	[14.715	0.02493	0.000104]	6.582	0.627	0.451
[14.715	0.02493	0.000104]	6.582	[14.652	0.02488	0.000101]	6.905	1.381	0.802
[14.652	0.02488	0.000101]	6.905	[14.668	0.02462	0.000091]	6.717	0.828	0.524
[14.668	0.02462	0.000091]	6.717	[14.712	0.02405	0.000090]	6.752	1.036	0.524
[14.712	0.02405	0.000090]	6.752	[14.877	0.02157	0.000089]	6.706	0.955	0.510
[14.877	0.02157	0.000089]	6.706	[14.860	0.02113	0.000086]	6.832	1.134	0.059
[14.860	0.02113	0.000086]	6.832	[15.087	0.02120	0.000088]	6.502	0.719	0.975
[14.860	0.02113	0.000086]	6.832	[14.925	0.02345	0.000063]	6.424	0.665	0.792
[14.860	0.02113	0.000086]	6.832	[15.057	0.02119	0.000065]	6.047	0.456	0.022
[15.057	0.02119	0.000065]	6.047	[15.054	0.02236	0.000061]	6.115	1.071	0.383
[15.054	0.02236	0.000061]	6.115	[14.995	0.02264	0.000054]	6.305	1.209	0.226
[14.995	0.02264	0.000054]	6.305	[14.869	0.02206	0.000062]	6.281	0.976	0.425
[14.869	0.02206	0.000062]	6.281	[14.816	0.02151	0.000054]	6.461	1.198	0.412
[14.816	0.02151	0.000054]	6.461	[14.968	0.02338	0.000053]	6.162	0.741	0.133
[14.968	0.02338	0.000053]	6.162	[14.969	0.02354	0.000052]	6.426	1.302	0.939
[14.969	0.02354	0.000052]	6.426	[15.126	0.02321	0.000045]	6.225	0.818	0.470
[15.126	0.02321	0.000045]	6.225	[15.226	0.02567	0.000055]	6.117	0.898	0.900
[15.126	0.02321	0.000045]	6.225	[14.967	0.02348	0.000040]	6.407	1.199	0.124
[14.967	0.02348	0.000040]	6.407	[15.015	0.02376	0.000021]	NA	NA	0.792
Error in if (p < r) { : missing value where TRUE/FALSE needed
Calls: metropolis
Execution halted
