
R version 4.3.0 (2023-04-21) -- "Already Tomorrow"
Copyright (C) 2023 The R Foundation for Statistical Computing
Platform: x86_64-pc-linux-gnu (64-bit)

R is free software and comes with ABSOLUTELY NO WARRANTY.
You are welcome to redistribute it under certain conditions.
Type 'license()' or 'licence()' for distribution details.

  Natural language support but running in an English locale

R is a collaborative project with many contributors.
Type 'contributors()' for more information and
'citation()' on how to cite R or R packages in publications.

Type 'demo()' for some demos, 'help()' for on-line help, or
'help.start()' for an HTML browser interface to help.
Type 'q()' to quit R.

> rm(list = ls())
> gc()
         used (Mb) gc trigger (Mb) max used (Mb)
Ncells 284765 15.3     664565 35.5   464468 24.9
Vcells 490458  3.8    8388608 64.0  1837328 14.1
> library(dplyr)

Attaching package: ‘dplyr’

The following objects are masked from ‘package:stats’:

    filter, lag

The following objects are masked from ‘package:base’:

    intersect, setdiff, setequal, union

> library(readr)
> library(foreach)
> library(doParallel)
Loading required package: iterators
Loading required package: parallel
> 
> # Set up the number of cores used for parallelization.
> message(detectCores())
32
> num_cores <- 32
> registerDoParallel(num_cores)
> 
> #########################
> #### SEIR Simulation ####
> #########################
> time <- 365 # Number of days.
> inf <- 7 # Average infectious period length.
> N <- 1000 # Population size.
> 
> create_hh <- function() {
+   # Randomly sample household sizes such that total population is 1000 
+   # individuals.
+   hh_size <- sample(x = c(3, 4, 5, 6), size = 340, replace = T)
+   
+   # Keep households such that total population is < 1000.
+   hh_size <- hh_size[which(cumsum(hh_size) < N)]
+   
+   leftover <- N - sum(hh_size)
+   if (leftover < 3) {
+     hh <- 1:length(hh_size)
+     sampled <- sample(hh[hh_size < 6], leftover)
+     hh_size[sampled] <- hh_size[sampled] + 1
+   } else {
+     hh_size <- c(hh_size, leftover)
+   }
+   return(hh_size)
+ }
> 
> SEIR <- function(params, inf = 7, verbose = F) {
+   hh_size <- create_hh()
+   
+   # Create frame for running the simulation.
+   # ID: ID of individual.
+   # SIZE: size of individual's household.
+   # HH: ID of individual's household.
+   # S: susceptibility status.
+   # E: exposed status.
+   # E_count: number of days since exposed.
+   # I: infectious status.
+   # I_count: number of days since infectious.
+   # R: recovered status.
+   # INC: incubation period.
+   # INF: infectious period.
+   data <- data.frame(ID = 1:N,
+                      SIZE = rep(hh_size, times = hh_size),
+                      HH = rep(1:length(hh_size), times = hh_size), 
+                      S = c(0, rep(1, N - 1)), 
+                      E = c(1, rep(0, N - 1)),
+                      E_count = c(1, rep(0, N - 1)), 
+                      I = 0,
+                      I_count = 0, 
+                      R = 0, 
+                      INC = c(rlnorm(1, meanlog = log(29.8), sdlog = 0.45), rep(0, N - 1)),
+                      INF = 0)
+   
+   # Create frame for storing results.
+   # ID: ID of individual.
+   # SIZE: size of individual's household.
+   # HH: ID of individual's household.
+   # TYPE: the kind of infection: household (H), community (C), or both (B).
+   # TIME: when the individual became infectious.
+   # S_NUM: number of susceptible people in individual's household when their 
+   #        infectious period begins.
+   # I_NUM: number of people in household that this individual infected over 
+   #        their infectious period.
+   results <- data[, 1:3] %>% mutate(TYPE = NA, TIME = NA, S_NUM = NA, I_NUM = 0)
+   results$TYPE[1] <- '0'
+   
+   for(t in 1:time) {
+     if (verbose) {
+       if (t %% 10 == 0) {
+         cat(paste0(t, ' '))
+       }
+     }
+     
+     # Anyone who has been infectious for as many days as their infectious period
+     # is now recovered.
+     recovered <- (data$INF > 0) & (data$I_count == data$INF)
+     if(sum(recovered, na.rm = T) > 0) {
+       data$R[recovered] <- 1
+       data$I[recovered] <- 0
+       data$I_count[recovered] <- 0 
+     }
+     
+     new_inf <- (data$INC > 0) & (data$E_count == data$INC)
+     num_new_inf <- sum(new_inf, na.rm = T)
+     if(num_new_inf > 0) {
+       # Change status to newly infectious and add infectious period.
+       data$I[new_inf] <- 1
+       random_inf <- rnorm(num_new_inf, mean = inf, sd = 1) %>% round()
+       data$INF[new_inf] <- random_inf
+       
+       # Remove exposure status and exposure count.
+       data$E[new_inf] <- 0
+       data$E_count[new_inf] <- 0 
+       
+       # Record time at which infectious period starts.
+       results$TIME[new_inf] <- t
+       
+       # Save the number of susceptible people in each infectious individual's 
+       # household.
+       S_data <- data %>% group_by(HH) %>% 
+         mutate(S_TOT = sum(S)) %>% 
+         select(HH, S_TOT)
+       results$S_NUM[new_inf == 1] <- S_data$S_TOT[new_inf == 1]
+     }
+     
+     # I_H is the number of infections inside each household.
+     # I_C is the number of infections outside each household.
+     I_data <- data %>% group_by(HH) %>% 
+       mutate(I_H = sum(I)) %>% 
+       ungroup() %>% 
+       mutate(I_C = sum(I) - I_H)
+     
+     beta_H <- params[1]
+     beta_C <- params[2]
+     beta_E <- params[3]
+     risk_H <- pmin(beta_H * data$S * I_data$I_H / N, 1)
+     risk_C <- pmin(beta_C * data$S * I_data$I_C / N, 1)
+     risk_E <- pmin(beta_E * data$S, 1)
+ 
+     new_inf_H <- rbinom(N, 1, risk_H)
+     new_inf_C <- rbinom(N, 1, risk_C)
+     new_inf_E <- rbinom(N, 1, risk_E)
+     new_exposed <- (new_inf_H == 1) | (new_inf_C == 1) | (new_inf_E == 1)
+     num_new_exposed <- sum(new_exposed, na.rm = T)
+     if (num_new_exposed > 0) {
+       # Change status to newly exposed and add incubation period.
+       data$E[new_exposed] <- 1
+       random_inc <- rlnorm(num_new_exposed, meanlog = log(29.8), sdlog = 0.45) %>% round()
+       data$INC[new_exposed] <- random_inc
+       
+       # Remove susceptible status.
+       data$S[new_exposed] <- 0
+       
+       # Get number of new infections in each household.
+       I_data <- I_data %>%
+         select(ID, HH, I, I_H) %>%
+         mutate(new_I_H = new_inf_H) %>%
+         group_by(HH) %>%
+         # Find households with at least 1 currently infectious individual. If 
+         # exactly 1 infectious individual in household, assign all new H 
+         # exposures to that individual. If there are multiple infectious 
+         # individuals, assign all infections to the infectious individual with 
+         # the first ID.
+         mutate(new_I_H = ifelse(I == 1 & ID == first(ID[I == 1]), 
+                                 sum(new_I_H), 0))
+       
+       results$I_NUM <- results$I_NUM + I_data$new_I_H
+       
+       # Label infections types.
+       results$TYPE[new_inf_H == 1] <- 'H'
+       results$TYPE[new_inf_C == 1] <- 'C'
+       results$TYPE[new_inf_E == 1] <- 'E'
+       results$TYPE[(new_inf_H == 1) & (new_inf_C == 1)] <- 'HC'
+       results$TYPE[(new_inf_H == 1) & (new_inf_E == 1)] <- 'HE'
+       results$TYPE[(new_inf_C == 1) & (new_inf_E == 1)] <- 'CE'
+       results$TYPE[(new_inf_H == 1) & (new_inf_C == 1) & (new_inf_E == 1)] <- 'HCE'
+     }
+     
+     # Increment exposure and infectious counters.
+     data$E_count[data$E == 1] <- data$E_count[data$E == 1] + 1
+     data$I_count[data$I == 1] <- data$I_count[data$I == 1] + 1
+   }
+   return(results)
+ }
> 
> metrics <- function(results) {
+   # Incidence is the proportion of the population that became infected.
+   idc <- mean(!is.na(results$TIME))
+   
+   # If incidence is 0, the SAR is undefined.
+   sar <- NA
+   prp <- NA
+   if (idc != 0) {
+     # The SAR is the average SAR for each individual that was infectious.
+     sar <- mean(results$I_NUM / results$S_NUM, na.rm = T)
+     cases <- results[!is.na(results$TIME), ]
+     prp <- mean((cases$TYPE == 'H') | (cases$TYPE == 'HC') | (cases$TYPE == 'HCE'))
+   }
+   return(c(idc, sar, prp))
+ }
> 
> ##############################
> #### Metropolis Algorithm ####
> ##############################
> score <- function(fit, tgt) {
+   # The score is the L² distance of the observed values from the target.
+   return(sum((fit - tgt)^2))
+ }
> 
> # The likelihood is calculated by first averaging the incidence and SAR over n
> # simulations with the state parameters. The likelihood is the negative log
> # score of the average incidence and SAR.
> likelihood <- function(state, tgt, n = 300) {
+   # If any parameter is negative, do not transition to that state.
+   if (any(state < 0)) {
+     return(-Inf)
+   }
+   # Otherwise, find the average incidence and SAR and compute likelihood.
+   vals <- foreach (i = 1:n, .combine = c) %dopar% {
+     results <- SEIR(state)
+     metrics(results)
+   }
+   vals <- matrix(vals, n, byrow = T)
+   fit <- colMeans(vals)
+   return(-log(score(fit, tgt)))
+ }
> 
> # Proposal function
> q <- function(state, sds = c(0.01, 0.001, 0.000001)) {
+   # Sample from a multivariate normal distributions centered at the current 
+   # state. The SDs roughly correspond to the step-size of the chain for each 
+   # parameter.
+   return(rnorm(n = 3, mean = state, sd = sds))
+ }
> 
> # MCMC
> metropolis <- function(start, tgt, num_sim, num_iter) {
+   path <- matrix(NA, num_iter + 1, 3)
+   liks <- rep(NA, num_iter + 1)
+   
+   # Initialize current state.
+   curr <- start
+   curr_lik <- likelihood(curr, tgt, num_sim)
+   
+   # Initialize best state.
+   best <- curr
+   best_lik <- curr_lik
+   for (i in 1:num_iter) {
+     # Save the current state and its likelihood.
+     path[i, ] <- curr
+     liks[i] <- curr_lik
+       
+     cat('[', 
+         format(round(curr[1], 3), nsmall = 3), '\t', 
+         format(round(curr[2], 5), nsmall = 5), '\t', 
+         format(round(curr[3], 6), nsmall = 6, scientific = F), ']\t',
+         format(round(curr_lik, 3), nsmall = 3), '\t', sep = '')
+     
+     # Get a proposed state and calculate its likelihood.
+     prop <- q(curr)
+     prop_lik <- likelihood(prop, tgt, num_sim)
+     
+     cat('[', 
+         format(round(prop[1], 3), nsmall = 3), '\t', 
+         format(round(prop[2], 5), nsmall = 5), '\t', 
+         format(round(prop[3], 6), nsmall = 6, scientific = F), ']\t',
+         format(round(prop_lik, 3), nsmall = 3), '\t', sep = '')
+       
+     # Compute the ratio of the scores of the two states and generate a uniform 
+     # bit.
+     r <- exp(prop_lik - curr_lik)
+     p <- runif(1)
+     
+     # Print the current progress.
+     cat(format(round(r, 3), nsmall = 3), '\t', format(round(p, 3), nsmall = 3), '\n', sep = '')
+     
+     # Transition if the proposed state is better or if the coin flip succeeds.
+     if (p < r) { 
+       curr <- prop
+       curr_lik <- prop_lik
+       
+       # If the new likelihood is better than the best we've seen so far, replace 
+       # the best.
+       if (curr_lik > best_lik) {
+         best <- curr
+         best_lik <- curr_lik
+       }
+     }
+     
+     # Save the path, best state, and likelihoods so far.
+     write.table(path, file = 'path.txt', row.names = F, col.names = F)
+     write.table(liks, file = 'liks.txt', row.names = F, col.names = F)
+     write.table(best, file = 'best.txt', row.names = F, col.names = F)
+   }
+   path[num_iter + 1, ] <- curr
+   liks[num_iter + 1] <- curr_lik
+   return(list(path, liks, best))
+ }
> 
> # Solve for optimal values via MCMC.
> tgt <- c(0.05, 0.08, 0.25)
> start <- c(12.4794240359735, 0.0381587642032778, 0.0000789400065449056)
> results <- metropolis(start, tgt, num_sim = 1000, num_iter = 1000)
[12.479	0.03816	0.000079]	10.788	[12.477	0.03757	0.000077]	10.227	0.571	0.826
[12.479	0.03816	0.000079]	10.788	[12.462	0.03915	0.000078]	10.614	0.841	0.851
[12.479	0.03816	0.000079]	10.788	[12.480	0.03906	0.000076]	10.718	0.932	0.506
[12.480	0.03906	0.000076]	10.718	[12.467	0.04073	0.000075]	9.637	0.339	0.422
[12.480	0.03906	0.000076]	10.718	[12.472	0.03807	0.000076]	10.356	0.697	0.019
[12.472	0.03807	0.000076]	10.356	[12.457	0.03872	0.000076]	10.379	1.023	0.276
[12.457	0.03872	0.000076]	10.379	[12.436	0.03897	0.000075]	9.224	0.315	0.733
[12.457	0.03872	0.000076]	10.379	[12.439	0.03927	0.000077]	10.338	0.959	0.154
[12.439	0.03927	0.000077]	10.338	[12.425	0.04104	0.000078]	10.123	0.807	0.398
[12.425	0.04104	0.000078]	10.123	[12.438	0.04098	0.000078]	9.500	0.536	0.523
[12.438	0.04098	0.000078]	9.500	[12.419	0.04275	0.000077]	10.267	2.152	0.922
[12.419	0.04275	0.000077]	10.267	[12.408	0.04224	0.000077]	11.229	2.619	0.979
[12.408	0.04224	0.000077]	11.229	[12.408	0.04206	0.000077]	10.719	0.601	0.513
[12.408	0.04206	0.000077]	10.719	[12.413	0.04100	0.000077]	10.009	0.492	0.456
[12.413	0.04100	0.000077]	10.009	[12.421	0.04006	0.000077]	10.086	1.079	0.006
[12.421	0.04006	0.000077]	10.086	[12.425	0.03991	0.000077]	9.475	0.543	0.660
[12.421	0.04006	0.000077]	10.086	[12.402	0.03986	0.000075]	9.755	0.719	0.672
[12.402	0.03986	0.000075]	9.755	[12.412	0.03944	0.000075]	10.173	1.519	0.894
[12.412	0.03944	0.000075]	10.173	[12.414	0.03998	0.000075]	10.398	1.252	0.661
[12.414	0.03998	0.000075]	10.398	[12.407	0.03933	0.000075]	9.730	0.513	0.318
[12.407	0.03933	0.000075]	9.730	[12.403	0.03734	0.000073]	9.563	0.846	0.227
[12.403	0.03734	0.000073]	9.563	[12.411	0.03734	0.000073]	9.552	0.989	0.487
[12.411	0.03734	0.000073]	9.552	[12.410	0.03937	0.000073]	9.538	0.986	0.795
[12.410	0.03937	0.000073]	9.538	[12.409	0.03982	0.000073]	9.492	0.955	0.415
[12.409	0.03982	0.000073]	9.492	[12.415	0.03882	0.000074]	9.886	1.483	0.657
[12.415	0.03882	0.000074]	9.886	[12.446	0.03829	0.000074]	9.997	1.118	0.287
[12.446	0.03829	0.000074]	9.997	[12.435	0.03761	0.000075]	10.552	1.741	0.076
[12.435	0.03761	0.000075]	10.552	[12.426	0.03751	0.000076]	9.852	0.497	0.693
[12.435	0.03761	0.000075]	10.552	[12.429	0.03764	0.000074]	10.395	0.855	0.336
[12.429	0.03764	0.000074]	10.395	[12.415	0.03761	0.000073]	10.343	0.949	0.502
[12.415	0.03761	0.000073]	10.343	[12.400	0.03987	0.000073]	9.770	0.564	0.763
[12.415	0.03761	0.000073]	10.343	[12.403	0.03638	0.000071]	9.141	0.301	0.399
[12.415	0.03761	0.000073]	10.343	[12.408	0.03660	0.000075]	9.523	0.441	0.020
[12.408	0.03660	0.000075]	9.523	[12.399	0.03792	0.000075]	9.362	0.851	0.338
[12.399	0.03792	0.000075]	9.362	[12.406	0.03751	0.000076]	9.414	1.054	0.372
[12.406	0.03751	0.000076]	9.414	[12.399	0.03854	0.000074]	9.628	1.238	0.662
[12.399	0.03854	0.000074]	9.628	[12.410	0.03980	0.000075]	9.292	0.714	0.797
[12.399	0.03854	0.000074]	9.628	[12.383	0.03707	0.000073]	9.499	0.879	0.866
[12.383	0.03707	0.000073]	9.499	[12.386	0.03653	0.000073]	9.507	1.008	0.019
[12.386	0.03653	0.000073]	9.507	[12.397	0.03686	0.000075]	10.647	3.125	0.519
[12.397	0.03686	0.000075]	10.647	[12.403	0.03545	0.000074]	9.736	0.402	0.291
[12.403	0.03545	0.000074]	9.736	[12.385	0.03533	0.000074]	9.871	1.145	0.644
[12.385	0.03533	0.000074]	9.871	[12.383	0.03312	0.000074]	9.373	0.608	0.245
[12.383	0.03312	0.000074]	9.373	[12.386	0.03237	0.000073]	9.001	0.689	0.129
[12.386	0.03237	0.000073]	9.001	[12.394	0.03333	0.000075]	9.982	2.667	0.159
[12.394	0.03333	0.000075]	9.982	[12.390	0.03387	0.000074]	9.950	0.969	0.990
[12.394	0.03333	0.000075]	9.982	[12.381	0.03413	0.000075]	8.909	0.342	0.513
[12.394	0.03333	0.000075]	9.982	[12.401	0.03298	0.000074]	9.342	0.527	0.066
[12.401	0.03298	0.000074]	9.342	[12.393	0.03456	0.000074]	9.566	1.252	0.914
[12.393	0.03456	0.000074]	9.566	[12.405	0.03556	0.000074]	9.742	1.192	0.655
[12.405	0.03556	0.000074]	9.742	[12.393	0.03500	0.000075]	9.814	1.075	0.077
[12.393	0.03500	0.000075]	9.814	[12.388	0.03573	0.000076]	10.100	1.331	0.215
[12.388	0.03573	0.000076]	10.100	[12.396	0.03593	0.000076]	10.778	1.969	0.075
[12.396	0.03593	0.000076]	10.778	[12.390	0.03573	0.000075]	10.004	0.461	0.061
[12.390	0.03573	0.000075]	10.004	[12.391	0.03509	0.000077]	9.551	0.636	0.501
[12.391	0.03509	0.000077]	9.551	[12.390	0.03567	0.000077]	10.063	1.668	0.097
[12.390	0.03567	0.000077]	10.063	[12.376	0.03700	0.000075]	9.881	0.834	0.936
[12.390	0.03567	0.000077]	10.063	[12.386	0.03709	0.000077]	9.097	0.381	0.457
[12.390	0.03567	0.000077]	10.063	[12.391	0.03640	0.000078]	10.496	1.542	0.159
[12.391	0.03640	0.000078]	10.496	[12.386	0.03587	0.000080]	10.289	0.813	0.049
[12.386	0.03587	0.000080]	10.289	[12.383	0.03493	0.000080]	9.946	0.710	0.491
[12.383	0.03493	0.000080]	9.946	[12.390	0.03533	0.000080]	9.544	0.669	0.698
[12.383	0.03493	0.000080]	9.946	[12.398	0.03477	0.000082]	9.068	0.416	0.806
[12.383	0.03493	0.000080]	9.946	[12.365	0.03483	0.000081]	10.064	1.125	0.717
[12.365	0.03483	0.000081]	10.064	[12.366	0.03319	0.000080]	11.045	2.668	0.106
[12.366	0.03319	0.000080]	11.045	[12.374	0.03240	0.000080]	9.396	0.192	0.720
[12.366	0.03319	0.000080]	11.045	[12.368	0.03362	0.000081]	9.454	0.204	0.872
[12.366	0.03319	0.000080]	11.045	[12.371	0.03292	0.000080]	9.072	0.139	0.090
[12.371	0.03292	0.000080]	9.072	[12.374	0.03259	0.000079]	9.858	2.195	0.860
[12.374	0.03259	0.000079]	9.858	[12.366	0.03389	0.000080]	9.825	0.967	0.523
[12.366	0.03389	0.000080]	9.825	[12.370	0.03324	0.000080]	9.266	0.572	0.707
[12.366	0.03389	0.000080]	9.825	[12.361	0.03411	0.000078]	9.940	1.122	0.352
[12.361	0.03411	0.000078]	9.940	[12.359	0.03423	0.000076]	10.337	1.487	0.998
[12.359	0.03423	0.000076]	10.337	[12.375	0.03457	0.000077]	9.941	0.673	0.182
[12.375	0.03457	0.000077]	9.941	[12.378	0.03458	0.000079]	10.484	1.722	0.177
[12.378	0.03458	0.000079]	10.484	[12.382	0.03561	0.000078]	10.483	0.998	0.776
[12.382	0.03561	0.000078]	10.483	[12.378	0.03482	0.000078]	9.876	0.545	0.059
[12.378	0.03482	0.000078]	9.876	