
R version 4.3.0 (2023-04-21) -- "Already Tomorrow"
Copyright (C) 2023 The R Foundation for Statistical Computing
Platform: x86_64-pc-linux-gnu (64-bit)

R is free software and comes with ABSOLUTELY NO WARRANTY.
You are welcome to redistribute it under certain conditions.
Type 'license()' or 'licence()' for distribution details.

  Natural language support but running in an English locale

R is a collaborative project with many contributors.
Type 'contributors()' for more information and
'citation()' on how to cite R or R packages in publications.

Type 'demo()' for some demos, 'help()' for on-line help, or
'help.start()' for an HTML browser interface to help.
Type 'q()' to quit R.

> rm(list = ls())
> gc()
         used (Mb) gc trigger (Mb) max used (Mb)
Ncells 284765 15.3     664565 35.5   464468 24.9
Vcells 490458  3.8    8388608 64.0  1837328 14.1
> library(dplyr)

Attaching package: ‘dplyr’

The following objects are masked from ‘package:stats’:

    filter, lag

The following objects are masked from ‘package:base’:

    intersect, setdiff, setequal, union

> library(readr)
> library(foreach)
> library(doParallel)
Loading required package: iterators
Loading required package: parallel
> 
> # Set up the number of cores used for parallelization.
> message(detectCores())
24
> num_cores <- 24
> registerDoParallel(num_cores)
> 
> #########################
> #### SEIR Simulation ####
> #########################
> time <- 365 # Number of days.
> inf <- 7 # Average infectious period length.
> N <- 1000 # Population size.
> 
> create_hh <- function() {
+   # Randomly sample household sizes such that total population is 1000 
+   # individuals.
+   hh_size <- sample(x = c(3, 4, 5, 6), size = 340, replace = T)
+   
+   # Keep households such that total population is < 1000.
+   hh_size <- hh_size[which(cumsum(hh_size) < N)]
+   
+   leftover <- N - sum(hh_size)
+   if (leftover < 3) {
+     hh <- 1:length(hh_size)
+     sampled <- sample(hh[hh_size < 6], leftover)
+     hh_size[sampled] <- hh_size[sampled] + 1
+   } else {
+     hh_size <- c(hh_size, leftover)
+   }
+   return(hh_size)
+ }
> 
> SEIR <- function(params, inf = 7, verbose = F) {
+   hh_size <- create_hh()
+   
+   # Create frame for running the simulation.
+   # ID: ID of individual.
+   # SIZE: size of individual's household.
+   # HH: ID of individual's household.
+   # S: susceptibility status.
+   # E: exposed status.
+   # E_count: number of days since exposed.
+   # I: infectious status.
+   # I_count: number of days since infectious.
+   # R: recovered status.
+   # INC: incubation period.
+   # INF: infectious period.
+   data <- data.frame(ID = 1:N,
+                      SIZE = rep(hh_size, times = hh_size),
+                      HH = rep(1:length(hh_size), times = hh_size), 
+                      S = c(0, rep(1, N - 1)), 
+                      E = c(1, rep(0, N - 1)),
+                      E_count = c(1, rep(0, N - 1)), 
+                      I = 0,
+                      I_count = 0, 
+                      R = 0, 
+                      INC = c(rlnorm(1, meanlog = log(29.8), sdlog = 0.45), rep(0, N - 1)),
+                      INF = 0)
+   
+   # Create frame for storing results.
+   # ID: ID of individual.
+   # SIZE: size of individual's household.
+   # HH: ID of individual's household.
+   # TYPE: the kind of infection: household (H), community (C), or both (B).
+   # TIME: when the individual became infectious.
+   # S_NUM: number of susceptible people in individual's household when their 
+   #        infectious period begins.
+   # I_NUM: number of people in household that this individual infected over 
+   #        their infectious period.
+   results <- data[, 1:3] %>% mutate(TYPE = NA, TIME = NA, S_NUM = NA, I_NUM = 0)
+   results$TYPE[1] <- '0'
+   
+   for(t in 1:time) {
+     if (verbose) {
+       if (t %% 10 == 0) {
+         cat(paste0(t, ' '))
+       }
+     }
+     
+     # Anyone who has been infectious for as many days as their infectious period
+     # is now recovered.
+     recovered <- (data$INF > 0) & (data$I_count == data$INF)
+     if(sum(recovered, na.rm = T) > 0) {
+       data$R[recovered] <- 1
+       data$I[recovered] <- 0
+       data$I_count[recovered] <- 0 
+     }
+     
+     new_inf <- (data$INC > 0) & (data$E_count == data$INC)
+     num_new_inf <- sum(new_inf, na.rm = T)
+     if(num_new_inf > 0) {
+       # Change status to newly infectious and add infectious period.
+       data$I[new_inf] <- 1
+       random_inf <- rnorm(num_new_inf, mean = inf, sd = 1) %>% round()
+       data$INF[new_inf] <- random_inf
+       
+       # Remove exposure status and exposure count.
+       data$E[new_inf] <- 0
+       data$E_count[new_inf] <- 0 
+       
+       # Record time at which infectious period starts.
+       results$TIME[new_inf] <- t
+       
+       # Save the number of susceptible people in each infectious individual's 
+       # household.
+       S_data <- data %>% group_by(HH) %>% 
+         mutate(S_TOT = sum(S)) %>% 
+         select(HH, S_TOT)
+       results$S_NUM[new_inf == 1] <- S_data$S_TOT[new_inf == 1]
+     }
+     
+     # I_H is the number of infections inside each household.
+     # I_C is the number of infections outside each household.
+     I_data <- data %>% group_by(HH) %>% 
+       mutate(I_H = sum(I)) %>% 
+       ungroup() %>% 
+       mutate(I_C = sum(I) - I_H)
+     
+     beta_H <- params[1]
+     beta_C <- params[2]
+     beta_E <- params[3]
+     risk_H <- pmin(beta_H * data$S * I_data$I_H / N, 1)
+     risk_C <- pmin(beta_C * data$S * I_data$I_C / N, 1)
+     risk_E <- pmin(beta_E * data$S, 1)
+ 
+     new_inf_H <- rbinom(N, 1, risk_H)
+     new_inf_C <- rbinom(N, 1, risk_C)
+     new_inf_E <- rbinom(N, 1, risk_E)
+     new_exposed <- (new_inf_H == 1) | (new_inf_C == 1) | (new_inf_E == 1)
+     num_new_exposed <- sum(new_exposed, na.rm = T)
+     if (num_new_exposed > 0) {
+       # Change status to newly exposed and add incubation period.
+       data$E[new_exposed] <- 1
+       random_inc <- rlnorm(num_new_exposed, meanlog = log(29.8), sdlog = 0.45) %>% round()
+       data$INC[new_exposed] <- random_inc
+       
+       # Remove susceptible status.
+       data$S[new_exposed] <- 0
+       
+       # Get number of new infections in each household.
+       I_data <- I_data %>%
+         select(ID, HH, I, I_H) %>%
+         mutate(new_I_H = new_inf_H) %>%
+         group_by(HH) %>%
+         # Find households with at least 1 currently infectious individual. If 
+         # exactly 1 infectious individual in household, assign all new H 
+         # exposures to that individual. If there are multiple infectious 
+         # individuals, assign all infections to the infectious individual with 
+         # the first ID.
+         mutate(new_I_H = ifelse(I == 1 & ID == first(ID[I == 1]), 
+                                 sum(new_I_H), 0))
+       
+       results$I_NUM <- results$I_NUM + I_data$new_I_H
+       
+       # Label infections types.
+       results$TYPE[new_inf_H == 1] <- 'H'
+       results$TYPE[new_inf_C == 1] <- 'C'
+       results$TYPE[new_inf_E == 1] <- 'E'
+       results$TYPE[(new_inf_H == 1) & (new_inf_C == 1)] <- 'HC'
+       results$TYPE[(new_inf_H == 1) & (new_inf_E == 1)] <- 'HE'
+       results$TYPE[(new_inf_C == 1) & (new_inf_E == 1)] <- 'CE'
+       results$TYPE[(new_inf_H == 1) & (new_inf_C == 1) & (new_inf_E == 1)] <- 'HCE'
+     }
+     
+     # Increment exposure and infectious counters.
+     data$E_count[data$E == 1] <- data$E_count[data$E == 1] + 1
+     data$I_count[data$I == 1] <- data$I_count[data$I == 1] + 1
+   }
+   return(results)
+ }
> 
> metrics <- function(results) {
+   # Incidence is the proportion of the population that became infected.
+   idc <- mean(!is.na(results$TIME))
+   
+   # If incidence is 0, the SAR is undefined.
+   sar <- NA
+   prp <- NA
+   if (idc != 0) {
+     # The SAR is the average SAR for each individual that was infectious.
+     sar <- mean(results$I_NUM / results$S_NUM, na.rm = T)
+     cases <- results[!is.na(results$TIME), ]
+     prp <- mean((cases$TYPE == 'H') | (cases$TYPE == 'HC') | (cases$TYPE == 'HCE'))
+   }
+   return(c(idc, sar, prp))
+ }
> 
> ##############################
> #### Metropolis Algorithm ####
> ##############################
> score <- function(fit, tgt) {
+   # The score is the L² distance of the observed values from the target.
+   return(sum((fit - tgt)^2))
+ }
> 
> # The likelihood is calculated by first averaging the incidence and SAR over n
> # simulations with the state parameters. The likelihood is the negative log
> # score of the average incidence and SAR.
> likelihood <- function(state, tgt, n = 300) {
+   # If either parameter is nonpositive, do not transition to that state.
+   if (any(state < 0)) {
+     return(-Inf)
+   }
+   # Otherwise, find the average incidence and SAR and compute likelihood.
+   vals <- foreach (i = 1:n, .combine = c) %dopar% {
+     results <- SEIR(state)
+     metrics(results)
+   }
+   vals <- matrix(vals, n, byrow = T)
+   fit <- colMeans(vals)
+   return(-log(score(fit, tgt)))
+ }
> 
> # Proposal function
> q <- function(state, sds = c(0.1, 0.001, 0.00001)) {
+   # Sample from a multivariate normal distributions centered at the current 
+   # state. The SDs roughly correspond to the step-size of the chain for each 
+   # parameter.
+   return(rnorm(n = 3, mean = state, sd = sds))
+ }
> 
> # MCMC
> metropolis <- function(start, tgt, num_sim, num_iter) {
+   path <- matrix(NA, num_iter + 1, 3)
+   liks <- rep(NA, num_iter + 1)
+   
+   # Initialize current state.
+   curr <- start
+   curr_lik <- likelihood(curr, tgt, num_sim)
+   
+   # Initialize best state.
+   best <- curr
+   best_lik <- curr_lik
+   for (i in 1:num_iter) {
+     # Save the current state and its likelihood.
+     path[i, ] <- curr
+     liks[i] <- curr_lik
+       
+     cat('[', 
+         format(round(curr[1], 3), nsmall = 3), '\t', 
+         format(round(curr[2], 5), nsmall = 5), '\t', 
+         format(round(curr[3], 6), nsmall = 6, scientific = F), ']\t',
+         format(round(curr_lik, 3), nsmall = 3), '\t', sep = '')
+     
+     # Get a proposed state and calculate its likelihood.
+     prop <- q(curr)
+     prop_lik <- likelihood(prop, tgt, num_sim)
+     
+     cat('[', 
+         format(round(prop[1], 3), nsmall = 3), '\t', 
+         format(round(prop[2], 5), nsmall = 5), '\t', 
+         format(round(prop[3], 6), nsmall = 6, scientific = F), ']\t',
+         format(round(prop_lik, 3), nsmall = 3), '\t', sep = '')
+       
+     # Compute the ratio of the scores of the two states and generate a uniform 
+     # bit.
+     r <- exp(prop_lik - curr_lik)
+     p <- runif(1)
+     
+     # Print the current progress.
+     cat(format(round(r, 3), nsmall = 3), '\t', format(round(p, 3), nsmall = 3), '\n', sep = '')
+     
+     # Transition if the proposed state is better or if the coin flip succeeds.
+     if (p < r) { 
+       curr <- prop
+       curr_lik <- prop_lik
+       
+       # If the new likelihood is better than the best we've seen so far, replace 
+       # the best.
+       if (curr_lik > best_lik) {
+         best <- curr
+         best_lik <- curr_lik
+       }
+     }
+     
+     # Save the path, best state, and likelihoods so far.
+     write.table(path, file = 'path.txt', row.names = F, col.names = F)
+     write.table(liks, file = 'liks.txt', row.names = F, col.names = F)
+     write.table(best, file = 'best.txt', row.names = F, col.names = F)
+   }
+   path[num_iter + 1, ] <- curr
+   liks[num_iter + 1] <- curr_lik
+   return(list(path, liks, best))
+ }
> 
> # Solve for optimal values via MCMC.
> tgt <- c(0.05, 0.08, 0.25)
> start <- c(10.00, 0.005, 0.00010)
> results <- metropolis(start, tgt, num_sim = 300, num_iter = 1000)
[10.000	0.00500	0.000100]	5.777	[10.030	0.00417	0.000108]	6.361	1.793	0.676
[10.030	0.00417	0.000108]	6.361	[10.012	0.00433	0.000140]	6.179	0.833	0.533
[10.012	0.00433	0.000140]	6.179	[9.994	0.00414	0.000136]	6.022	0.855	0.144
[9.994	0.00414	0.000136]	6.022	[10.135	0.00704	0.000135]	6.178	1.169	0.571
[10.135	0.00704	0.000135]	6.178	[10.286	0.00637	0.000147]	6.359	1.198	0.407
[10.286	0.00637	0.000147]	6.359	[10.398	0.00566	0.000151]	6.024	0.715	0.903
[10.286	0.00637	0.000147]	6.359	[10.451	0.00505	0.000149]	6.384	1.026	0.309
[10.451	0.00505	0.000149]	6.384	[10.509	0.00543	0.000141]	6.370	0.986	0.854
[10.509	0.00543	0.000141]	6.370	[10.415	0.00624	0.000146]	6.277	0.911	0.379
[10.415	0.00624	0.000146]	6.277	[10.379	0.00442	0.000149]	6.258	0.981	0.442
[10.379	0.00442	0.000149]	6.258	[10.260	0.00549	0.000151]	6.133	0.883	0.407
[10.260	0.00549	0.000151]	6.133	[10.218	0.00640	0.000151]	6.069	0.938	0.676
[10.218	0.00640	0.000151]	6.069	[10.109	0.00870	0.000153]	6.077	1.008	0.275
[10.109	0.00870	0.000153]	6.077	[10.076	0.00965	0.000164]	5.856	0.802	0.312
[10.076	0.00965	0.000164]	5.856	[10.078	0.00984	0.000165]	5.994	1.149	0.678
[10.078	0.00984	0.000165]	5.994	[10.028	0.00907	0.000178]	5.805	0.827	0.968
[10.078	0.00984	0.000165]	5.994	[9.917	0.01041	0.000165]	5.799	0.823	0.861
[10.078	0.00984	0.000165]	5.994	[10.081	0.01034	0.000163]	5.963	0.969	0.507
[10.081	0.01034	0.000163]	5.963	[10.209	0.01004	0.000168]	5.788	0.839	0.095
[10.209	0.01004	0.000168]	5.788	[10.073	0.01029	0.000148]	5.889	1.107	0.331
[10.073	0.01029	0.000148]	5.889	[10.018	0.00926	0.000149]	6.268	1.460	0.882
[10.018	0.00926	0.000149]	6.268	[9.875	0.00801	0.000154]	5.811	0.633	0.617
[9.875	0.00801	0.000154]	5.811	[9.871	0.00765	0.000159]	5.842	1.031	0.380
[9.871	0.00765	0.000159]	5.842	[10.046	0.00969	0.000160]	5.962	1.128	0.163
[10.046	0.00969	0.000160]	5.962	[9.876	0.00910	0.000169]	5.642	0.726	0.450
[9.876	0.00910	0.000169]	5.642	[9.852	0.00897	0.000172]	5.696	1.055	0.890
[9.852	0.00897	0.000172]	5.696	[9.943	0.00844	0.000182]	5.728	1.033	0.723
[9.943	0.00844	0.000182]	5.728	[9.974	0.00794	0.000178]	5.881	1.165	0.852
[9.974	0.00794	0.000178]	5.881	[10.030	0.00788	0.000191]	5.714	0.847	0.908
[9.974	0.00794	0.000178]	5.881	[10.011	0.00650	0.000177]	5.914	1.034	0.333
[10.011	0.00650	0.000177]	5.914	[10.002	0.00709	0.000159]	5.957	1.044	0.491
[10.002	0.00709	0.000159]	5.957	[10.088	0.00655	0.000151]	5.985	1.029	0.071
[10.088	0.00655	0.000151]	5.985	[10.206	0.00609	0.000154]	6.291	1.357	0.554
[10.206	0.00609	0.000154]	6.291	[10.022	0.00607	0.000139]	6.081	0.811	0.446
[10.022	0.00607	0.000139]	6.081	[10.002	0.00623	0.000139]	6.153	1.074	0.339
[10.002	0.00623	0.000139]	6.153	[10.189	0.00532	0.000135]	5.971	0.834	0.141
[10.189	0.00532	0.000135]	5.971	[10.141	0.00753	0.000134]	6.340	1.446	0.761
[10.141	0.00753	0.000134]	6.340	[10.233	0.00688	0.000135]	6.262	0.925	0.677
[10.233	0.00688	0.000135]	6.262	[10.155	0.00695	0.000138]	6.224	0.963	0.327
[10.155	0.00695	0.000138]	6.224	[10.094	0.00767	0.000135]	6.144	0.923	0.116
[10.094	0.00767	0.000135]	6.144	[9.965	0.00732	0.000133]	6.131	0.988	0.548
[9.965	0.00732	0.000133]	6.131	[9.920	0.00968	0.000128]	5.940	0.826	0.956
[9.965	0.00732	0.000133]	6.131	[9.870	0.00619	0.000142]	6.020	0.895	0.463
[9.870	0.00619	0.000142]	6.020	[10.021	0.00576	0.000152]	5.888	0.876	0.670
[10.021	0.00576	0.000152]	5.888	[10.059	0.00720	0.000151]	5.974	1.090	0.484
[10.059	0.00720	0.000151]	5.974	[10.129	0.00670	0.000142]	6.281	1.358	0.082
[10.129	0.00670	0.000142]	6.281	[10.167	0.00672	0.000158]	6.054	0.798	0.142
[10.167	0.00672	0.000158]	6.054	[10.103	0.00699	0.000168]	5.872	0.833	0.476
[10.103	0.00699	0.000168]	5.872	[10.091	0.00643	0.000163]	6.081	1.233	0.476
[10.091	0.00643	0.000163]	6.081	[10.464	0.00668	0.000149]	6.409	1.388	0.223
[10.464	0.00668	0.000149]	6.409	[10.606	0.00592	0.000144]	6.545	1.146	0.018
[10.606	0.00592	0.000144]	6.545	[10.606	0.00697	0.000141]	6.472	0.929	0.303
[10.606	0.00697	0.000141]	6.472	[10.634	0.00655	0.000144]	6.988	1.676	0.734
[10.634	0.00655	0.000144]	6.988	[10.576	0.00694	0.000137]	6.529	0.632	0.924
[10.634	0.00655	0.000144]	6.988	[10.393	0.00642	0.000150]	6.150	0.433	0.647
[10.634	0.00655	0.000144]	6.988	[10.729	0.00689	0.000126]	6.568	0.657	0.641
[10.729	0.00689	0.000126]	6.568	[10.573	0.00672	0.000119]	6.659	1.095	0.050
[10.573	0.00672	0.000119]	6.659	[10.506	0.00648	0.000117]	6.800	1.151	0.106
[10.506	0.00648	0.000117]	6.800	[10.559	0.00544	0.000107]	6.707	0.911	0.187
[10.559	0.00544	0.000107]	6.707	[10.652	0.00629	0.000107]	6.879	1.188	0.035
[10.652	0.00629	0.000107]	6.879	[10.665	0.00525	0.000113]	7.087	1.231	0.586
[10.665	0.00525	0.000113]	7.087	[10.733	0.00524	0.000108]	6.949	0.872	0.026
[10.733	0.00524	0.000108]	6.949	[10.767	0.00477	0.000103]	7.085	1.146	0.995
[10.767	0.00477	0.000103]	7.085	[10.868	0.00469	0.000122]	7.016	0.933	0.507
[10.868	0.00469	0.000122]	7.016	[10.982	0.00553	0.000122]	7.098	1.086	0.675
[10.982	0.00553	0.000122]	7.098	[10.995	0.00644	0.000103]	7.342	1.276	0.021
[10.995	0.00644	0.000103]	7.342	[11.000	0.00518	0.000105]	7.257	0.919	0.899
[11.000	0.00518	0.000105]	7.257	[11.080	0.00619	0.000105]	7.136	0.886	0.445
[11.080	0.00619	0.000105]	7.136	[11.035	0.00546	0.000107]	6.741	0.674	0.644
[11.035	0.00546	0.000107]	6.741	[10.990	0.00566	0.000101]	7.005	1.302	0.372
[10.990	0.00566	0.000101]	7.005	[10.880	0.00582	0.000100]	7.271	1.304	0.136
[10.880	0.00582	0.000100]	7.271	[11.055	0.00423	0.000103]	7.381	1.117	0.641
[11.055	0.00423	0.000103]	7.381	[11.243	0.00630	0.000096]	7.114	0.765	0.031
[11.243	0.00630	0.000096]	7.114	[11.341	0.00654	0.000106]	7.625	1.666	0.078
[11.341	0.00654	0.000106]	7.625	[11.295	0.00666	0.000089]	7.703	1.082	0.241
[11.295	0.00666	0.000089]	7.703	[11.326	0.00845	0.000073]	7.619	0.919	0.733
[11.326	0.00845	0.000073]	7.619	[11.194	0.00921	0.000072]	7.039	0.560	0.170
[11.194	0.00921	0.000072]	7.039	[11.178	0.00825	0.000079]	7.480	1.553	0.396
[11.178	0.00825	0.000079]	7.480	[11.153	0.00862	0.000103]	7.075	0.668	0.539
[11.153	0.00862	0.000103]	7.075	[11.133	0.01023	0.000101]	7.400	1.383	0.187
[11.133	0.01023	0.000101]	7.400	[11.099	0.00990	0.000095]	6.883	0.597	0.300
[11.099	0.00990	0.000095]	6.883	[11.120	0.00893	0.000106]	7.356	1.605	0.259
[11.120	0.00893	0.000106]	7.356	[11.178	0.00813	0.000112]	7.706	1.419	0.662
[11.178	0.00813	0.000112]	7.706	[11.139	0.00737	0.000103]	8.024	1.375	0.101
[11.139	0.00737	0.000103]	8.024	[11.163	0.00775	0.000088]	7.431	0.552	0.763
[11.139	0.00737	0.000103]	8.024	[11.165	0.00739	0.000093]	6.957	0.344	0.555
[11.139	0.00737	0.000103]	8.024	[11.220	0.00872	0.000097]	7.061	0.382	0.960
[11.139	0.00737	0.000103]	8.024	[11.285	0.00694	0.000107]	7.221	0.448	0.733
[11.139	0.00737	0.000103]	8.024	[11.282	0.00690	0.000113]	8.206	1.200	0.638
[11.282	0.00690	0.000113]	8.206	[11.302	0.00534	0.000125]	7.615	0.553	0.210
[11.302	0.00534	0.000125]	7.615	[11.352	0.00509	0.000111]	7.672	1.059	0.947
[11.352	0.00509	0.000111]	7.672	[11.419	0.00506	0.000111]	8.238	1.761	0.195
[11.419	0.00506	0.000111]	8.238	[11.401	0.00573	0.000121]	7.930	0.735	0.840
[11.419	0.00506	0.000111]	8.238	[11.437	0.00566	0.000108]	8.264	1.027	0.728
[11.437	0.00566	0.000108]	8.264	[11.568	0.00648	0.000105]	7.676	0.555	0.160
[11.568	0.00648	0.000105]	7.676	[11.456	0.00560	0.000112]	7.605	0.932	0.152
[11.456	0.00560	0.000112]	7.605	[11.395	0.00505	0.000103]	7.405	0.819	0.773
[11.395	0.00505	0.000103]	7.405	[11.257	0.00545	0.000127]	7.545	1.150	0.661
[11.257	0.00545	0.000127]	7.545	[11.079	0.00420	0.000116]	6.964	0.559	0.146
[11.079	0.00420	0.000116]	6.964	[10.851	0.00278	0.000127]	6.919	0.957	0.177
[10.851	0.00278	0.000127]	6.919	[11.065	0.00267	0.000124]	7.255	1.399	0.801
[11.065	0.00267	0.000124]	7.255	[11.096	0.00232	0.000123]	7.291	1.037	0.342
[11.096	0.00232	0.000123]	7.291	[11.045	0.00182	0.000115]	7.135	0.855	0.928
[11.096	0.00232	0.000123]	7.291	[11.053	0.00292	0.000116]	7.592	1.350	0.266
[11.053	0.00292	0.000116]	7.592	[11.142	0.00315	0.000104]	7.803	1.236	0.475
[11.142	0.00315	0.000104]	7.803	[11.187	0.00211	0.000117]	7.397	0.666	0.350
[11.187	0.00211	0.000117]	7.397	[11.014	0.00165	0.000123]	7.249	0.863	0.117
[11.014	0.00165	0.000123]	7.249	[11.049	0.00184	0.000128]	6.855	0.675	0.455
[11.049	0.00184	0.000128]	6.855	[11.012	0.00290	0.000126]	7.255	1.491	0.626
[11.012	0.00290	0.000126]	7.255	[10.881	0.00293	0.000131]	6.900	0.701	0.133
[10.881	0.00293	0.000131]	6.900	[10.912	0.00304	0.000156]	6.868	0.968	0.125
[10.912	0.00304	0.000156]	6.868	[10.941	0.00407	0.000138]	6.847	0.980	0.398
[10.941	0.00407	0.000138]	6.847	[10.932	0.00119	0.000143]	6.767	0.923	0.027
[10.932	0.00119	0.000143]	6.767	[10.886	0.00136	0.000128]	6.757	0.990	0.013
[10.886	0.00136	0.000128]	6.757	[10.726	0.00204	0.000119]	6.348	0.664	0.590
[10.726	0.00204	0.000119]	6.348	[10.809	0.00193	0.000109]	6.541	1.214	0.125
[10.809	0.00193	0.000109]	6.541	[10.662	0.00125	0.000113]	6.701	1.173	0.701
[10.662	0.00125	0.000113]	6.701	[10.855	0.00049	0.000126]	7.215	1.673	0.316
[10.855	0.00049	0.000126]	7.215	[10.912	0.00000	0.000127]	6.748	0.627	0.130
[10.912	0.00000	0.000127]	6.748	[11.091	-7e-05	0.000125]	-Inf	0.000	0.847
[10.912	0.00000	0.000127]	6.748	[10.768	6e-05	0.000120]	6.963	1.240	0.147
[10.768	6e-05	0.000120]	6.963	[10.723	-0.00082	0.000108]	-Inf	0.000	0.279
[10.768	6e-05	0.000120]	6.963	[10.792	-6e-04	0.000118]	-Inf	0.000	0.165
[10.768	6e-05	0.000120]	6.963	[10.716	0.00100	0.000131]	6.850	0.892	0.474
[10.716	0.00100	0.000131]	6.850	[10.744	0.00208	0.000136]	6.787	0.940	0.259
[10.744	0.00208	0.000136]	6.787	[10.829	0.00260	0.000133]	7.013	1.253	0.919
[10.829	0.00260	0.000133]	7.013	[10.842	0.00344	0.000131]	7.048	1.036	0.992
[10.842	0.00344	0.000131]	7.048	[10.782	0.00391	0.000129]	6.848	0.818	0.467
[10.782	0.00391	0.000129]	6.848	[10.680	0.00274	0.000144]	6.774	0.928	0.923
[10.680	0.00274	0.000144]	6.774	[10.558	0.00214	0.000137]	6.497	0.758	0.796
[10.680	0.00274	0.000144]	6.774	[10.691	0.00194	0.000155]	6.584	0.827	0.536
[10.691	0.00194	0.000155]	6.584	[10.550	6e-04	0.000151]	6.431	0.858	0.301
[10.550	6e-04	0.000151]	6.431	[10.680	-0.00067	0.000158]	-Inf	0.000	0.852
[10.550	6e-04	0.000151]	6.431	[10.509	0.00104	0.000150]	6.533	1.107	0.389
[10.509	0.00104	0.000150]	6.533	[10.607	0.00229	0.000159]	6.313	0.803	0.012
[10.607	0.00229	0.000159]	6.313	[10.629	0.00139	0.000159]	6.412	1.104	0.166
[10.629	0.00139	0.000159]	6.412	[10.650	0.00220	0.000150]	6.835	1.527	0.508
[10.650	0.00220	0.000150]	6.835	[10.770	0.00277	0.000157]	6.730	0.900	0.998
[10.650	0.00220	0.000150]	6.835	[10.771	0.00209	0.000157]	6.430	0.667	0.204
[10.771	0.00209	0.000157]	6.430	[10.868	0.00248	0.000154]	6.902	1.604	0.324
[10.868	0.00248	0.000154]	6.902	[10.990	0.00303	0.000159]	6.816	0.918	0.231
[10.990	0.00303	0.000159]	6.816	[10.932	0.00187	0.000159]	6.846	1.030	0.832
[10.932	0.00187	0.000159]	6.846	[10.903	0.00166	0.000155]	6.760	0.917	0.186
[10.903	0.00166	0.000155]	6.760	[10.985	0.00099	0.000167]	7.093	1.395	0.643
[10.985	0.00099	0.000167]	7.093	[11.028	0.00042	0.000170]	6.739	0.702	0.364
[11.028	0.00042	0.000170]	6.739	[10.938	0.00099	0.000168]	6.726	0.987	0.659
[10.938	0.00099	0.000168]	6.726	[10.809	0.00063	0.000188]	6.144	0.559	0.673
[10.938	0.00099	0.000168]	6.726	[10.981	0.00212	0.000170]	6.767	1.042	0.522
[10.981	0.00212	0.000170]	6.767	[10.823	0.00180	0.000163]	6.609	0.854	0.430
[10.823	0.00180	0.000163]	6.609	[10.778	0.00124	0.000137]	7.004	1.484	0.762
[10.778	0.00124	0.000137]	7.004	[10.740	0.00171	0.000138]	7.164	1.174	0.655
[10.740	0.00171	0.000138]	7.164	[10.750	0.00161	0.000159]	6.711	0.635	0.726
[10.740	0.00171	0.000138]	7.164	[10.948	0.00309	0.000142]	7.112	0.949	0.566
[10.948	0.00309	0.000142]	7.112	[10.881	0.00320	0.000146]	7.015	0.908	0.429
[10.881	0.00320	0.000146]	7.015	[10.830	0.00314	0.000149]	7.188	1.189	0.731
[10.830	0.00314	0.000149]	7.188	[10.929	0.00375	0.000162]	6.680	0.602	0.958
[10.830	0.00314	0.000149]	7.188	[10.638	0.00302	0.000144]	6.674	0.598	0.043
[10.638	0.00302	0.000144]	6.674	[10.474	0.00543	0.000161]	6.405	0.764	0.287
[10.474	0.00543	0.000161]	6.405	[10.607	0.00618	0.000160]	6.558	1.165	0.383
[10.607	0.00618	0.000160]	6.558	[10.630	0.00575	0.000167]	6.384	0.841	0.244
[10.630	0.00575	0.000167]	6.384	[10.743	0.00624	0.000165]	6.587	1.224	0.147
[10.743	0.00624	0.000165]	6.587	[10.612	0.00675	0.000152]	6.326	0.771	0.140
[10.612	0.00675	0.000152]	6.326	[10.690	0.00707	0.000147]	6.645	1.376	0.593
[10.690	0.00707	0.000147]	6.645	[10.617	0.00636	0.000146]	6.667	1.022	0.987
[10.617	0.00636	0.000146]	6.667	[10.588	0.00686	0.000168]	6.285	0.682	0.258
[10.588	0.00686	0.000168]	6.285	[10.452	0.00773	0.000151]	6.358	1.075	0.028
[10.452	0.00773	0.000151]	6.358	[10.600	0.00834	0.000165]	6.338	0.980	0.567
[10.600	0.00834	0.000165]	6.338	[10.546	0.00861	0.000163]	6.302	0.965	0.642
[10.546	0.00861	0.000163]	6.302	[10.577	0.00819	0.000172]	6.360	1.060	0.206
[10.577	0.00819	0.000172]	6.360	[10.618	0.00912	0.000164]	6.399	1.040	0.515
[10.618	0.00912	0.000164]	6.399	[10.642	0.00765	0.000172]	6.453	1.056	0.016
[10.642	0.00765	0.000172]	6.453	[10.520	0.00809	0.000146]	6.359	0.910	0.420
[10.520	0.00809	0.000146]	6.359	[10.328	0.01000	0.000129]	6.301	0.944	0.016
[10.328	0.01000	0.000129]	6.301	[10.326	0.00898	0.000124]	6.386	1.089	0.903
[10.326	0.00898	0.000124]	6.386	[10.276	0.00913	0.000127]	6.320	0.937	0.104
[10.276	0.00913	0.000127]	6.320	[10.269	0.01044	0.000143]	6.227	0.911	0.073
[10.269	0.01044	0.000143]	6.227	[10.283	0.00987	0.000142]	6.306	1.082	0.915
[10.283	0.00987	0.000142]	6.306	[10.335	0.01149	0.000136]	6.565	1.296	0.365
[10.335	0.01149	0.000136]	6.565	[10.293	0.01099	0.000145]	6.291	0.760	0.953
[10.335	0.01149	0.000136]	6.565	[10.291	0.01067	0.000140]	6.192	0.689	0.674
[10.291	0.01067	0.000140]	6.192	[10.299	0.00986	0.000148]	6.250	1.060	0.522
[10.299	0.00986	0.000148]	6.250	[10.236	0.00989	0.000130]	6.409	1.171	0.049
[10.236	0.00989	0.000130]	6.409	[10.270	0.01092	0.000113]	6.464	1.057	0.339
[10.270	0.01092	0.000113]	6.464	[10.236	0.01075	0.000131]	6.150	0.731	0.896
[10.270	0.01092	0.000113]	6.464	[10.307	0.01009	0.000115]	6.515	1.052	0.795
[10.307	0.01009	0.000115]	6.515	[10.253	0.00902	0.000132]	6.521	1.006	0.189
[10.253	0.00902	0.000132]	6.521	[10.257	0.00908	0.000143]	6.275	0.783	0.565
[10.257	0.00908	0.000143]	6.275	[10.275	0.00875	0.000158]	6.408	1.142	0.833
[10.275	0.00875	0.000158]	6.408	[10.299	0.00948	0.000180]	5.931	0.620	0.761
[10.275	0.00875	0.000158]	6.408	[10.218	0.00942	0.000169]	5.967	0.643	0.356
[10.218	0.00942	0.000169]	5.967	[10.151	0.00880	0.000162]	6.025	1.059	0.857
[10.151	0.00880	0.000162]	6.025	[10.124	0.00775	0.000166]	5.878	0.863	0.910
[10.151	0.00880	0.000162]	6.025	[10.077	0.00777	0.000172]	6.055	1.031	0.018
[10.077	0.00777	0.000172]	6.055	[9.982	0.00909	0.000166]	5.874	0.834	0.959
[10.077	0.00777	0.000172]	6.055	[10.061	0.00819	0.000180]	5.941	0.892	0.192
[10.061	0.00819	0.000180]	5.941	[10.331	0.00870	0.000185]	5.858	0.920	0.504
[10.331	0.00870	0.000185]	5.858	[10.101	0.00807	0.000176]	6.018	1.173	0.566
[10.101	0.00807	0.000176]	6.018	[10.044	0.00844	0.000161]	5.754	0.769	0.747
[10.044	0.00844	0.000161]	5.754	[9.906	0.00880	0.000172]	5.945	1.210	0.501
[9.906	0.00880	0.000172]	5.945	[9.912	0.00892	0.000174]	5.777	0.845	0.269
[9.912	0.00892	0.000174]	5.777	[9.967	0.00824	0.000172]	5.821	1.045	0.244
[9.967	0.00824	0.000172]	5.821	[10.113	0.00706	0.000168]	5.810	0.990	0.899
[10.113	0.00706	0.000168]	5.810	[10.093	0.00677	0.000177]	6.038	1.256	0.203
[10.093	0.00677	0.000177]	6.038	[10.195	0.00869	0.000177]	5.910	0.880	0.377
[10.195	0.00869	0.000177]	5.910	[10.341	0.00839	0.000176]	6.221	1.365	0.882
[10.341	0.00839	0.000176]	6.221	[10.300	0.00844	0.000187]	5.809	0.662	0.613
[10.300	0.00844	0.000187]	5.809	[10.353	0.00915	0.000203]	5.663	0.864	0.236
[10.353	0.00915	0.000203]	5.663	[10.363	0.01019	0.000196]	5.786	1.130	0.133
[10.363	0.01019	0.000196]	5.786	[10.472	0.01129	0.000197]	5.809	1.024	0.693
[10.472	0.01129	0.000197]	5.809	[10.243	0.01243	0.000189]	5.751	0.943	0.856
[10.243	0.01243	0.000189]	5.751	[10.181	0.01295	0.000176]	5.794	1.044	0.214
[10.181	0.01295	0.000176]	5.794	[10.118	0.01380	0.000173]	5.854	1.062	0.514
[10.118	0.01380	0.000173]	5.854	[10.160	0.01512	0.000171]	5.829	0.975	0.559
[10.160	0.01512	0.000171]	5.829	[10.275	0.01637	0.000152]	6.112	1.328	0.757
[10.275	0.01637	0.000152]	6.112	[10.203	0.01614	0.000159]	6.051	0.941	0.756
[10.203	0.01614	0.000159]	6.051	[10.198	0.01638	0.000157]	6.262	1.235	0.468
[10.198	0.01638	0.000157]	6.262	[10.215	0.01587	0.000146]	6.105	0.854	0.695
[10.215	0.01587	0.000146]	6.105	[10.505	0.01710	0.000144]	6.278	1.189	0.090
[10.505	0.01710	0.000144]	6.278	[10.531	0.01718	0.000154]	6.323	1.046	0.010
[10.531	0.01718	0.000154]	6.323	[10.446	0.01945	0.000174]	5.904	0.658	0.475
[10.446	0.01945	0.000174]	5.904	[10.480	0.02038	0.000164]	5.984	1.083	0.024
[10.480	0.02038	0.000164]	5.984	[10.515	0.02102	0.000165]	6.070	1.089	0.900
[10.515	0.02102	0.000165]	6.070	[10.517	0.01955	0.000168]	6.014	0.946	0.167
[10.517	0.01955	0.000168]	6.014	[10.475	0.02027	0.000169]	6.122	1.114	0.635
[10.475	0.02027	0.000169]	6.122	[10.516	0.02057	0.000162]	6.095	0.974	0.519
[10.516	0.02057	0.000162]	6.095	[10.488	0.01905	0.000158]	6.137	1.043	0.559
[10.488	0.01905	0.000158]	6.137	[10.431	0.02099	0.000177]	5.845	0.747	0.971
[10.488	0.01905	0.000158]	6.137	[10.480	0.01893	0.000154]	6.227	1.095	0.629
[10.480	0.01893	0.000154]	6.227	[10.380	0.01955	0.000153]	6.096	0.877	0.724
[10.380	0.01955	0.000153]	6.096	[10.459	0.01961	0.000162]	6.157	1.063	0.384
[10.459	0.01961	0.000162]	6.157	[10.393	0.02009	0.000171]	6.017	0.869	0.438
[10.393	0.02009	0.000171]	6.017	[10.140	0.01957	0.000180]	5.693	0.723	0.618
[10.140	0.01957	0.000180]	5.693	[10.098	0.02096	0.000189]	5.621	0.930	0.946
[10.140	0.01957	0.000180]	5.693	[10.047	0.01964	0.000182]	5.663	0.970	0.600
[10.047	0.01964	0.000182]	5.663	[10.054	0.01893	0.000199]	5.415	0.781	0.249
[10.054	0.01893	0.000199]	5.415	[10.051	0.01905	0.000200]	5.507	1.096	0.319
[10.051	0.01905	0.000200]	5.507	[10.013	0.01850	0.000200]	5.466	0.960	0.937
[10.013	0.01850	0.000200]	5.466	[9.804	0.01816	0.000214]	5.290	0.838	0.799
[9.804	0.01816	0.000214]	5.290	[9.939	0.01798	0.000230]	5.240	0.951	0.378
[9.939	0.01798	0.000230]	5.240	[10.082	0.01833	0.000235]	5.221	0.982	0.893
[10.082	0.01833	0.000235]	5.221	[10.168	0.01695	0.000243]	5.115	0.900	0.533
[10.168	0.01695	0.000243]	5.115	[10.119	0.01549	0.000234]	5.215	1.105	0.513
[10.119	0.01549	0.000234]	5.215	[10.151	0.01556	0.000239]	5.238	1.023	0.930
[10.151	0.01556	0.000239]	5.238	[10.245	0.01410	0.000243]	5.259	1.021	0.478
[10.245	0.01410	0.000243]	5.259	[10.198	0.01411	0.000245]	5.215	0.957	0.466
[10.198	0.01411	0.000245]	5.215	[10.241	0.01420	0.000245]	5.143	0.930	0.934
[10.198	0.01411	0.000245]	5.215	[10.200	0.01444	0.000252]	5.113	0.903	0.596
[10.200	0.01444	0.000252]	5.113	[10.219	0.01419	0.000253]	5.123	1.010	0.879
[10.219	0.01419	0.000253]	5.123	[10.260	0.01401	0.000251]	5.120	0.998	0.365
[10.260	0.01401	0.000251]	5.120	[10.239	0.01321	0.000255]	5.076	0.957	0.779
[10.239	0.01321	0.000255]	5.076	[10.484	0.01376	0.000266]	5.065	0.989	0.071
[10.484	0.01376	0.000266]	5.065	[10.510	0.01530	0.000274]	4.951	0.892	0.320
[10.510	0.01530	0.000274]	4.951	[10.399	0.01303	0.000269]	5.002	1.052	0.892
[10.399	0.01303	0.000269]	5.002	[10.517	0.01410	0.000277]	4.952	0.951	0.153
[10.517	0.01410	0.000277]	4.952	[10.682	0.01314	0.000273]	5.084	1.141	0.581
[10.682	0.01314	0.000273]	5.084	[10.806	0.01364	0.000268]	5.093	1.010	0.040
[10.806	0.01364	0.000268]	5.093	[10.806	0.01268	0.000268]	5.183	1.094	0.349
[10.806	0.01268	0.000268]	5.183	[10.756	0.01240	0.000262]	5.154	0.971	0.478
[10.756	0.01240	0.000262]	5.154	[10.945	0.01345	0.000258]	5.255	1.107	0.745
[10.945	0.01345	0.000258]	5.255	[10.863	0.01232	0.000264]	5.173	0.921	0.540
[10.863	0.01232	0.000264]	5.173	[10.977	0.01138	0.000268]	5.200	1.027	0.064
[10.977	0.01138	0.000268]	5.200	[10.857	0.01053	0.000273]	5.202	1.002	0.172
[10.857	0.01053	0.000273]	5.202	[10.832	0.01004	0.000250]	5.410	1.231	0.868
[10.832	0.01004	0.000250]	5.410	[10.766	0.01055	0.000280]	5.096	0.731	0.214
[10.766	0.01055	0.000280]	5.096	[10.819	0.00928	0.000271]	5.195	1.104	0.009
[10.819	0.00928	0.000271]	5.195	[10.847	0.01133	0.000257]	5.250	1.056	0.739
[10.847	0.01133	0.000257]	5.250	[10.800	0.01138	0.000252]	5.310	1.062	0.328
[10.800	0.01138	0.000252]	5.310	[10.836	0.01070	0.000253]	5.343	1.034	0.779
[10.836	0.01070	0.000253]	5.343	[10.970	0.01136	0.000261]	5.276	0.935	0.796
[10.970	0.01136	0.000261]	5.276	[11.080	0.01005	0.000255]	5.337	1.064	0.500
[11.080	0.01005	0.000255]	5.337	[10.875	0.00877	0.000265]	5.233	0.901	0.163
[10.875	0.00877	0.000265]	5.233	[10.952	0.00771	0.000259]	5.409	1.192	0.255
[10.952	0.00771	0.000259]	5.409	[10.800	0.00817	0.000263]	5.309	0.905	0.004
[10.800	0.00817	0.000263]	5.309	[10.730	0.00732	0.000273]	5.210	0.905	0.928
[10.800	0.00817	0.000263]	5.309	[10.726	0.00888	0.000268]	5.201	0.897	0.678
[10.726	0.00888	0.000268]	5.201	[10.736	0.01026	0.000250]	5.300	1.105	0.772
[10.736	0.01026	0.000250]	5.300	[10.680	0.00983	0.000257]	5.298	0.998	0.497
[10.680	0.00983	0.000257]	5.298	[10.653	0.01040	0.000238]	5.436	1.148	0.009
[10.653	0.01040	0.000238]	5.436	[10.631	0.01056	0.000224]	5.588	1.163	0.461
[10.631	0.01056	0.000224]	5.588	[10.589	0.00857	0.000225]	5.651	1.066	0.883
[10.589	0.00857	0.000225]	5.651	[10.747	0.00971	0.000221]	5.626	0.975	0.220
[10.747	0.00971	0.000221]	5.626	[10.766	0.01153	0.000216]	5.755	1.138	0.967
[10.766	0.01153	0.000216]	5.755	[10.644	0.01050	0.000193]	5.940	1.203	0.004
[10.644	0.01050	0.000193]	5.940	[10.592	0.01021	0.000192]	5.942	1.003	0.860
[10.592	0.01021	0.000192]	5.942	[10.551	0.00939	0.000189]	5.968	1.025	0.541
[10.551	0.00939	0.000189]	5.968	[10.576	0.00982	0.000206]	5.823	0.866	0.691
[10.576	0.00982	0.000206]	5.823	[10.428	0.01028	0.000211]	5.700	0.884	0.185
[10.428	0.01028	0.000211]	5.700	[10.577	0.01119	0.000209]	5.720	1.020	0.860
[10.577	0.01119	0.000209]	5.720	[10.624	0.01137	0.000206]	5.717	0.998	0.591
[10.624	0.01137	0.000206]	5.717	[10.776	0.01137	0.000203]	5.972	1.290	0.937
[10.776	0.01137	0.000203]	5.972	[10.785	0.01194	0.000214]	5.766	0.814	0.267
[10.785	0.01194	0.000214]	5.766	[10.622	0.01260	0.000212]	5.707	0.943	0.528
[10.622	0.01260	0.000212]	5.707	[10.534	0.01392	0.000208]	5.624	0.920	0.197
[10.534	0.01392	0.000208]	5.624	[10.639	0.01486	0.000211]	5.630	1.006	0.683
[10.639	0.01486	0.000211]	5.630	[10.636	0.01517	0.000217]	5.642	1.012	0.573
[10.636	0.01517	0.000217]	5.642	[10.755	0.01506	0.000221]	5.579	0.939	0.437
[10.755	0.01506	0.000221]	5.579	[10.690	0.01634	0.000222]	5.615	1.037	0.119
[10.690	0.01634	0.000222]	5.615	[10.645	0.01660	0.000222]	5.462	0.858	0.772
[10.645	0.01660	0.000222]	5.462	[10.675	0.01699	0.000209]	5.694	1.261	0.442
[10.675	0.01699	0.000209]	5.694	[10.744	0.01708	0.000215]	5.564	0.878	0.286
[10.744	0.01708	0.000215]	5.564	[10.808	0.01652	0.000214]	5.563	0.999	0.171
[10.808	0.01652	0.000214]	5.563	[10.800	0.01658	0.000204]	5.804	1.273	0.017
[10.800	0.01658	0.000204]	5.804	[10.893	0.01624	0.000199]	5.832	1.028	0.471
[10.893	0.01624	0.000199]	5.832	[10.890	0.01636	0.000207]	5.782	0.952	0.913
[10.890	0.01636	0.000207]	5.782	[11.108	0.01717	0.000212]	5.758	0.976	0.910
[11.108	0.01717	0.000212]	5.758	[11.114	0.01598	0.000211]	5.819	1.063	0.645
[11.114	0.01598	0.000211]	5.819	[11.220	0.01662	0.000190]	6.169	1.419	0.159
[11.220	0.01662	0.000190]	6.169	[11.255	0.01717	0.000184]	6.180	1.010	0.930
[11.255	0.01717	0.000184]	6.180	[11.217	0.01485	0.000180]	6.354	1.191	0.514
[11.217	0.01485	0.000180]	6.354	[11.226	0.01540	0.000181]	6.268	0.917	0.344
[11.226	0.01540	0.000181]	6.268	[11.286	0.01433	0.000200]	6.077	0.826	0.902
[11.226	0.01540	0.000181]	6.268	[11.394	0.01521	0.000173]	6.521	1.289	0.594
[11.394	0.01521	0.000173]	6.521	[11.391	0.01390	0.000185]	6.437	0.919	0.864
[11.391	0.01390	0.000185]	6.437	[11.342	0.01316	0.000172]	6.520	1.087	0.457
[11.342	0.01316	0.000172]	6.520	[11.388	0.01210	0.000188]	6.419	0.904	0.350
[11.388	0.01210	0.000188]	6.419	[11.410	0.01116	0.000192]	6.254	0.848	0.483
[11.410	0.01116	0.000192]	6.254	[11.404	0.01144	0.000187]	6.410	1.169	0.910
[11.404	0.01144	0.000187]	6.410	[11.687	0.01220	0.000183]	6.557	1.158	0.620
[11.687	0.01220	0.000183]	6.557	[11.732	0.01167	0.000166]	7.030	1.604	0.529
[11.732	0.01167	0.000166]	7.030	[11.901	0.01376	0.000178]	6.727	0.739	0.058
[11.901	0.01376	0.000178]	6.727	[11.960	0.01279	0.000170]	6.904	1.194	0.057
[11.960	0.01279	0.000170]	6.904	[11.932	0.01225	0.000162]	7.015	1.117	0.820
[11.932	0.01225	0.000162]	7.015	[12.038	0.01220	0.000156]	7.334	1.376	0.102
[12.038	0.01220	0.000156]	7.334	[11.984	0.01150	0.000156]	7.268	0.936	0.754
[11.984	0.01150	0.000156]	7.268	[12.083	0.01137	0.000159]	7.336	1.071	0.431
[12.083	0.01137	0.000159]	7.336	[12.144	0.01297	0.000159]	7.284	0.949	0.419
[12.144	0.01297	0.000159]	7.284	[12.243	0.01343	0.000163]	7.136	0.862	0.842
[12.243	0.01343	0.000163]	7.136	[12.246	0.01474	0.000169]	6.844	0.747	0.933
[12.243	0.01343	0.000163]	7.136	[12.248	0.01475	0.000174]	6.805	0.718	0.869
[12.243	0.01343	0.000163]	7.136	[12.222	0.01432	0.000158]	7.319	1.201	0.406
[12.222	0.01432	0.000158]	7.319	[12.145	0.01391	0.000161]	7.147	0.842	0.964
[12.222	0.01432	0.000158]	7.319	[12.207	0.01388	0.000160]	7.134	0.831	0.141
[12.207	0.01388	0.000160]	7.134	[12.104	0.01422	0.000168]	6.908	0.798	0.164
[12.104	0.01422	0.000168]	6.908	[12.032	0.01417	0.000174]	6.721	0.829	0.227
[12.032	0.01417	0.000174]	6.721	[12.032	0.01467	0.000200]	6.185	0.585	0.908
[12.032	0.01417	0.000174]	6.721	[12.036	0.01396	0.000171]	6.875	1.166	0.782
[12.036	0.01396	0.000171]	6.875	[12.061	0.01663	0.000166]	6.900	1.026	0.235
[12.061	0.01663	0.000166]	6.900	[12.302	0.01567	0.000174]	6.834	0.936	0.191
[12.302	0.01567	0.000174]	6.834	[12.296	0.01477	0.000179]	6.661	0.842	0.942
[12.302	0.01567	0.000174]	6.834	[12.246	0.01501	0.000188]	6.370	0.629	0.012
[12.246	0.01501	0.000188]	6.370	[12.131	0.01606	0.000191]	6.318	0.949	0.526
[12.131	0.01606	0.000191]	6.318	[11.995	0.01682	0.000181]	6.453	1.145	0.182
[11.995	0.01682	0.000181]	6.453	[12.098	0.01469	0.000171]	6.801	1.416	0.533
[12.098	0.01469	0.000171]	6.801	[12.110	0.01387	0.000174]	6.761	0.961	0.183
[12.110	0.01387	0.000174]	6.761	[12.006	0.01412	0.000180]	6.565	0.822	0.404
[12.006	0.01412	0.000180]	6.565	[12.036	0.01553	0.000171]	6.649	1.088	0.942
[12.036	0.01553	0.000171]	6.649	[11.960	0.01451	0.000173]	6.769	1.127	0.489
[11.960	0.01451	0.000173]	6.769	[11.806	0.01539	0.000175]	6.660	0.897	0.857
[11.806	0.01539	0.000175]	6.660	[11.713	0.01526	0.000173]	6.611	0.952	0.930
[11.713	0.01526	0.000173]	6.611	[11.848	0.01449	0.000160]	7.209	1.818	0.600
[11.848	0.01449	0.000160]	7.209	[11.823	0.01378	0.000157]	7.175	0.967	0.258
[11.823	0.01378	0.000157]	7.175	[11.865	0.01516	0.000168]	6.860	0.730	0.658
[11.865	0.01516	0.000168]	6.860	[11.799	0.01572	0.000162]	6.962	1.108	0.819
[11.799	0.01572	0.000162]	6.962	[11.856	0.01361	0.000169]	6.870	0.911	0.734
[11.856	0.01361	0.000169]	6.870	[11.853	0.01601	0.000196]	6.205	0.514	0.306
[11.853	0.01601	0.000196]	6.205	[11.755	0.01488	0.000187]	6.403	1.219	0.048
[11.755	0.01488	0.000187]	6.403	[11.770	0.01534	0.000184]	6.512	1.116	0.204
[11.770	0.01534	0.000184]	6.512	[11.636	0.01648	0.000180]	6.486	0.974	0.616
[11.636	0.01648	0.000180]	6.486	[11.691	0.01614	0.000174]	6.648	1.176	0.125
[11.691	0.01614	0.000174]	6.648	[11.533	0.01720	0.000166]	6.756	1.113	0.705
[11.533	0.01720	0.000166]	6.756	[11.699	0.01612	0.000181]	6.462	0.746	0.852
[11.533	0.01720	0.000166]	6.756	[11.485	0.01703	0.000164]	6.670	0.918	0.627
[11.485	0.01703	0.000164]	6.670	[11.539	0.01613	0.000172]	6.670	1.000	0.575
[11.539	0.01613	0.000172]	6.670	[11.651	0.01677	0.000171]	6.590	0.923	0.870
[11.651	0.01677	0.000171]	6.590	[11.707	0.01767	0.000192]	6.087	0.604	0.232
[11.707	0.01767	0.000192]	6.087	[11.502	0.01746	0.000199]	6.010	0.926	0.393
[11.502	0.01746	0.000199]	6.010	[11.503	0.01627	0.000196]	6.116	1.112	0.121
[11.503	0.01627	0.000196]	6.116	[11.605	0.01630	0.000205]	6.001	0.891	0.531
[11.605	0.01630	0.000205]	6.001	[11.520	0.01489	0.000203]	5.981	0.981	0.182
[11.520	0.01489	0.000203]	5.981	[11.582	0.01490	0.000199]	6.122	1.151	0.734
[11.582	0.01490	0.000199]	6.122	[11.737	0.01403	0.000196]	6.118	0.996	0.917
[11.737	0.01403	0.000196]	6.118	[11.688	0.01323	0.000190]	6.458	1.405	0.571
[11.688	0.01323	0.000190]	6.458	[11.774	0.01249	0.000198]	6.213	0.782	0.438
[11.774	0.01249	0.000198]	6.213	[11.800	0.01143	0.000187]	6.521	1.361	0.828
[11.800	0.01143	0.000187]	6.521	[11.873	0.01031	0.000196]	6.354	0.846	0.886
[11.800	0.01143	0.000187]	6.521	[11.811	0.01076	0.000195]	6.286	0.790	0.901
[11.800	0.01143	0.000187]	6.521	[11.807	0.01028	0.000180]	6.604	1.087	0.283
[11.807	0.01028	0.000180]	6.604	[11.807	0.01236	0.000193]	6.354	0.779	0.085
[11.807	0.01236	0.000193]	6.354	[11.903	0.01376	0.000200]	6.171	0.832	0.622
[11.903	0.01376	0.000200]	6.171	[11.985	0.01129	0.000199]	6.356	1.203	0.332
[11.985	0.01129	0.000199]	6.356	[11.972	0.00992	0.000211]	6.128	0.797	0.016
[11.972	0.00992	0.000211]	6.128	[11.821	0.00887	0.000201]	6.325	1.218	0.723
[11.821	0.00887	0.000201]	6.325	[11.710	0.00906	0.000211]	6.121	0.815	0.964
[11.821	0.00887	0.000201]	6.325	[11.917	0.00801	0.000200]	6.392	1.069	0.169
[11.917	0.00801	0.000200]	6.392	[11.846	0.00761	0.000196]	6.466	1.077	0.786
[11.846	0.00761	0.000196]	6.466	[11.844	0.00665	0.000202]	6.419	0.954	0.393
[11.844	0.00665	0.000202]	6.419	[11.742	0.00626	0.000219]	6.107	0.732	0.780
[11.844	0.00665	0.000202]	6.419	[11.919	0.00678	0.000203]	6.391	0.972	0.065
[11.919	0.00678	0.000203]	6.391	[11.910	0.00723	0.000205]	6.352	0.962	0.323
[11.910	0.00723	0.000205]	6.352	[11.838	0.00893	0.000209]	6.142	0.810	0.887
[11.910	0.00723	0.000205]	6.352	[11.927	0.00811	0.000211]	6.182	0.844	0.710
[11.927	0.00811	0.000211]	6.182	[11.885	0.00878	0.000200]	6.361	1.196	0.945
[11.885	0.00878	0.000200]	6.361	[11.935	0.01124	0.000180]	6.737	1.457	0.197
[11.935	0.01124	0.000180]	6.737	[12.155	0.01334	0.000173]	6.842	1.111	0.132
[12.155	0.01334	0.000173]	6.842	[12.225	0.01363	0.000173]	6.854	1.012	0.218
[12.225	0.01363	0.000173]	6.854	[12.275	0.01259	0.000176]	6.825	0.971	0.767
[12.275	0.01259	0.000176]	6.825	[12.199	0.01173	0.000167]	6.985	1.174	0.402
[12.199	0.01173	0.000167]	6.985	[12.306	0.01215	0.000171]	6.950	0.966	0.333
[12.306	0.01215	0.000171]	6.950	[12.397	0.01184	0.000167]	7.166	1.241	0.183
[12.397	0.01184	0.000167]	7.166	[12.472	0.01173	0.000180]	6.741	0.654	0.095
[12.472	0.01173	0.000180]	6.741	[12.247	0.01266	0.000169]	7.024	1.327	0.153
[12.247	0.01266	0.000169]	7.024	[12.315	0.01515	0.000166]	7.003	0.980	0.161
[12.315	0.01515	0.000166]	7.003	[12.302	0.01549	0.000160]	7.252	1.282	0.844
[12.302	0.01549	0.000160]	7.252	[12.256	0.01520	0.000140]	7.987	2.087	0.219
[12.256	0.01520	0.000140]	7.987	[12.225	0.01531	0.000136]	7.858	0.878	0.512
[12.225	0.01531	0.000136]	7.858	[12.273	0.01584	0.000139]	8.014	1.169	0.647
[12.273	0.01584	0.000139]	8.014	[12.208	0.01535	0.000153]	7.468	0.579	0.929
[12.273	0.01584	0.000139]	8.014	[12.307	0.01684	0.000132]	8.194	1.197	0.515
[12.307	0.01684	0.000132]	8.194	[12.352	0.01737	0.000122]	9.122	2.530	0.818
[12.352	0.01737	0.000122]	9.122	[12.462	0.01715	0.000122]	8.931	0.826	0.992
[12.352	0.01737	0.000122]	9.122	[12.268	0.01824	0.000128]	8.444	0.508	0.531
[12.352	0.01737	0.000122]	9.122	[12.264	0.01805	0.000102]	10.401	3.591	0.118
[12.264	0.01805	0.000102]	10.401	[12.468	0.01712	0.000114]	9.667	0.480	0.603
[12.264	0.01805	0.000102]	10.401	[12.174	0.01831	0.000086]	8.356	0.129	0.128
[12.174	0.01831	0.000086]	8.356	[12.018	0.01707	0.000079]	8.549	1.213	0.334
[12.018	0.01707	0.000079]	8.549	[11.991	0.01543	0.000063]	7.801	0.473	0.314
[11.991	0.01543	0.000063]	7.801	[12.012	0.01500	0.000064]	7.294	0.603	0.320
[12.012	0.01500	0.000064]	7.294	[12.006	0.01568	0.000058]	7.288	0.994	0.961
[12.006	0.01568	0.000058]	7.288	[11.837	0.01584	0.000041]	6.595	0.500	0.714
[12.006	0.01568	0.000058]	7.288	[11.999	0.01726	0.000063]	7.659	1.449	0.232
[11.999	0.01726	0.000063]	7.659	[11.930	0.01954	0.000050]	7.055	0.547	0.272
[11.930	0.01954	0.000050]	7.055	[11.890	0.02052	0.000059]	7.666	1.843	0.161
[11.890	0.02052	0.000059]	7.666	[11.847	0.01958	0.000061]	7.088	0.561	0.047
[11.847	0.01958	0.000061]	7.088	[11.828	0.02032	0.000065]	7.101	1.013	0.361
[11.828	0.02032	0.000065]	7.101	[11.903	0.01888	0.000080]	7.889	2.199	0.663
[11.903	0.01888	0.000080]	7.889	[12.204	0.01940	0.000065]	7.901	1.012	0.594
[12.204	0.01940	0.000065]	7.901	[12.209	0.01912	0.000053]	7.409	0.612	0.876
[12.204	0.01940	0.000065]	7.901	[12.217	0.01881	0.000071]	8.241	1.405	0.497
[12.217	0.01881	0.000071]	8.241	[12.175	0.01870	0.000062]	8.031	0.810	0.119
[12.175	0.01870	0.000062]	8.031	[12.172	0.01754	0.000073]	8.287	1.292	0.996
[12.172	0.01754	0.000073]	8.287	[12.210	0.01724	0.000077]	8.740	1.573	0.136
[12.210	0.01724	0.000077]	8.740	[12.072	0.01644	0.000075]	8.557	0.833	0.524
[12.072	0.01644	0.000075]	8.557	[12.154	0.01747	0.000081]	8.536	0.980	0.322
[12.154	0.01747	0.000081]	8.536	[12.077	0.01726	0.000087]	7.971	0.568	0.582
[12.154	0.01747	0.000081]	8.536	[12.148	0.01736	0.000075]	8.533	0.997	0.456
[12.148	0.01736	0.000075]	8.533	[12.221	0.01744	0.000073]	7.853	0.506	0.152
[12.221	0.01744	0.000073]	7.853	[12.353	0.01707	0.000084]	9.435	4.865	0.180
[12.353	0.01707	0.000084]	9.435	[12.373	0.01785	0.000072]	8.466	0.379	0.877
[12.353	0.01707	0.000084]	9.435	[12.284	0.01808	0.000087]	9.362	0.930	0.639
[12.284	0.01808	0.000087]	9.362	[12.294	0.01778	0.000102]	9.737	1.455	0.967
[12.294	0.01778	0.000102]	9.737	[12.277	0.01963	0.000088]	9.313	0.654	0.199
[12.277	0.01963	0.000088]	9.313	[12.127	0.01977	0.000084]	9.445	1.140	0.061
[12.127	0.01977	0.000084]	9.445	[12.194	0.01972	0.000076]	8.578	0.420	0.029
[12.194	0.01972	0.000076]	8.578	[12.173	0.01941	0.000086]	9.289	2.037	0.132
[12.173	0.01941	0.000086]	9.289	[12.055	0.01927	0.000093]	9.198	0.913	0.122
[12.055	0.01927	0.000093]	9.198	[12.026	0.01893	0.000089]	8.246	0.386	0.639
[12.055	0.01927	0.000093]	9.198	[12.008	0.01922	0.000092]	9.715	1.677	0.262
[12.008	0.01922	0.000092]	9.715	[11.816	0.01913	0.000096]	9.328	0.679	0.798
[12.008	0.01922	0.000092]	9.715	[11.941	0.01830	0.000101]	10.369	1.922	0.119
[11.941	0.01830	0.000101]	10.369	[11.937	0.01705	0.000107]	8.808	0.210	0.378
[11.941	0.01830	0.000101]	10.369	[12.025	0.01894	0.000095]	9.467	0.406	0.968
[11.941	0.01830	0.000101]	10.369	[12.049	0.01935	0.000092]	9.396	0.378	0.588
[11.941	0.01830	0.000101]	10.369	[11.961	0.01961	0.000107]	9.077	0.275	0.223
[11.961	0.01961	0.000107]	9.077	[11.945	0.01763	0.000109]	8.105	0.378	0.386
[11.961	0.01961	0.000107]	9.077	[11.979	0.02065	0.000107]	8.247	0.436	0.500
[11.961	0.01961	0.000107]	9.077	[12.032	0.02084	0.000117]	8.719	0.699	0.913
[11.961	0.01961	0.000107]	9.077	[12.047	0.02018	0.000092]	8.151	0.396	0.441
[11.961	0.01961	0.000107]	9.077	[12.017	0.01922	0.000095]	8.424	0.521	0.652
[11.961	0.01961	0.000107]	9.077	[11.847	0.01909	0.000104]	8.462	0.541	0.037
[11.847	0.01909	0.000104]	8.462	[11.852	0.02014	0.000108]	8.941	1.615	0.591
[11.852	0.02014	0.000108]	8.941	[11.860	0.02053	0.000120]	8.180	0.467	0.526
[11.852	0.02014	0.000108]	8.941	[11.800	0.02093	0.000121]	8.028	0.401	0.452
[11.852	0.02014	0.000108]	8.941	[11.805	0.01914	0.000118]	7.974	0.380	0.963
[11.852	0.02014	0.000108]	8.941	[11.876	0.02152	0.000091]	8.390	0.576	0.098
[11.876	0.02152	0.000091]	8.390	[11.922	0.02162	0.000092]	9.159	2.157	0.739
[11.922	0.02162	0.000092]	9.159	[12.067	0.02205	0.000092]	10.855	5.449	0.287
[12.067	0.02205	0.000092]	10.855	[12.126	0.02248	0.000087]	8.191	0.070	0.592
[12.067	0.02205	0.000092]	10.855	[12.146	0.02321	0.000091]	9.303	0.212	0.971
[12.067	0.02205	0.000092]	10.855	[12.246	0.02313	0.000081]	9.376	0.228	0.922
[12.067	0.02205	0.000092]	10.855	[12.096	0.02324	0.000105]	8.985	0.154	0.250
[12.067	0.02205	0.000092]	10.855	[12.091	0.02021	0.000097]	9.505	0.259	0.767
[12.067	0.02205	0.000092]	10.855	[12.080	0.02069	0.000112]	9.430	0.241	0.961
[12.067	0.02205	0.000092]	10.855	[12.155	0.02072	0.000087]	8.919	0.144	0.115
[12.155	0.02072	0.000087]	8.919	[12.273	0.02220	0.000076]	9.434	1.675	0.618
[12.273	0.02220	0.000076]	9.434	[12.082	0.02196	0.000081]	8.175	0.284	0.403
[12.273	0.02220	0.000076]	9.434	[12.250	0.02113	0.000076]	7.586	0.158	0.149
[12.250	0.02113	0.000076]	7.586	[12.308	0.02189	0.000102]	10.341	15.719	0.231
[12.308	0.02189	0.000102]	10.341	[12.262	0.02072	0.000101]	9.643	0.497	0.297
[12.262	0.02072	0.000101]	9.643	[12.272	0.02030	0.000116]	9.102	0.582	0.873
[12.262	0.02072	0.000101]	9.643	[12.285	0.02006	0.000092]	9.297	0.708	0.528
[12.285	0.02006	0.000092]	9.297	[12.208	0.01948	0.000094]	10.109	2.251	0.161
[12.208	0.01948	0.000094]	10.109	[12.225	0.01871	0.000099]	8.741	0.255	0.137
[12.225	0.01871	0.000099]	8.741	[12.129	0.01821	0.000105]	9.888	3.147	0.000
[12.129	0.01821	0.000105]	9.888	[12.155	0.01897	0.000103]	9.812	0.927	0.952
[12.129	0.01821	0.000105]	9.888	[11.991	0.01798	0.000098]	8.489	0.247	0.632
[12.129	0.01821	0.000105]	9.888	[12.201	0.01833	0.000095]	10.759	2.391	0.803
[12.201	0.01833	0.000095]	10.759	[12.246	0.01756	0.000095]	10.967	1.230	0.539
[12.246	0.01756	0.000095]	10.967	[12.452	0.01600	0.000083]	9.191	0.169	0.968
[12.246	0.01756	0.000095]	10.967	[12.271	0.01818	0.000082]	9.636	0.264	0.586
[12.246	0.01756	0.000095]	10.967	[12.214	0.01736	0.000071]	8.462	0.082	0.267
[12.246	0.01756	0.000095]	10.967	[12.056	0.01838	0.000109]	9.552	0.243	0.008
[12.056	0.01838	0.000109]	9.552	[12.063	0.01713	0.000100]	9.989	1.548	0.362
[12.063	0.01713	0.000100]	9.989	[11.996	0.01866	0.000118]	9.206	0.457	0.580
[12.063	0.01713	0.000100]	9.989	[11.976	0.01676	0.000097]	9.276	0.490	0.895
[12.063	0.01713	0.000100]	9.989	[12.043	0.01673	0.000116]	9.250	0.478	0.713
[12.063	0.01713	0.000100]	9.989	[12.029	0.01719	0.000098]	9.795	0.824	0.568
[12.029	0.01719	0.000098]	9.795	[11.919	0.01637	0.000090]	8.062	0.177	0.500
[12.029	0.01719	0.000098]	9.795	[11.827	0.01650	0.000094]	9.045	0.472	0.579
[12.029	0.01719	0.000098]	9.795	[12.118	0.01883	0.000100]	10.274	1.615	0.853
[12.118	0.01883	0.000100]	10.274	[12.124	0.01879	0.000112]	8.618	0.191	0.343
[12.118	0.01883	0.000100]	10.274	[12.175	0.01983	0.000108]	10.033	0.786	0.449
[12.175	0.01983	0.000108]	10.033	[11.974	0.02001	0.000113]	9.341	0.501	0.091
[11.974	0.02001	0.000113]	9.341	[12.003	0.01938	0.000102]	9.414	1.075	0.373
[12.003	0.01938	0.000102]	9.414	[12.102	0.01973	0.000104]	10.331	2.503	0.621
[12.102	0.01973	0.000104]	10.331	[12.091	0.01902	0.000100]	10.545	1.239	0.849
[12.091	0.01902	0.000100]	10.545	[12.287	0.01893	0.000101]	10.211	0.716	0.678
[12.287	0.01893	0.000101]	10.211	[12.298	0.01894	0.000108]	10.277	1.068	0.743
[12.298	0.01894	0.000108]	10.277	[12.185	0.01855	0.000111]	9.091	0.305	0.996
[12.298	0.01894	0.000108]	10.277	[12.276	0.02141	0.000119]	8.557	0.179	0.751
[12.298	0.01894	0.000108]	10.277	[12.492	0.01881	0.000109]	10.488	1.235	0.609
[12.492	0.01881	0.000109]	10.488	[12.669	0.01992	0.000118]	8.209	0.102	0.877
[12.492	0.01881	0.000109]	10.488	[12.551	0.01932	0.000113]	9.378	0.329	0.573
[12.492	0.01881	0.000109]	10.488	[12.443	0.01950	0.000111]	9.972	0.597	0.872
[12.492	0.01881	0.000109]	10.488	[12.528	0.01940	0.000107]	10.249	0.787	0.103
[12.528	0.01940	0.000107]	10.249	[12.453	0.01983	0.000109]	9.497	0.472	0.507
[12.528	0.01940	0.000107]	10.249	[12.554	0.01885	0.000120]	9.210	0.354	0.117
[12.554	0.01885	0.000120]	9.210	[12.618	0.01922	0.000117]	9.155	0.946	0.010
[12.618	0.01922	0.000117]	9.155	[12.588	0.01853	0.000115]	9.146	0.991	0.441
[12.588	0.01853	0.000115]	9.146	[12.622	0.01877	0.000127]	8.181	0.381	0.209
[12.622	0.01877	0.000127]	8.181	[12.530	0.01889	0.000143]	7.601	0.560	0.587
[12.622	0.01877	0.000127]	8.181	[12.629	0.01973	0.000116]	9.314	3.106	0.512
[12.629	0.01973	0.000116]	9.314	[12.516	0.02161	0.000136]	7.763	0.212	0.791
[12.629	0.01973	0.000116]	9.314	[12.663	0.01869	0.000120]	8.816	0.608	0.827
[12.629	0.01973	0.000116]	9.314	[12.792	0.01925	0.000121]	8.629	0.504	0.126
[12.792	0.01925	0.000121]	8.629	[12.769	0.01950	0.000120]	8.818	1.208	0.382
[12.769	0.01950	0.000120]	8.818	[12.596	0.01868	0.000116]	9.252	1.544	0.257
[12.596	0.01868	0.000116]	9.252	[12.554	0.01855	0.000112]	9.119	0.876	0.878
[12.596	0.01868	0.000116]	9.252	[12.572	0.01697	0.000124]	8.914	0.713	0.721
[12.596	0.01868	0.000116]	9.252	[12.585	0.01850	0.000134]	8.053	0.301	0.429
[12.596	0.01868	0.000116]	9.252	[12.468	0.01829	0.000108]	9.139	0.893	0.932
[12.596	0.01868	0.000116]	9.252	[12.593	0.01874	0.000104]	11.378	8.375	0.631
[12.593	0.01874	0.000104]	11.378	[12.530	0.01932	0.000119]	8.892	0.083	0.396
[12.593	0.01874	0.000104]	11.378	[12.503	0.02015	0.000105]	9.274	0.122	0.805
[12.593	0.01874	0.000104]	11.378	[12.593	0.01747	0.000101]	10.037	0.262	0.971
[12.593	0.01874	0.000104]	11.378	[12.811	0.01854	0.000081]	9.000	0.093	0.090
[12.811	0.01854	0.000081]	9.000	[12.638	0.01956	0.000078]	9.384	1.467	0.558
[12.638	0.01956	0.000078]	9.384	[12.510	0.01992	0.000082]	9.643	1.297	0.540
[12.510	0.01992	0.000082]	9.643	[12.681	0.01894	0.000084]	9.158	0.616	0.589
[12.681	0.01894	0.000084]	9.158	[12.667	0.01917	0.000097]	11.162	7.412	0.068
[12.667	0.01917	0.000097]	11.162	[12.761	0.02109	0.000111]	9.031	0.119	0.961
[12.667	0.01917	0.000097]	11.162	[12.634	0.01953	0.000083]	9.680	0.227	0.787
[12.667	0.01917	0.000097]	11.162	[12.580	0.01891	0.000082]	9.073	0.124	0.716
[12.667	0.01917	0.000097]	11.162	[12.710	0.02063	0.000086]	10.006	0.315	0.060
[12.710	0.02063	0.000086]	10.006	[12.628	0.01969	0.000097]	11.133	3.088	0.215
[12.628	0.01969	0.000097]	11.133	[12.571	0.02010	0.000073]	8.797	0.097	0.073
[12.571	0.02010	0.000073]	8.797	[12.754	0.02143	0.000062]	8.047	0.472	0.813
[12.571	0.02010	0.000073]	8.797	[12.663	0.01872	0.000072]	8.559	0.789	0.976
[12.571	0.02010	0.000073]	8.797	[12.622	0.02098	0.000072]	9.004	1.231	0.700
[12.622	0.02098	0.000072]	9.004	[12.567	0.02253	0.000054]	7.704	0.272	0.678
[12.622	0.02098	0.000072]	9.004	[12.536	0.02011	0.000074]	8.903	0.903	0.445
[12.536	0.02011	0.000074]	8.903	[12.617	0.02078	0.000086]	10.091	3.282	0.506
[12.617	0.02078	0.000086]	10.091	[12.657	0.02000	0.000092]	11.495	4.071	0.053
[12.657	0.02000	0.000092]	11.495	[12.533	0.01861	0.000104]	10.856	0.527	0.580
[12.657	0.02000	0.000092]	11.495	[12.709	0.02099	0.000079]	9.563	0.145	0.601
[12.657	0.02000	0.000092]	11.495	[12.656	0.02027	0.000084]	9.879	0.199	0.163
[12.656	0.02027	0.000084]	9.879	[12.655	0.02034	0.000082]	10.188	1.361	0.867
[12.655	0.02034	0.000082]	10.188	[12.628	0.02029	0.000072]	8.803	0.250	0.134
[12.628	0.02029	0.000072]	8.803	[12.634	0.02125	0.000073]	8.924	1.129	0.012
[12.634	0.02125	0.000073]	8.924	[12.699	0.02086	0.000073]	8.595	0.719	0.707
[12.699	0.02086	0.000073]	8.595	[12.791	0.01981	0.000076]	9.195	1.823	0.683
[12.791	0.01981	0.000076]	9.195	[12.893	0.02080	0.000082]	9.622	1.532	0.116
[12.893	0.02080	0.000082]	9.622	[12.825	0.02139	0.000080]	9.488	0.874	0.876
[12.893	0.02080	0.000082]	9.622	[12.760	0.02093	0.000095]	10.787	3.204	0.352
[12.760	0.02093	0.000095]	10.787	[12.793	0.02124	0.000109]	9.229	0.211	0.362
[12.760	0.02093	0.000095]	10.787	[12.770	0.02079	0.000115]	8.524	0.104	0.151
[12.760	0.02093	0.000095]	10.787	[12.774	0.02259	0.000084]	10.369	0.659	0.080
[12.774	0.02259	0.000084]	10.369	[12.938	0.02278	0.000094]	10.023	0.707	0.050
[12.938	0.02278	0.000094]	10.023	[13.015	0.02125	0.000102]	9.897	0.882	0.517
[13.015	0.02125	0.000102]	9.897	[13.056	0.02152	0.000082]	9.027	0.419	0.770
[13.015	0.02125	0.000102]	9.897	[13.171	0.02237	0.000100]	9.347	0.577	0.519
[13.171	0.02237	0.000100]	9.347	[13.164	0.02113	0.000089]	10.451	3.017	0.306
[13.164	0.02113	0.000089]	10.451	[13.172	0.02101	0.000087]	9.173	0.278	0.130
[13.172	0.02101	0.000087]	9.173	[13.129	0.02109	0.000084]	8.884	0.749	0.231
[13.129	0.02109	0.000084]	8.884	[13.152	0.02163	0.000084]	9.297	1.512	0.073
[13.152	0.02163	0.000084]	9.297	[13.076	0.02191	0.000075]	8.579	0.488	0.225
[13.076	0.02191	0.000075]	8.579	[13.053	0.02283	0.000077]	8.921	1.409	0.926
[13.053	0.02283	0.000077]	8.921	[13.145	0.02233	0.000091]	10.399	4.380	0.216
[13.145	0.02233	0.000091]	10.399	[13.065	0.02209	0.000096]	9.327	0.342	0.662
[13.145	0.02233	0.000091]	10.399	[13.132	0.02141	0.000092]	10.550	1.163	0.047
[13.132	0.02141	0.000092]	10.550	[13.115	0.02166	0.000094]	9.919	0.532	0.838
[13.132	0.02141	0.000092]	10.550	[13.012	0.02108	0.000096]	8.597	0.142	0.664
[13.132	0.02141	0.000092]	10.550	[13.153	0.02228	0.000088]	8.968	0.206	0.108
[13.153	0.02228	0.000088]	8.968	[13.256	0.02185	0.000093]	8.415	0.575	0.776
[13.153	0.02228	0.000088]	8.968	[13.087	0.02212	0.000090]	8.655	0.731	0.884
[13.153	0.02228	0.000088]	8.968	[13.191	0.02218	0.000092]	10.177	3.349	0.338
[13.191	0.02218	0.000092]	10.177	[13.271	0.02235	0.000104]	8.359	0.162	0.763
[13.191	0.02218	0.000092]	10.177	[13.338	0.02254	0.000099]	8.964	0.297	0.206
[13.338	0.02254	0.000099]	8.964	[13.288	0.02180	0.000091]	8.349	0.541	0.123
[13.288	0.02180	0.000091]	8.349	[13.356	0.02065	0.000101]	8.121	0.796	0.169
[13.356	0.02065	0.000101]	8.121	[13.275	0.02105	0.000101]	10.407	9.839	0.663
[13.275	0.02105	0.000101]	10.407	[13.193	0.02050	0.000095]	9.562	0.430	0.773
[13.275	0.02105	0.000101]	10.407	[13.349	0.01853	0.000089]	8.216	0.112	0.687
[13.275	0.02105	0.000101]	10.407	[13.412	0.02082	0.000099]	9.252	0.315	0.053
[13.412	0.02082	0.000099]	9.252	[13.458	0.01911	0.000097]	7.644	0.200	0.467
[13.412	0.02082	0.000099]	9.252	[13.531	0.02066	0.000086]	7.836	0.243	0.435
[13.412	0.02082	0.000099]	9.252	[13.258	0.02008	0.000094]	8.686	0.568	0.237
[13.258	0.02008	0.000094]	8.686	[13.395	0.02106	0.000097]	7.965	0.486	0.512
[13.258	0.02008	0.000094]	8.686	[13.049	0.02011	0.000093]	10.619	6.907	0.748
[13.049	0.02011	0.000093]	10.619	[13.058	0.02084	0.000102]	11.037	1.519	0.590
[13.058	0.02084	0.000102]	11.037	[13.088	0.02052	0.000102]	10.903	0.875	0.824
[13.088	0.02052	0.000102]	10.903	[13.160	0.02181	0.000121]	7.548	0.035	0.146
[13.088	0.02052	0.000102]	10.903	[13.089	0.01940	0.000086]	9.903	0.368	0.805
[13.088	0.02052	0.000102]	10.903	[13.073	0.02032	0.000097]	8.632	0.103	0.722
[13.088	0.02052	0.000102]	10.903	[13.161	0.01813	0.000086]	9.056	0.158	0.844
[13.088	0.02052	0.000102]	10.903	[12.996	0.01948	0.000103]	9.944	0.383	0.728
[13.088	0.02052	0.000102]	10.903	[12.957	0.01967	0.000106]	9.191	0.181	0.365
[13.088	0.02052	0.000102]	10.903	[13.160	0.01972	0.000101]	9.723	0.307	0.156
[13.160	0.01972	0.000101]	9.723	[13.102	0.02027	0.000097]	9.321	0.669	0.430
[13.102	0.02027	0.000097]	9.321	[13.179	0.02238	0.000071]	8.933	0.678	0.560
[13.179	0.02238	0.000071]	8.933	[13.049	0.02391	0.000057]	7.655	0.279	0.963
[13.179	0.02238	0.000071]	8.933	[13.295	0.02229	0.000072]	7.731	0.301	0.246
[13.295	0.02229	0.000072]	7.731	[13.302	0.02133	0.000057]	7.602	0.879	0.563
[13.302	0.02133	0.000057]	7.602	[13.361	0.02055	0.000069]	8.022	1.522	0.393
[13.361	0.02055	0.000069]	8.022	[13.360	0.01994	0.000069]	7.831	0.826	0.316
[13.360	0.01994	0.000069]	7.831	[13.405	0.01897	0.000061]	7.290	0.582	0.924
[13.360	0.01994	0.000069]	7.831	[13.474	0.01931	0.000058]	7.697	0.875	0.052
[13.474	0.01931	0.000058]	7.697	[13.412	0.01913	0.000059]	6.970	0.483	0.232
[13.412	0.01913	0.000059]	6.970	[13.415	0.01919	0.000053]	7.614	1.904	0.560
[13.415	0.01919	0.000053]	7.614	[13.365	0.02022	0.000043]	6.989	0.535	0.523
[13.365	0.02022	0.000043]	6.989	[13.293	0.01956	0.000048]	7.264	1.317	0.167
[13.293	0.01956	0.000048]	7.264	[13.172	0.02159	0.000058]	7.711	1.563	0.827
[13.172	0.02159	0.000058]	7.711	[13.248	0.02005	0.000057]	7.546	0.848	0.093
[13.248	0.02005	0.000057]	7.546	[13.257	0.02154	0.000071]	8.590	2.840	0.303
[13.257	0.02154	0.000071]	8.590	[13.321	0.02081	0.000083]	9.016	1.531	0.107
[13.321	0.02081	0.000083]	9.016	[13.282	0.02059	0.000095]	8.879	0.872	0.538
[13.282	0.02059	0.000095]	8.879	[13.275	0.02017	0.000076]	8.124	0.470	0.405
[13.275	0.02017	0.000076]	8.124	[13.352	0.01991	0.000061]	7.320	0.448	0.310
[13.352	0.01991	0.000061]	7.320	[13.482	0.01857	0.000050]	6.912	0.665	0.802
[13.352	0.01991	0.000061]	7.320	[13.226	0.01886	0.000061]	7.650	1.390	0.882
[13.226	0.01886	0.000061]	7.650	[13.456	0.01945	0.000048]	7.282	0.692	0.277
[13.456	0.01945	0.000048]	7.282	[13.368	0.01978	0.000033]	6.839	0.642	0.607
[13.368	0.01978	0.000033]	6.839	[13.439	0.01984	0.000037]	6.862	1.023	0.699
[13.439	0.01984	0.000037]	6.862	[13.514	0.01850	0.000032]	6.800	0.940	0.050
[13.514	0.01850	0.000032]	6.800	[13.351	0.01786	0.000025]	6.586	0.807	0.462
[13.351	0.01786	0.000025]	6.586	[13.285	0.01804	0.000046]	7.153	1.762	0.725
[13.285	0.01804	0.000046]	7.153	[13.212	0.01718	0.000043]	7.122	0.970	0.120
[13.212	0.01718	0.000043]	7.122	[13.347	0.01621	0.000034]	6.809	0.731	0.181
[13.347	0.01621	0.000034]	6.809	[13.366	0.01559	0.000035]	6.776	0.968	0.108
[13.366	0.01559	0.000035]	6.776	[13.178	0.01567	0.000044]	7.179	1.496	0.201
[13.178	0.01567	0.000044]	7.179	[13.393	0.01649	0.000064]	7.898	2.051	0.739
[13.393	0.01649	0.000064]	7.898	[13.269	0.01779	0.000055]	7.483	0.661	0.582
[13.269	0.01779	0.000055]	7.483	[13.140	0.01706	0.000063]	7.757	1.316	0.080
[13.140	0.01706	0.000063]	7.757	[13.209	0.01605	0.000054]	7.459	0.742	0.221
[13.209	0.01605	0.000054]	7.459	[13.133	0.01609	0.000067]	7.803	1.411	0.586
[13.133	0.01609	0.000067]	7.803	[13.060	0.01723	0.000066]	8.210	1.502	0.796
[13.060	0.01723	0.000066]	8.210	[13.126	0.01615	0.000064]	7.573	0.529	0.950
[13.060	0.01723	0.000066]	8.210	[13.041	0.01819	0.000083]	9.490	3.599	0.899
[13.041	0.01819	0.000083]	9.490	[12.874	0.01809	0.000077]	9.083	0.665	0.664
[12.874	0.01809	0.000077]	9.083	[12.959	0.01706	0.000062]	7.831	0.286	0.953
[12.874	0.01809	0.000077]	9.083	[12.817	0.01861	0.000060]	7.881	0.301	0.630
[12.874	0.01809	0.000077]	9.083	[12.833	0.01894	0.000069]	8.386	0.498	0.989
[12.874	0.01809	0.000077]	9.083	[12.736	0.01757	0.000096]	11.400	10.147	0.487
[12.736	0.01757	0.000096]	11.400	[12.920	0.01720	0.000083]	9.454	0.143	0.225
[12.736	0.01757	0.000096]	11.400	[12.693	0.01903	0.000105]	10.728	0.511	0.482
[12.693	0.01903	0.000105]	10.728	[12.639	0.01913	0.000092]	10.082	0.524	0.813
[12.693	0.01903	0.000105]	10.728	[12.738	0.01744	0.000099]	10.022	0.494	0.442
[12.738	0.01744	0.000099]	10.022	[12.670	0.01794	0.000089]	10.047	1.025	0.496
[12.670	0.01794	0.000089]	10.047	[12.711	0.01792	0.000094]	10.109	1.063	0.246
[12.711	0.01792	0.000094]	10.109	[12.969	0.01812	0.000071]	8.201	0.148	0.382
[12.711	0.01792	0.000094]	10.109	[12.801	0.01784	0.000106]	9.004	0.331	0.936
[12.711	0.01792	0.000094]	10.109	[12.856	0.02091	0.000094]	11.043	2.546	0.025
[12.856	0.02091	0.000094]	11.043	[12.784	0.02241	0.000085]	9.920	0.325	0.277
[12.784	0.02241	0.000085]	9.920	[12.924	0.02225	0.000085]	10.390	1.601	0.752
[12.924	0.02225	0.000085]	10.390	[12.957	0.02194	0.000081]	8.756	0.195	0.434
[12.924	0.02225	0.000085]	10.390	[13.003	0.02375	0.000096]	8.864	0.217	0.333
[12.924	0.02225	0.000085]	10.390	[12.940	0.02248	0.000091]	10.416	1.027	0.630
[12.940	0.02248	0.000091]	10.416	[12.828	0.02222	0.000104]	9.973	0.642	0.642
[12.828	0.02222	0.000104]	9.973	[12.693	0.02335	0.000106]	9.752	0.801	0.461
[12.693	0.02335	0.000106]	9.752	[12.669	0.02378	0.000105]	9.915	1.177	0.454
[12.669	0.02378	0.000105]	9.915	[12.646	0.02501	0.000097]	10.324	1.505	0.342
[12.646	0.02501	0.000097]	10.324	[12.552	0.02775	0.000092]	11.520	3.307	0.484
[12.552	0.02775	0.000092]	11.520	[12.457	0.02693	0.000106]	9.263	0.105	0.194
[12.552	0.02775	0.000092]	11.520	[12.543	0.02787	0.000102]	10.025	0.224	0.301
[12.552	0.02775	0.000092]	11.520	[12.475	0.02704	0.000094]	10.999	0.594	0.712
[12.552	0.02775	0.000092]	11.520	[12.455	0.02683	0.000086]	11.214	0.736	0.948
[12.552	0.02775	0.000092]	11.520	[12.581	0.02819	0.000087]	11.278	0.785	0.377
[12.581	0.02819	0.000087]	11.278	[12.345	0.02542	0.000099]	10.777	0.606	0.124
[12.345	0.02542	0.000099]	10.777	[12.237	0.02508	0.000091]	9.803	0.377	0.293
[12.237	0.02508	0.000091]	9.803	[12.128	0.02658	0.000094]	10.717	2.495	0.784
[12.128	0.02658	0.000094]	10.717	[12.155	0.02798	0.000088]	11.317	1.822	0.108
[12.155	0.02798	0.000088]	11.317	[12.256	0.02783	0.000091]	9.233	0.124	0.904
[12.155	0.02798	0.000088]	11.317	[12.255	0.02901	0.000093]	10.669	0.523	0.987
[12.155	0.02798	0.000088]	11.317	[12.177	0.02918	0.000094]	10.427	0.410	0.901
[12.155	0.02798	0.000088]	11.317	[12.105	0.02840	0.000091]	9.558	0.172	0.359
[12.155	0.02798	0.000088]	11.317	[12.102	0.02897	0.000095]	8.756	0.077	0.644
[12.155	0.02798	0.000088]	11.317	[12.148	0.02844	0.000099]	10.232	0.338	0.042
[12.148	0.02844	0.000099]	10.232	[12.105	0.02904	0.000096]	8.147	0.124	0.573
[12.148	0.02844	0.000099]	10.232	[12.176	0.03003	0.000085]	8.655	0.207	0.025
[12.176	0.03003	0.000085]	8.655	[11.957	0.03091	0.000089]	8.255	0.670	0.124
[11.957	0.03091	0.000089]	8.255	[12.171	0.03242	0.000087]	8.771	1.676	0.191
[12.171	0.03242	0.000087]	8.771	[12.275	0.03395	0.000079]	9.548	2.173	0.193
[12.275	0.03395	0.000079]	9.548	[12.398	0.03326	0.000072]	8.396	0.316	0.039
[12.398	0.03326	0.000072]	8.396	[12.545	0.03264	0.000072]	10.174	5.920	0.478
[12.545	0.03264	0.000072]	10.174	[12.438	0.03271	0.000082]	9.111	0.345	0.491
[12.545	0.03264	0.000072]	10.174	[12.495	0.03334	0.000060]	7.691	0.084	0.869
[12.545	0.03264	0.000072]	10.174	[12.456	0.03273	0.000073]	8.984	0.304	0.523
[12.545	0.03264	0.000072]	10.174	[12.367	0.03240	0.000073]	8.599	0.207	0.471
[12.545	0.03264	0.000072]	10.174	[12.706	0.03181	0.000064]	8.817	0.257	0.423
[12.545	0.03264	0.000072]	10.174	[12.653	0.03388	0.000077]	10.254	1.083	0.898
[12.653	0.03388	0.000077]	10.254	[12.517	0.03457	0.000068]	9.544	0.492	0.948
[12.653	0.03388	0.000077]	10.254	[12.440	0.03359	0.000074]	10.150	0.901	0.103
[12.440	0.03359	0.000074]	10.150	[12.116	0.03425	0.000086]	8.876	0.280	0.049
[12.116	0.03425	0.000086]	8.876	[12.233	0.03454	0.000074]	9.478	1.826	0.612
[12.233	0.03454	0.000074]	9.478	[12.177	0.03412	0.000055]	8.245	0.292	0.598
[12.233	0.03454	0.000074]	9.478	[12.359	0.03513	0.000081]	8.826	0.521	0.681
[12.233	0.03454	0.000074]	9.478	[12.318	0.03524	0.000087]	8.820	0.518	0.227
[12.318	0.03524	0.000087]	8.820	[12.271	0.03509	0.000093]	9.338	1.680	0.186
[12.271	0.03509	0.000093]	9.338	[12.259	0.03389	0.000100]	8.810	0.590	0.591
[12.271	0.03509	0.000093]	9.338	[12.146	0.03698	0.000109]	7.867	0.230	0.924
[12.271	0.03509	0.000093]	9.338	[12.311	0.03581	0.000080]	8.209	0.323	0.926
[12.271	0.03509	0.000093]	9.338	[12.238	0.03584	0.000087]	8.466	0.418	0.851
[12.271	0.03509	0.000093]	9.338	[12.288	0.03554	0.000093]	10.034	2.005	0.026
[12.288	0.03554	0.000093]	10.034	[12.314	0.03311	0.000088]	9.579	0.634	0.701
[12.288	0.03554	0.000093]	10.034	[12.347	0.03583	0.000082]	10.410	1.456	0.900
[12.347	0.03583	0.000082]	10.410	[12.411	0.03407	0.000098]	9.088	0.267	0.694
[12.347	0.03583	0.000082]	10.410	[12.275	0.03704	0.000085]	9.141	0.281	0.975
[12.347	0.03583	0.000082]	10.410	[12.479	0.03816	0.000079]	13.116	14.971	0.789
[12.479	0.03816	0.000079]	13.116	[12.455	0.03803	0.000074]	10.894	0.108	0.275
[12.479	0.03816	0.000079]	13.116	[12.412	0.03897	0.000067]	8.551	0.010	0.396
[12.479	0.03816	0.000079]	13.116	[12.639	0.03814	0.000101]	8.602	0.011	0.275
[12.479	0.03816	0.000079]	13.116	[12.418	0.03701	0.000075]	10.932	0.113	0.659
[12.479	0.03816	0.000079]	13.116	[12.492	0.03931	0.000075]	10.446	0.069	0.323
[12.479	0.03816	0.000079]	13.116	[12.536	0.03865	0.000076]	8.852	0.014	0.005
[12.536	0.03865	0.000076]	8.852	[12.581	0.03828	0.000087]	10.419	4.793	0.231
[12.581	0.03828	0.000087]	10.419	[12.511	0.03812	0.000086]	10.434	1.015	0.927
[12.511	0.03812	0.000086]	10.434	[12.506	0.03755	0.000077]	9.922	0.599	0.599
[12.511	0.03812	0.000086]	10.434	[12.491	0.03903	0.000081]	11.395	2.615	0.346
[12.491	0.03903	0.000081]	11.395	[12.764	0.03917	0.000095]	9.070	0.098	0.175
[12.491	0.03903	0.000081]	11.395	[12.534	0.03978	0.000083]	10.276	0.327	0.862
[12.491	0.03903	0.000081]	11.395	[12.434	0.03944	0.000076]	10.228	0.311	0.229
[12.434	0.03944	0.000076]	10.228	[12.376	0.03964	0.000069]	8.761	0.231	0.923
[12.434	0.03944	0.000076]	10.228	[12.228	0.03890	0.000104]	8.347	0.152	0.321
[12.434	0.03944	0.000076]	10.228	[12.202	0.03789	0.000067]	8.076	0.116	0.135
[12.434	0.03944	0.000076]	10.228	[12.567	0.03990	0.000075]	9.046	0.307	0.653
[12.434	0.03944	0.000076]	10.228	[12.462	0.03983	0.000078]	11.768	4.662	0.122
[12.462	0.03983	0.000078]	11.768	[12.369	0.03785	0.000080]	9.065	0.067	0.234
[12.462	0.03983	0.000078]	11.768	[12.420	0.03939	0.000090]	8.679	0.046	0.144
[12.462	0.03983	0.000078]	11.768	[12.423	0.03944	0.000059]	8.340	0.032	0.807
[12.462	0.03983	0.000078]	11.768	[12.299	0.03963	0.000076]	8.704	0.047	0.539
[12.462	0.03983	0.000078]	11.768	[12.324	0.03854	0.000082]	9.407	0.094	0.002
[12.324	0.03854	0.000082]	9.407	[12.208	0.03912	0.000098]	8.349	0.347	0.134
[12.208	0.03912	0.000098]	8.349	[12.309	0.03969	0.000094]	8.539	1.210	0.718
[12.309	0.03969	0.000094]	8.539	[12.400	0.03849	0.000078]	10.306	5.856	0.495
[12.400	0.03849	0.000078]	10.306	[12.433	0.03852	0.000091]	8.538	0.171	0.632
[12.400	0.03849	0.000078]	10.306	[12.337	0.03827	0.000087]	10.207	0.906	0.657
[12.337	0.03827	0.000087]	10.207	[12.336	0.03856	0.000090]	9.817	0.677	0.103
[12.336	0.03856	0.000090]	9.817	[12.297	0.03740	0.000095]	9.477	0.712	0.782
[12.336	0.03856	0.000090]	9.817	[12.225	0.03743	0.000105]	8.259	0.211	0.591
[12.336	0.03856	0.000090]	9.817	[12.304	0.03743	0.000100]	8.734	0.339	0.328
[12.304	0.03743	0.000100]	8.734	[12.396	0.04006	0.000114]	7.741	0.371	0.543
[12.304	0.03743	0.000100]	8.734	[12.468	0.03654	0.000104]	8.701	0.968	0.227
[12.468	0.03654	0.000104]	8.701	[12.417	0.03501	0.000098]	9.128	1.534	0.589
[12.417	0.03501	0.000098]	9.128	[12.371	0.03357	0.000110]	8.204	0.397	0.992
[12.417	0.03501	0.000098]	9.128	[12.417	0.03555	0.000111]	8.202	0.396	0.428
[12.417	0.03501	0.000098]	9.128	[12.465	0.03362	0.000123]	7.630	0.223	0.807
[12.417	0.03501	0.000098]	9.128	[12.542	0.03520	0.000111]	8.048	0.339	0.848
[12.417	0.03501	0.000098]	9.128	[12.307	0.03374	0.000093]	9.607	1.614	0.024
[12.307	0.03374	0.000093]	9.607	[12.243	0.03339	0.000093]	10.129	1.686	0.908
[12.243	0.03339	0.000093]	10.129	[12.299	0.03352	0.000105]	8.405	0.178	0.616
[12.243	0.03339	0.000093]	10.129	[12.112	0.03465	0.000082]	9.794	0.715	0.781
[12.243	0.03339	0.000093]	10.129	[12.357	0.03292	0.000099]	8.665	0.231	0.290
[12.243	0.03339	0.000093]	10.129	[12.187	0.03392	0.000094]	9.862	0.765	0.731
[12.187	0.03392	0.000094]	9.862	[12.240	0.03361	0.000102]	8.773	0.336	0.485
[12.187	0.03392	0.000094]	9.862	[12.150	0.03344	0.000108]	8.175	0.185	0.373
[12.187	0.03392	0.000094]	9.862	[12.217	0.03549	0.000091]	9.205	0.518	0.293
[12.217	0.03549	0.000091]	9.205	[12.157	0.03439	0.000090]	9.261	1.058	0.959
[12.157	0.03439	0.000090]	9.261	[12.150	0.03547	0.000068]	8.696	0.568	0.551
[12.150	0.03547	0.000068]	8.696	[12.157	0.03539	0.000067]	9.139	1.558	0.875
[12.157	0.03539	0.000067]	9.139	[12.144	0.03508	0.000063]	8.158	0.375	0.089
[12.144	0.03508	0.000063]	8.158	[12.049	0.03539	0.000072]	9.049	2.438	0.208
[12.049	0.03539	0.000072]	9.049	[12.150	0.03479	0.000064]	8.636	0.662	0.063
[12.150	0.03479	0.000064]	8.636	[12.202	0.03468	0.000042]	7.206	0.239	0.773
[12.150	0.03479	0.000064]	8.636	[12.196	0.03243	0.000051]	7.600	0.355	0.837
[12.150	0.03479	0.000064]	8.636	[12.288	0.03444	0.000067]	8.070	0.568	0.744
[12.150	0.03479	0.000064]	8.636	[12.170	0.03370	0.000081]	8.029	0.545	0.428
[12.170	0.03370	0.000081]	8.029	[12.380	0.03369	0.000097]	9.911	6.569	0.090
[12.380	0.03369	0.000097]	9.911	[12.244	0.03350	0.000084]	8.321	0.204	0.676
[12.380	0.03369	0.000097]	9.911	[12.408	0.03312	0.000091]	10.394	1.621	0.125
[12.408	0.03312	0.000091]	10.394	[12.356	0.03367	0.000083]	8.986	0.245	0.598
[12.408	0.03312	0.000091]	10.394	[12.392	0.03125	0.000075]	9.621	0.461	0.679
[12.408	0.03312	0.000091]	10.394	[12.415	0.03367	0.000077]	10.328	0.936	0.498
[12.415	0.03367	0.000077]	10.328	[12.553	0.03274	0.000086]	10.206	0.885	0.488
[12.553	0.03274	0.000086]	10.206	[12.531	0.03249	0.000081]	11.210	2.729	0.826
[12.531	0.03249	0.000081]	11.210	[12.642	0.03246	0.000082]	11.451	1.273	0.048
[12.642	0.03246	0.000082]	11.451	[12.546	0.03455	0.000086]	10.052	0.247	0.082
[12.546	0.03455	0.000086]	10.052	[12.496	0.03492	0.000101]	8.882	0.310	0.877
[12.546	0.03455	0.000086]	10.052	[12.402	0.03361	0.000094]	10.160	1.114	0.868
[12.402	0.03361	0.000094]	10.160	[12.249	0.03245	0.000090]	9.493	0.513	0.486
[12.249	0.03245	0.000090]	9.493	[12.248	0.03231	0.000103]	8.396	0.334	0.060
[12.248	0.03231	0.000103]	8.396	[12.225	0.03144	0.000111]	8.116	0.755	0.811
[12.248	0.03231	0.000103]	8.396	[12.390	0.03259	0.000096]	9.831	4.198	0.761
[12.390	0.03259	0.000096]	9.831	[12.156	0.03166	0.000102]	8.944	0.412	0.708
[12.390	0.03259	0.000096]	9.831	[12.376	0.03070	0.000083]	11.516	5.394	0.119
[12.376	0.03070	0.000083]	11.516	[12.337	0.03019	0.000082]	10.649	0.420	0.339
[12.337	0.03019	0.000082]	10.649	[12.300	0.03016	0.000084]	10.843	1.214	0.890
[12.300	0.03016	0.000084]	10.843	[12.237	0.03131	0.000079]	9.342	0.223	0.304
[12.300	0.03016	0.000084]	10.843	[12.344	0.02905	0.000081]	10.176	0.513	0.376
[12.344	0.02905	0.000081]	10.176	[12.474	0.02833	0.000092]	11.269	2.982	0.328
[12.474	0.02833	0.000092]	11.269	[12.378	0.02772	0.000090]	10.753	0.597	0.713
[12.474	0.02833	0.000092]	11.269	[12.597	0.02838	0.000093]	10.745	0.592	0.636
[12.474	0.02833	0.000092]	11.269	[12.460	0.02704	0.000093]	11.788	1.681	0.177
[12.460	0.02704	0.000093]	11.788	[12.340	0.02718	0.000099]	9.815	0.139	0.466
[12.460	0.02704	0.000093]	11.788	[12.495	0.02674	0.000118]	8.485	0.037	0.160
[12.460	0.02704	0.000093]	11.788	[12.602	0.02765	0.000100]	9.859	0.145	0.479
[12.460	0.02704	0.000093]	11.788	[12.368	0.02595	0.000081]	9.908	0.152	0.450
[12.460	0.02704	0.000093]	11.788	[12.351	0.02706	0.000108]	9.127	0.070	0.391
[12.460	0.02704	0.000093]	11.788	[12.456	0.02662	0.000086]	10.914	0.417	0.808
[12.460	0.02704	0.000093]	11.788	[12.324	0.02593	0.000095]	10.175	0.199	0.051
[12.324	0.02593	0.000095]	10.175	[12.296	0.02421	0.000090]	10.442	1.305	0.744
[12.296	0.02421	0.000090]	10.442	[12.268	0.02276	0.000086]	8.999	0.236	0.036
[12.268	0.02276	0.000086]	8.999	[12.390	0.02314	0.000087]	9.845	2.331	0.277
[12.390	0.02314	0.000087]	9.845	[12.222	0.02253	0.000078]	9.062	0.457	0.885
[12.390	0.02314	0.000087]	9.845	[12.256	0.02172	0.000088]	8.472	0.253	0.827
[12.390	0.02314	0.000087]	9.845	[12.520	0.02172	0.000087]	10.678	2.301	0.331
[12.520	0.02172	0.000087]	10.678	[12.525	0.02011	0.000110]	9.065	0.199	0.781
[12.520	0.02172	0.000087]	10.678	[12.449	0.02310	0.000069]	8.214	0.085	0.591
[12.520	0.02172	0.000087]	10.678	[12.600	0.02082	0.000097]	11.625	2.576	0.531
[12.600	0.02082	0.000097]	11.625	[12.749	0.02197	0.000096]	10.898	0.484	0.378
[12.749	0.02197	0.000096]	10.898	[12.642	0.02136	0.000084]	9.955	0.389	0.827
[12.749	0.02197	0.000096]	10.898	[12.868	0.02113	0.000093]	9.996	0.406	0.297
[12.868	0.02113	0.000093]	9.996	[12.803	0.02163	0.000096]	12.176	8.845	0.896
[12.803	0.02163	0.000096]	12.176	[12.826	0.02037	0.000095]	10.240	0.144	0.270
[12.803	0.02163	0.000096]	12.176	[12.666	0.02092	0.000078]	9.144	0.048	0.989
[12.803	0.02163	0.000096]	12.176	[12.851	0.02261	0.000105]	9.355	0.060	0.529
[12.803	0.02163	0.000096]	12.176	[12.945	0.02428	0.000115]	8.769	0.033	0.841
[12.803	0.02163	0.000096]	12.176	[12.900	0.02124	0.000087]	9.356	0.060	0.719
[12.803	0.02163	0.000096]	12.176	[12.751	0.02127	0.000085]	10.233	0.143	0.113
[12.751	0.02127	0.000085]	10.233	[12.935	0.02346	0.000088]	10.721	1.628	0.355
[12.935	0.02346	0.000088]	10.721	[12.951	0.02310	0.000087]	9.702	0.361	0.692
[12.935	0.02346	0.000088]	10.721	[12.857	0.02488	0.000071]	8.818	0.149	0.719
[12.935	0.02346	0.000088]	10.721	[13.017	0.02383	0.000085]	9.146	0.207	0.997
[12.935	0.02346	0.000088]	10.721	[12.931	0.02357	0.000095]	9.226	0.224	0.893
[12.935	0.02346	0.000088]	10.721	[12.970	0.02357	0.000090]	11.874	3.169	0.833
[12.970	0.02357	0.000090]	11.874	[12.965	0.02569	0.000086]	8.643	0.040	0.224
[12.970	0.02357	0.000090]	11.874	[12.966	0.02359	0.000092]	11.857	0.983	0.836
[12.966	0.02359	0.000092]	11.857	[13.038	0.02349	0.000090]	10.291	0.209	0.249
[12.966	0.02359	0.000092]	11.857	[12.994	0.02361	0.000077]	8.073	0.023	0.189
[12.966	0.02359	0.000092]	11.857	[12.934	0.02321	0.000091]	11.667	0.827	0.218
[12.934	0.02321	0.000091]	11.667	[12.982	0.02453	0.000085]	9.183	0.083	0.659
[12.934	0.02321	0.000091]	11.667	[13.063	0.02388	0.000082]	9.174	0.083	0.095
[12.934	0.02321	0.000091]	11.667	[12.912	0.02249	0.000080]	9.415	0.105	0.313
[12.934	0.02321	0.000091]	11.667	[12.807	0.02287	0.000101]	9.737	0.145	0.652
[12.934	0.02321	0.000091]	11.667	[12.895	0.02402	0.000106]	9.126	0.079	0.778
[12.934	0.02321	0.000091]	11.667	[12.898	0.02450	0.000096]	10.483	0.306	0.320
[12.934	0.02321	0.000091]	11.667	[13.000	0.02307	0.000110]	9.522	0.117	0.625
[12.934	0.02321	0.000091]	11.667	[12.862	0.02344	0.000100]	8.758	0.055	1.000
[12.934	0.02321	0.000091]	11.667	[12.960	0.02339	0.000085]	8.815	0.058	0.130
[12.934	0.02321	0.000091]	11.667	[13.021	0.02265	0.000105]	9.179	0.083	0.614
[12.934	0.02321	0.000091]	11.667	[12.802	0.02399	0.000078]	9.740	0.146	0.531
[12.934	0.02321	0.000091]	11.667	[13.031	0.02313	0.000087]	9.849	0.162	0.711
[12.934	0.02321	0.000091]	11.667	[12.953	0.02308	0.000087]	10.159	0.221	0.716
[12.934	0.02321	0.000091]	11.667	[12.656	0.02434	0.000094]	11.660	0.993	0.552
[12.656	0.02434	0.000094]	11.660	[12.659	0.02306	0.000109]	9.430	0.108	0.045
[12.659	0.02306	0.000109]	9.430	[12.565	0.02229	0.000117]	8.650	0.459	0.160
[12.565	0.02229	0.000117]	8.650	[12.408	0.02441	0.000122]	8.435	0.806	0.022
[12.408	0.02441	0.000122]	8.435	[12.406	0.02462	0.000126]	8.070	0.694	0.532
[12.406	0.02462	0.000126]	8.070	[12.508	0.02489	0.000127]	7.944	0.881	0.455
[12.508	0.02489	0.000127]	7.944	[12.504	0.02617	0.000125]	8.011	1.070	0.351
[12.504	0.02617	0.000125]	8.011	[12.376	0.02631	0.000121]	8.183	1.187	0.873
[12.376	0.02631	0.000121]	8.183	[12.158	0.02580	0.000110]	8.907	2.063	0.962
[12.158	0.02580	0.000110]	8.907	[12.115	0.02463	0.000107]	8.706	0.818	0.749
[12.115	0.02463	0.000107]	8.706	[12.168	0.02531	0.000101]	8.780	1.076	0.021
[12.168	0.02531	0.000101]	8.780	[12.302	0.02384	0.000104]	8.780	1.000	0.687
[12.302	0.02384	0.000104]	8.780	[12.283	0.02341	0.000102]	8.664	0.891	0.342
[12.283	0.02341	0.000102]	8.664	[12.263	0.02422	0.000096]	10.193	4.614	0.802
[12.263	0.02422	0.000096]	10.193	[12.241	0.02363	0.000098]	10.468	1.316	0.713
[12.241	0.02363	0.000098]	10.468	[12.302	0.02401	0.000092]	9.027	0.237	0.977
[12.241	0.02363	0.000098]	10.468	[12.202	0.02410	0.000095]	10.464	0.996	0.988
[12.202	0.02410	0.000095]	10.464	[12.227	0.02266	0.000095]	8.879	0.205	0.698
[12.202	0.02410	0.000095]	10.464	[12.178	0.02617	0.000084]	9.839	0.535	0.789
[12.202	0.02410	0.000095]	10.464	[12.243	0.02349	0.000087]	11.243	2.179	0.742
[12.243	0.02349	0.000087]	11.243	[12.218	0.02428	0.000095]	10.043	0.301	0.685
[12.243	0.02349	0.000087]	11.243	[12.285	0.02519	0.000082]	9.282	0.141	0.261
[12.243	0.02349	0.000087]	11.243	[12.421	0.02344	0.000093]	10.718	0.592	0.999
[12.243	0.02349	0.000087]	11.243	[12.231	0.02222	0.000082]	9.599	0.193	0.590
[12.243	0.02349	0.000087]	11.243	[12.193	0.02509	0.000079]	8.770	0.084	0.910
[12.243	0.02349	0.000087]	11.243	[12.125	0.02388	0.000094]	8.943	0.100	0.603
[12.243	0.02349	0.000087]	11.243	[12.200	0.02333	0.000083]	9.778	0.231	0.463
[12.243	0.02349	0.000087]	11.243	[12.223	0.02426	0.000089]	9.161	0.125	0.405
[12.243	0.02349	0.000087]	11.243	[12.230	0.02421	0.000092]	9.170	0.126	0.664
[12.243	0.02349	0.000087]	11.243	[12.195	0.02244	0.000077]	9.175	0.127	0.678
[12.243	0.02349	0.000087]	11.243	[12.118	0.02234	0.000079]	8.190	0.047	0.656
[12.243	0.02349	0.000087]	11.243	[12.383	0.02251	0.000093]	9.648	0.203	0.925
[12.243	0.02349	0.000087]	11.243	[12.262	0.02277	0.000099]	10.418	0.438	0.164
[12.262	0.02277	0.000099]	10.418	[12.288	0.02378	0.000095]	9.794	0.536	0.927
[12.262	0.02277	0.000099]	10.418	[12.101	0.02305	0.000100]	10.517	1.104	0.076
[12.101	0.02305	0.000100]	10.517	[12.127	0.02393	0.000095]	11.984	4.333	0.365
[12.127	0.02393	0.000095]	11.984	[12.078	0.02254	0.000083]	9.089	0.055	0.363
[12.127	0.02393	0.000095]	11.984	[12.055	0.02433	0.000094]	8.054	0.020	0.751
[12.127	0.02393	0.000095]	11.984	[11.984	0.02197	0.000087]	8.431	0.029	0.786
[12.127	0.02393	0.000095]	11.984	[12.110	0.02451	0.000092]	8.439	0.029	0.908
[12.127	0.02393	0.000095]	11.984	[12.195	0.02291	0.000102]	9.322	0.070	0.298
[12.127	0.02393	0.000095]	11.984	[12.257	0.02285	0.000099]	11.386	0.550	0.969
[12.127	0.02393	0.000095]	11.984	[12.101	0.02479	0.000104]	8.173	0.022	0.350
[12.127	0.02393	0.000095]	11.984	[12.004	0.02435	0.000091]	9.555	0.088	0.261
[12.127	0.02393	0.000095]	11.984	[12.292	0.02471	0.000100]	10.443	0.214	0.125
[12.292	0.02471	0.000100]	10.443	[12.311	0.02288	0.000098]	9.648	0.451	0.383
[12.311	0.02288	0.000098]	9.648	