
R version 4.3.0 (2023-04-21) -- "Already Tomorrow"
Copyright (C) 2023 The R Foundation for Statistical Computing
Platform: x86_64-pc-linux-gnu (64-bit)

R is free software and comes with ABSOLUTELY NO WARRANTY.
You are welcome to redistribute it under certain conditions.
Type 'license()' or 'licence()' for distribution details.

  Natural language support but running in an English locale

R is a collaborative project with many contributors.
Type 'contributors()' for more information and
'citation()' on how to cite R or R packages in publications.

Type 'demo()' for some demos, 'help()' for on-line help, or
'help.start()' for an HTML browser interface to help.
Type 'q()' to quit R.

> rm(list = ls())
> gc()
         used (Mb) gc trigger (Mb) max used (Mb)
Ncells 284765 15.3     664565 35.5   464468 24.9
Vcells 490458  3.8    8388608 64.0  1837328 14.1
> library(dplyr)

Attaching package: ‘dplyr’

The following objects are masked from ‘package:stats’:

    filter, lag

The following objects are masked from ‘package:base’:

    intersect, setdiff, setequal, union

> library(foreach)
> library(doParallel)
Loading required package: iterators
Loading required package: parallel
> 
> # Set up the number of cores used for parallelization.
> message(detectCores())
32
> num_cores <- detectCores()
> registerDoParallel(num_cores)
> 
> #########################
> #### SEIR Simulation ####
> #########################
> time <- 365 # Number of days.
> inf <- 7 # Average infectious period length.
> N <- 1000 # Population size.
> 
> create_hh <- function() {
+   # Randomly sample household sizes such that total population is 1000 
+   # individuals.
+   hh_size <- sample(x = c(3, 4, 5, 6), size = 340, replace = T)
+   
+   # Keep households such that total population is < 1000.
+   hh_size <- hh_size[which(cumsum(hh_size) < N)]
+   
+   leftover <- N - sum(hh_size)
+   if (leftover < 3) {
+     hh <- 1:length(hh_size)
+     sampled <- sample(hh[hh_size < 6], leftover)
+     hh_size[sampled] <- hh_size[sampled] + 1
+   } else {
+     hh_size <- c(hh_size, leftover)
+   }
+   return(hh_size)
+ }
> 
> SEIR <- function(params, inf, verbose = F) {
+   hh_size <- create_hh()
+   
+   # Create frame for running the simulation.
+   # ID: ID of individual.
+   # SIZE: size of individual's household.
+   # HH: ID of individual's household.
+   # S: susceptibility status.
+   # E: exposed status.
+   # E_count: number of days since exposed.
+   # I: infectious status.
+   # I_count: number of days since infectious.
+   # R: recovered status.
+   # INC: incubation period.
+   # INF: infectious period.
+   data <- data.frame(ID = 1:N,
+                      SIZE = rep(hh_size, times = hh_size),
+                      HH = rep(1:length(hh_size), times = hh_size), 
+                      S = c(0, rep(1, N - 1)), 
+                      E = c(1, rep(0, N - 1)),
+                      E_count = c(1, rep(0, N - 1)), 
+                      I = 0,
+                      I_count = 0, 
+                      R = 0, 
+                      INC = c(round(rlnorm(1, meanlog = log(29.8), sdlog = 0.45)), rep(0, N - 1)),
+                      INF = 0)
+   
+   # Create frame for storing results.
+   # ID: ID of individual.
+   # SIZE: size of individual's household.
+   # HH: ID of individual's household.
+   # TYPE: the kind of infection: household (H), community (C), or both (B).
+   # TIME: when the individual became infectious.
+   # S_num: number of susceptible people in individual's household when their 
+   #        infectious period begins.
+   # I_num: number of people in household that this individual infected over 
+   #        their infectious period.
+   results <- data[, 1:3] %>% mutate(TYPE = NA, TIME = NA, S_num = NA, I_num = 0)
+   results$TYPE[1] <- '0'
+   
+   for(t in 1:time) {
+     if (verbose) {
+       if (t %% 10 == 0) {
+         cat(paste0(t, ' '))
+       }
+     }
+     
+     # Anyone who has been infectious for as many days as their infectious period
+     # is now recovered.
+     recovered <- (data$INF > 0) & (data$I_count == data$INF)
+     if(sum(recovered, na.rm = T) > 0) {
+       data$R[recovered] <- 1
+       data$I[recovered] <- 0
+       data$I_count[recovered] <- 0 
+     }
+     
+     # Anyone who has been incubating for as many days as their incubation period
+     # is now infectious.
+     new_inf <- (data$INC > 0) & (data$E_count == data$INC)
+     num_new_inf <- sum(new_inf, na.rm = T)
+     if(num_new_inf > 0) {
+       # Change status to newly infectious and add infectious period.
+       data$I[new_inf] <- 1
+       random_inf <- rnorm(num_new_inf, mean = inf, sd = 1) %>% round()
+       data$INF[new_inf] <- random_inf
+       
+       # Remove exposure status and exposure count.
+       data$E[new_inf] <- 0
+       data$E_count[new_inf] <- 0 
+       
+       # Record time at which infectious period starts.
+       results$TIME[new_inf] <- t
+       
+       # Save the number of susceptible people in each infectious individual's 
+       # household.
+       S_data <- data %>% group_by(HH) %>% 
+         mutate(S_tot = sum(S)) %>% 
+         select(HH, S_tot)
+       results$S_num[new_inf == 1] <- S_data$S_tot[new_inf == 1]
+     }
+     
+     # I_H is the number of infections inside each household.
+     # I_C is the number of infections outside each household.
+     I_data <- data %>% group_by(HH) %>% 
+       mutate(I_H = sum(I)) %>% 
+       ungroup() %>% 
+       mutate(I_C = sum(I) - I_H)
+     
+     # Calculate household risk and community risk.
+     beta_H <- params[1]
+     beta_C <- params[2]
+     risk_H <- pmin(beta_H * data$S * I_data$I_H / N, 1)
+     risk_C <- pmin(beta_C * data$S * I_data$I_C / N, 1)
+     
+     # Each individual is infected from their household or community 
+     # independently with probabilities risk_H and risk_C.
+     new_inf_H <- rbinom(N, 1, risk_H)
+     new_inf_C <- rbinom(N, 1, risk_C)
+     
+     new_exposed <- (new_inf_H == 1) | (new_inf_C == 1)
+     num_new_exposed <- sum(new_exposed, na.rm = T)
+     if (num_new_exposed > 0) {
+       # Change status to newly exposed and add incubation period.
+       data$E[new_exposed] <- 1
+       random_inc <- rlnorm(num_new_exposed, meanlog = log(29.8), sdlog = 0.45) %>% round()
+       data$INC[new_exposed] <- random_inc
+       
+       # Remove susceptible status.
+       data$S[new_exposed] <- 0
+       
+       # Get number of new infections in each household.
+       I_data <- I_data %>%
+         select(ID, HH, I, I_H) %>%
+         mutate(new_I_H = new_inf_H) %>%
+         group_by(HH) %>%
+         # Find households with at least 1 currently infectious individual. If 
+         # exactly 1 infectious individual in household, assign all new H 
+         # exposures to that individual. If there are multiple infectious 
+         # individuals, assign all infections to the infectious individual with 
+         # the first ID.
+         mutate(new_I_H = ifelse(I == 1 & ID == first(ID[I == 1]), 
+                                 sum(new_I_H), 0))
+       
+       results$I_num <- results$I_num + I_data$new_I_H
+       
+       # Label infection types.
+       results$TYPE[new_inf_C == 1] <- 'C'
+       results$TYPE[new_inf_H == 1] <- 'H'
+       results$TYPE[(new_inf_H == 1) & (new_inf_C == 1)] <- 'HC'
+     }
+     
+     # Increment exposure and infectious counters.
+     data$E_count[data$E == 1] <- data$E_count[data$E == 1] + 1
+     data$I_count[data$I == 1] <- data$I_count[data$I == 1] + 1
+   }
+   return(results)
+ }
> 
> metrics <- function(results) {
+   # Incidence is the proportion of the population that became infected.
+   idc <- mean(!is.na(results$TIME))
+   
+   # If incidence is 0, the SAR and proportion of environmental infection are
+   # undefined.
+   sar <- NA
+   prp <- NA
+   if (idc != 0) {
+     # The SAR is the average SAR for each individual that was infectious.
+     sar <- mean(results$I_num / results$S_num, na.rm = T)
+     cases <- results[!is.na(results$TIME), ]
+     prp <- mean((cases$TYPE == 'H') | (cases$TYPE == 'HC') | (cases$TYPE == 'HCE'))
+   }
+   return(c(idc, sar, prp))
+ }
> 
> beta_Hs <- seq(49.5, 52.5, 0.1) # 31
> beta_Cs <- seq(0.125, 0.155, 0.001) # 31
> 
> d_H <- length(beta_Hs)
> d_C <- length(beta_Cs)
> 
> reps <- 150
> idcs <- array(rep(NA, d_H * d_C * reps), dim = c(d_H, d_C, reps))
> sars <- array(rep(NA, d_H * d_C * reps), dim = c(d_H, d_C, reps))
> t_tot <- 0
> for (i in 1:d_H) {
+     for (j in 1:d_C) {
+       beta_H <- beta_Hs[i]
+       beta_C <- beta_Cs[j]
+       params <- c(beta_H, beta_C)
+       
+       cat(paste0(format(beta_H, nsmall = 1, digits = 3), '/52.5\t', 
+                  format(beta_C, nsmall = 3, digits = 3), '/0.155\t'))
+ 
+       t_0 <- Sys.time()
+       vals <- foreach (l = 1:reps, .combine = 'c') %dopar% {
+         results <- SEIR(params, inf) 
+         metrics(results)
+       }
+       t_1 <- Sys.time()
+       t_tot <- t_tot + (t_1 - t_0)
+ 
+       cat(paste0(format(t_tot, nsmall = 2, digits = 4), '\t(', 
+                  format(t_1 - t_0, nsmall = 2, digits = 4), ')\t'))
+ 
+       vals <- matrix(vals, reps, byrow = T)
+       idcs[i, j, ] <- vals[, 1]
+       sars[i, j, ] <- vals[, 2]
+ 
+       cat(paste0(format(round(mean(vals[, 1]), 3), nsmall = 3), '\t',
+                  format(round(mean(vals[, 2]), 3), nsmall = 3), '\n'))
+       
+       saveRDS(idcs, file = 'idcs.rds')
+       saveRDS(sars, file = 'sars.rds')
+       write.table(idcs, file = 'idcs.txt', row.names = F, col.names = F)
+       write.table(sars, file = 'sars.txt', row.names = F, col.names = F)
+     }
+   message('\n')
+ }
49.5/52.5	0.125/0.155	1.301 mins	(1.301 mins)	0.208	0.244
49.5/52.5	0.126/0.155	2.634 mins	(1.334 mins)	0.221	0.249
49.5/52.5	0.127/0.155	3.971 mins	(1.337 mins)	0.192	0.224
49.5/52.5	0.128/0.155	5.301 mins	(1.33 mins)	0.218	0.237
49.5/52.5	0.129/0.155	6.593 mins	(1.291 mins)	0.209	0.235
49.5/52.5	0.130/0.155	7.91 mins	(1.317 mins)	0.213	0.220
49.5/52.5	0.131/0.155	9.214 mins	(1.304 mins)	0.229	0.238
49.5/52.5	0.132/0.155	10.51 mins	(1.30 mins)	0.235	0.254
49.5/52.5	0.133/0.155	11.86 mins	(1.344 mins)	0.222	0.218
49.5/52.5	0.134/0.155	13.13 mins	(1.268 mins)	0.232	0.237
49.5/52.5	0.135/0.155	14.55 mins	(1.428 mins)	0.312	0.244
49.5/52.5	0.136/0.155	16.05 mins	(1.496 mins)	0.298	0.257
49.5/52.5	0.137/0.155	17.41 mins	(1.361 mins)	0.273	0.245
49.5/52.5	0.138/0.155	18.85 mins	(1.437 mins)	0.266	0.238
49.5/52.5	0.139/0.155	20.23 mins	(1.38 mins)	0.251	0.222
49.5/52.5	0.140/0.155	21.72 mins	(1.49 mins)	0.264	0.227
49.5/52.5	0.141/0.155	23.14 mins	(1.424 mins)	0.305	0.236
49.5/52.5	0.142/0.155	24.63 mins	(1.486 mins)	0.272	0.232
49.5/52.5	0.143/0.155	26.03 mins	(1.398 mins)	0.312	0.245
49.5/52.5	0.144/0.155	27.55 mins	(1.521 mins)	0.333	0.247
49.5/52.5	0.145/0.155	28.98 mins	(1.437 mins)	0.319	0.249
49.5/52.5	0.146/0.155	30.44 mins	(1.453 mins)	0.309	0.229
49.5/52.5	0.147/0.155	31.90 mins	(1.459 mins)	0.340	0.230
49.5/52.5	0.148/0.155	33.33 mins	(1.43 mins)	0.311	0.227
49.5/52.5	0.149/0.155	34.85 mins	(1.526 mins)	0.358	0.251
49.5/52.5	0.150/0.155	36.42 mins	(1.57 mins)	0.376	0.248
49.5/52.5	0.151/0.155	37.88 mins	(1.455 mins)	0.366	0.241
49.5/52.5	0.152/0.155	39.33 mins	(1.457 mins)	0.359	0.256
49.5/52.5	0.153/0.155	40.83 mins	(1.502 mins)	0.382	0.244
49.5/52.5	0.154/0.155	42.28 mins	(1.446 mins)	0.392	0.244
49.5/52.5	0.155/0.155	43.86 mins	(1.577 mins)	0.368	0.244


49.6/52.5	0.125/0.155	45.18 mins	(1.325 mins)	0.193	0.222
49.6/52.5	0.126/0.155	46.40 mins	(1.214 mins)	0.182	0.214
49.6/52.5	0.127/0.155	47.59 mins	(1.191 mins)	0.192	0.220
49.6/52.5	0.128/0.155	48.84 mins	(1.249 mins)	0.199	0.220
49.6/52.5	0.129/0.155	50.20 mins	(1.358 mins)	0.228	0.244
49.6/52.5	0.130/0.155	51.40 mins	(1.203 mins)	0.196	0.225
49.6/52.5	0.131/0.155	52.65 mins	(1.25 mins)	0.224	0.235
49.6/52.5	0.132/0.155	54.08 mins	(1.432 mins)	0.249	0.244
49.6/52.5	0.133/0.155	55.52 mins	(1.436 mins)	0.246	0.242
49.6/52.5	0.134/0.155	56.87 mins	(1.355 mins)	0.250	0.233
49.6/52.5	0.135/0.155	58.29 mins	(1.414 mins)	0.263	0.237
49.6/52.5	0.136/0.155	59.68 mins	(1.391 mins)	0.271	0.245
49.6/52.5	0.137/0.155	61.11 mins	(1.433 mins)	0.272	0.237
49.6/52.5	0.138/0.155	62.56 mins	(1.452 mins)	0.289	0.258
49.6/52.5	0.139/0.155	63.92 mins	(1.358 mins)	0.280	0.242
49.6/52.5	0.140/0.155	65.32 mins	(1.404 mins)	0.285	0.236
49.6/52.5	0.141/0.155	66.75 mins	(1.423 mins)	0.276	0.231
49.6/52.5	0.142/0.155	68.21 mins	(1.464 mins)	0.291	0.237
49.6/52.5	0.143/0.155	69.62 mins	(1.413 mins)	0.304	0.234
49.6/52.5	0.144/0.155	71.07 mins	(1.445 mins)	0.317	0.254
49.6/52.5	0.145/0.155	72.60 mins	(1.535 mins)	0.351	0.258
49.6/52.5	0.146/0.155	74.12 mins	(1.516 mins)	0.315	0.245
49.6/52.5	0.147/0.155	75.58 mins	(1.456 mins)	0.350	0.246
49.6/52.5	0.148/0.155	77.03 mins	(1.458 mins)	0.330	0.245
49.6/52.5	0.149/0.155	78.52 mins	(1.488 mins)	0.348	0.249
49.6/52.5	0.150/0.155	80.00 mins	(1.479 mins)	0.371	0.240
49.6/52.5	0.151/0.155	81.55 mins	(1.546 mins)	0.389	0.248
49.6/52.5	0.152/0.155	83.02 mins	(1.469 mins)	0.375	0.231
49.6/52.5	0.153/0.155	84.45 mins	(1.43 mins)	0.339	0.240
49.6/52.5	0.154/0.155	85.92 mins	(1.477 mins)	0.354	0.248
49.6/52.5	0.155/0.155	87.45 mins	(1.523 mins)	0.377	0.242


49.7/52.5	0.125/0.155	88.74 mins	(1.294 mins)	0.196	0.245
49.7/52.5	0.126/0.155	90.12 mins	(1.378 mins)	0.239	0.239
49.7/52.5	0.127/0.155	91.46 mins	(1.342 mins)	0.217	0.238
49.7/52.5	0.128/0.155	92.81 mins	(1.347 mins)	0.251	0.250
49.7/52.5	0.129/0.155	94.23 mins	(1.419 mins)	0.245	0.232
49.7/52.5	0.130/0.155	95.57 mins	(1.346 mins)	0.225	0.223
49.7/52.5	0.131/0.155	97.00 mins	(1.432 mins)	0.220	0.235
49.7/52.5	0.132/0.155	98.36 mins	(1.358 mins)	0.267	0.245
49.7/52.5	0.133/0.155	99.76 mins	(1.395 mins)	0.251	0.243
49.7/52.5	0.134/0.155	101.19 mins	(1.431 mins)	0.273	0.253
49.7/52.5	0.135/0.155	102.59 mins	(1.398 mins)	0.271	0.236
49.7/52.5	0.136/0.155	103.97 mins	(1.387 mins)	0.246	0.235
49.7/52.5	0.137/0.155	105.34 mins	(1.37 mins)	0.277	0.243
49.7/52.5	0.138/0.155	106.74 mins	(1.395 mins)	0.278	0.238
49.7/52.5	0.139/0.155	108.12 mins	(1.387 mins)	0.283	0.233
49.7/52.5	0.140/0.155	109.58 mins	(1.46 mins)	0.292	0.250
49.7/52.5	0.141/0.155	111.02 mins	(1.43 mins)	0.329	0.257
49.7/52.5	0.142/0.155	112.32 mins	(1.303 mins)	0.251	0.238
49.7/52.5	0.143/0.155	113.84 mins	(1.518 mins)	0.335	0.251
49.7/52.5	0.144/0.155	115.26 mins	(1.424 mins)	0.305	0.251
49.7/52.5	0.145/0.155	116.72 mins	(1.456 mins)	0.323	0.239
49.7/52.5	0.146/0.155	118.11 mins	(1.39 mins)	0.306	0.243
49.7/52.5	0.147/0.155	119.56 mins	(1.452 mins)	0.320	0.227
49.7/52.5	0.148/0.155	121.04 mins	(1.486 mins)	0.362	0.252
49.7/52.5	0.149/0.155	122.55 mins	(1.502 mins)	0.346	0.244
49.7/52.5	0.150/0.155	124.06 mins	(1.516 mins)	0.361	0.246
49.7/52.5	0.151/0.155	125.55 mins	(1.492 mins)	0.368	0.241
49.7/52.5	0.152/0.155	127.05 mins	(1.496 mins)	0.342	0.232
49.7/52.5	0.153/0.155	128.63 mins	(1.576 mins)	0.334	0.224
49.7/52.5	0.154/0.155	130.15 mins	(1.523 mins)	0.385	0.246
49.7/52.5	0.155/0.155	131.70 mins	(1.554 mins)	0.406	0.245


49.8/52.5	0.125/0.155	133.01 mins	(1.303 mins)	0.197	0.246
49.8/52.5	0.126/0.155	134.40 mins	(1.393 mins)	0.232	0.235
49.8/52.5	0.127/0.155	135.70 mins	(1.305 mins)	0.207	0.226
49.8/52.5	0.128/0.155	137.03 mins	(1.321 mins)	0.209	0.223
49.8/52.5	0.129/0.155	138.27 mins	(1.248 mins)	0.203	0.208
49.8/52.5	0.130/0.155	139.58 mins	(1.302 mins)	0.238	0.237
49.8/52.5	0.131/0.155	140.89 mins	(1.309 mins)	0.238	0.227
49.8/52.5	0.132/0.155	142.33 mins	(1.447 mins)	0.280	0.248
49.8/52.5	0.133/0.155	143.75 mins	(1.415 mins)	0.239	0.230
49.8/52.5	0.134/0.155	145.04 mins	(1.289 mins)	0.254	0.230
49.8/52.5	0.135/0.155	146.39 mins	(1.357 mins)	0.256	0.233
49.8/52.5	0.136/0.155	147.85 mins	(1.454 mins)	0.259	0.247
49.8/52.5	0.137/0.155	149.30 mins	(1.452 mins)	0.302	0.242
49.8/52.5	0.138/0.155	150.71 mins	(1.409 mins)	0.282	0.245
49.8/52.5	0.139/0.155	152.11 mins	(1.398 mins)	0.286	0.254
49.8/52.5	0.140/0.155	153.60 mins	(1.498 mins)	0.294	0.238
49.8/52.5	0.141/0.155	155.00 mins	(1.398 mins)	0.269	0.236
49.8/52.5	0.142/0.155	156.38 mins	(1.38 mins)	0.293	0.238
49.8/52.5	0.143/0.155	157.87 mins	(1.488 mins)	0.300	0.226
49.8/52.5	0.144/0.155	159.32 mins	(1.448 mins)	0.319	0.243
49.8/52.5	0.145/0.155	160.85 mins	(1.53 mins)	0.358	0.242
49.8/52.5	0.146/0.155	162.41 mins	(1.568 mins)	0.361	0.251
49.8/52.5	0.147/0.155	163.95 mins	(1.532 mins)	0.333	0.232
49.8/52.5	0.148/0.155	165.41 mins	(1.464 mins)	0.334	0.251
49.8/52.5	0.149/0.155	166.86 mins	(1.452 mins)	0.337	0.238
49.8/52.5	0.150/0.155	168.45 mins	(1.59 mins)	0.359	0.241
49.8/52.5	0.151/0.155	169.97 mins	(1.517 mins)	0.360	0.246
49.8/52.5	0.152/0.155	171.40 mins	(1.43 mins)	0.353	0.227
49.8/52.5	0.153/0.155	172.91 mins	(1.508 mins)	0.388	0.236
49.8/52.5	0.154/0.155	174.42 mins	(1.508 mins)	0.367	0.253
49.8/52.5	0.155/0.155	175.87 mins	(1.451 mins)	0.352	0.245


49.9/52.5	0.125/0.155	177.22 mins	(1.356 mins)	0.216	0.242
49.9/52.5	0.126/0.155	178.60 mins	(1.375 mins)	0.198	0.225
49.9/52.5	0.127/0.155	179.97 mins	(1.374 mins)	0.218	0.220
49.9/52.5	0.128/0.155	181.40 mins	(1.424 mins)	0.251	0.232
49.9/52.5	0.129/0.155	182.82 mins	(1.42 mins)	0.229	0.241
49.9/52.5	0.130/0.155	184.14 mins	(1.323 mins)	0.208	0.227
49.9/52.5	0.131/0.155	185.59 mins	(1.447 mins)	0.250	0.215
49.9/52.5	0.132/0.155	187.01 mins	(1.425 mins)	0.245	0.236
49.9/52.5	0.133/0.155	188.46 mins	(1.445 mins)	0.280	0.236
49.9/52.5	0.134/0.155	189.89 mins	(1.432 mins)	0.255	0.228
49.9/52.5	0.135/0.155	191.27 mins	(1.382 mins)	0.286	0.246
49.9/52.5	0.136/0.155	192.65 mins	(1.376 mins)	0.249	0.236
49.9/52.5	0.137/0.155	194.07 mins	(1.42 mins)	0.290	0.236
49.9/52.5	0.138/0.155	195.51 mins	(1.444 mins)	0.293	0.238
49.9/52.5	0.139/0.155	196.93 mins	(1.422 mins)	0.271	0.229
49.9/52.5	0.140/0.155	198.37 mins	(1.438 mins)	0.302	0.245
49.9/52.5	0.141/0.155	199.83 mins	(1.462 mins)	0.318	0.251
49.9/52.5	0.142/0.155	201.25 mins	(1.414 mins)	0.290	0.238
49.9/52.5	0.143/0.155	202.77 mins	(1.518 mins)	0.342	0.248
49.9/52.5	0.144/0.155	204.23 mins	(1.463 mins)	0.336	0.247
49.9/52.5	0.145/0.155	205.72 mins	(1.494 mins)	0.353	0.245
49.9/52.5	0.146/0.155	207.18 mins	(1.452 mins)	0.317	0.244
49.9/52.5	0.147/0.155	208.70 mins	(1.52 mins)	0.338	0.246
49.9/52.5	0.148/0.155	210.20 mins	(1.50 mins)	0.337	0.242
49.9/52.5	0.149/0.155	211.64 mins	(1.441 mins)	0.350	0.249
49.9/52.5	0.150/0.155	213.18 mins	(1.542 mins)	0.356	0.259
49.9/52.5	0.151/0.155	214.72 mins	(1.542 mins)	0.386	0.254
49.9/52.5	0.152/0.155	216.28 mins	(1.564 mins)	0.394	0.253
49.9/52.5	0.153/0.155	217.78 mins	(1.496 mins)	0.373	0.248
49.9/52.5	0.154/0.155	219.32 mins	(1.538 mins)	0.409	0.252
49.9/52.5	0.155/0.155	220.85 mins	(1.527 mins)	0.389	0.241


50.0/52.5	0.125/0.155	222.14 mins	(1.291 mins)	0.218	0.233
50.0/52.5	0.126/0.155	223.40 mins	(1.266 mins)	0.195	0.239
50.0/52.5	0.127/0.155	224.82 mins	(1.416 mins)	0.226	0.241
50.0/52.5	0.128/0.155	226.17 mins	(1.347 mins)	0.245	0.239
50.0/52.5	0.129/0.155	227.47 mins	(1.304 mins)	0.234	0.249
50.0/52.5	0.130/0.155	228.84 mins	(1.367 mins)	0.245	0.247
50.0/52.5	0.131/0.155	230.20 mins	(1.365 mins)	0.248	0.234
50.0/52.5	0.132/0.155	231.56 mins	(1.36 mins)	0.243	0.230
50.0/52.5	0.133/0.155	232.88 mins	(1.318 mins)	0.251	0.238
50.0/52.5	0.134/0.155	234.26 mins	(1.376 mins)	0.271	0.262
50.0/52.5	0.135/0.155	235.62 mins	(1.369 mins)	0.252	0.240
50.0/52.5	0.136/0.155	237.04 mins	(1.42 mins)	0.267	0.238
50.0/52.5	0.137/0.155	238.46 mins	(1.413 mins)	0.256	0.245
50.0/52.5	0.138/0.155	239.77 mins	(1.309 mins)	0.274	0.244
50.0/52.5	0.139/0.155	241.10 mins	(1.333 mins)	0.244	0.227
50.0/52.5	0.140/0.155	242.50 mins	(1.397 mins)	0.284	0.243
50.0/52.5	0.141/0.155	243.98 mins	(1.48 mins)	0.319	0.258
50.0/52.5	0.142/0.155	245.37 mins	(1.392 mins)	0.311	0.241
50.0/52.5	0.143/0.155	246.81 mins	(1.439 mins)	0.295	0.239
50.0/52.5	0.144/0.155	248.24 mins	(1.432 mins)	0.303	0.241
50.0/52.5	0.145/0.155	249.65 mins	(1.409 mins)	0.299	0.228
50.0/52.5	0.146/0.155	251.11 mins	(1.463 mins)	0.324	0.238
50.0/52.5	0.147/0.155	252.55 mins	(1.443 mins)	0.317	0.233
50.0/52.5	0.148/0.155	254.05 mins	(1.494 mins)	0.347	0.246
50.0/52.5	0.149/0.155	255.53 mins	(1.482 mins)	0.343	0.249
50.0/52.5	0.150/0.155	256.95 mins	(1.422 mins)	0.324	0.246
50.0/52.5	0.151/0.155	258.52 mins	(1.563 mins)	0.386	0.247
50.0/52.5	0.152/0.155	260.02 mins	(1.506 mins)	0.384	0.256
50.0/52.5	0.153/0.155	261.59 mins	(1.567 mins)	0.386	0.245
50.0/52.5	0.154/0.155	263.12 mins	(1.531 mins)	0.375	0.239
50.0/52.5	0.155/0.155	264.65 mins	(1.529 mins)	0.404	0.250


50.1/52.5	0.125/0.155	265.91 mins	(1.259 mins)	0.193	0.256
50.1/52.5	0.126/0.155	267.22 mins	(1.314 mins)	0.214	0.245
50.1/52.5	0.127/0.155	268.64 mins	(1.415 mins)	0.277	0.245
50.1/52.5	0.128/0.155	270.05 mins	(1.411 mins)	0.220	0.223
50.1/52.5	0.129/0.155	271.40 mins	(1.356 mins)	0.237	0.241
50.1/52.5	0.130/0.155	272.73 mins	(1.329 mins)	0.230	0.251
50.1/52.5	0.131/0.155	274.21 mins	(1.473 mins)	0.288	0.259
50.1/52.5	0.132/0.155	275.59 mins	(1.382 mins)	0.246	0.245
50.1/52.5	0.133/0.155	277.10 mins	(1.511 mins)	0.284	0.243
50.1/52.5	0.134/0.155	278.46 mins	(1.364 mins)	0.270	0.237
50.1/52.5	0.135/0.155	279.86 mins	(1.397 mins)	0.267	0.240
50.1/52.5	0.136/0.155	281.25 mins	(1.392 mins)	0.254	0.232
50.1/52.5	0.137/0.155	282.62 mins	(1.367 mins)	0.266	0.224
50.1/52.5	0.138/0.155	284.11 mins	(1.492 mins)	0.314	0.253
50.1/52.5	0.139/0.155	285.44 mins	(1.333 mins)	0.293	0.249
50.1/52.5	0.140/0.155	286.87 mins	(1.43 mins)	0.296	0.252
50.1/52.5	0.141/0.155	288.29 mins	(1.414 mins)	0.295	0.248
50.1/52.5	0.142/0.155	289.71 mins	(1.418 mins)	0.287	0.235
50.1/52.5	0.143/0.155	291.19 mins	(1.482 mins)	0.322	0.247
50.1/52.5	0.144/0.155	292.63 mins	(1.44 mins)	0.329	0.247
50.1/52.5	0.145/0.155	294.12 mins	(1.497 mins)	0.349	0.247
50.1/52.5	0.146/0.155	295.53 mins	(1.401 mins)	0.320	0.236
50.1/52.5	0.147/0.155	297.06 mins	(1.539 mins)	0.362	0.260
50.1/52.5	0.148/0.155	298.45 mins	(1.386 mins)	0.320	0.245
50.1/52.5	0.149/0.155	299.92 mins	(1.468 mins)	0.347	0.247
50.1/52.5	0.150/0.155	301.42 mins	(1.502 mins)	0.381	0.252
50.1/52.5	0.151/0.155	302.94 mins	(1.515 mins)	0.373	0.245
50.1/52.5	0.152/0.155	304.43 mins	(1.496 mins)	0.378	0.244
50.1/52.5	0.153/0.155	305.95 mins	(1.515 mins)	0.390	0.256
50.1/52.5	0.154/0.155	307.41 mins	(1.458 mins)	0.398	0.250
50.1/52.5	0.155/0.155	308.85 mins	(1.446 mins)	0.384	0.245


50.2/52.5	0.125/0.155	310.09 mins	(1.237 mins)	0.195	0.251
50.2/52.5	0.126/0.155	311.44 mins	(1.354 mins)	0.232	0.230
50.2/52.5	0.127/0.155	312.86 mins	(1.414 mins)	0.237	0.255
50.2/52.5	0.128/0.155	314.13 mins	(1.276 mins)	0.209	0.214
50.2/52.5	0.129/0.155	315.46 mins	(1.329 mins)	0.253	0.241
50.2/52.5	0.130/0.155	316.82 mins	(1.357 mins)	0.240	0.242
50.2/52.5	0.131/0.155	318.15 mins	(1.333 mins)	0.257	0.250
50.2/52.5	0.132/0.155	319.44 mins	(1.29 mins)	0.218	0.235
50.2/52.5	0.133/0.155	320.74 mins	(1.296 mins)	0.261	0.246
50.2/52.5	0.134/0.155	322.14 mins	(1.399 mins)	0.258	0.221
50.2/52.5	0.135/0.155	323.60 mins	(1.463 mins)	0.265	0.219
50.2/52.5	0.136/0.155	325.06 mins	(1.454 mins)	0.290	0.253
50.2/52.5	0.137/0.155	326.44 mins	(1.381 mins)	0.273	0.245
50.2/52.5	0.138/0.155	327.77 mins	(1.338 mins)	0.239	0.231
50.2/52.5	0.139/0.155	329.23 mins	(1.459 mins)	0.304	0.231
50.2/52.5	0.140/0.155	330.69 mins	(1.46 mins)	0.329	0.245
50.2/52.5	0.141/0.155	332.11 mins	(1.412 mins)	0.326	0.258
50.2/52.5	0.142/0.155	333.69 mins	(1.586 mins)	0.351	0.263
50.2/52.5	0.143/0.155	335.11 mins	(1.417 mins)	0.311	0.254
50.2/52.5	0.144/0.155	336.55 mins	(1.445 mins)	0.293	0.241
50.2/52.5	0.145/0.155	338.07 mins	(1.512 mins)	0.360	0.251
50.2/52.5	0.146/0.155	339.51 mins	(1.444 mins)	0.329	0.249
50.2/52.5	0.147/0.155	341.03 mins	(1.517 mins)	0.354	0.249
50.2/52.5	0.148/0.155	342.54 mins	(1.511 mins)	0.369	0.264
50.2/52.5	0.149/0.155	343.97 mins	(1.43 mins)	0.325	0.234
50.2/52.5	0.150/0.155	345.44 mins	(1.475 mins)	0.370	0.243
50.2/52.5	0.151/0.155	346.99 mins	(1.543 mins)	0.401	0.254
50.2/52.5	0.152/0.155	348.47 mins	(1.486 mins)	0.352	0.252
50.2/52.5	0.153/0.155	350.04 mins	(1.569 mins)	0.387	0.247
50.2/52.5	0.154/0.155	351.58 mins	(1.54 mins)	0.414	0.246
50.2/52.5	0.155/0.155	353.05 mins	(1.468 mins)	0.365	0.258


50.3/52.5	0.125/0.155	354.40 mins	(1.347 mins)	0.205	0.242
50.3/52.5	0.126/0.155	355.71 mins	(1.318 mins)	0.206	0.250
50.3/52.5	0.127/0.155	357.06 mins	(1.342 mins)	0.207	0.232
50.3/52.5	0.128/0.155	358.41 mins	(1.353 mins)	0.210	0.234
50.3/52.5	0.129/0.155	359.73 mins	(1.318 mins)	0.244	0.236
50.3/52.5	0.130/0.155	361.14 mins	(1.41 mins)	0.248	0.236
50.3/52.5	0.131/0.155	362.49 mins	(1.356 mins)	0.260	0.253
50.3/52.5	0.132/0.155	363.87 mins	(1.373 mins)	0.243	0.238
50.3/52.5	0.133/0.155	365.14 mins	(1.272 mins)	0.227	0.214
50.3/52.5	0.134/0.155	366.53 mins	(1.389 mins)	0.267	0.242
50.3/52.5	0.135/0.155	367.97 mins	(1.44 mins)	0.282	0.239
50.3/52.5	0.136/0.155	369.43 mins	(1.464 mins)	0.283	0.252
50.3/52.5	0.137/0.155	370.85 mins	(1.416 mins)	0.293	0.250
50.3/52.5	0.138/0.155	372.29 mins	(1.449 mins)	0.308	0.254
50.3/52.5	0.139/0.155	373.73 mins	(1.433 mins)	0.282	0.251
50.3/52.5	0.140/0.155	375.25 mins	(1.525 mins)	0.328	0.250
50.3/52.5	0.141/0.155	376.76 mins	(1.505 mins)	0.343	0.264
50.3/52.5	0.142/0.155	378.23 mins	(1.469 mins)	0.319	0.253
50.3/52.5	0.143/0.155	379.65 mins	(1.419 mins)	0.307	0.238
50.3/52.5	0.144/0.155	381.14 mins	(1.494 mins)	0.309	0.236
50.3/52.5	0.145/0.155	382.64 mins	(1.504 mins)	0.320	0.244
50.3/52.5	0.146/0.155	384.12 mins	(1.474 mins)	0.343	0.259
50.3/52.5	0.147/0.155	385.61 mins	(1.489 mins)	0.366	0.235
50.3/52.5	0.148/0.155	387.08 mins	(1.473 mins)	0.319	0.244
50.3/52.5	0.149/0.155	388.65 mins	(1.571 mins)	0.359	0.238
50.3/52.5	0.150/0.155	390.29 mins	(1.639 mins)	0.407	0.273
50.3/52.5	0.151/0.155	391.74 mins	(1.452 mins)	0.338	0.240
50.3/52.5	0.152/0.155	393.33 mins	(1.586 mins)	0.438	0.271
50.3/52.5	0.153/0.155	394.80 mins	(1.468 mins)	0.383	0.248
50.3/52.5	0.154/0.155	396.32 mins	(1.522 mins)	0.380	0.239
50.3/52.5	0.155/0.155	397.84 mins	(1.522 mins)	0.397	0.244


50.4/52.5	0.125/0.155	399.17 mins	(1.331 mins)	0.180	0.217
50.4/52.5	0.126/0.155	400.48 mins	(1.305 mins)	0.223	0.240
50.4/52.5	0.127/0.155	401.94 mins	(1.466 mins)	0.236	0.258
50.4/52.5	0.128/0.155	403.27 mins	(1.326 mins)	0.216	0.246
50.4/52.5	0.129/0.155	404.51 mins	(1.241 mins)	0.204	0.238
50.4/52.5	0.130/0.155	405.93 mins	(1.423 mins)	0.249	0.237
50.4/52.5	0.131/0.155	407.24 mins	(1.307 mins)	0.231	0.233
50.4/52.5	0.132/0.155	408.56 mins	(1.321 mins)	0.253	0.247
50.4/52.5	0.133/0.155	410.03 mins	(1.467 mins)	0.279	0.251
50.4/52.5	0.134/0.155	411.39 mins	(1.358 mins)	0.274	0.251
50.4/52.5	0.135/0.155	412.78 mins	(1.399 mins)	0.254	0.240
50.4/52.5	0.136/0.155	414.16 mins	(1.372 mins)	0.269	0.248
50.4/52.5	0.137/0.155	415.49 mins	(1.332 mins)	0.260	0.222
50.4/52.5	0.138/0.155	416.95 mins	(1.458 mins)	0.279	0.252
50.4/52.5	0.139/0.155	418.48 mins	(1.539 mins)	0.301	0.237
50.4/52.5	0.140/0.155	419.91 mins	(1.426 mins)	0.336	0.260
50.4/52.5	0.141/0.155	421.35 mins	(1.44 mins)	0.307	0.255
50.4/52.5	0.142/0.155	422.81 mins	(1.461 mins)	0.333	0.257
50.4/52.5	0.143/0.155	424.27 mins	(1.453 mins)	0.319	0.240
50.4/52.5	0.144/0.155	425.71 mins	(1.441 mins)	0.313	0.250
50.4/52.5	0.145/0.155	427.22 mins	(1.51 mins)	0.358	0.254
50.4/52.5	0.146/0.155	428.70 mins	(1.482 mins)	0.337	0.245
50.4/52.5	0.147/0.155	430.14 mins	(1.446 mins)	0.325	0.235
50.4/52.5	0.148/0.155	431.56 mins	(1.412 mins)	0.314	0.244
50.4/52.5	0.149/0.155	432.96 mins	(1.404 mins)	0.353	0.244
50.4/52.5	0.150/0.155	434.47 mins	(1.508 mins)	0.370	0.241
50.4/52.5	0.151/0.155	435.94 mins	(1.47 mins)	0.363	0.256
50.4/52.5	0.152/0.155	437.43 mins	(1.493 mins)	0.374	0.249
50.4/52.5	0.153/0.155	438.94 mins	(1.511 mins)	0.370	0.248
50.4/52.5	0.154/0.155	440.48 mins	(1.538 mins)	0.366	0.249
50.4/52.5	0.155/0.155	442.03 mins	(1.546 mins)	0.402	0.256


50.5/52.5	0.125/0.155	443.37 mins	(1.344 mins)	0.227	0.241
50.5/52.5	0.126/0.155	444.64 mins	(1.271 mins)	0.200	0.230
50.5/52.5	0.127/0.155	446.05 mins	(1.407 mins)	0.243	0.247
50.5/52.5	0.128/0.155	447.40 mins	(1.354 mins)	0.199	0.243
50.5/52.5	0.129/0.155	448.74 mins	(1.34 mins)	0.240	0.244
50.5/52.5	0.130/0.155	450.07 mins	(1.33 mins)	0.226	0.232
50.5/52.5	0.131/0.155	451.39 mins	(1.321 mins)	0.222	0.231
50.5/52.5	0.132/0.155	452.77 mins	(1.377 mins)	0.259	0.246
50.5/52.5	0.133/0.155	454.07 mins	(1.301 mins)	0.244	0.241
50.5/52.5	0.134/0.155	455.46 mins	(1.386 mins)	0.266	0.239
50.5/52.5	0.135/0.155	456.76 mins	(1.305 mins)	0.245	0.242
50.5/52.5	0.136/0.155	458.17 mins	(1.409 mins)	0.278	0.246
50.5/52.5	0.137/0.155	459.56 mins	(1.386 mins)	0.307	0.249
50.5/52.5	0.138/0.155	460.99 mins	(1.43 mins)	0.277	0.240
50.5/52.5	0.139/0.155	462.35 mins	(1.364 mins)	0.290	0.239
50.5/52.5	0.140/0.155	463.78 mins	(1.422 mins)	0.295	0.246
50.5/52.5	0.141/0.155	465.11 mins	(1.33 mins)	0.287	0.250
50.5/52.5	0.142/0.155	466.60 mins	(1.495 mins)	0.309	0.243
50.5/52.5	0.143/0.155	468.03 mins	(1.43 mins)	0.304	0.257
50.5/52.5	0.144/0.155	469.49 mins	(1.461 mins)	0.334	0.251
50.5/52.5	0.145/0.155	470.96 mins	(1.472 mins)	0.337	0.245
50.5/52.5	0.146/0.155	472.43 mins	(1.468 mins)	0.329	0.251
50.5/52.5	0.147/0.155	474.00 mins	(1.573 mins)	0.328	0.243
50.5/52.5	0.148/0.155	475.52 mins	(1.514 mins)	0.376	0.250
50.5/52.5	0.149/0.155	476.89 mins	(1.368 mins)	0.322	0.240
50.5/52.5	0.150/0.155	478.42 mins	(1.538 mins)	0.369	0.249
50.5/52.5	0.151/0.155	479.91 mins	(1.481 mins)	0.343	0.236
50.5/52.5	0.152/0.155	481.45 mins	(1.547 mins)	0.397	0.254
50.5/52.5	0.153/0.155	482.97 mins	(1.518 mins)	0.403	0.255
50.5/52.5	0.154/0.155	484.57 mins	(1.597 mins)	0.413	0.268
50.5/52.5	0.155/0.155	486.08 mins	(1.509 mins)	0.396	0.245


50.6/52.5	0.125/0.155	487.36 mins	(1.284 mins)	0.223	0.263
50.6/52.5	0.126/0.155	488.71 mins	(1.352 mins)	0.198	0.244
50.6/52.5	0.127/0.155	490.14 mins	(1.431 mins)	0.250	0.256
50.6/52.5	0.128/0.155	491.52 mins	(1.372 mins)	0.234	0.258
50.6/52.5	0.129/0.155	492.83 mins	(1.311 mins)	0.217	0.239
50.6/52.5	0.130/0.155	494.17 mins	(1.343 mins)	0.240	0.236
50.6/52.5	0.131/0.155	495.50 mins	(1.335 mins)	0.235	0.244
50.6/52.5	0.132/0.155	496.91 mins	(1.403 mins)	0.249	0.237
50.6/52.5	0.133/0.155	498.35 mins	(1.439 mins)	0.276	0.254
50.6/52.5	0.134/0.155	499.75 mins	(1.403 mins)	0.262	0.247
50.6/52.5	0.135/0.155	501.11 mins	(1.359 mins)	0.273	0.253
50.6/52.5	0.136/0.155	502.54 mins	(1.435 mins)	0.283	0.247
50.6/52.5	0.137/0.155	503.98 mins	(1.44 mins)	0.292	0.244
50.6/52.5	0.138/0.155	505.38 mins	(1.398 mins)	0.276	0.236
50.6/52.5	0.139/0.155	506.83 mins	(1.453 mins)	0.301	0.243
50.6/52.5	0.140/0.155	508.25 mins	(1.421 mins)	0.304	0.246
50.6/52.5	0.141/0.155	509.66 mins	(1.409 mins)	0.292	0.244
50.6/52.5	0.142/0.155	511.14 mins	(1.481 mins)	0.337	0.260
50.6/52.5	0.143/0.155	512.53 mins	(1.39 mins)	0.311	0.235
50.6/52.5	0.144/0.155	513.97 mins	(1.435 mins)	0.298	0.228
50.6/52.5	0.145/0.155	515.41 mins	(1.445 mins)	0.308	0.241
50.6/52.5	0.146/0.155	516.98 mins	(1.565 mins)	0.374	0.259
50.6/52.5	0.147/0.155	518.50 mins	(1.525 mins)	0.357	0.249
50.6/52.5	0.148/0.155	520.02 mins	(1.513 mins)	0.358	0.238
50.6/52.5	0.149/0.155	521.53 mins	(1.517 mins)	0.359	0.252
50.6/52.5	0.150/0.155	523.11 mins	(1.58 mins)	0.400	0.261
50.6/52.5	0.151/0.155	524.67 mins	(1.554 mins)	0.393	0.258
50.6/52.5	0.152/0.155	526.20 mins	(1.529 mins)	0.348	0.245
50.6/52.5	0.153/0.155	527.76 mins	(1.566 mins)	0.391	0.265
50.6/52.5	0.154/0.155	529.31 mins	(1.542 mins)	0.399	0.247
50.6/52.5	0.155/0.155	530.73 mins	(1.426 mins)	0.367	0.243


50.7/52.5	0.125/0.155	532.05 mins	(1.317 mins)	0.214	0.240
50.7/52.5	0.126/0.155	533.34 mins	(1.296 mins)	0.213	0.222
50.7/52.5	0.127/0.155	534.67 mins	(1.329 mins)	0.201	0.230
50.7/52.5	0.128/0.155	535.99 mins	(1.321 mins)	0.225	0.251
50.7/52.5	0.129/0.155	537.36 mins	(1.365 mins)	0.259	0.254
50.7/52.5	0.130/0.155	538.73 mins	(1.367 mins)	0.257	0.251
50.7/52.5	0.131/0.155	540.03 mins	(1.303 mins)	0.229	0.225
50.7/52.5	0.132/0.155	541.37 mins	(1.337 mins)	0.270	0.254
50.7/52.5	0.133/0.155	542.71 mins	(1.343 mins)	0.241	0.236
50.7/52.5	0.134/0.155	544.12 mins	(1.409 mins)	0.277	0.252
50.7/52.5	0.135/0.155	545.54 mins	(1.425 mins)	0.305	0.246
50.7/52.5	0.136/0.155	546.92 mins	(1.375 mins)	0.297	0.248
50.7/52.5	0.137/0.155	548.25 mins	(1.336 mins)	0.265	0.229
50.7/52.5	0.138/0.155	549.67 mins	(1.413 mins)	0.279	0.234
50.7/52.5	0.139/0.155	551.20 mins	(1.535 mins)	0.335	0.242
50.7/52.5	0.140/0.155	552.65 mins	(1.445 mins)	0.302	0.232
50.7/52.5	0.141/0.155	554.09 mins	(1.438 mins)	0.334	0.255
50.7/52.5	0.142/0.155	555.55 mins	(1.461 mins)	0.325	0.249
50.7/52.5	0.143/0.155	556.96 mins	(1.41 mins)	0.312	0.246
50.7/52.5	0.144/0.155	558.43 mins	(1.475 mins)	0.361	0.259
50.7/52.5	0.145/0.155	559.93 mins	(1.497 mins)	0.330	0.252
50.7/52.5	0.146/0.155	561.39 mins	(1.46 mins)	0.346	0.255
50.7/52.5	0.147/0.155	562.79 mins	(1.402 mins)	0.337	0.255
50.7/52.5	0.148/0.155	564.32 mins	(1.527 mins)	0.354	0.266
50.7/52.5	0.149/0.155	565.88 mins	(1.567 mins)	0.393	0.253
50.7/52.5	0.150/0.155	567.42 mins	(1.534 mins)	0.359	0.247
50.7/52.5	0.151/0.155	568.91 mins	(1.494 mins)	0.357	0.254
50.7/52.5	0.152/0.155	570.38 mins	(1.469 mins)	0.374	0.261
50.7/52.5	0.153/0.155	571.89 mins	(1.509 mins)	0.372	0.255
50.7/52.5	0.154/0.155	573.34 mins	(1.444 mins)	0.358	0.241
50.7/52.5	0.155/0.155	574.88 mins	(1.544 mins)	0.417	0.263


50.8/52.5	0.125/0.155	576.23 mins	(1.352 mins)	0.229	0.245
50.8/52.5	0.126/0.155	577.60 mins	(1.368 mins)	0.249	0.261
50.8/52.5	0.127/0.155	578.91 mins	(1.307 mins)	0.221	0.242
50.8/52.5	0.128/0.155	580.21 mins	(1.302 mins)	0.238	0.241
50.8/52.5	0.129/0.155	581.52 mins	(1.311 mins)	0.236	0.245
50.8/52.5	0.130/0.155	582.84 mins	(1.325 mins)	0.248	0.249
50.8/52.5	0.131/0.155	584.22 mins	(1.379 mins)	0.252	0.257
50.8/52.5	0.132/0.155	585.61 mins	(1.386 mins)	0.268	0.246
50.8/52.5	0.133/0.155	586.95 mins	(1.342 mins)	0.251	0.248
50.8/52.5	0.134/0.155	588.38 mins	(1.43 mins)	0.306	0.251
50.8/52.5	0.135/0.155	589.87 mins	(1.492 mins)	0.300	0.266
50.8/52.5	0.136/0.155	591.24 mins	(1.369 mins)	0.275	0.250
50.8/52.5	0.137/0.155	592.67 mins	(1.425 mins)	0.287	0.254
50.8/52.5	0.138/0.155	594.08 mins	(1.416 mins)	0.295	0.254
50.8/52.5	0.139/0.155	595.58 mins	(1.497 mins)	0.312	0.257
50.8/52.5	0.140/0.155	597.02 mins	(1.442 mins)	0.308	0.255
50.8/52.5	0.141/0.155	598.37 mins	(1.353 mins)	0.299	0.242
50.8/52.5	0.142/0.155	599.83 mins	(1.458 mins)	0.346	0.244
50.8/52.5	0.143/0.155	601.29 mins	(1.459 mins)	0.327	0.247
50.8/52.5	0.144/0.155	602.81 mins	(1.517 mins)	0.340	0.253
50.8/52.5	0.145/0.155	604.33 mins	(1.521 mins)	0.330	0.251
50.8/52.5	0.146/0.155	605.88 mins	(1.548 mins)	0.338	0.265
50.8/52.5	0.147/0.155	607.36 mins	(1.48 mins)	0.333	0.254
50.8/52.5	0.148/0.155	608.77 mins	(1.418 mins)	0.329	0.254
50.8/52.5	0.149/0.155	610.33 mins	(1.558 mins)	0.389	0.250
50.8/52.5	0.150/0.155	611.84 mins	(1.504 mins)	0.351	0.245
50.8/52.5	0.151/0.155	613.37 mins	(1.54 mins)	0.374	0.257
50.8/52.5	0.152/0.155	614.93 mins	(1.555 mins)	0.394	0.246
50.8/52.5	0.153/0.155	616.32 mins	(1.394 mins)	0.352	0.249
50.8/52.5	0.154/0.155	617.78 mins	(1.454 mins)	0.400	0.251
50.8/52.5	0.155/0.155	619.36 mins	(1.584 mins)	0.425	0.251


50.9/52.5	0.125/0.155	620.73 mins	(1.368 mins)	0.219	0.241
50.9/52.5	0.126/0.155	622.10 mins	(1.372 mins)	0.200	0.234
50.9/52.5	0.127/0.155	623.50 mins	(1.399 mins)	0.230	0.238
50.9/52.5	0.128/0.155	624.76 mins	(1.258 mins)	0.190	0.227
50.9/52.5	0.129/0.155	626.16 mins	(1.405 mins)	0.244	0.240
50.9/52.5	0.130/0.155	627.51 mins	(1.348 mins)	0.246	0.264
50.9/52.5	0.131/0.155	628.92 mins	(1.411 mins)	0.247	0.247
50.9/52.5	0.132/0.155	630.32 mins	(1.394 mins)	0.259	0.239
50.9/52.5	0.133/0.155	631.83 mins	(1.515 mins)	0.281	0.262
50.9/52.5	0.134/0.155	633.23 mins	(1.398 mins)	0.263	0.252
50.9/52.5	0.135/0.155	634.59 mins	(1.36 mins)	0.259	0.239
50.9/52.5	0.136/0.155	636.04 mins	(1.446 mins)	0.273	0.232
50.9/52.5	0.137/0.155	637.49 mins	(1.456 mins)	0.283	0.250
50.9/52.5	0.138/0.155	638.88 mins	(1.387 mins)	0.311	0.258
50.9/52.5	0.139/0.155	640.24 mins	(1.366 mins)	0.296	0.256
50.9/52.5	0.140/0.155	641.62 mins	(1.377 mins)	0.306	0.236
50.9/52.5	0.141/0.155	643.12 mins	(1.50 mins)	0.319	0.247
50.9/52.5	0.142/0.155	644.60 mins	(1.48 mins)	0.352	0.255
50.9/52.5	0.143/0.155	646.13 mins	(1.532 mins)	0.326	0.250
50.9/52.5	0.144/0.155	647.55 mins	(1.413 mins)	0.305	0.246
50.9/52.5	0.145/0.155	649.04 mins	(1.494 mins)	0.334	0.254
50.9/52.5	0.146/0.155	650.49 mins	(1.45 mins)	0.341	0.248
50.9/52.5	0.147/0.155	651.94 mins	(1.451 mins)	0.348	0.249
50.9/52.5	0.148/0.155	653.46 mins	(1.516 mins)	0.353	0.245
50.9/52.5	0.149/0.155	654.99 mins	(1.53 mins)	0.375	0.253
50.9/52.5	0.150/0.155	656.52 mins	(1.526 mins)	0.380	0.256
50.9/52.5	0.151/0.155	658.03 mins	(1.518 mins)	0.381	0.252
50.9/52.5	0.152/0.155	659.48 mins	(1.449 mins)	0.372	0.257
50.9/52.5	0.153/0.155	661.01 mins	(1.527 mins)	0.401	0.263
50.9/52.5	0.154/0.155	662.45 mins	(1.446 mins)	0.346	0.236
50.9/52.5	0.155/0.155	664.00 mins	(1.546 mins)	0.413	0.264


51.0/52.5	0.125/0.155	665.31 mins	(1.306 mins)	0.239	0.251
51.0/52.5	0.126/0.155	666.67 mins	(1.36 mins)	0.237	0.248
51.0/52.5	0.127/0.155	668.06 mins	(1.392 mins)	0.240	0.257
51.0/52.5	0.128/0.155	669.34 mins	(1.285 mins)	0.215	0.237
51.0/52.5	0.129/0.155	670.62 mins	(1.28 mins)	0.208	0.220
51.0/52.5	0.130/0.155	672.05 mins	(1.428 mins)	0.247	0.245
51.0/52.5	0.131/0.155	673.47 mins	(1.422 mins)	0.259	0.247
51.0/52.5	0.132/0.155	674.87 mins	(1.401 mins)	0.256	0.237
51.0/52.5	0.133/0.155	676.28 mins	(1.402 mins)	0.258	0.246
51.0/52.5	0.134/0.155	677.65 mins	(1.375 mins)	0.271	0.247
51.0/52.5	0.135/0.155	679.08 mins	(1.429 mins)	0.281	0.243
51.0/52.5	0.136/0.155	680.40 mins	(1.318 mins)	0.264	0.264
51.0/52.5	0.137/0.155	681.80 mins	(1.395 mins)	0.309	0.256
51.0/52.5	0.138/0.155	683.20 mins	(1.409 mins)	0.323	0.264
51.0/52.5	0.139/0.155	684.62 mins	(1.416 mins)	0.299	0.237
51.0/52.5	0.140/0.155	686.07 mins	(1.448 mins)	0.316	0.253
51.0/52.5	0.141/0.155	687.52 mins	(1.452 mins)	0.307	0.251
51.0/52.5	0.142/0.155	689.06 mins	(1.536 mins)	0.313	0.248
51.0/52.5	0.143/0.155	690.55 mins	(1.499 mins)	0.324	0.236
51.0/52.5	0.144/0.155	691.97 mins	(1.412 mins)	0.320	0.242
51.0/52.5	0.145/0.155	693.39 mins	(1.424 mins)	0.302	0.244
51.0/52.5	0.146/0.155	694.91 mins	(1.515 mins)	0.357	0.250
51.0/52.5	0.147/0.155	696.42 mins	(1.516 mins)	0.354	0.256
51.0/52.5	0.148/0.155	697.93 mins	(1.51 mins)	0.343	0.245
51.0/52.5	0.149/0.155	699.38 mins	(1.444 mins)	0.348	0.251
51.0/52.5	0.150/0.155	700.85 mins	(1.473 mins)	0.366	0.256
51.0/52.5	0.151/0.155	702.40 mins	(1.548 mins)	0.387	0.255
51.0/52.5	0.152/0.155	703.78 mins	(1.384 mins)	0.336	0.232
51.0/52.5	0.153/0.155	705.30 mins	(1.521 mins)	0.397	0.258
51.0/52.5	0.154/0.155	706.82 mins	(1.522 mins)	0.380	0.247
51.0/52.5	0.155/0.155	708.36 mins	(1.538 mins)	0.400	0.249


51.1/52.5	0.125/0.155	709.63 mins	(1.264 mins)	0.214	0.247
51.1/52.5	0.126/0.155	710.90 mins	(1.271 mins)	0.224	0.244
51.1/52.5	0.127/0.155	712.16 mins	(1.258 mins)	0.229	0.236
51.1/52.5	0.128/0.155	713.53 mins	(1.375 mins)	0.223	0.242
51.1/52.5	0.129/0.155	714.82 mins	(1.287 mins)	0.229	0.241
51.1/52.5	0.130/0.155	716.18 mins	(1.362 mins)	0.234	0.242
51.1/52.5	0.131/0.155	717.50 mins	(1.325 mins)	0.253	0.243
51.1/52.5	0.132/0.155	718.93 mins	(1.423 mins)	0.279	0.252
51.1/52.5	0.133/0.155	720.36 mins	(1.434 mins)	0.277	0.246
51.1/52.5	0.134/0.155	721.76 mins	(1.399 mins)	0.258	0.241
51.1/52.5	0.135/0.155	723.22 mins	(1.459 mins)	0.267	0.233
51.1/52.5	0.136/0.155	724.61 mins	(1.395 mins)	0.270	0.253
51.1/52.5	0.137/0.155	726.06 mins	(1.448 mins)	0.299	0.268
51.1/52.5	0.138/0.155	727.54 mins	(1.479 mins)	0.326	0.249
51.1/52.5	0.139/0.155	728.93 mins	(1.389 mins)	0.300	0.243
51.1/52.5	0.140/0.155	730.35 mins	(1.421 mins)	0.306	0.256
51.1/52.5	0.141/0.155	731.86 mins	(1.508 mins)	0.308	0.251
51.1/52.5	0.142/0.155	733.38 mins	(1.518 mins)	0.338	0.255
51.1/52.5	0.143/0.155	734.78 mins	(1.402 mins)	0.312	0.239
51.1/52.5	0.144/0.155	736.16 mins	(1.386 mins)	0.331	0.245
51.1/52.5	0.145/0.155	737.54 mins	(1.377 mins)	0.325	0.258
51.1/52.5	0.146/0.155	739.03 mins	(1.491 mins)	0.332	0.259
51.1/52.5	0.147/0.155	740.49 mins	(1.454 mins)	0.343	0.251
51.1/52.5	0.148/0.155	742.07 mins	(1.579 mins)	0.424	0.261
51.1/52.5	0.149/0.155	743.57 mins	(1.503 mins)	0.354	0.255
51.1/52.5	0.150/0.155	745.02 mins	(1.453 mins)	0.359	0.249
51.1/52.5	0.151/0.155	746.54 mins	(1.518 mins)	0.331	0.241
51.1/52.5	0.152/0.155	748.05 mins	(1.511 mins)	0.421	0.261
51.1/52.5	0.153/0.155	749.51 mins	(1.462 mins)	0.375	0.254
51.1/52.5	0.154/0.155	751.09 mins	(1.58 mins)	0.407	0.271
51.1/52.5	0.155/0.155	752.67 mins	(1.575 mins)	0.413	0.261


51.2/52.5	0.125/0.155	754.07 mins	(1.398 mins)	0.235	0.257
51.2/52.5	0.126/0.155	755.38 mins	(1.319 mins)	0.192	0.232
51.2/52.5	0.127/0.155	756.78 mins	(1.392 mins)	0.232	0.261
51.2/52.5	0.128/0.155	758.09 mins	(1.312 mins)	0.230	0.234
51.2/52.5	0.129/0.155	759.39 mins	(1.305 mins)	0.258	0.266
51.2/52.5	0.130/0.155	760.63 mins	(1.239 mins)	0.214	0.221
51.2/52.5	0.131/0.155	762.03 mins	(1.401 mins)	0.258	0.267
51.2/52.5	0.132/0.155	763.41 mins	(1.377 mins)	0.265	0.241
51.2/52.5	0.133/0.155	764.82 mins	(1.406 mins)	0.282	0.254
51.2/52.5	0.134/0.155	766.16 mins	(1.348 mins)	0.249	0.234
51.2/52.5	0.135/0.155	767.58 mins	(1.415 mins)	0.290	0.257
51.2/52.5	0.136/0.155	769.04 mins	(1.463 mins)	0.272	0.245
51.2/52.5	0.137/0.155	770.47 mins	(1.423 mins)	0.278	0.243
51.2/52.5	0.138/0.155	771.90 mins	(1.429 mins)	0.295	0.248
51.2/52.5	0.139/0.155	773.28 mins	(1.39 mins)	0.273	0.230
51.2/52.5	0.140/0.155	774.70 mins	(1.419 mins)	0.306	0.240
51.2/52.5	0.141/0.155	776.10 mins	(1.40 mins)	0.279	0.238
51.2/52.5	0.142/0.155	777.58 mins	(1.472 mins)	0.329	0.251
51.2/52.5	0.143/0.155	778.99 mins	(1.412 mins)	0.344	0.266
51.2/52.5	0.144/0.155	780.40 mins	(1.416 mins)	0.348	0.238
51.2/52.5	0.145/0.155	781.90 mins	(1.496 mins)	0.350	0.241
51.2/52.5	0.146/0.155	783.42 mins	(1.518 mins)	0.353	0.259
51.2/52.5	0.147/0.155	784.94 mins	(1.524 mins)	0.365	0.265
51.2/52.5	0.148/0.155	786.43 mins	(1.489 mins)	0.343	0.248
51.2/52.5	0.149/0.155	787.94 mins	(1.509 mins)	0.400	0.256
51.2/52.5	0.150/0.155	789.38 mins	(1.442 mins)	0.353	0.249
51.2/52.5	0.151/0.155	790.89 mins	(1.512 mins)	0.342	0.240
51.2/52.5	0.152/0.155	792.49 mins	(1.597 mins)	0.396	0.248
51.2/52.5	0.153/0.155	794.01 mins	(1.519 mins)	0.422	0.265
51.2/52.5	0.154/0.155	795.48 mins	(1.471 mins)	0.360	0.239
51.2/52.5	0.155/0.155	797.06 mins	(1.578 mins)	0.413	0.259


51.3/52.5	0.125/0.155	798.40 mins	(1.34 mins)	0.199	0.228
51.3/52.5	0.126/0.155	799.85 mins	(1.456 mins)	0.224	0.248
51.3/52.5	0.127/0.155	801.16 mins	(1.302 mins)	0.229	0.248
51.3/52.5	0.128/0.155	802.46 mins	(1.303 mins)	0.235	0.251
51.3/52.5	0.129/0.155	803.75 mins	(1.288 mins)	0.226	0.252
51.3/52.5	0.130/0.155	805.21 mins	(1.46 mins)	0.261	0.260
51.3/52.5	0.131/0.155	806.64 mins	(1.438 mins)	0.246	0.245
51.3/52.5	0.132/0.155	807.96 mins	(1.314 mins)	0.234	0.248
51.3/52.5	0.133/0.155	809.37 mins	(1.412 mins)	0.288	0.268
51.3/52.5	0.134/0.155	810.75 mins	(1.383 mins)	0.250	0.251
51.3/52.5	0.135/0.155	812.04 mins	(1.288 mins)	0.269	0.234
51.3/52.5	0.136/0.155	813.43 mins	(1.391 mins)	0.281	0.255
51.3/52.5	0.137/0.155	814.76 mins	(1.331 mins)	0.282	0.236
51.3/52.5	0.138/0.155	816.15 mins	(1.391 mins)	0.304	0.241
51.3/52.5	0.139/0.155	817.63 mins	(1.477 mins)	0.302	0.251
51.3/52.5	0.140/0.155	819.18 mins	(1.544 mins)	0.344	0.277
51.3/52.5	0.141/0.155	820.69 mins	(1.512 mins)	0.321	0.244
51.3/52.5	0.142/0.155	822.16 mins	(1.468 mins)	0.333	0.254
51.3/52.5	0.143/0.155	823.60 mins	(1.442 mins)	0.333	0.250
51.3/52.5	0.144/0.155	825.03 mins	(1.43 mins)	0.339	0.253
51.3/52.5	0.145/0.155	826.49 mins	(1.462 mins)	0.338	0.250
51.3/52.5	0.146/0.155	827.91 mins	(1.415 mins)	0.318	0.238
51.3/52.5	0.147/0.155	829.39 mins	(1.489 mins)	0.357	0.253
51.3/52.5	0.148/0.155	830.87 mins	(1.479 mins)	0.367	0.256
51.3/52.5	0.149/0.155	832.39 mins	(1.52 mins)	0.382	0.252
51.3/52.5	0.150/0.155	833.84 mins	(1.45 mins)	0.365	0.248
51.3/52.5	0.151/0.155	835.43 mins	(1.591 mins)	0.379	0.258
51.3/52.5	0.152/0.155	836.98 mins	(1.544 mins)	0.389	0.248
51.3/52.5	0.153/0.155	838.49 mins	(1.507 mins)	0.410	0.245
51.3/52.5	0.154/0.155	839.97 mins	(1.485 mins)	0.385	0.252
51.3/52.5	0.155/0.155	841.46 mins	(1.488 mins)	0.405	0.261


51.4/52.5	0.125/0.155	842.80 mins	(1.339 mins)	0.212	0.253
51.4/52.5	0.126/0.155	844.13 mins	(1.334 mins)	0.213	0.243
51.4/52.5	0.127/0.155	845.51 mins	(1.376 mins)	0.219	0.241
51.4/52.5	0.128/0.155	846.89 mins	(1.383 mins)	0.245	0.260
51.4/52.5	0.129/0.155	848.30 mins	(1.41 mins)	0.246	0.248
51.4/52.5	0.130/0.155	849.59 mins	(1.286 mins)	0.220	0.242
51.4/52.5	0.131/0.155	850.98 mins	(1.389 mins)	0.260	0.258
51.4/52.5	0.132/0.155	852.39 mins	(1.412 mins)	0.276	0.249
51.4/52.5	0.133/0.155	853.72 mins	(1.333 mins)	0.261	0.242
51.4/52.5	0.134/0.155	855.08 mins	(1.358 mins)	0.247	0.228
51.4/52.5	0.135/0.155	856.57 mins	(1.493 mins)	0.314	0.261
51.4/52.5	0.136/0.155	857.98 mins	(1.414 mins)	0.280	0.247
51.4/52.5	0.137/0.155	859.42 mins	(1.434 mins)	0.270	0.254
51.4/52.5	0.138/0.155	860.90 mins	(1.48 mins)	0.285	0.248
51.4/52.5	0.139/0.155	862.40 mins	(1.503 mins)	0.308	0.250
51.4/52.5	0.140/0.155	863.92 mins	(1.52 mins)	0.329	0.259
51.4/52.5	0.141/0.155	865.43 mins	(1.506 mins)	0.325	0.252
51.4/52.5	0.142/0.155	866.91 mins	(1.478 mins)	0.301	0.241
51.4/52.5	0.143/0.155	868.39 mins	(1.489 mins)	0.341	0.250
51.4/52.5	0.144/0.155	869.87 mins	(1.476 mins)	0.317	0.252
51.4/52.5	0.145/0.155	871.43 mins	(1.555 mins)	0.371	0.260
51.4/52.5	0.146/0.155	872.90 mins	(1.472 mins)	0.337	0.244
51.4/52.5	0.147/0.155	874.38 mins	(1.479 mins)	0.344	0.249
51.4/52.5	0.148/0.155	875.89 mins	(1.515 mins)	0.356	0.253
51.4/52.5	0.149/0.155	877.40 mins	(1.509 mins)	0.402	0.272
51.4/52.5	0.150/0.155	878.97 mins	(1.566 mins)	0.382	0.251
51.4/52.5	0.151/0.155	880.51 mins	(1.546 mins)	0.391	0.265
51.4/52.5	0.152/0.155	882.05 mins	(1.538 mins)	0.404	0.261
51.4/52.5	0.153/0.155	883.53 mins	(1.485 mins)	0.369	0.247
51.4/52.5	0.154/0.155	885.10 mins	(1.57 mins)	0.415	0.263
51.4/52.5	0.155/0.155	886.64 mins	(1.533 mins)	0.422	0.262


51.5/52.5	0.125/0.155	888.08 mins	(1.438 mins)	0.253	0.263
51.5/52.5	0.126/0.155	889.43 mins	(1.35 mins)	0.234	0.255
51.5/52.5	0.127/0.155	890.73 mins	(1.31 mins)	0.214	0.247
51.5/52.5	0.128/0.155	892.04 mins	(1.301 mins)	0.229	0.232
51.5/52.5	0.129/0.155	893.34 mins	(1.304 mins)	0.223	0.244
51.5/52.5	0.130/0.155	894.75 mins	(1.41 mins)	0.235	0.239
51.5/52.5	0.131/0.155	896.15 mins	(1.399 mins)	0.269	0.255
51.5/52.5	0.132/0.155	897.51 mins	(1.363 mins)	0.250	0.251
51.5/52.5	0.133/0.155	898.93 mins	(1.421 mins)	0.270	0.246
51.5/52.5	0.134/0.155	900.32 mins	(1.387 mins)	0.254	0.245
51.5/52.5	0.135/0.155	901.73 mins	(1.404 mins)	0.275	0.238
51.5/52.5	0.136/0.155	903.08 mins	(1.359 mins)	0.232	0.232
51.5/52.5	0.137/0.155	904.46 mins	(1.377 mins)	0.275	0.236
51.5/52.5	0.138/0.155	905.90 mins	(1.438 mins)	0.313	0.253
51.5/52.5	0.139/0.155	907.36 mins	(1.462 mins)	0.309	0.262
51.5/52.5	0.140/0.155	908.81 mins	(1.446 mins)	0.293	0.257
51.5/52.5	0.141/0.155	910.26 mins	(1.45 mins)	0.353	0.262
51.5/52.5	0.142/0.155	911.69 mins	(1.434 mins)	0.328	0.260
51.5/52.5	0.143/0.155	913.15 mins	(1.462 mins)	0.330	0.261
51.5/52.5	0.144/0.155	914.69 mins	(1.536 mins)	0.337	0.259
51.5/52.5	0.145/0.155	916.13 mins	(1.439 mins)	0.321	0.247
51.5/52.5	0.146/0.155	917.63 mins	(1.501 mins)	0.325	0.245
51.5/52.5	0.147/0.155	919.19 mins	(1.558 mins)	0.347	0.258
51.5/52.5	0.148/0.155	920.66 mins	(1.474 mins)	0.378	0.262
51.5/52.5	0.149/0.155	922.13 mins	(1.465 mins)	0.360	0.258
51.5/52.5	0.150/0.155	923.69 mins	(1.567 mins)	0.397	0.253
51.5/52.5	0.151/0.155	925.21 mins	(1.518 mins)	0.379	0.248
51.5/52.5	0.152/0.155	926.68 mins	(1.465 mins)	0.376	0.229
51.5/52.5	0.153/0.155	928.20 mins	(1.527 mins)	0.413	0.261
51.5/52.5	0.154/0.155	929.67 mins	(1.465 mins)	0.349	0.243
51.5/52.5	0.155/0.155	931.16 mins	(1.49 mins)	0.384	0.254


51.6/52.5	0.125/0.155	932.48 mins	(1.327 mins)	0.234	0.255
51.6/52.5	0.126/0.155	933.85 mins	(1.363 mins)	0.222	0.238
51.6/52.5	0.127/0.155	935.25 mins	(1.408 mins)	0.231	0.236
51.6/52.5	0.128/0.155	936.56 mins	(1.306 mins)	0.200	0.240
51.6/52.5	0.129/0.155	937.97 mins	(1.413 mins)	0.267	0.250
51.6/52.5	0.130/0.155	939.34 mins	(1.362 mins)	0.254	0.240
51.6/52.5	0.131/0.155	940.72 mins	(1.379 mins)	0.258	0.237
51.6/52.5	0.132/0.155	942.08 mins	(1.364 mins)	0.282	0.247
51.6/52.5	0.133/0.155	943.54 mins	(1.465 mins)	0.287	0.260
51.6/52.5	0.134/0.155	945.00 mins	(1.454 mins)	0.266	0.243
51.6/52.5	0.135/0.155	946.38 mins	(1.377 mins)	0.292	0.245
51.6/52.5	0.136/0.155	947.72 mins	(1.348 mins)	0.287	0.244
51.6/52.5	0.137/0.155	949.14 mins	(1.422 mins)	0.307	0.253
51.6/52.5	0.138/0.155	950.58 mins	(1.436 mins)	0.300	0.250
51.6/52.5	0.139/0.155	951.98 mins	(1.398 mins)	0.285	0.251
51.6/52.5	0.140/0.155	953.40 mins	(1.422 mins)	0.307	0.241
51.6/52.5	0.141/0.155	954.91 mins	(1.513 mins)	0.352	0.268
51.6/52.5	0.142/0.155	956.36 mins	(1.447 mins)	0.300	0.237
51.6/52.5	0.143/0.155	957.83 mins	(1.468 mins)	0.325	0.266
51.6/52.5	0.144/0.155	959.33 mins	(1.506 mins)	0.339	0.236
51.6/52.5	0.145/0.155	960.80 mins	(1.464 mins)	0.354	0.252
51.6/52.5	0.146/0.155	962.31 mins	(1.515 mins)	0.367	0.257
51.6/52.5	0.147/0.155	963.81 mins	(1.495 mins)	0.328	0.247
51.6/52.5	0.148/0.155	965.27 mins	(1.462 mins)	0.339	0.244
51.6/52.5	0.149/0.155	966.79 mins	(1.518 mins)	0.394	0.261
51.6/52.5	0.150/0.155	968.31 mins	(1.519 mins)	0.378	0.249
51.6/52.5	0.151/0.155	969.81 mins	(1.501 mins)	0.390	0.261
51.6/52.5	0.152/0.155	971.34 mins	(1.537 mins)	0.402	0.262
51.6/52.5	0.153/0.155	972.81 mins	(1.469 mins)	0.367	0.245
51.6/52.5	0.154/0.155	974.40 mins	(1.591 mins)	0.397	0.255
51.6/52.5	0.155/0.155	975.95 mins	(1.541 mins)	0.395	0.251


51.7/52.5	0.125/0.155	977.31 mins	(1.362 mins)	0.207	0.245
51.7/52.5	0.126/0.155	978.72 mins	(1.414 mins)	0.235	0.252
51.7/52.5	0.127/0.155	980.03 mins	(1.306 mins)	0.235	0.242
51.7/52.5	0.128/0.155	981.42 mins	(1.398 mins)	0.231	0.238
51.7/52.5	0.129/0.155	982.83 mins	(1.401 mins)	0.219	0.253
51.7/52.5	0.130/0.155	984.22 mins	(1.393 mins)	0.265	0.249
51.7/52.5	0.131/0.155	985.65 mins	(1.429 mins)	0.274	0.260
51.7/52.5	0.132/0.155	987.04 mins	(1.391 mins)	0.247	0.236
51.7/52.5	0.133/0.155	988.38 mins	(1.337 mins)	0.255	0.245
51.7/52.5	0.134/0.155	989.79 mins	(1.418 mins)	0.253	0.241
51.7/52.5	0.135/0.155	991.17 mins	(1.378 mins)	0.265	0.244
51.7/52.5	0.136/0.155	992.64 mins	(1.464 mins)	0.295	0.243
51.7/52.5	0.137/0.155	993.99 mins	(1.356 mins)	0.256	0.247
51.7/52.5	0.138/0.155	995.40 mins	(1.404 mins)	0.313	0.253
51.7/52.5	0.139/0.155	996.87 mins	(1.473 mins)	0.297	0.261
51.7/52.5	0.140/0.155	998.36 mins	(1.491 mins)	0.300	0.243
51.7/52.5	0.141/0.155	999.92 mins	(1.56 mins)	0.352	0.275
51.7/52.5	0.142/0.155	1001.41 mins	(1.487 mins)	0.326	0.255
51.7/52.5	0.143/0.155	1002.93 mins	(1.521 mins)	0.377	0.253
51.7/52.5	0.144/0.155	1004.38 mins	(1.454 mins)	0.327	0.252
51.7/52.5	0.145/0.155	1005.93 mins	(1.548 mins)	0.415	0.268
51.7/52.5	0.146/0.155	1007.38 mins	(1.446 mins)	0.318	0.254
51.7/52.5	0.147/0.155	1008.88 mins	(1.509 mins)	0.363	0.252
51.7/52.5	0.148/0.155	1010.42 mins	(1.535 mins)	0.392	0.254
51.7/52.5	0.149/0.155	1011.91 mins	(1.491 mins)	0.375	0.262
51.7/52.5	0.150/0.155	1013.44 mins	(1.531 mins)	0.382	0.258
51.7/52.5	0.151/0.155	1015.05 mins	(1.606 mins)	0.396	0.256
51.7/52.5	0.152/0.155	1016.69 mins	(1.645 mins)	0.396	0.251
51.7/52.5	0.153/0.155	1018.17 mins	(1.479 mins)	0.346	0.242
51.7/52.5	0.154/0.155	1019.74 mins	(1.572 mins)	0.438	0.268
51.7/52.5	0.155/0.155	1021.31 mins	(1.571 mins)	0.423	0.256


51.8/52.5	0.125/0.155	1022.76 mins	(1.442 mins)	0.221	0.265
51.8/52.5	0.126/0.155	1024.26 mins	(1.505 mins)	0.215	0.240
51.8/52.5	0.127/0.155	1025.73 mins	(1.465 mins)	0.228	0.237
51.8/52.5	0.128/0.155	1027.08 mins	(1.349 mins)	0.228	0.248
51.8/52.5	0.129/0.155	1028.44 mins	(1.365 mins)	0.249	0.240
51.8/52.5	0.130/0.155	1029.76 mins	(1.316 mins)	0.242	0.243
51.8/52.5	0.131/0.155	1031.19 mins	(1.435 mins)	0.268	0.245
51.8/52.5	0.132/0.155	1032.53 mins	(1.334 mins)	0.242	0.235
51.8/52.5	0.133/0.155	1033.78 mins	(1.252 mins)	0.232	0.231
51.8/52.5	0.134/0.155	1035.21 mins	(1.436 mins)	0.275	0.258
51.8/52.5	0.135/0.155	1036.62 mins	(1.405 mins)	0.290	0.249
51.8/52.5	0.136/0.155	1038.06 mins	(1.44 mins)	0.266	0.257
51.8/52.5	0.137/0.155	1039.52 mins	(1.463 mins)	0.282	0.244
51.8/52.5	0.138/0.155	1040.92 mins	(1.399 mins)	0.283	0.252
51.8/52.5	0.139/0.155	1042.37 mins	(1.451 mins)	0.321	0.259
51.8/52.5	0.140/0.155	1043.86 mins	(1.489 mins)	0.317	0.261
51.8/52.5	0.141/0.155	1045.27 mins	(1.405 mins)	0.328	0.260
51.8/52.5	0.142/0.155	1046.77 mins	(1.503 mins)	0.321	0.252
51.8/52.5	0.143/0.155	1048.26 mins	(1.495 mins)	0.331	0.243
51.8/52.5	0.144/0.155	1049.75 mins	(1.491 mins)	0.336	0.244
51.8/52.5	0.145/0.155	1051.25 mins	(1.492 mins)	0.322	0.257
51.8/52.5	0.146/0.155	1052.74 mins	(1.496 mins)	0.352	0.245
51.8/52.5	0.147/0.155	1054.20 mins	(1.461 mins)	0.340	0.251
51.8/52.5	0.148/0.155	1055.67 mins	(1.462 mins)	0.361	0.260
51.8/52.5	0.149/0.155	1057.12 mins	(1.453 mins)	0.340	0.253
51.8/52.5	0.150/0.155	1058.63 mins	(1.511 mins)	0.383	0.256
51.8/52.5	0.151/0.155	1060.08 mins	(1.45 mins)	0.373	0.253
51.8/52.5	0.152/0.155	1061.63 mins	(1.554 mins)	0.404	0.262
51.8/52.5	0.153/0.155	1063.18 mins	(1.546 mins)	0.399	0.254
51.8/52.5	0.154/0.155	1064.73 mins	(1.552 mins)	0.409	0.274
51.8/52.5	0.155/0.155	1066.28 mins	(1.552 mins)	0.431	0.261


51.9/52.5	0.125/0.155	1067.70 mins	(1.414 mins)	0.212	0.253
51.9/52.5	0.126/0.155	1069.06 mins	(1.362 mins)	0.222	0.240
51.9/52.5	0.127/0.155	1070.37 mins	(1.305 mins)	0.217	0.245
51.9/52.5	0.128/0.155	1071.76 mins	(1.398 mins)	0.217	0.250
51.9/52.5	0.129/0.155	1073.12 mins	(1.356 mins)	0.262	0.246
51.9/52.5	0.130/0.155	1074.61 mins	(1.485 mins)	0.262	0.239
51.9/52.5	0.131/0.155	1076.01 mins	(1.401 mins)	0.252	0.240
51.9/52.5	0.132/0.155	1077.38 mins	(1.369 mins)	0.256	0.246
51.9/52.5	0.133/0.155	1078.72 mins	(1.349 mins)	0.268	0.249
51.9/52.5	0.134/0.155	1080.13 mins	(1.409 mins)	0.278	0.258
51.9/52.5	0.135/0.155	1081.58 mins	(1.442 mins)	0.281	0.265
51.9/52.5	0.136/0.155	1083.01 mins	(1.434 mins)	0.296	0.260
51.9/52.5	0.137/0.155	1084.48 mins	(1.468 mins)	0.337	0.265
51.9/52.5	0.138/0.155	1085.88 mins	(1.398 mins)	0.303	0.256
51.9/52.5	0.139/0.155	1087.31 mins	(1.439 mins)	0.299	0.250
51.9/52.5	0.140/0.155	1088.73 mins	(1.413 mins)	0.293	0.242
51.9/52.5	0.141/0.155	1090.10 mins	(1.373 mins)	0.273	0.251
51.9/52.5	0.142/0.155	1091.59 mins	(1.486 mins)	0.339	0.251
51.9/52.5	0.143/0.155	1093.07 mins	(1.479 mins)	0.350	0.260
51.9/52.5	0.144/0.155	1094.51 mins	(1.442 mins)	0.321	0.249
51.9/52.5	0.145/0.155	1096.05 mins	(1.543 mins)	0.312	0.244
51.9/52.5	0.146/0.155	1097.54 mins	(1.49 mins)	0.332	0.246
51.9/52.5	0.147/0.155	1099.02 mins	(1.481 mins)	0.378	0.258
51.9/52.5	0.148/0.155	1100.60 mins	(1.579 mins)	0.371	0.253
51.9/52.5	0.149/0.155	1102.09 mins	(1.489 mins)	0.350	0.248
51.9/52.5	0.150/0.155	1103.52 mins	(1.427 mins)	0.359	0.249
51.9/52.5	0.151/0.155	1105.04 mins	(1.528 mins)	0.407	0.267
51.9/52.5	0.152/0.155	1106.47 mins	(1.428 mins)	0.366	0.247
51.9/52.5	0.153/0.155	1107.98 mins	(1.51 mins)	0.401	0.270
51.9/52.5	0.154/0.155	1109.50 mins	(1.515 mins)	0.401	0.265
51.9/52.5	0.155/0.155	1111.02 mins	(1.528 mins)	0.429	0.267


52.0/52.5	0.125/0.155	1112.39 mins	(1.365 mins)	0.240	0.258
52.0/52.5	0.126/0.155	1113.70 mins	(1.307 mins)	0.241	0.246
52.0/52.5	0.127/0.155	1115.01 mins	(1.315 mins)	0.219	0.235
52.0/52.5	0.128/0.155	1116.32 mins	(1.31 mins)	0.241	0.252
52.0/52.5	0.129/0.155	1117.71 mins	(1.386 mins)	0.247	0.262
52.0/52.5	0.130/0.155	1118.99 mins	(1.279 mins)	0.229	0.222
52.0/52.5	0.131/0.155	1120.39 mins	(1.406 mins)	0.255	0.254
52.0/52.5	0.132/0.155	1121.80 mins	(1.405 mins)	0.261	0.256
52.0/52.5	0.133/0.155	1123.24 mins	(1.441 mins)	0.264	0.265
52.0/52.5	0.134/0.155	1124.69 mins	(1.451 mins)	0.275	0.249
52.0/52.5	0.135/0.155	1126.18 mins	(1.493 mins)	0.306	0.260
52.0/52.5	0.136/0.155	1127.66 mins	(1.474 mins)	0.288	0.241
52.0/52.5	0.137/0.155	1129.10 mins	(1.447 mins)	0.304	0.258
52.0/52.5	0.138/0.155	1130.54 mins	(1.442 mins)	0.321	0.254
52.0/52.5	0.139/0.155	1132.07 mins	(1.524 mins)	0.297	0.241
52.0/52.5	0.140/0.155	1133.53 mins	(1.457 mins)	0.321	0.263
52.0/52.5	0.141/0.155	1134.97 mins	(1.443 mins)	0.346	0.253
52.0/52.5	0.142/0.155	1136.45 mins	(1.484 mins)	0.330	0.256
52.0/52.5	0.143/0.155	1137.97 mins	(1.514 mins)	0.375	0.269
52.0/52.5	0.144/0.155	1139.45 mins	(1.485 mins)	0.324	0.246
52.0/52.5	0.145/0.155	1140.91 mins	(1.454 mins)	0.336	0.245
52.0/52.5	0.146/0.155	1142.33 mins	(1.421 mins)	0.331	0.261
52.0/52.5	0.147/0.155	1143.84 mins	(1.51 mins)	0.378	0.273
52.0/52.5	0.148/0.155	1145.40 mins	(1.562 mins)	0.388	0.258
52.0/52.5	0.149/0.155	1146.94 mins	(1.545 mins)	0.370	0.251
52.0/52.5	0.150/0.155	1148.53 mins	(1.586 mins)	0.421	0.268
52.0/52.5	0.151/0.155	1150.02 mins	(1.493 mins)	0.357	0.253
52.0/52.5	0.152/0.155	1151.59 mins	(1.567 mins)	0.418	0.266
52.0/52.5	0.153/0.155	1153.11 mins	(1.525 mins)	0.405	0.261
52.0/52.5	0.154/0.155	1154.61 mins	(1.495 mins)	0.416	0.269
52.0/52.5	0.155/0.155	1156.12 mins	(1.515 mins)	0.386	0.258


52.1/52.5	0.125/0.155	1157.50 mins	(1.375 mins)	0.227	0.241
52.1/52.5	0.126/0.155	1158.85 mins	(1.348 mins)	0.210	0.243
52.1/52.5	0.127/0.155	1160.19 mins	(1.348 mins)	0.242	0.254
52.1/52.5	0.128/0.155	1161.55 mins	(1.354 mins)	0.228	0.238
52.1/52.5	0.129/0.155	1162.88 mins	(1.329 mins)	0.213	0.247
52.1/52.5	0.130/0.155	1164.26 mins	(1.384 mins)	0.242	0.250
52.1/52.5	0.131/0.155	1165.72 mins	(1.455 mins)	0.243	0.230
52.1/52.5	0.132/0.155	1167.12 mins	(1.404 mins)	0.273	0.256
52.1/52.5	0.133/0.155	1168.57 mins	(1.454 mins)	0.263	0.253
52.1/52.5	0.134/0.155	1169.98 mins	(1.404 mins)	0.291	0.254
52.1/52.5	0.135/0.155	1171.41 mins	(1.432 mins)	0.280	0.256
52.1/52.5	0.136/0.155	1172.81 mins	(1.396 mins)	0.299	0.259
52.1/52.5	0.137/0.155	1174.21 mins	(1.40 mins)	0.279	0.263
52.1/52.5	0.138/0.155	1175.63 mins	(1.429 mins)	0.283	0.254
52.1/52.5	0.139/0.155	1177.10 mins	(1.461 mins)	0.319	0.257
52.1/52.5	0.140/0.155	1178.55 mins	(1.455 mins)	0.313	0.260
52.1/52.5	0.141/0.155	1180.04 mins	(1.485 mins)	0.325	0.256
52.1/52.5	0.142/0.155	1181.54 mins	(1.501 mins)	0.317	0.255
52.1/52.5	0.143/0.155	1183.03 mins	(1.495 mins)	0.352	0.251
52.1/52.5	0.144/0.155	1184.47 mins	(1.439 mins)	0.329	0.266
52.1/52.5	0.145/0.155	1186.00 mins	(1.531 mins)	0.361	0.259
52.1/52.5	0.146/0.155	1187.45 mins	(1.45 mins)	0.334	0.250
52.1/52.5	0.147/0.155	1188.92 mins	(1.465 mins)	0.326	0.247
52.1/52.5	0.148/0.155	1190.37 mins	(1.456 mins)	0.371	0.254
52.1/52.5	0.149/0.155	1191.87 mins	(1.496 mins)	0.379	0.263
52.1/52.5	0.150/0.155	1193.38 mins	(1.505 mins)	0.395	0.270
52.1/52.5	0.151/0.155	1194.94 mins	(1.562 mins)	0.415	0.260
52.1/52.5	0.152/0.155	1196.41 mins	(1.476 mins)	0.375	0.262
52.1/52.5	0.153/0.155	1197.90 mins	(1.482 mins)	0.381	0.254
52.1/52.5	0.154/0.155	1199.52 mins	(1.627 mins)	0.429	0.252
52.1/52.5	0.155/0.155	1201.06 mins	(1.536 mins)	0.397	0.257


52.2/52.5	0.125/0.155	1202.34 mins	(1.284 mins)	0.211	0.236
52.2/52.5	0.126/0.155	1203.62 mins	(1.278 mins)	0.213	0.231
52.2/52.5	0.127/0.155	1204.85 mins	(1.226 mins)	0.224	0.233
52.2/52.5	0.128/0.155	1206.13 mins	(1.287 mins)	0.234	0.249
52.2/52.5	0.129/0.155	1207.40 mins	(1.27 mins)	0.233	0.242
52.2/52.5	0.130/0.155	1208.82 mins	(1.416 mins)	0.268	0.251
52.2/52.5	0.131/0.155	1210.09 mins	(1.273 mins)	0.228	0.247
52.2/52.5	0.132/0.155	1211.54 mins	(1.445 mins)	0.270	0.255
52.2/52.5	0.133/0.155	1212.87 mins	(1.329 mins)	0.249	0.245
52.2/52.5	0.134/0.155	1214.30 mins	(1.434 mins)	0.278	0.245
52.2/52.5	0.135/0.155	1215.70 mins	(1.40 mins)	0.294	0.248
52.2/52.5	0.136/0.155	1217.11 mins	(1.41 mins)	0.301	0.262
52.2/52.5	0.137/0.155	1218.54 mins	(1.427 mins)	0.314	0.257
52.2/52.5	0.138/0.155	1219.96 mins	(1.422 mins)	0.334	0.260
52.2/52.5	0.139/0.155	1221.48 mins	(1.517 mins)	0.335	0.265
52.2/52.5	0.140/0.155	1222.90 mins	(1.428 mins)	0.305	0.243
52.2/52.5	0.141/0.155	1224.26 mins	(1.354 mins)	0.305	0.244
52.2/52.5	0.142/0.155	1225.74 mins	(1.483 mins)	0.322	0.255
52.2/52.5	0.143/0.155	1227.22 mins	(1.482 mins)	0.324	0.251
52.2/52.5	0.144/0.155	1228.63 mins	(1.406 mins)	0.314	0.243
52.2/52.5	0.145/0.155	1230.11 mins	(1.478 mins)	0.341	0.237
52.2/52.5	0.146/0.155	1231.57 mins	(1.459 mins)	0.332	0.261
52.2/52.5	0.147/0.155	1233.06 mins	(1.49 mins)	0.380	0.263
52.2/52.5	0.148/0.155	1234.61 mins	(1.55 mins)	0.321	0.232
52.2/52.5	0.149/0.155	1236.14 mins	(1.534 mins)	0.372	0.254
52.2/52.5	0.150/0.155	1237.64 mins	(1.499 mins)	0.367	0.260
52.2/52.5	0.151/0.155	1239.15 mins	(1.505 mins)	0.359	0.258
52.2/52.5	0.152/0.155	1240.65 mins	(1.504 mins)	0.393	0.259
52.2/52.5	0.153/0.155	1242.13 mins	(1.481 mins)	0.379	0.252
52.2/52.5	0.154/0.155	1243.69 mins	(1.564 mins)	0.425	0.266
52.2/52.5	0.155/0.155	1245.24 mins	(1.545 mins)	0.424	0.256


52.3/52.5	0.125/0.155	1246.64 mins	(1.402 mins)	0.231	0.257
52.3/52.5	0.126/0.155	1248.02 mins	(1.378 mins)	0.257	0.247
52.3/52.5	0.127/0.155	1249.33 mins	(1.315 mins)	0.240	0.262
52.3/52.5	0.128/0.155	1250.79 mins	(1.455 mins)	0.248	0.235
52.3/52.5	0.129/0.155	1252.12 mins	(1.329 mins)	0.259	0.259
52.3/52.5	0.130/0.155	1253.44 mins	(1.323 mins)	0.257	0.264
52.3/52.5	0.131/0.155	1254.88 mins	(1.44 mins)	0.275	0.254
52.3/52.5	0.132/0.155	1256.27 mins	(1.394 mins)	0.282	0.251
52.3/52.5	0.133/0.155	1257.68 mins	(1.407 mins)	0.259	0.256
52.3/52.5	0.134/0.155	1259.07 mins	(1.389 mins)	0.276	0.255
52.3/52.5	0.135/0.155	1260.51 mins	(1.44 mins)	0.273	0.244
52.3/52.5	0.136/0.155	1261.91 mins	(1.403 mins)	0.304	0.271
52.3/52.5	0.137/0.155	1263.37 mins	(1.452 mins)	0.333	0.254
52.3/52.5	0.138/0.155	1264.79 mins	(1.423 mins)	0.329	0.264
52.3/52.5	0.139/0.155	1266.14 mins	(1.356 mins)	0.285	0.249
52.3/52.5	0.140/0.155	1267.61 mins	(1.469 mins)	0.337	0.260
52.3/52.5	0.141/0.155	1269.05 mins	(1.439 mins)	0.330	0.256
52.3/52.5	0.142/0.155	1270.48 mins	(1.424 mins)	0.308	0.266
52.3/52.5	0.143/0.155	1272.01 mins	(1.539 mins)	0.355	0.263
52.3/52.5	0.144/0.155	1273.48 mins	(1.465 mins)	0.321	0.251
52.3/52.5	0.145/0.155	1275.02 mins	(1.538 mins)	0.331	0.256
52.3/52.5	0.146/0.155	1276.42 mins	(1.40 mins)	0.317	0.238
52.3/52.5	0.147/0.155	1277.87 mins	(1.456 mins)	0.345	0.239
52.3/52.5	0.148/0.155	1279.36 mins	(1.488 mins)	0.408	0.281
52.3/52.5	0.149/0.155	1280.87 mins	(1.505 mins)	0.369	0.244
52.3/52.5	0.150/0.155	1282.33 mins	(1.458 mins)	0.370	0.253
52.3/52.5	0.151/0.155	1283.82 mins	(1.491 mins)	0.396	0.268
52.3/52.5	0.152/0.155	1285.31 mins	(1.499 mins)	0.397	0.255
52.3/52.5	0.153/0.155	1286.81 mins	(1.493 mins)	0.344	0.256
52.3/52.5	0.154/0.155	1288.34 mins	(1.533 mins)	0.418	0.259
52.3/52.5	0.155/0.155	1289.87 mins	(1.531 mins)	0.395	0.254


52.4/52.5	0.125/0.155	1291.17 mins	(1.298 mins)	0.231	0.245
52.4/52.5	0.126/0.155	1292.49 mins	(1.317 mins)	0.215	0.243
52.4/52.5	0.127/0.155	1293.90 mins	(1.416 mins)	0.243	0.253
52.4/52.5	0.128/0.155	1295.28 mins	(1.376 mins)	0.255	0.246
52.4/52.5	0.129/0.155	1296.67 mins	(1.397 mins)	0.259	0.254
52.4/52.5	0.130/0.155	1298.15 mins	(1.48 mins)	0.258	0.258
52.4/52.5	0.131/0.155	1299.47 mins	(1.319 mins)	0.261	0.247
52.4/52.5	0.132/0.155	1300.91 mins	(1.439 mins)	0.297	0.261
52.4/52.5	0.133/0.155	1302.39 mins	(1.473 mins)	0.295	0.257
52.4/52.5	0.134/0.155	1303.78 mins	(1.39 mins)	0.285	0.253
52.4/52.5	0.135/0.155	1305.28 mins	(1.505 mins)	0.311	0.257
52.4/52.5	0.136/0.155	1306.71 mins	(1.431 mins)	0.286	0.266
52.4/52.5	0.137/0.155	1308.10 mins	(1.389 mins)	0.278	0.251
52.4/52.5	0.138/0.155	1309.55 mins	(1.45 mins)	0.319	0.258
52.4/52.5	0.139/0.155	1311.07 mins	(1.515 mins)	0.355	0.273
52.4/52.5	0.140/0.155	1312.57 mins	(1.504 mins)	0.340	0.258
52.4/52.5	0.141/0.155	1314.02 mins	(1.452 mins)	0.361	0.261
52.4/52.5	0.142/0.155	1315.56 mins	(1.536 mins)	0.340	0.263
52.4/52.5	0.143/0.155	1316.97 mins	(1.409 mins)	0.327	0.246
52.4/52.5	0.144/0.155	1318.43 mins	(1.461 mins)	0.335	0.262
52.4/52.5	0.145/0.155	1319.94 mins	(1.507 mins)	0.373	0.257
52.4/52.5	0.146/0.155	1321.44 mins	(1.509 mins)	0.342	0.248
52.4/52.5	0.147/0.155	1322.94 mins	(1.498 mins)	0.349	0.248
52.4/52.5	0.148/0.155	1324.44 mins	(1.501 mins)	0.404	0.278
52.4/52.5	0.149/0.155	1325.91 mins	(1.463 mins)	0.344	0.256
52.4/52.5	0.150/0.155	1327.42 mins	(1.511 mins)	0.401	0.264
52.4/52.5	0.151/0.155	1328.96 mins	(1.542 mins)	0.393	0.254
52.4/52.5	0.152/0.155	1330.54 mins	(1.581 mins)	0.400	0.266
52.4/52.5	0.153/0.155	1332.08 mins	(1.545 mins)	0.406	0.261
52.4/52.5	0.154/0.155	1333.61 mins	(1.524 mins)	0.402	0.263
52.4/52.5	0.155/0.155	1335.15 mins	(1.54 mins)	0.392	0.254


52.5/52.5	0.125/0.155	1336.55 mins	(1.402 mins)	0.258	0.266
52.5/52.5	0.126/0.155	1337.82 mins	(1.265 mins)	0.208	0.240
52.5/52.5	0.127/0.155	1339.17 mins	(1.354 mins)	0.223	0.237
52.5/52.5	0.128/0.155	1340.66 mins	(1.495 mins)	0.283	0.253
52.5/52.5	0.129/0.155	1342.00 mins	(1.34 mins)	0.241	0.235
52.5/52.5	0.130/0.155	1343.39 mins	(1.391 mins)	0.250	0.239
52.5/52.5	0.131/0.155	1344.70 mins	(1.304 mins)	0.261	0.250
52.5/52.5	0.132/0.155	1346.16 mins	(1.465 mins)	0.285	0.255
52.5/52.5	0.133/0.155	1347.60 mins	(1.436 mins)	0.273	0.251
52.5/52.5	0.134/0.155	1349.02 mins	(1.421 mins)	0.288	0.261
52.5/52.5	0.135/0.155	1350.46 mins	(1.438 mins)	0.299	0.237
52.5/52.5	0.136/0.155	1351.93 mins	(1.472 mins)	0.302	0.257
52.5/52.5	0.137/0.155	1353.45 mins	(1.518 mins)	0.341	0.255
52.5/52.5	0.138/0.155	1354.97 mins	(1.526 mins)	0.324	0.250
52.5/52.5	0.139/0.155	1356.41 mins	(1.442 mins)	0.328	0.265
52.5/52.5	0.140/0.155	1357.94 mins	(1.521 mins)	0.305	0.253
52.5/52.5	0.141/0.155	1359.36 mins	(1.42 mins)	0.308	0.262
52.5/52.5	0.142/0.155	1360.79 mins	(1.438 mins)	0.329	0.259
52.5/52.5	0.143/0.155	1362.31 mins	(1.513 mins)	0.356	0.253
52.5/52.5	0.144/0.155	1363.80 mins	(1.494 mins)	0.364	0.268
52.5/52.5	0.145/0.155	1365.31 mins	(1.505 mins)	0.363	0.258
52.5/52.5	0.146/0.155	1366.73 mins	(1.424 mins)	0.351	0.249
52.5/52.5	0.147/0.155	1368.28 mins	(1.549 mins)	0.352	0.258
52.5/52.5	0.148/0.155	1369.74 mins	(1.464 mins)	0.365	0.259
52.5/52.5	0.149/0.155	1371.28 mins	(1.534 mins)	0.393	0.268
52.5/52.5	0.150/0.155	1372.77 mins	(1.493 mins)	0.373	0.259
52.5/52.5	0.151/0.155	1374.29 mins	(1.524 mins)	0.400	0.259
52.5/52.5	0.152/0.155	1375.79 mins	(1.493 mins)	0.375	0.244
52.5/52.5	0.153/0.155	1377.32 mins	(1.536 mins)	0.394	0.256
52.5/52.5	0.154/0.155	1378.88 mins	(1.559 mins)	0.423	0.268
52.5/52.5	0.155/0.155	1380.45 mins	(1.569 mins)	0.422	0.249


> 
> proc.time()
      user     system    elapsed 
1990624.76   42509.35   83474.17 
